Component: ARM Compiler 5.06 update 7 (build 960) Tool: armlink [4d3601]

==============================================================================

Section Cross References

    app.o(.text) refers to ir_user_interface.o(.text) for IR_UserInterfaceInitialization
    app.o(.text) refers to ir_color_test.o(.text) for IRColorTest_Init
    app.o(.text) refers to ir_module.o(.text) for IR_ReceiveInitialization
    app.o(.text) refers to bsp.o(.text) for BSP_Init
    app.o(.text) refers to cpu_core.o(.text) for CPU_Init
    app.o(.text) refers to lib_mem.o(.text) for Mem_Init
    app.o(.text) refers to os_core.o(.text) for OSStatInit
    app.o(.text) refers to os_time.o(.text) for OSTimeDly
    app.o(.text) refers to bsp_int.o(.text) for BSP_IntDisAll
    app.o(.text) refers to os_task.o(.text) for OSTaskCreateExt
    app.o(.text) refers to app.o(.data) for watchdog_state
    app.o(.text) refers to app.o(.bss) for AppTaskStartStk
    readsensor.o(.text) refers to stm32f2xx_rcc.o(.text) for RCC_APB1PeriphClockCmd
    readsensor.o(.text) refers to stm32f2xx_gpio.o(.text) for GPIO_Init
    readsensor.o(.text) refers to stm32f2xx_i2c.o(.text) for I2C_Init
    readsensor.o(.text) refers to os_time.o(.text) for OSTimeDly
    readsensor.o(.text) refers to bsp_int.o(.text) for BSP_IntVectSet
    readsensor.o(.text) refers to stm32f2xx_dma.o(.text) for DMA_DeInit
    readsensor.o(.text) refers to bsp_i2c1.o(.text) for BSP_I2C1_ISR_Handler
    readsensor.o(.text) refers to readsensor.o(.data) for RGBC_TimeOut
    readsensor.o(.text) refers to os_task.o(.text) for OSTaskCreateExt
    readsensor.o(.text) refers to readsensor.o(.bss) for rgbc_sensor
    led_color_receiver.o(.text) refers to bsp_i2c_1.o(.text) for I2C_1_CmdWrite
    ir_module.o(.text) refers to os_time.o(.text) for OSTimeGet
    ir_module.o(.text) refers to os_sem.o(.text) for OSSemPend
    ir_module.o(.text) refers to ir_color_test.o(.text) for IRColorTest_CallbackRegister
    ir_module.o(.text) refers to bsp_ser_1_irda.o(.text) for BSP_Ser_1_IDRA_RdSetCallback
    ir_module.o(.text) refers to bsp_can.o(.text) for BSP_CAN_Printf
    ir_module.o(.text) refers to os_task.o(.text) for OSTaskCreateExt
    ir_module.o(.text) refers to bsp_i2c_3.o(.text) for I2C_3_Write
    ir_module.o(.text) refers to ir_module.o(.data) for IR_ReceiveBuffer
    ir_module.o(.text) refers to ir_module.o(.bss) for data
    ir_color_test.o(.text) refers to bsp_i2c_2.o(.text) for I2C_2_CmdWrite
    ir_color_test.o(.text) refers to os_time.o(.text) for OSTimeDly
    ir_color_test.o(.text) refers to ir_color_receiver.o(.text) for IRColor_Read
    ir_color_test.o(.text) refers to ir_module.o(.text) for IR_ReceiveStrengthCallback
    ir_color_test.o(.text) refers to os_task.o(.text) for OSTaskCreateExt
    ir_color_test.o(.text) refers to ir_color_test.o(.data) for BspIr_clear
    ir_color_test.o(.text) refers to ir_color_test.o(.bss) for IR_colorTest_TaskStk
    ir_color_receiver.o(.text) refers to bsp_i2c_2.o(.text) for I2C_2_CmdWrite
    ir_color_receiver.o(.text) refers to os_time.o(.text) for OSTimeDly
    ir_color_receiver.o(.text) refers to ir_color_receiver.o(.data) for data
    ir_user_interface.o(.text) refers to _scanf_int.o(.text) for _scanf_int
    ir_user_interface.o(.text) refers to lib_str.o(.text) for Str_Cmp_N
    ir_user_interface.o(.text) refers to bsp_ser_1_irda.o(.text) for BSP_Ser_1_IRDA_Printf
    ir_user_interface.o(.text) refers to printfa.o(i.__0sprintf) for __2sprintf
    ir_user_interface.o(.text) refers to ir_color_test.o(.text) for IRColorTest_Read
    ir_user_interface.o(.text) refers to led_color_receiver.o(.text) for LEDColor_Read
    ir_user_interface.o(.text) refers to __0sscanf.o(.text) for __0sscanf
    ir_user_interface.o(.text) refers to bsp_i2c_io.o(.text) for BSP_I2C_IO_SendBytes
    ir_user_interface.o(.text) refers to bsp_aio.o(.text) for WriteAO
    ir_user_interface.o(.text) refers to ir_module.o(.text) for IR_SetTxStrength
    ir_user_interface.o(.text) refers to bsp_ser.o(.text) for BSP_Ser_RdString
    ir_user_interface.o(.text) refers to os_sem.o(.text) for OSSemPend
    ir_user_interface.o(.text) refers to bsp_can.o(.text) for BSP_Can_EventRegister
    ir_user_interface.o(.text) refers to os_task.o(.text) for OSTaskCreateExt
    ir_user_interface.o(.text) refers to ir_user_interface.o(.bss) for data
    ir_user_interface.o(.text) refers to ir_user_interface.o(.data) for can_bufferCounter
    bsp.o(.text) refers to stm32f2xx_rcc.o(.text) for RCC_AHB1PeriphClockCmd
    bsp.o(.text) refers to stm32f2xx_gpio.o(.text) for GPIO_Init
    bsp.o(.text) refers to misc.o(.text) for NVIC_PriorityGroupConfig
    bsp.o(.text) refers to bsp_aio.o(.text) for AO_Init
    bsp.o(.text) refers to bsp_i2c_3.o(.text) for I2C_3_Initialization
    bsp.o(.text) refers to bsp_i2c_2.o(.text) for I2C_2_Initialization
    bsp.o(.text) refers to bsp_i2c_1.o(.text) for I2C_1_Initialization
    bsp.o(.text) refers to bsp_ser_1_irda.o(.text) for BSP_Ser_1_IRDA_Init
[...]
    OSSchedLock                              0x08007dd1   Thumb Code   200  os_core.o(.text)
    OSSchedUnlock                            0x08007e99   Thumb Code    82  os_core.o(.text)
    OSStart                                  0x08007eeb   Thumb Code    48  os_core.o(.text)
    OSStatInit                               0x08007f1b   Thumb Code    62  os_core.o(.text)
    OSTimeTick                               0x08007f59   Thumb Code   210  os_core.o(.text)
    OSVersion                                0x0800802b   Thumb Code     6  os_core.o(.text)
    OS_Dummy                                 0x08008031   Thumb Code     2  os_core.o(.text)
    OS_EventTaskRemove                       0x08008033   Thumb Code    42  os_core.o(.text)
    OS_EventTaskRdy                          0x0800805d   Thumb Code   128  os_core.o(.text)
    OS_EventTaskWait                         0x080080dd   Thumb Code   112  os_core.o(.text)
    OS_EventWaitListInit                     0x0800814d   Thumb Code    28  os_core.o(.text)
    OS_MemCopy                               0x08008169   Thumb Code    20  os_core.o(.text)
    OS_TCBInit                               0x0800817d   Thumb Code   376  os_core.o(.text)
    OSFlagAccept                             0x080082f5   Thumb Code   252  os_flag.o(.text)
    OSFlagCreate                             0x080083f1   Thumb Code    86  os_flag.o(.text)
    OS_FlagUnlink                            0x08008447   Thumb Code    36  os_flag.o(.text)
    OSFlagDel                                0x080084c3   Thumb Code   216  os_flag.o(.text)
    OSFlagNameGet                            0x0800859b   Thumb Code    80  os_flag.o(.text)
    OSFlagNameSet                            0x080085eb   Thumb Code    66  os_flag.o(.text)
    OSFlagPend                               0x080086c5   Thumb Code   614  os_flag.o(.text)
    OSFlagPendGetFlagsRdy                    0x0800892b   Thumb Code    26  os_flag.o(.text)
    OSFlagPost                               0x08008945   Thumb Code   320  os_flag.o(.text)
    OSFlagQuery                              0x08008a85   Thumb Code    48  os_flag.o(.text)
    OS_FlagInit                              0x08008ab5   Thumb Code    78  os_flag.o(.text)
    OSMemCreate                              0x08008b11   Thumb Code   118  os_mem.o(.text)
    OSMemGet                                 0x08008b87   Thumb Code    62  os_mem.o(.text)
    OSMemNameGet                             0x08008bc5   Thumb Code    60  os_mem.o(.text)
    OSMemNameSet                             0x08008c01   Thumb Code    48  os_mem.o(.text)
    OSMemPut                                 0x08008c31   Thumb Code    54  os_mem.o(.text)
    OSMemQuery                               0x08008c67   Thumb Code    52  os_mem.o(.text)
    OS_MemInit                               0x08008c9b   Thumb Code    74  os_mem.o(.text)
    OSQAccept                                0x08008cf5   Thumb Code    88  os_q.o(.text)
    OSQCreate                                0x08008d4d   Thumb Code   144  os_q.o(.text)
    OSQDel                                   0x08008ddd   Thumb Code   244  os_q.o(.text)
    OSQFlush                                 0x08008ed1   Thumb Code    36  os_q.o(.text)
    OSQPend                                  0x08008ef5   Thumb Code   278  os_q.o(.text)
    OSQPendAbort                             0x0800900b   Thumb Code   128  os_q.o(.text)
    OSQPost                                  0x0800908b   Thumb Code   114  os_q.o(.text)
    OSQPostFront                             0x080090fd   Thumb Code   142  os_q.o(.text)
    OSQPostOpt                               0x0800918b   Thumb Code   182  os_q.o(.text)
    OSQQuery                                 0x08009241   Thumb Code    98  os_q.o(.text)
    OS_QInit                                 0x080092a3   Thumb Code    72  os_q.o(.text)
    OSSemAccept                              0x080092f5   Thumb Code    42  os_sem.o(.text)
    OSSemCreate                              0x0800931f   Thumb Code    72  os_sem.o(.text)
    OSSemDel                                 0x08009367   Thumb Code   210  os_sem.o(.text)
    OSSemPend                                0x08009439   Thumb Code   228  os_sem.o(.text)
    OSSemPendAbort                           0x0800951d   Thumb Code   128  os_sem.o(.text)
    OSSemPost                                0x0800959d   Thumb Code    88  os_sem.o(.text)
    OSSemQuery                               0x080095f5   Thumb Code    76  os_sem.o(.text)
    OSSemSet                                 0x08009641   Thumb Code    66  os_sem.o(.text)
    OSTaskChangePrio                         0x08009699   Thumb Code   396  os_task.o(.text)
    OSTaskCreate                             0x08009825   Thumb Code   148  os_task.o(.text)
    OS_TaskStkClr                            0x080098b9   Thumb Code    26  os_task.o(.text)
    OSTaskCreateExt                          0x080098d3   Thumb Code   170  os_task.o(.text)
    OSTaskDel                                0x0800997d   Thumb Code   352  os_task.o(.text)
    OSTaskDelReq                             0x08009add   Thumb Code   100  os_task.o(.text)
    OSTaskNameGet                            0x08009b41   Thumb Code   114  os_task.o(.text)
    OSTaskNameSet                            0x08009bb3   Thumb Code    98  os_task.o(.text)
    OSTaskResume                             0x08009c15   Thumb Code   154  os_task.o(.text)
    OSTaskStkChk                             0x08009caf   Thumb Code   128  os_task.o(.text)
    OSTaskSuspend                            0x08009d2f   Thumb Code   152  os_task.o(.text)
    OSTaskQuery                              0x08009dc7   Thumb Code    82  os_task.o(.text)
    OSTaskRegGet                             0x08009e19   Thumb Code    60  os_task.o(.text)
    OSTaskRegGetID                           0x08009e55   Thumb Code    58  os_task.o(.text)
    OSTaskRegSet                             0x08009e8f   Thumb Code    62  os_task.o(.text)
    OS_TaskReturn                            0x08009ecd   Thumb Code    48  os_task.o(.text)
    OSTimeDly                                0x08009efd   Thumb Code   100  os_time.o(.text)
    OSTimeDlyHMSM                            0x08009f61   Thumb Code    86  os_time.o(.text)
    OSTimeDlyResume                          0x08009fb7   Thumb Code   168  os_time.o(.text)
    OSTimeGet                                0x0800a05f   Thumb Code    24  os_time.o(.text)
    OSTimeSet                                0x0800a077   Thumb Code    24  os_time.o(.text)
    OSTmrCreate                              0x0800a0df   Thumb Code   108  os_tmr.o(.text)
    OSTmrDel                                 0x0800a1c3   Thumb Code   124  os_tmr.o(.text)
    OSTmrNameGet                             0x0800a23f   Thumb Code   114  os_tmr.o(.text)
    OSTmrRemainGet                           0x0800a2b1   Thumb Code   164  os_tmr.o(.text)
    OSTmrStateGet                            0x0800a355   Thumb Code    86  os_tmr.o(.text)
    OSTmrStart                               0x0800a40f   Thumb Code   158  os_tmr.o(.text)
    OSTmrStop                                0x0800a4ad   Thumb Code   180  os_tmr.o(.text)
    OSTmrSignal                              0x0800a561   Thumb Code    16  os_tmr.o(.text)
    OSTmr_Init                               0x0800a615   Thumb Code   172  os_tmr.o(.text)
    OS_CPU_SR_Save                           0x0800a729   Thumb Code     0  os_cpu_a.o(.text)
    OS_CPU_SR_Restore                        0x0800a731   Thumb Code     0  os_cpu_a.o(.text)
    OSStartHighRdy                           0x0800a737   Thumb Code     0  os_cpu_a.o(.text)
    OSCtxSw                                  0x0800a75f   Thumb Code     0  os_cpu_a.o(.text)
    OSIntCtxSw                               0x0800a769   Thumb Code     0  os_cpu_a.o(.text)
    OS_CPU_PendSVHandler                     0x0800a773   Thumb Code     0  os_cpu_a.o(.text)
    OSInitHookBegin                          0x0800a7d9   Thumb Code    30  os_cpu_c.o(.text)
    OSInitHookEnd                            0x0800a7f7   Thumb Code     2  os_cpu_c.o(.text)
    OSTaskCreateHook                         0x0800a7f9   Thumb Code    12  os_cpu_c.o(.text)
    OSTaskDelHook                            0x0800a805   Thumb Code    12  os_cpu_c.o(.text)
    OSTaskIdleHook                           0x0800a811   Thumb Code     8  os_cpu_c.o(.text)
    OSTaskReturnHook                         0x0800a819   Thumb Code    12  os_cpu_c.o(.text)
    OSTaskStatHook                           0x0800a825   Thumb Code     8  os_cpu_c.o(.text)
    OSTaskStkInit                            0x0800a82d   Thumb Code   152  os_cpu_c.o(.text)
    OSTaskSwHook                             0x0800a8c5   Thumb Code     8  os_cpu_c.o(.text)
    OSTCBInitHook                            0x0800a8cd   Thumb Code    12  os_cpu_c.o(.text)
    OSTimeTickHook                           0x0800a8d9   Thumb Code    34  os_cpu_c.o(.text)
    OS_CPU_SysTickHandler                    0x0800a8fb   Thumb Code    34  os_cpu_c.o(.text)
    OS_CPU_SysTickInit                       0x0800a91d   Thumb Code    42  os_cpu_c.o(.text)
    OSDebugInit                              0x0800a965   Thumb Code   118  os_dbg.o(.text)
    NVIC_PriorityGroupConfig                 0x0800aac1   Thumb Code    10  misc.o(.text)
    NVIC_Init                                0x0800aacb   Thumb Code   106  misc.o(.text)
    NVIC_SetVectorTable                      0x0800ab35   Thumb Code    14  misc.o(.text)
    NVIC_SystemLPConfig                      0x0800ab43   Thumb Code    34  misc.o(.text)
    SysTick_CLKSourceConfig                  0x0800ab65   Thumb Code    40  misc.o(.text)
    ADC_DeInit                               0x0800aba1   Thumb Code    22  stm32f2xx_adc.o(.text)
    ADC_Init                                 0x0800abb7   Thumb Code    74  stm32f2xx_adc.o(.text)
    ADC_StructInit                           0x0800ac01   Thumb Code    20  stm32f2xx_adc.o(.text)
    ADC_CommonInit                           0x0800ac15   Thumb Code    34  stm32f2xx_adc.o(.text)
    ADC_CommonStructInit                     0x0800ac37   Thumb Code    12  stm32f2xx_adc.o(.text)
    ADC_Cmd                                  0x0800ac43   Thumb Code    22  stm32f2xx_adc.o(.text)
    ADC_AnalogWatchdogCmd                    0x0800ac59   Thumb Code    16  stm32f2xx_adc.o(.text)
    ADC_AnalogWatchdogThresholdsConfig       0x0800ac69   Thumb Code     6  stm32f2xx_adc.o(.text)
    ADC_AnalogWatchdogSingleChannelConfig    0x0800ac6f   Thumb Code    16  stm32f2xx_adc.o(.text)
    ADC_TempSensorVrefintCmd                 0x0800ac7f   Thumb Code    34  stm32f2xx_adc.o(.text)
    ADC_VBATCmd                              0x0800aca1   Thumb Code    34  stm32f2xx_adc.o(.text)
    ADC_RegularChannelConfig                 0x0800acc3   Thumb Code   184  stm32f2xx_adc.o(.text)
    ADC_SoftwareStartConv                    0x0800ad7b   Thumb Code    10  stm32f2xx_adc.o(.text)
    ADC_GetSoftwareStartConvStatus           0x0800ad85   Thumb Code    20  stm32f2xx_adc.o(.text)
    ADC_EOCOnEachRegularChannelCmd           0x0800ad99   Thumb Code    22  stm32f2xx_adc.o(.text)
    ADC_ContinuousModeCmd                    0x0800adaf   Thumb Code    22  stm32f2xx_adc.o(.text)
    ADC_DiscModeChannelCountConfig           0x0800adc5   Thumb Code    24  stm32f2xx_adc.o(.text)
    ADC_DiscModeCmd                          0x0800addd   Thumb Code    22  stm32f2xx_adc.o(.text)
    ADC_GetConversionValue                   0x0800adf3   Thumb Code     8  stm32f2xx_adc.o(.text)
    ADC_GetMultiModeConversionValue          0x0800adfb   Thumb Code     8  stm32f2xx_adc.o(.text)
    ADC_DMACmd                               0x0800ae03   Thumb Code    22  stm32f2xx_adc.o(.text)
    ADC_DMARequestAfterLastTransferCmd       0x0800ae19   Thumb Code    22  stm32f2xx_adc.o(.text)
    ADC_MultiModeDMARequestAfterLastTransferCmd 0x0800ae2f   Thumb Code    34  stm32f2xx_adc.o(.text)
    ADC_InjectedChannelConfig                0x0800ae51   Thumb Code   130  stm32f2xx_adc.o(.text)
    ADC_InjectedSequencerLengthConfig        0x0800aed3   Thumb Code    24  stm32f2xx_adc.o(.text)
    ADC_SetInjectedOffset                    0x0800aeeb   Thumb Code    20  stm32f2xx_adc.o(.text)
    ADC_ExternalTrigInjectedConvConfig       0x0800aeff   Thumb Code    16  stm32f2xx_adc.o(.text)
    ADC_ExternalTrigInjectedConvEdgeConfig   0x0800af0f   Thumb Code    16  stm32f2xx_adc.o(.text)
    ADC_SoftwareStartInjectedConv            0x0800af1f   Thumb Code    10  stm32f2xx_adc.o(.text)
    ADC_GetSoftwareStartInjectedConvCmdStatus 0x0800af29   Thumb Code    20  stm32f2xx_adc.o(.text)
    ADC_AutoInjectedConvCmd                  0x0800af3d   Thumb Code    22  stm32f2xx_adc.o(.text)
    ADC_InjectedDiscModeCmd                  0x0800af53   Thumb Code    22  stm32f2xx_adc.o(.text)
    ADC_GetInjectedConversionValue           0x0800af69   Thumb Code    28  stm32f2xx_adc.o(.text)
    ADC_ITConfig                             0x0800af85   Thumb Code    56  stm32f2xx_adc.o(.text)
    ADC_GetFlagStatus                        0x0800afbd   Thumb Code    18  stm32f2xx_adc.o(.text)
    ADC_ClearFlag                            0x0800afcf   Thumb Code     6  stm32f2xx_adc.o(.text)
    ADC_GetITStatus                          0x0800afd5   Thumb Code    38  stm32f2xx_adc.o(.text)
    ADC_ClearITPendingBit                    0x0800affb   Thumb Code    10  stm32f2xx_adc.o(.text)
    CAN_DeInit                               0x0800b005   Thumb Code    50  stm32f2xx_can.o(.text)
    CAN_Init                                 0x0800b037   Thumb Code   276  stm32f2xx_can.o(.text)
    CAN_FilterInit                           0x0800b14b   Thumb Code   258  stm32f2xx_can.o(.text)
    CAN_StructInit                           0x0800b24d   Thumb Code    32  stm32f2xx_can.o(.text)
    CAN_SlaveStartBank                       0x0800b26d   Thumb Code    48  stm32f2xx_can.o(.text)
    CAN_DBGFreeze                            0x0800b29d   Thumb Code    22  stm32f2xx_can.o(.text)
    CAN_TTComModeCmd                         0x0800b2b3   Thumb Code   118  stm32f2xx_can.o(.text)
    CAN_Transmit                             0x0800b329   Thumb Code   304  stm32f2xx_can.o(.text)
    CAN_TransmitStatus                       0x0800b459   Thumb Code   138  stm32f2xx_can.o(.text)
    CAN_CancelTransmit                       0x0800b4e3   Thumb Code    48  stm32f2xx_can.o(.text)
    CAN_Receive                              0x0800b513   Thumb Code   240  stm32f2xx_can.o(.text)
    CAN_FIFORelease                          0x0800b603   Thumb Code    22  stm32f2xx_can.o(.text)
    CAN_MessagePending                       0x0800b619   Thumb Code    30  stm32f2xx_can.o(.text)
    CAN_OperatingModeRequest                 0x0800b637   Thumb Code   162  stm32f2xx_can.o(.text)
    CAN_Sleep                                0x0800b6d9   Thumb Code    30  stm32f2xx_can.o(.text)
    CAN_WakeUp                               0x0800b6f7   Thumb Code    48  stm32f2xx_can.o(.text)
    CAN_GetLastErrorCode                     0x0800b727   Thumb Code    12  stm32f2xx_can.o(.text)
    CAN_GetReceiveErrorCounter               0x0800b733   Thumb Code    10  stm32f2xx_can.o(.text)
    CAN_GetLSBTransmitErrorCounter           0x0800b73d   Thumb Code    12  stm32f2xx_can.o(.text)
    CAN_ITConfig                             0x0800b749   Thumb Code    18  stm32f2xx_can.o(.text)
    CAN_GetFlagStatus                        0x0800b75b   Thumb Code   120  stm32f2xx_can.o(.text)
    CAN_ClearFlag                            0x0800b7d3   Thumb Code    52  stm32f2xx_can.o(.text)
    CAN_GetITStatus                          0x0800b819   Thumb Code   310  stm32f2xx_can.o(.text)
    CAN_ClearITPendingBit                    0x0800b94f   Thumb Code   162  stm32f2xx_can.o(.text)
    DAC_DeInit                               0x0800b9f5   Thumb Code    22  stm32f2xx_dac.o(.text)
    DAC_Init                                 0x0800ba0b   Thumb Code    46  stm32f2xx_dac.o(.text)
    DAC_StructInit                           0x0800ba39   Thumb Code    12  stm32f2xx_dac.o(.text)
    DAC_Cmd                                  0x0800ba45   Thumb Code    34  stm32f2xx_dac.o(.text)
    DAC_SoftwareTriggerCmd                   0x0800ba67   Thumb Code    48  stm32f2xx_dac.o(.text)
    DAC_DualSoftwareTriggerCmd               0x0800ba97   Thumb Code    38  stm32f2xx_dac.o(.text)
    DAC_WaveGenerationCmd                    0x0800babd   Thumb Code    36  stm32f2xx_dac.o(.text)
    DAC_SetChannel1Data                      0x0800bae1   Thumb Code    26  stm32f2xx_dac.o(.text)
    DAC_SetChannel2Data                      0x0800bafb   Thumb Code    26  stm32f2xx_dac.o(.text)
    DAC_SetDualChannelData                   0x0800bb15   Thumb Code    32  stm32f2xx_dac.o(.text)
    DAC_GetDataOutputValue                   0x0800bb35   Thumb Code    32  stm32f2xx_dac.o(.text)
    DAC_DMACmd                               0x0800bb55   Thumb Code    38  stm32f2xx_dac.o(.text)
    DAC_ITConfig                             0x0800bb7b   Thumb Code    36  stm32f2xx_dac.o(.text)
    DAC_GetFlagStatus                        0x0800bb9f   Thumb Code    28  stm32f2xx_dac.o(.text)
    DAC_ClearFlag                            0x0800bbbb   Thumb Code    12  stm32f2xx_dac.o(.text)
    DAC_GetITStatus                          0x0800bbc7   Thumb Code    44  stm32f2xx_dac.o(.text)
    DAC_ClearITPendingBit                    0x0800bbf3   Thumb Code    12  stm32f2xx_dac.o(.text)
    DMA_DeInit                               0x0800bc05   Thumb Code   324  stm32f2xx_dma.o(.text)
    DMA_Init                                 0x0800bd49   Thumb Code    82  stm32f2xx_dma.o(.text)
    DMA_StructInit                           0x0800bd9b   Thumb Code    34  stm32f2xx_dma.o(.text)
    DMA_Cmd                                  0x0800bdbd   Thumb Code    22  stm32f2xx_dma.o(.text)
    DMA_PeriphIncOffsetSizeConfig            0x0800bdd3   Thumb Code    22  stm32f2xx_dma.o(.text)
    DMA_FlowControllerConfig                 0x0800bde9   Thumb Code    22  stm32f2xx_dma.o(.text)
    DMA_SetCurrDataCounter                   0x0800bdff   Thumb Code     4  stm32f2xx_dma.o(.text)
    DMA_GetCurrDataCounter                   0x0800be03   Thumb Code     8  stm32f2xx_dma.o(.text)
    DMA_DoubleBufferModeConfig               0x0800be0b   Thumb Code    24  stm32f2xx_dma.o(.text)
    DMA_DoubleBufferModeCmd                  0x0800be23   Thumb Code    22  stm32f2xx_dma.o(.text)
    DMA_MemoryTargetConfig                   0x0800be39   Thumb Code    10  stm32f2xx_dma.o(.text)
    DMA_GetCurrentMemoryTarget               0x0800be43   Thumb Code    20  stm32f2xx_dma.o(.text)
    DMA_GetCmdStatus                         0x0800be57   Thumb Code    20  stm32f2xx_dma.o(.text)
    DMA_GetFIFOStatus                        0x0800be6b   Thumb Code    12  stm32f2xx_dma.o(.text)
    DMA_GetFlagStatus                        0x0800be77   Thumb Code    56  stm32f2xx_dma.o(.text)
    DMA_ClearFlag                            0x0800beaf   Thumb Code    40  stm32f2xx_dma.o(.text)
    DMA_ITConfig                             0x0800bed7   Thumb Code    58  stm32f2xx_dma.o(.text)
    DMA_GetITStatus                          0x0800bf11   Thumb Code    84  stm32f2xx_dma.o(.text)
    DMA_ClearITPendingBit                    0x0800bf65   Thumb Code    40  stm32f2xx_dma.o(.text)
    FSMC_NORSRAMDeInit                       0x0800bfad   Thumb Code    54  stm32f2xx_fsmc.o(.text)
    FSMC_NORSRAMInit                         0x0800bfe3   Thumb Code   230  stm32f2xx_fsmc.o(.text)
    FSMC_NORSRAMStructInit                   0x0800c0c9   Thumb Code   114  stm32f2xx_fsmc.o(.text)
    FSMC_NORSRAMCmd                          0x0800c13b   Thumb Code    46  stm32f2xx_fsmc.o(.text)
    FSMC_NANDDeInit                          0x0800c169   Thumb Code    62  stm32f2xx_fsmc.o(.text)
    FSMC_NANDInit                            0x0800c1a7   Thumb Code   132  stm32f2xx_fsmc.o(.text)
    FSMC_NANDStructInit                      0x0800c22b   Thumb Code    54  stm32f2xx_fsmc.o(.text)
    FSMC_NANDCmd                             0x0800c261   Thumb Code    86  stm32f2xx_fsmc.o(.text)
    FSMC_NANDECCCmd                          0x0800c2b7   Thumb Code    86  stm32f2xx_fsmc.o(.text)
    FSMC_GetECC                              0x0800c30d   Thumb Code    24  stm32f2xx_fsmc.o(.text)
    FSMC_PCCARDDeInit                        0x0800c325   Thumb Code    36  stm32f2xx_fsmc.o(.text)
    FSMC_PCCARDInit                          0x0800c349   Thumb Code   130  stm32f2xx_fsmc.o(.text)
    FSMC_PCCARDStructInit                    0x0800c3cb   Thumb Code    60  stm32f2xx_fsmc.o(.text)
    FSMC_PCCARDCmd                           0x0800c407   Thumb Code    44  stm32f2xx_fsmc.o(.text)
    FSMC_ITConfig                            0x0800c433   Thumb Code   128  stm32f2xx_fsmc.o(.text)
    FSMC_GetFlagStatus                       0x0800c4b3   Thumb Code    54  stm32f2xx_fsmc.o(.text)
    FSMC_ClearFlag                           0x0800c4e9   Thumb Code    62  stm32f2xx_fsmc.o(.text)
    FSMC_GetITStatus                         0x0800c527   Thumb Code    72  stm32f2xx_fsmc.o(.text)
    FSMC_ClearITPendingBit                   0x0800c56f   Thumb Code    66  stm32f2xx_fsmc.o(.text)
    GPIO_DeInit                              0x0800c5b5   Thumb Code   220  stm32f2xx_gpio.o(.text)
    GPIO_Init                                0x0800c691   Thumb Code   144  stm32f2xx_gpio.o(.text)
    GPIO_StructInit                          0x0800c721   Thumb Code    18  stm32f2xx_gpio.o(.text)
    GPIO_PinLockConfig                       0x0800c733   Thumb Code    34  stm32f2xx_gpio.o(.text)
    GPIO_ReadInputDataBit                    0x0800c755   Thumb Code    18  stm32f2xx_gpio.o(.text)
    GPIO_ReadInputData                       0x0800c767   Thumb Code     8  stm32f2xx_gpio.o(.text)
    GPIO_ReadOutputDataBit                   0x0800c76f   Thumb Code    18  stm32f2xx_gpio.o(.text)
    GPIO_ReadOutputData                      0x0800c781   Thumb Code     8  stm32f2xx_gpio.o(.text)
    GPIO_SetBits                             0x0800c789   Thumb Code     4  stm32f2xx_gpio.o(.text)
    GPIO_ResetBits                           0x0800c78d   Thumb Code     4  stm32f2xx_gpio.o(.text)
    GPIO_WriteBit                            0x0800c791   Thumb Code    10  stm32f2xx_gpio.o(.text)
    GPIO_Write                               0x0800c79b   Thumb Code     4  stm32f2xx_gpio.o(.text)
    GPIO_ToggleBits                          0x0800c79f   Thumb Code     8  stm32f2xx_gpio.o(.text)
    GPIO_PinAFConfig                         0x0800c7a7   Thumb Code    70  stm32f2xx_gpio.o(.text)
    I2C_DeInit                               0x0800c811   Thumb Code    82  stm32f2xx_i2c.o(.text)
    I2C_Init                                 0x0800c863   Thumb Code   218  stm32f2xx_i2c.o(.text)
    I2C_StructInit                           0x0800c93d   Thumb Code    30  stm32f2xx_i2c.o(.text)
    I2C_Cmd                                  0x0800c95b   Thumb Code    24  stm32f2xx_i2c.o(.text)
    I2C_GenerateSTART                        0x0800c973   Thumb Code    24  stm32f2xx_i2c.o(.text)
    I2C_GenerateSTOP                         0x0800c98b   Thumb Code    24  stm32f2xx_i2c.o(.text)
    I2C_Send7bitAddress                      0x0800c9a3   Thumb Code    16  stm32f2xx_i2c.o(.text)
    I2C_AcknowledgeConfig                    0x0800c9b3   Thumb Code    24  stm32f2xx_i2c.o(.text)
    I2C_OwnAddress2Config                    0x0800c9cb   Thumb Code    22  stm32f2xx_i2c.o(.text)
    I2C_DualAddressCmd                       0x0800c9e1   Thumb Code    24  stm32f2xx_i2c.o(.text)
    I2C_GeneralCallCmd                       0x0800c9f9   Thumb Code    24  stm32f2xx_i2c.o(.text)
    I2C_SoftwareResetCmd                     0x0800ca11   Thumb Code    22  stm32f2xx_i2c.o(.text)
    I2C_StretchClockCmd                      0x0800ca27   Thumb Code    24  stm32f2xx_i2c.o(.text)
    I2C_FastModeDutyCycleConfig              0x0800ca3f   Thumb Code    28  stm32f2xx_i2c.o(.text)
    I2C_NACKPositionConfig                   0x0800ca5b   Thumb Code    28  stm32f2xx_i2c.o(.text)
    I2C_SMBusAlertConfig                     0x0800ca77   Thumb Code    28  stm32f2xx_i2c.o(.text)
    I2C_ARPCmd                               0x0800ca93   Thumb Code    24  stm32f2xx_i2c.o(.text)
    I2C_SendData                             0x0800caab   Thumb Code     4  stm32f2xx_i2c.o(.text)
    I2C_ReceiveData                          0x0800caaf   Thumb Code     8  stm32f2xx_i2c.o(.text)
    I2C_TransmitPEC                          0x0800cab7   Thumb Code    24  stm32f2xx_i2c.o(.text)
    I2C_PECPositionConfig                    0x0800cacf   Thumb Code    28  stm32f2xx_i2c.o(.text)
    I2C_CalculatePEC                         0x0800caeb   Thumb Code    24  stm32f2xx_i2c.o(.text)
    I2C_GetPEC                               0x0800cb03   Thumb Code     8  stm32f2xx_i2c.o(.text)
    I2C_DMACmd                               0x0800cb0b   Thumb Code    24  stm32f2xx_i2c.o(.text)
    I2C_DMALastTransferCmd                   0x0800cb23   Thumb Code    24  stm32f2xx_i2c.o(.text)
    I2C_ReadRegister                         0x0800cb3b   Thumb Code    22  stm32f2xx_i2c.o(.text)
    I2C_ITConfig                             0x0800cb51   Thumb Code    18  stm32f2xx_i2c.o(.text)
    I2C_CheckEvent                           0x0800cb63   Thumb Code    42  stm32f2xx_i2c.o(.text)
    I2C_GetLastEvent                         0x0800cb8d   Thumb Code    26  stm32f2xx_i2c.o(.text)
    I2C_GetFlagStatus                        0x0800cba7   Thumb Code    58  stm32f2xx_i2c.o(.text)
    I2C_ClearFlag                            0x0800cbe1   Thumb Code    12  stm32f2xx_i2c.o(.text)
    I2C_GetITStatus                          0x0800cbed   Thumb Code    64  stm32f2xx_i2c.o(.text)
    I2C_ClearITPendingBit                    0x0800cc2d   Thumb Code    12  stm32f2xx_i2c.o(.text)
    RCC_DeInit                               0x0800cc39   Thumb Code    60  stm32f2xx_rcc.o(.text)
    RCC_HSEConfig                            0x0800cc75   Thumb Code    14  stm32f2xx_rcc.o(.text)
    RCC_GetFlagStatus                        0x0800cc83   Thumb Code    60  stm32f2xx_rcc.o(.text)
    RCC_WaitForHSEStartUp                    0x0800ccbf   Thumb Code    56  stm32f2xx_rcc.o(.text)
    RCC_AdjustHSICalibrationValue            0x0800ccf7   Thumb Code    20  stm32f2xx_rcc.o(.text)
    RCC_HSICmd                               0x0800cd0b   Thumb Code     6  stm32f2xx_rcc.o(.text)
    RCC_LSEConfig                            0x0800cd11   Thumb Code    46  stm32f2xx_rcc.o(.text)
    RCC_LSICmd                               0x0800cd3f   Thumb Code     6  stm32f2xx_rcc.o(.text)
    RCC_PLLConfig                            0x0800cd45   Thumb Code    32  stm32f2xx_rcc.o(.text)
    RCC_PLLCmd                               0x0800cd65   Thumb Code     6  stm32f2xx_rcc.o(.text)
    RCC_PLLI2SConfig                         0x0800cd6b   Thumb Code    14  stm32f2xx_rcc.o(.text)
    RCC_PLLI2SCmd                            0x0800cd79   Thumb Code     6  stm32f2xx_rcc.o(.text)
    RCC_ClockSecuritySystemCmd               0x0800cd7f   Thumb Code     6  stm32f2xx_rcc.o(.text)
    RCC_MCO1Config                           0x0800cd85   Thumb Code    28  stm32f2xx_rcc.o(.text)
    RCC_MCO2Config                           0x0800cda1   Thumb Code    28  stm32f2xx_rcc.o(.text)
    RCC_SYSCLKConfig                         0x0800cdbd   Thumb Code    20  stm32f2xx_rcc.o(.text)
    RCC_GetSYSCLKSource                      0x0800cdd1   Thumb Code    12  stm32f2xx_rcc.o(.text)
    RCC_HCLKConfig                           0x0800cddd   Thumb Code    20  stm32f2xx_rcc.o(.text)
    RCC_PCLK1Config                          0x0800cdf1   Thumb Code    20  stm32f2xx_rcc.o(.text)
    RCC_PCLK2Config                          0x0800ce05   Thumb Code    22  stm32f2xx_rcc.o(.text)
    RCC_GetClocksFreq                        0x0800ce1b   Thumb Code   222  stm32f2xx_rcc.o(.text)
    RCC_RTCCLKConfig                         0x0800cef9   Thumb Code    54  stm32f2xx_rcc.o(.text)
    RCC_RTCCLKCmd                            0x0800cf2f   Thumb Code     8  stm32f2xx_rcc.o(.text)
    RCC_BackupResetCmd                       0x0800cf37   Thumb Code     8  stm32f2xx_rcc.o(.text)
    RCC_I2SCLKConfig                         0x0800cf3f   Thumb Code     6  stm32f2xx_rcc.o(.text)
    RCC_AHB1PeriphClockCmd                   0x0800cf45   Thumb Code    34  stm32f2xx_rcc.o(.text)
    RCC_AHB2PeriphClockCmd                   0x0800cf67   Thumb Code    34  stm32f2xx_rcc.o(.text)
    RCC_AHB3PeriphClockCmd                   0x0800cf89   Thumb Code    34  stm32f2xx_rcc.o(.text)
    RCC_APB1PeriphClockCmd                   0x0800cfab   Thumb Code    34  stm32f2xx_rcc.o(.text)
    RCC_APB2PeriphClockCmd                   0x0800cfcd   Thumb Code    34  stm32f2xx_rcc.o(.text)
    RCC_AHB1PeriphResetCmd                   0x0800cfef   Thumb Code    34  stm32f2xx_rcc.o(.text)
    RCC_AHB2PeriphResetCmd                   0x0800d011   Thumb Code    72  stm32f2xx_rcc.o(.text)
    RCC_AHB3PeriphResetCmd                   0x0800d059   Thumb Code    34  stm32f2xx_rcc.o(.text)
    RCC_APB1PeriphResetCmd                   0x0800d07b   Thumb Code    34  stm32f2xx_rcc.o(.text)
    RCC_APB2PeriphResetCmd                   0x0800d09d   Thumb Code    34  stm32f2xx_rcc.o(.text)
    RCC_AHB1PeriphClockLPModeCmd             0x0800d0bf   Thumb Code    34  stm32f2xx_rcc.o(.text)
    RCC_AHB2PeriphClockLPModeCmd             0x0800d0e1   Thumb Code    34  stm32f2xx_rcc.o(.text)
    RCC_AHB3PeriphClockLPModeCmd             0x0800d103   Thumb Code    34  stm32f2xx_rcc.o(.text)
    RCC_APB1PeriphClockLPModeCmd             0x0800d125   Thumb Code    34  stm32f2xx_rcc.o(.text)
    RCC_APB2PeriphClockLPModeCmd             0x0800d147   Thumb Code    34  stm32f2xx_rcc.o(.text)
    RCC_ITConfig                             0x0800d169   Thumb Code    34  stm32f2xx_rcc.o(.text)
    RCC_ClearFlag                            0x0800d18b   Thumb Code    18  stm32f2xx_rcc.o(.text)
    RCC_GetITStatus                          0x0800d19d   Thumb Code    22  stm32f2xx_rcc.o(.text)
    RCC_ClearITPendingBit                    0x0800d1b3   Thumb Code     8  stm32f2xx_rcc.o(.text)
    SPI_I2S_DeInit                           0x0800d1c1   Thumb Code    76  stm32f2xx_spi.o(.text)
    SPI_Init                                 0x0800d20d   Thumb Code    60  stm32f2xx_spi.o(.text)
    I2S_Init                                 0x0800d249   Thumb Code   350  stm32f2xx_spi.o(.text)
    SPI_StructInit                           0x0800d3a7   Thumb Code    24  stm32f2xx_spi.o(.text)
    I2S_StructInit                           0x0800d3bf   Thumb Code    20  stm32f2xx_spi.o(.text)
    SPI_Cmd                                  0x0800d3d3   Thumb Code    24  stm32f2xx_spi.o(.text)
    I2S_Cmd                                  0x0800d3eb   Thumb Code    24  stm32f2xx_spi.o(.text)
    SPI_DataSizeConfig                       0x0800d403   Thumb Code    18  stm32f2xx_spi.o(.text)
    SPI_BiDirectionalLineConfig              0x0800d415   Thumb Code    28  stm32f2xx_spi.o(.text)
    SPI_NSSInternalSoftwareConfig            0x0800d431   Thumb Code    30  stm32f2xx_spi.o(.text)
    SPI_SSOutputCmd                          0x0800d44f   Thumb Code    24  stm32f2xx_spi.o(.text)
    SPI_TIModeCmd                            0x0800d467   Thumb Code    24  stm32f2xx_spi.o(.text)
    SPI_I2S_ReceiveData                      0x0800d47f   Thumb Code     6  stm32f2xx_spi.o(.text)
    SPI_I2S_SendData                         0x0800d485   Thumb Code     4  stm32f2xx_spi.o(.text)
    SPI_CalculateCRC                         0x0800d489   Thumb Code    24  stm32f2xx_spi.o(.text)
    SPI_TransmitCRC                          0x0800d4a1   Thumb Code    10  stm32f2xx_spi.o(.text)
    SPI_GetCRC                               0x0800d4ab   Thumb Code    16  stm32f2xx_spi.o(.text)
    SPI_GetCRCPolynomial                     0x0800d4bb   Thumb Code     6  stm32f2xx_spi.o(.text)
    SPI_I2S_DMACmd                           0x0800d4c1   Thumb Code    18  stm32f2xx_spi.o(.text)
    SPI_I2S_ITConfig                         0x0800d4d3   Thumb Code    32  stm32f2xx_spi.o(.text)
    SPI_I2S_GetFlagStatus                    0x0800d4f3   Thumb Code    18  stm32f2xx_spi.o(.text)
    SPI_I2S_ClearFlag                        0x0800d505   Thumb Code     6  stm32f2xx_spi.o(.text)
    SPI_I2S_GetITStatus                      0x0800d50b   Thumb Code    52  stm32f2xx_spi.o(.text)
    SPI_I2S_ClearITPendingBit                0x0800d53f   Thumb Code    20  stm32f2xx_spi.o(.text)
    TIM_DeInit                               0x0800d569   Thumb Code   346  stm32f2xx_tim.o(.text)
    TIM_TimeBaseInit                         0x0800d6c3   Thumb Code   104  stm32f2xx_tim.o(.text)
    TIM_TimeBaseStructInit                   0x0800d72b   Thumb Code    18  stm32f2xx_tim.o(.text)
    TIM_PrescalerConfig                      0x0800d73d   Thumb Code     6  stm32f2xx_tim.o(.text)
    TIM_CounterModeConfig                    0x0800d743   Thumb Code    18  stm32f2xx_tim.o(.text)
    TIM_SetCounter                           0x0800d755   Thumb Code     4  stm32f2xx_tim.o(.text)
    TIM_SetAutoreload                        0x0800d759   Thumb Code     4  stm32f2xx_tim.o(.text)
    TIM_GetCounter                           0x0800d75d   Thumb Code     6  stm32f2xx_tim.o(.text)
    TIM_GetPrescaler                         0x0800d763   Thumb Code     6  stm32f2xx_tim.o(.text)
    TIM_UpdateDisableConfig                  0x0800d769   Thumb Code    24  stm32f2xx_tim.o(.text)
    TIM_UpdateRequestConfig                  0x0800d781   Thumb Code    24  stm32f2xx_tim.o(.text)
    TIM_ARRPreloadConfig                     0x0800d799   Thumb Code    24  stm32f2xx_tim.o(.text)
    TIM_SelectOnePulseMode                   0x0800d7b1   Thumb Code    18  stm32f2xx_tim.o(.text)
    TIM_SetClockDivision                     0x0800d7c3   Thumb Code    18  stm32f2xx_tim.o(.text)
    TIM_Cmd                                  0x0800d7d5   Thumb Code    24  stm32f2xx_tim.o(.text)
    TIM_OC1Init                              0x0800d7ed   Thumb Code   114  stm32f2xx_tim.o(.text)
    TIM_OC2Init                              0x0800d85f   Thumb Code   154  stm32f2xx_tim.o(.text)
    TIM_OC3Init                              0x0800d8f9   Thumb Code   204  stm32f2xx_tim.o(.text)
    TIM_OC4Init                              0x0800d9c5   Thumb Code   112  stm32f2xx_tim.o(.text)
    TIM_OCStructInit                         0x0800da35   Thumb Code    20  stm32f2xx_tim.o(.text)
    TIM_SelectOCxM                           0x0800da49   Thumb Code    86  stm32f2xx_tim.o(.text)
    TIM_SetCompare1                          0x0800da9f   Thumb Code     4  stm32f2xx_tim.o(.text)
    TIM_SetCompare2                          0x0800daa3   Thumb Code     4  stm32f2xx_tim.o(.text)
    TIM_SetCompare3                          0x0800daa7   Thumb Code     4  stm32f2xx_tim.o(.text)
    TIM_SetCompare4                          0x0800daab   Thumb Code     4  stm32f2xx_tim.o(.text)
    TIM_ForcedOC1Config                      0x0800daaf   Thumb Code    18  stm32f2xx_tim.o(.text)
    TIM_ForcedOC2Config                      0x0800dac1   Thumb Code    26  stm32f2xx_tim.o(.text)
    TIM_ForcedOC3Config                      0x0800dadb   Thumb Code    18  stm32f2xx_tim.o(.text)
    TIM_ForcedOC4Config                      0x0800daed   Thumb Code    26  stm32f2xx_tim.o(.text)
    TIM_OC1PreloadConfig                     0x0800db07   Thumb Code    18  stm32f2xx_tim.o(.text)
    TIM_OC2PreloadConfig                     0x0800db19   Thumb Code    26  stm32f2xx_tim.o(.text)
    TIM_OC3PreloadConfig                     0x0800db33   Thumb Code    18  stm32f2xx_tim.o(.text)
    TIM_OC4PreloadConfig                     0x0800db45   Thumb Code    26  stm32f2xx_tim.o(.text)
    TIM_OC1FastConfig                        0x0800db5f   Thumb Code    18  stm32f2xx_tim.o(.text)
    TIM_OC2FastConfig                        0x0800db71   Thumb Code    26  stm32f2xx_tim.o(.text)
    TIM_OC3FastConfig                        0x0800db8b   Thumb Code    18  stm32f2xx_tim.o(.text)
    TIM_OC4FastConfig                        0x0800db9d   Thumb Code    26  stm32f2xx_tim.o(.text)
    TIM_ClearOC1Ref                          0x0800dbb7   Thumb Code    18  stm32f2xx_tim.o(.text)
    TIM_ClearOC2Ref                          0x0800dbc9   Thumb Code    24  stm32f2xx_tim.o(.text)
    TIM_ClearOC3Ref                          0x0800dbe1   Thumb Code    18  stm32f2xx_tim.o(.text)
    TIM_ClearOC4Ref                          0x0800dbf3   Thumb Code    24  stm32f2xx_tim.o(.text)
    TIM_OC1PolarityConfig                    0x0800dc0b   Thumb Code    18  stm32f2xx_tim.o(.text)
    TIM_OC1NPolarityConfig                   0x0800dc1d   Thumb Code    18  stm32f2xx_tim.o(.text)
    TIM_OC2PolarityConfig                    0x0800dc2f   Thumb Code    26  stm32f2xx_tim.o(.text)
    TIM_OC2NPolarityConfig                   0x0800dc49   Thumb Code    26  stm32f2xx_tim.o(.text)
    TIM_OC3PolarityConfig                    0x0800dc63   Thumb Code    26  stm32f2xx_tim.o(.text)
    TIM_OC3NPolarityConfig                   0x0800dc7d   Thumb Code    26  stm32f2xx_tim.o(.text)
    TIM_OC4PolarityConfig                    0x0800dc97   Thumb Code    26  stm32f2xx_tim.o(.text)
    TIM_CCxCmd                               0x0800dcb1   Thumb Code    30  stm32f2xx_tim.o(.text)
    TIM_CCxNCmd                              0x0800dccf   Thumb Code    30  stm32f2xx_tim.o(.text)
    TIM_SetIC4Prescaler                      0x0800dced   Thumb Code    26  stm32f2xx_tim.o(.text)
    TIM_SetIC3Prescaler                      0x0800dd57   Thumb Code    18  stm32f2xx_tim.o(.text)
    TIM_SetIC2Prescaler                      0x0800ddb1   Thumb Code    26  stm32f2xx_tim.o(.text)
    TIM_SetIC1Prescaler                      0x0800de25   Thumb Code    18  stm32f2xx_tim.o(.text)
    TIM_ICInit                               0x0800de71   Thumb Code   110  stm32f2xx_tim.o(.text)
    TIM_ICStructInit                         0x0800dedf   Thumb Code    18  stm32f2xx_tim.o(.text)
    TIM_PWMIConfig                           0x0800def1   Thumb Code   124  stm32f2xx_tim.o(.text)
    TIM_GetCapture1                          0x0800df6d   Thumb Code     6  stm32f2xx_tim.o(.text)
    TIM_GetCapture2                          0x0800df73   Thumb Code     6  stm32f2xx_tim.o(.text)
    TIM_GetCapture3                          0x0800df79   Thumb Code     6  stm32f2xx_tim.o(.text)
    TIM_GetCapture4                          0x0800df7f   Thumb Code     6  stm32f2xx_tim.o(.text)
    TIM_BDTRConfig                           0x0800df85   Thumb Code    32  stm32f2xx_tim.o(.text)
    TIM_BDTRStructInit                       0x0800dfa5   Thumb Code    18  stm32f2xx_tim.o(.text)
    TIM_CtrlPWMOutputs                       0x0800dfb7   Thumb Code    30  stm32f2xx_tim.o(.text)
    TIM_SelectCOM                            0x0800dfd5   Thumb Code    24  stm32f2xx_tim.o(.text)
    TIM_CCPreloadControl                     0x0800dfed   Thumb Code    24  stm32f2xx_tim.o(.text)
    TIM_ITConfig                             0x0800e005   Thumb Code    18  stm32f2xx_tim.o(.text)
    TIM_GenerateEvent                        0x0800e017   Thumb Code     4  stm32f2xx_tim.o(.text)
    TIM_GetFlagStatus                        0x0800e01b   Thumb Code    18  stm32f2xx_tim.o(.text)
    TIM_ClearFlag                            0x0800e02d   Thumb Code     6  stm32f2xx_tim.o(.text)
    TIM_GetITStatus                          0x0800e033   Thumb Code    34  stm32f2xx_tim.o(.text)
    TIM_ClearITPendingBit                    0x0800e055   Thumb Code     6  stm32f2xx_tim.o(.text)
    TIM_DMAConfig                            0x0800e05b   Thumb Code    10  stm32f2xx_tim.o(.text)
    TIM_DMACmd                               0x0800e065   Thumb Code    18  stm32f2xx_tim.o(.text)
    TIM_SelectCCDMA                          0x0800e077   Thumb Code    24  stm32f2xx_tim.o(.text)
    TIM_InternalClockConfig                  0x0800e08f   Thumb Code    12  stm32f2xx_tim.o(.text)
    TIM_SelectInputTrigger                   0x0800e09b   Thumb Code    18  stm32f2xx_tim.o(.text)
    TIM_ITRxExternalClockConfig              0x0800e0ad   Thumb Code    24  stm32f2xx_tim.o(.text)
    TIM_TIxExternalClockConfig               0x0800e0c5   Thumb Code    62  stm32f2xx_tim.o(.text)
    TIM_ETRConfig                            0x0800e103   Thumb Code    28  stm32f2xx_tim.o(.text)
    TIM_ETRClockMode1Config                  0x0800e11f   Thumb Code    54  stm32f2xx_tim.o(.text)
    TIM_ETRClockMode2Config                  0x0800e155   Thumb Code    32  stm32f2xx_tim.o(.text)
    TIM_SelectOutputTrigger                  0x0800e175   Thumb Code    18  stm32f2xx_tim.o(.text)
    TIM_SelectSlaveMode                      0x0800e187   Thumb Code    18  stm32f2xx_tim.o(.text)
    TIM_SelectMasterSlaveMode                0x0800e199   Thumb Code    18  stm32f2xx_tim.o(.text)
    TIM_EncoderInterfaceConfig               0x0800e1ab   Thumb Code    66  stm32f2xx_tim.o(.text)
    TIM_SelectHallSensor                     0x0800e1ed   Thumb Code    24  stm32f2xx_tim.o(.text)
    TIM_RemapConfig                          0x0800e205   Thumb Code     6  stm32f2xx_tim.o(.text)
    USART_DeInit                             0x0800e20d   Thumb Code   156  stm32f2xx_usart.o(.text)
    USART_Init                               0x0800e2a9   Thumb Code   204  stm32f2xx_usart.o(.text)
    USART_StructInit                         0x0800e375   Thumb Code    24  stm32f2xx_usart.o(.text)
    USART_ClockInit                          0x0800e38d   Thumb Code    32  stm32f2xx_usart.o(.text)
    USART_ClockStructInit                    0x0800e3ad   Thumb Code    12  stm32f2xx_usart.o(.text)
    USART_Cmd                                0x0800e3b9   Thumb Code    24  stm32f2xx_usart.o(.text)
    USART_SetPrescaler                       0x0800e3d1   Thumb Code    16  stm32f2xx_usart.o(.text)
    USART_OverSampling8Cmd                   0x0800e3e1   Thumb Code    22  stm32f2xx_usart.o(.text)
    USART_OneBitMethodCmd                    0x0800e3f7   Thumb Code    24  stm32f2xx_usart.o(.text)
    USART_SendData                           0x0800e40f   Thumb Code     8  stm32f2xx_usart.o(.text)
    USART_ReceiveData                        0x0800e417   Thumb Code    10  stm32f2xx_usart.o(.text)
    USART_SetAddress                         0x0800e421   Thumb Code    18  stm32f2xx_usart.o(.text)
    USART_ReceiverWakeUpCmd                  0x0800e433   Thumb Code    24  stm32f2xx_usart.o(.text)
    USART_WakeUpConfig                       0x0800e44b   Thumb Code    18  stm32f2xx_usart.o(.text)
    USART_LINBreakDetectLengthConfig         0x0800e45d   Thumb Code    18  stm32f2xx_usart.o(.text)
    USART_LINCmd                             0x0800e46f   Thumb Code    24  stm32f2xx_usart.o(.text)
    USART_SendBreak                          0x0800e487   Thumb Code    10  stm32f2xx_usart.o(.text)
    USART_HalfDuplexCmd                      0x0800e491   Thumb Code    24  stm32f2xx_usart.o(.text)
    USART_SetGuardTime                       0x0800e4a9   Thumb Code    16  stm32f2xx_usart.o(.text)
    USART_SmartCardCmd                       0x0800e4b9   Thumb Code    24  stm32f2xx_usart.o(.text)
    USART_SmartCardNACKCmd                   0x0800e4d1   Thumb Code    24  stm32f2xx_usart.o(.text)
    USART_IrDAConfig                         0x0800e4e9   Thumb Code    18  stm32f2xx_usart.o(.text)
    USART_IrDACmd                            0x0800e4fb   Thumb Code    24  stm32f2xx_usart.o(.text)
    USART_DMACmd                             0x0800e513   Thumb Code    18  stm32f2xx_usart.o(.text)
    USART_ITConfig                           0x0800e525   Thumb Code    74  stm32f2xx_usart.o(.text)
    USART_GetFlagStatus                      0x0800e56f   Thumb Code    26  stm32f2xx_usart.o(.text)
    USART_ClearFlag                          0x0800e589   Thumb Code    18  stm32f2xx_usart.o(.text)
    USART_GetITStatus                        0x0800e59b   Thumb Code   110  stm32f2xx_usart.o(.text)
    USART_ClearITPendingBit                  0x0800e609   Thumb Code    30  stm32f2xx_usart.o(.text)
    __0sscanf                                0x0800e629   Thumb Code    48  __0sscanf.o(.text)
    _scanf_int                               0x0800e661   Thumb Code   332  _scanf_int.o(.text)
    __aeabi_fadd                             0x0800e7ad   Thumb Code   164  fadd.o(.text)
    __aeabi_fsub                             0x0800e851   Thumb Code     6  fadd.o(.text)
    __aeabi_frsub                            0x0800e857   Thumb Code     6  fadd.o(.text)
    __aeabi_fmul                             0x0800e85d   Thumb Code   100  fmul.o(.text)
    __aeabi_fdiv                             0x0800e8c1   Thumb Code   124  fdiv.o(.text)
    __aeabi_ui2f                             0x0800e93d   Thumb Code    10  ffltui.o(.text)
    __aeabi_cfcmpeq                          0x0800e949   Thumb Code     0  cfcmple.o(.text)
    __aeabi_cfcmple                          0x0800e949   Thumb Code    20  cfcmple.o(.text)
    __aeabi_uidiv                            0x0800e95d   Thumb Code     0  uidiv.o(.text)
    __aeabi_uidivmod                         0x0800e95d   Thumb Code    44  uidiv.o(.text)
    __aeabi_uldivmod                         0x0800e989   Thumb Code    98  uldiv.o(.text)
    _chval                                   0x0800e9eb   Thumb Code    28  _chval.o(.text)
    __vfscanf_char                           0x0800ea15   Thumb Code    20  scanf_char.o(.text)
    _sgetc                                   0x0800ea31   Thumb Code    30  _sgetc.o(.text)
    _sbackspace                              0x0800ea4f   Thumb Code    34  _sgetc.o(.text)
    __I$use$fp                               0x0800ea71   Thumb Code     0  iusefp.o(.text)
    _float_round                             0x0800ea71   Thumb Code    18  fepilogue.o(.text)
    _float_epilogue                          0x0800ea83   Thumb Code    92  fepilogue.o(.text)
    __aeabi_dadd                             0x0800eadf   Thumb Code   322  dadd.o(.text)
    __aeabi_dsub                             0x0800ec21   Thumb Code     6  dadd.o(.text)
    __aeabi_drsub                            0x0800ec27   Thumb Code     6  dadd.o(.text)
    __aeabi_dmul                             0x0800ec2d   Thumb Code   228  dmul.o(.text)
    __aeabi_ddiv                             0x0800ed11   Thumb Code   222  ddiv.o(.text)
    __aeabi_d2ulz                            0x0800edef   Thumb Code    48  dfixul.o(.text)
    __aeabi_cdrcmple                         0x0800ee21   Thumb Code    48  cdrcmple.o(.text)
    __scatterload                            0x0800ee51   Thumb Code    28  init.o(.text)
    __scatterload_rt2                        0x0800ee51   Thumb Code     0  init.o(.text)
    __aeabi_llsl                             0x0800ee75   Thumb Code    30  llshl.o(.text)
    _ll_shift_l                              0x0800ee75   Thumb Code     0  llshl.o(.text)
    __aeabi_llsr                             0x0800ee93   Thumb Code    32  llushr.o(.text)
    _ll_ushift_r                             0x0800ee93   Thumb Code     0  llushr.o(.text)
    __aeabi_lasr                             0x0800eeb3   Thumb Code    36  llsshr.o(.text)
    _ll_sshift_r                             0x0800eeb3   Thumb Code     0  llsshr.o(.text)
    isspace                                  0x0800eed7   Thumb Code    10  isspace_c.o(.text)
    __vfscanf                                0x0800eee1   Thumb Code   810  _scanf.o(.text)
    _double_round                            0x0800f211   Thumb Code    30  depilogue.o(.text)
    _double_epilogue                         0x0800f22f   Thumb Code   156  depilogue.o(.text)
    __ctype_lookup                           0x0800f2cd   Thumb Code    34  ctype_c.o(.text)
    __decompress                             0x0800f2f5   Thumb Code     0  __dczerorl2.o(.text)
    __decompress1                            0x0800f2f5   Thumb Code    86  __dczerorl2.o(.text)
    __0sprintf                               0x0800f34d   Thumb Code    34  printfa.o(i.__0sprintf)
    __1sprintf                               0x0800f34d   Thumb Code     0  printfa.o(i.__0sprintf)
    __2sprintf                               0x0800f34d   Thumb Code     0  printfa.o(i.__0sprintf)
    __c89sprintf                             0x0800f34d   Thumb Code     0  printfa.o(i.__0sprintf)
    sprintf                                  0x0800f34d   Thumb Code     0  printfa.o(i.__0sprintf)
    __0vsnprintf                             0x0800f375   Thumb Code    46  printfa.o(i.__0vsnprintf)
    __1vsnprintf                             0x0800f375   Thumb Code     0  printfa.o(i.__0vsnprintf)
    __2vsnprintf                             0x0800f375   Thumb Code     0  printfa.o(i.__0vsnprintf)
    __c89vsnprintf                           0x0800f375   Thumb Code     0  printfa.o(i.__0vsnprintf)
    vsnprintf                                0x0800f375   Thumb Code     0  printfa.o(i.__0vsnprintf)
    __scatterload_copy                       0x0800f3a9   Thumb Code    14  handlers.o(i.__scatterload_copy)
    __scatterload_null                       0x0800f3b7   Thumb Code     2  handlers.o(i.__scatterload_null)
    __scatterload_zeroinit                   0x0800f3b9   Thumb Code    14  handlers.o(i.__scatterload_zeroinit)
    GPIO_PIN                                 0x0800fc74   Data           4  bsp.o(.constdata)
    GPIO_CLK                                 0x0800fc78   Data           8  bsp.o(.constdata)
    GPIO_PIN_KEY                             0x0800fc80   Data           2  bsp.o(.constdata)
    GPIO_CLK_KEY                             0x0800fc84   Data           4  bsp.o(.constdata)
    AI_PIN                                   0x0800fc88   Data          18  bsp_aio.o(.constdata)
    AI_PORT_CLK                              0x0800fc9c   Data          36  bsp_aio.o(.constdata)
    AI_CHANNEL                               0x0800fcc0   Data           9  bsp_aio.o(.constdata)
    AO_PIN                                   0x0800fcca   Data           4  bsp_aio.o(.constdata)
    AO_PORT_CLK                              0x0800fcd0   Data           8  bsp_aio.o(.constdata)
    OSUnMapTbl                               0x0800fe6c   Data         256  os_core.o(.constdata)
    OSDebugEn                                0x0800ff6c   Data           2  os_dbg.o(.constdata)
    OSEndiannessTest                         0x0800ff70   Data           4  os_dbg.o(.constdata)
    OSEventEn                                0x0800ff74   Data           2  os_dbg.o(.constdata)
    OSEventMax                               0x0800ff76   Data           2  os_dbg.o(.constdata)
    OSEventNameEn                            0x0800ff78   Data           2  os_dbg.o(.constdata)
    OSEventSize                              0x0800ff7a   Data           2  os_dbg.o(.constdata)
    OSEventTblSize                           0x0800ff7c   Data           2  os_dbg.o(.constdata)
    OSEventMultiEn                           0x0800ff7e   Data           2  os_dbg.o(.constdata)
    OSFlagEn                                 0x0800ff80   Data           2  os_dbg.o(.constdata)
    OSFlagGrpSize                            0x0800ff82   Data           2  os_dbg.o(.constdata)
    OSFlagNodeSize                           0x0800ff84   Data           2  os_dbg.o(.constdata)
    OSFlagWidth                              0x0800ff86   Data           2  os_dbg.o(.constdata)
    OSFlagMax                                0x0800ff88   Data           2  os_dbg.o(.constdata)
    OSFlagNameEn                             0x0800ff8a   Data           2  os_dbg.o(.constdata)
    OSLowestPrio                             0x0800ff8c   Data           2  os_dbg.o(.constdata)
    OSMboxEn                                 0x0800ff8e   Data           2  os_dbg.o(.constdata)
    OSMemEn                                  0x0800ff90   Data           2  os_dbg.o(.constdata)
    OSMemMax                                 0x0800ff92   Data           2  os_dbg.o(.constdata)
    OSMemNameEn                              0x0800ff94   Data           2  os_dbg.o(.constdata)
    OSMemSize                                0x0800ff96   Data           2  os_dbg.o(.constdata)
    OSMemTblSize                             0x0800ff98   Data           2  os_dbg.o(.constdata)
    OSMutexEn                                0x0800ff9a   Data           2  os_dbg.o(.constdata)
    OSPtrSize                                0x0800ff9c   Data           2  os_dbg.o(.constdata)
    OSQEn                                    0x0800ff9e   Data           2  os_dbg.o(.constdata)
    OSQMax                                   0x0800ffa0   Data           2  os_dbg.o(.constdata)
    OSQSize                                  0x0800ffa2   Data           2  os_dbg.o(.constdata)
    OSRdyTblSize                             0x0800ffa4   Data           2  os_dbg.o(.constdata)
    OSSemEn                                  0x0800ffa6   Data           2  os_dbg.o(.constdata)
    OSStkWidth                               0x0800ffa8   Data           2  os_dbg.o(.constdata)
    OSTaskCreateEn                           0x0800ffaa   Data           2  os_dbg.o(.constdata)
    OSTaskCreateExtEn                        0x0800ffac   Data           2  os_dbg.o(.constdata)
    OSTaskDelEn                              0x0800ffae   Data           2  os_dbg.o(.constdata)
    OSTaskIdleStkSize                        0x0800ffb0   Data           2  os_dbg.o(.constdata)
    OSTaskProfileEn                          0x0800ffb2   Data           2  os_dbg.o(.constdata)
    OSTaskMax                                0x0800ffb4   Data           2  os_dbg.o(.constdata)
    OSTaskNameEn                             0x0800ffb6   Data           2  os_dbg.o(.constdata)
    OSTaskStatEn                             0x0800ffb8   Data           2  os_dbg.o(.constdata)
    OSTaskStatStkSize                        0x0800ffba   Data           2  os_dbg.o(.constdata)
    OSTaskStatStkChkEn                       0x0800ffbc   Data           2  os_dbg.o(.constdata)
    OSTaskSwHookEn                           0x0800ffbe   Data           2  os_dbg.o(.constdata)
    OSTCBPrioTblMax                          0x0800ffc0   Data           2  os_dbg.o(.constdata)
    OSTCBSize                                0x0800ffc2   Data           2  os_dbg.o(.constdata)
    OSTicksPerSec                            0x0800ffc4   Data           2  os_dbg.o(.constdata)
    OSTimeTickHookEn                         0x0800ffc6   Data           2  os_dbg.o(.constdata)
    OSVersionNbr                             0x0800ffc8   Data           2  os_dbg.o(.constdata)
    OSTmrEn                                  0x0800ffca   Data           2  os_dbg.o(.constdata)
    OSTmrCfgMax                              0x0800ffcc   Data           2  os_dbg.o(.constdata)
    OSTmrCfgNameEn                           0x0800ffce   Data           2  os_dbg.o(.constdata)
    OSTmrCfgWheelSize                        0x0800ffd0   Data           2  os_dbg.o(.constdata)
    OSTmrCfgTicksPerSec                      0x0800ffd2   Data           2  os_dbg.o(.constdata)
    OSTmrSize                                0x0800ffd4   Data           2  os_dbg.o(.constdata)
    OSTmrTblSize                             0x0800ffd6   Data           2  os_dbg.o(.constdata)
    OSTmrWheelSize                           0x0800ffd8   Data           2  os_dbg.o(.constdata)
    OSTmrWheelTblSize                        0x0800ffda   Data           2  os_dbg.o(.constdata)
    OSDataSize                               0x0800ffdc   Data           2  os_dbg.o(.constdata)
    __ctype_categories                       0x0800ffde   Data          64  ctype_c.o(.constdata)
    Region$$Table$$Base                      0x08010020   Number         0  anon$$obj.o(Region$$Table)
    Region$$Table$$Limit                     0x08010040   Number         0  anon$$obj.o(Region$$Table)
    print_data_UART3                         0x20000000   Data           4  app.o(.data)
    AckMbox                                  0x20000004   Data           4  app.o(.data)
    TxMbox                                   0x20000008   Data           4  app.o(.data)
    IR_RxWait                                0x20000024   Data           4  ir_module.o(.data)
    run                                      0x20000032   Data           1  ir_color_test.o(.data)
    IRColorTest_Callback                     0x20000034   Data           4  ir_color_test.o(.data)
    addressxxx                               0x20000038   Data           2  ir_color_receiver.o(.data)
    GPIO_PORT                                0x20000044   Data           8  bsp.o(.data)
    GPIO_PORT_KEY                            0x2000004c   Data           4  bsp.o(.data)
    SystemCoreClock                          0x20000070   Data           4  system_stm32f2xx.o(.data)
    AHBPrescTable                            0x20000074   Data          16  system_stm32f2xx.o(.data)
    CAN_tx_bufferP                           0x2000008c   Data           4  bsp_can.o(.data)
    BSP_Ser_1_IRDA_RdCallback                0x200000a4   Data           4  bsp_ser_1_irda.o(.data)
    tx_bufSize                               0x200000a8   Data           1  bsp_ser_1_irda.o(.data)
    tx_bufCounter                            0x200000a9   Data           1  bsp_ser_1_irda.o(.data)
    TimerPeriod                              0x200000aa   Data           2  bsp_ser_1_irda.o(.data)
    Channel1Pulse                            0x200000ac   Data           2  bsp_ser_1_irda.o(.data)
    IR_LED_status                            0x200000ae   Data           1  bsp_ser_1_irda.o(.data)
    I2C_1_State                              0x200000b0   Data           1  bsp_i2c_1.o(.data)
    I2C_1_Transfer_Mode                      0x200000b1   Data           1  bsp_i2c_1.o(.data)
    I2C_1_DeviceAddr                         0x200000b2   Data           1  bsp_i2c_1.o(.data)
    I2C_1_RegAddr                            0x200000b3   Data           1  bsp_i2c_1.o(.data)
    I2C_1_RxBuffer                           0x200000b4   Data           4  bsp_i2c_1.o(.data)
    I2C_1_RxLength                           0x200000b8   Data           1  bsp_i2c_1.o(.data)
    I2C_1_RxCounter                          0x200000b9   Data           1  bsp_i2c_1.o(.data)
    I2C_1_TxData                             0x200000bc   Data           4  bsp_i2c_1.o(.data)
    I2C_1_TxLength                           0x200000c0   Data           1  bsp_i2c_1.o(.data)
    I2C_1_TxCounter                          0x200000c1   Data           1  bsp_i2c_1.o(.data)
    I2C_1_cmd                                0x200000c2   Data           1  bsp_i2c_1.o(.data)
    I2C_1_rate                               0x200000c4   Data           4  bsp_i2c_1.o(.data)
    I2C_1_stop_counter                       0x200000c8   Data           1  bsp_i2c_1.o(.data)
    BSP_I2C_1_err                            0x200000ca   Data           2  bsp_i2c_1.o(.data)
    I2C_1_TxWait                             0x200000cc   Data           4  bsp_i2c_1.o(.data)
    I2C_1_RxWait                             0x200000d0   Data           4  bsp_i2c_1.o(.data)
    I2C_1_Lock                               0x200000d4   Data           4  bsp_i2c_1.o(.data)
    I2C_1_status                             0x200000d8   Data           4  bsp_i2c_1.o(.data)
    I2C_1_test_counter                       0x200000dc   Data           4  bsp_i2c_1.o(.data)
    I2C_2_State                              0x200000e0   Data           1  bsp_i2c_2.o(.data)
    I2C_2_Transfer_Mode                      0x200000e1   Data           1  bsp_i2c_2.o(.data)
    I2C_2_DeviceAddr                         0x200000e2   Data           1  bsp_i2c_2.o(.data)
    I2C_2_RegAddr                            0x200000e3   Data           1  bsp_i2c_2.o(.data)
    I2C_2_RxBuffer                           0x200000e4   Data           4  bsp_i2c_2.o(.data)
    I2C_2_RxLength                           0x200000e8   Data           1  bsp_i2c_2.o(.data)
    I2C_2_RxCounter                          0x200000e9   Data           1  bsp_i2c_2.o(.data)
    I2C_2_TxData                             0x200000ec   Data           4  bsp_i2c_2.o(.data)
    I2C_2_TxLength                           0x200000f0   Data           1  bsp_i2c_2.o(.data)
    I2C_2_TxCounter                          0x200000f1   Data           1  bsp_i2c_2.o(.data)
    I2C_2_cmd                                0x200000f2   Data           1  bsp_i2c_2.o(.data)
    I2C_2_rate                               0x200000f4   Data           4  bsp_i2c_2.o(.data)
    I2C_stop_counter                         0x200000f8   Data           1  bsp_i2c_2.o(.data)
    BSP_I2C_2_err                            0x200000fa   Data           2  bsp_i2c_2.o(.data)
    I2C_2_TxWait                             0x200000fc   Data           4  bsp_i2c_2.o(.data)
    I2C_2_RxWait                             0x20000100   Data           4  bsp_i2c_2.o(.data)
    I2C_2_Lock                               0x20000104   Data           4  bsp_i2c_2.o(.data)
    bsp_i2c_2_work_mode                      0x20000108   Data           1  bsp_i2c_2.o(.data)
    status                                   0x2000010c   Data           4  bsp_i2c_2.o(.data)
    test_counter                             0x20000110   Data           4  bsp_i2c_2.o(.data)
    I2C_3_State                              0x20000114   Data           1  bsp_i2c_3.o(.data)
    I2C_3_Transfer_Mode                      0x20000115   Data           1  bsp_i2c_3.o(.data)
    I2C_3_DeviceAddr                         0x20000116   Data           1  bsp_i2c_3.o(.data)
    I2C_3_RegAddr                            0x20000117   Data           1  bsp_i2c_3.o(.data)
    I2C_3_RxBuffer                           0x20000118   Data           4  bsp_i2c_3.o(.data)
    I2C_3_RxLength                           0x2000011c   Data           1  bsp_i2c_3.o(.data)
    I2C_3_RxCounter                          0x2000011d   Data           1  bsp_i2c_3.o(.data)
    I2C_3_TxData                             0x20000120   Data           4  bsp_i2c_3.o(.data)
    I2C_3_TxLength                           0x20000124   Data           1  bsp_i2c_3.o(.data)
    I2C_3_TxCounter                          0x20000125   Data           1  bsp_i2c_3.o(.data)
    I2C_3_cmd                                0x20000126   Data           1  bsp_i2c_3.o(.data)
    BSP_I2C_3_err                            0x20000128   Data           2  bsp_i2c_3.o(.data)
    I2C_3_TxWait                             0x2000012c   Data           4  bsp_i2c_3.o(.data)
    I2C_3_RxWait                             0x20000130   Data           4  bsp_i2c_3.o(.data)
    I2C_3_Lock                               0x20000134   Data           4  bsp_i2c_3.o(.data)
    AI_Event                                 0x20000138   Data           4  bsp_aio.o(.data)
    AI_PORT                                  0x2000013c   Data          36  bsp_aio.o(.data)
    AO_PORT                                  0x20000160   Data           8  bsp_aio.o(.data)
    AI_factor                                0x20000168   Data         108  bsp_aio.o(.data)
    channeln                                 0x200001d4   Data           1  bsp_aio.o(.data)
    channelnF                                0x200001d6   Data           2  bsp_aio.o(.data)
    CPU_TS_TmrFreq_Hz                        0x200001d8   Data           4  cpu_core.o(.data)
    Mem_PoolTbl                              0x200001dc   Data           4  lib_mem.o(.data)
    OSCtxSwCtr                               0x200001e0   Data           4  os_core.o(.data)
    OSEventFreeList                          0x200001e4   Data           4  os_core.o(.data)
    OSFlagFreeList                           0x200001e8   Data           4  os_core.o(.data)
    OSCPUUsage                               0x200001ec   Data           1  os_core.o(.data)
    OSIdleCtrMax                             0x200001f0   Data           4  os_core.o(.data)
    OSIdleCtrRun                             0x200001f4   Data           4  os_core.o(.data)
    OSStatRdy                                0x200001f8   Data           1  os_core.o(.data)
    OSIntNesting                             0x200001f9   Data           1  os_core.o(.data)
    OSLockNesting                            0x200001fa   Data           1  os_core.o(.data)
    OSPrioCur                                0x200001fb   Data           1  os_core.o(.data)
    OSPrioHighRdy                            0x200001fc   Data           1  os_core.o(.data)
    OSRdyGrp                                 0x200001fd   Data           1  os_core.o(.data)
    OSRdyTbl                                 0x200001fe   Data           8  os_core.o(.data)
    OSRunning                                0x20000206   Data           1  os_core.o(.data)
    OSTaskCtr                                0x20000207   Data           1  os_core.o(.data)
    OSIdleCtr                                0x20000208   Data           4  os_core.o(.data)
    OSTCBCur                                 0x2000020c   Data           4  os_core.o(.data)
    OSTCBFreeList                            0x20000210   Data           4  os_core.o(.data)
    OSTCBHighRdy                             0x20000214   Data           4  os_core.o(.data)
    OSTCBList                                0x20000218   Data           4  os_core.o(.data)
    OSTickStepState                          0x2000021c   Data           1  os_core.o(.data)
    OSMemFreeList                            0x20000220   Data           4  os_core.o(.data)
    OSQFreeList                              0x20000224   Data           4  os_core.o(.data)
    OSTaskRegNextAvailID                     0x20000228   Data           1  os_core.o(.data)
    OSTime                                   0x2000022c   Data           4  os_core.o(.data)
    OSTmrFree                                0x20000230   Data           2  os_core.o(.data)
    OSTmrUsed                                0x20000232   Data           2  os_core.o(.data)
    OSTmrTime                                0x20000234   Data           4  os_core.o(.data)
    OSTmrSem                                 0x20000238   Data           4  os_core.o(.data)
    OSTmrSemSignal                           0x2000023c   Data           4  os_core.o(.data)
    OSTmrFreeList                            0x20000240   Data           4  os_core.o(.data)
    OS_CPU_ExceptStkBase                     0x20000244   Data           4  os_cpu_c.o(.data)
    CAN_EventHandle                          0x20002490   Data          20  ir_user_interface.o(.bss)
    CAN_InitStructure                        0x200026b0   Data          12  bsp_can.o(.bss)
    CAN_FilterInitStructure                  0x200026bc   Data          14  bsp_can.o(.bss)
    TxMessage                                0x200026cc   Data          20  bsp_can.o(.bss)
    RxMessage                                0x200026e0   Data          20  bsp_can.o(.bss)
    CAN_tx_buffer                            0x200026f4   Data          80  bsp_can.o(.bss)
    tx_buf                                   0x20002744   Data          81  bsp_ser_1_irda.o(.bss)
    AI_value                                 0x20002798   Data          18  bsp_aio.o(.bss)
    AI_valueR                                0x200027aa   Data          18  bsp_aio.o(.bss)
    AI_valueF                                0x200027bc   Data          36  bsp_aio.o(.bss)
    CPU_Name                                 0x200027e0   Data          16  cpu_core.o(.bss)
    Mem_PoolHeap                             0x200027f0   Data          72  lib_mem.o(.bss)
    Mem_Heap                                 0x20002838   Data        9216  lib_mem.o(.bss)
    OSEventTbl                               0x20004c38   Data        1920  os_core.o(.bss)
    OSFlagTbl                                0x200053b8   Data          80  os_core.o(.bss)
    OSTaskStatStk                            0x20005408   Data         512  os_core.o(.bss)
    OSTaskIdleStk                            0x20005608   Data         512  os_core.o(.bss)
    OSTCBPrioTbl                             0x20005808   Data         256  os_core.o(.bss)
    OSTCBTbl                                 0x20005908   Data        1936  os_core.o(.bss)
    OSMemTbl                                 0x20006098   Data         120  os_core.o(.bss)
    OSQTbl                                   0x20006110   Data          96  os_core.o(.bss)
    OSTmrTbl                                 0x20006170   Data         640  os_core.o(.bss)
    OSTmrTaskStk                             0x200063f0   Data         512  os_core.o(.bss)
    OSTmrWheelTbl                            0x200065f0   Data          64  os_core.o(.bss)
    OS_CPU_ExceptStk                         0x20006630   Data         512  os_cpu_c.o(.bss)
    __initial_sp                             0x20006c30   Data           0  cstartup.o(STACK)



==============================================================================

Memory Map of the image

  Image Entry point : 0x08000185

  Load Region LR_IROM1 (Base: 0x08000000, Size: 0x0001029c, Max: 0x00020000, ABSOLUTE, COMPRESSED[0x00010094])

    Execution Region ER_IROM1 (Exec base: 0x08000000, Load base: 0x08000000, Size: 0x00010040, Max: 0x00020000, ABSOLUTE)

    Exec Addr    Load Addr    Size         Type   Attr      Idx    E Section Name        Object

    0x08000000   0x08000000   0x00000184   Data   RO          517    RESET               cstartup.o
    0x08000184   0x08000184   0x00000000   Code   RO         1972  * .ARM.Collect$$$$00000000  mc_w.l(entry.o)
    0x08000184   0x08000184   0x00000004   Code   RO         2250    .ARM.Collect$$$$00000001  mc_w.l(entry2.o)
    0x08000188   0x08000188   0x00000004   Code   RO         2253    .ARM.Collect$$$$00000004  mc_w.l(entry5.o)
    0x0800018c   0x0800018c   0x00000000   Code   RO         2255    .ARM.Collect$$$$00000008  mc_w.l(entry7b.o)
    0x0800018c   0x0800018c   0x00000000   Code   RO         2257    .ARM.Collect$$$$0000000A  mc_w.l(entry8b.o)
    0x0800018c   0x0800018c   0x00000008   Code   RO         2258    .ARM.Collect$$$$0000000B  mc_w.l(entry9a.o)
    0x08000194   0x08000194   0x00000004   Code   RO         2265    .ARM.Collect$$$$0000000E  mc_w.l(entry12b.o)
    0x08000198   0x08000198   0x00000000   Code   RO         2260    .ARM.Collect$$$$0000000F  mc_w.l(entry10a.o)
    0x08000198   0x08000198   0x00000000   Code   RO         2262    .ARM.Collect$$$$00000011  mc_w.l(entry11a.o)
    0x08000198   0x08000198   0x00000004   Code   RO         2251    .ARM.Collect$$$$00002712  mc_w.l(entry2.o)
    0x0800019c   0x0800019c   0x00000134   Code   RO            2    .text               app.o
    0x080002d0   0x080002d0   0x00000010   Code   RO          260    .text               app_hooks.o
    0x080002e0   0x080002e0   0x000000d2   Code   RO          299    .text               led_color_receiver.o
    0x080003b2   0x080003b2   0x00000002   PAD
    0x080003b4   0x080003b4   0x000001cc   Code   RO          315    .text               ir_module.o
    0x08000580   0x08000580   0x000000e4   Code   RO          335    .text               ir_color_test.o
    0x08000664   0x08000664   0x000000f8   Code   RO          355    .text               ir_color_receiver.o
    0x0800075c   0x0800075c   0x000004dc   Code   RO          374    .text               ir_user_interface.o
    0x08000c38   0x08000c38   0x0000080c   Code   RO          394    .text               bsp.o
    0x08001444   0x08001444   0x0000041c   Code   RO          448    .text               bsp_int.o
    0x08001860   0x08001860   0x00000508   Code   RO          488    .text               bsp_ser.o
    0x08001d68   0x08001d68   0x00000020   Code   RO          518    .text               cstartup.o
    0x08001d88   0x08001d88   0x0000009a   Code   RO          523    .text               bsp_os.o
    0x08001e22   0x08001e22   0x00000002   PAD
    0x08001e24   0x08001e24   0x000002f0   Code   RO          542    .text               bsp_w25q64.o
    0x08002114   0x08002114   0x000001e0   Code   RO          562    .text               system_stm32f2xx.o
    0x080022f4   0x080022f4   0x0000033c   Code   RO          699    .text               bsp_can.o
    0x08002630   0x08002630   0x00000658   Code   RO          744    .text               bsp_ser_1_irda.o
    0x08002c88   0x08002c88   0x000009c8   Code   RO          764    .text               bsp_i2c_1.o
    0x08003650   0x08003650   0x000009fc   Code   RO          783    .text               bsp_i2c_2.o
    0x0800404c   0x0800404c   0x00000770   Code   RO          802    .text               bsp_i2c_3.o
    0x080047bc   0x080047bc   0x000001f4   Code   RO          821    .text               bsp_i2c_io.o
    0x080049b0   0x080049b0   0x00000574   Code   RO          837    .text               bsp_aio.o
    0x08004f24   0x08004f24   0x000002a8   Code   RO          857    .text               cpu_core.o
    0x080051cc   0x080051cc   0x00000034   Code   RO          901    .text               cpu_a.o
    0x08005200   0x08005200   0x0000077c   Code   RO          904    .text               cpu_c.o
    0x0800597c   0x0800597c   0x00000256   Code   RO          926    .text               lib_ascii.o
    0x08005bd2   0x08005bd2   0x00000002   PAD
    0x08005bd4   0x08005bd4   0x00000ec4   Code   RO          959    .text               lib_mem.o
    0x08006a98   0x08006a98   0x00000928   Code   RO          978    .text               lib_str.o
    0x080073c0   0x080073c0   0x00000220   Code   RO          995    .text               lib_mem_a.o
    0x080075e0   0x080075e0   0x00000d14   Code   RO          998    .text               os_core.o
    0x080082f4   0x080082f4   0x0000081c   Code   RO         1032    .text               os_flag.o
    0x08008b10   0x08008b10   0x000001e4   Code   RO         1060    .text               os_mem.o
    0x08008cf4   0x08008cf4   0x00000600   Code   RO         1084    .text               os_q.o
    0x080092f4   0x080092f4   0x000003a4   Code   RO         1096    .text               os_sem.o
    0x08009698   0x08009698   0x00000864   Code   RO         1108    .text               os_task.o
    0x08009efc   0x08009efc   0x000001b0   Code   RO         1120    .text               os_time.o
    0x0800a0ac   0x0800a0ac   0x0000067c   Code   RO         1132    .text               os_tmr.o
    0x0800a728   0x0800a728   0x000000b0   Code   RO         1144    .text               os_cpu_a.o
    0x0800a7d8   0x0800a7d8   0x0000018c   Code   RO         1147    .text               os_cpu_c.o
    0x0800a964   0x0800a964   0x0000015c   Code   RO         1170    .text               os_dbg.o
    0x0800aac0   0x0800aac0   0x000000e0   Code   RO         1186    .text               misc.o
    0x0800aba0   0x0800aba0   0x00000464   Code   RO         1206    .text               stm32f2xx_adc.o
    0x0800b004   0x0800b004   0x000009f0   Code   RO         1222    .text               stm32f2xx_can.o
    0x0800b9f4   0x0800b9f4   0x00000210   Code   RO         1318    .text               stm32f2xx_dac.o
    0x0800bc04   0x0800bc04   0x000003a8   Code   RO         1366    .text               stm32f2xx_dma.o
    0x0800bfac   0x0800bfac   0x00000608   Code   RO         1414    .text               stm32f2xx_fsmc.o
    0x0800c5b4   0x0800c5b4   0x0000025c   Code   RO         1430    .text               stm32f2xx_gpio.o
    0x0800c810   0x0800c810   0x00000428   Code   RO         1494    .text               stm32f2xx_i2c.o
    0x0800cc38   0x0800cc38   0x00000588   Code   RO         1542    .text               stm32f2xx_rcc.o
    0x0800d1c0   0x0800d1c0   0x000003a8   Code   RO         1608    .text               stm32f2xx_spi.o
    0x0800d568   0x0800d568   0x00000ca2   Code   RO         1640    .text               stm32f2xx_tim.o
    0x0800e20a   0x0800e20a   0x00000002   PAD
    0x0800e20c   0x0800e20c   0x0000041a   Code   RO         1656    .text               stm32f2xx_usart.o
    0x0800e626   0x0800e626   0x00000002   PAD
    0x0800e628   0x0800e628   0x00000038   Code   RO         2236    .text               mc_w.l(__0sscanf.o)
    0x0800e660   0x0800e660   0x0000014c   Code   RO         2238    .text               mc_w.l(_scanf_int.o)
    0x0800e7ac   0x0800e7ac   0x000000b0   Code   RO         2240    .text               mf_w.l(fadd.o)
    0x0800e85c   0x0800e85c   0x00000064   Code   RO         2242    .text               mf_w.l(fmul.o)
    0x0800e8c0   0x0800e8c0   0x0000007c   Code   RO         2244    .text               mf_w.l(fdiv.o)
    0x0800e93c   0x0800e93c   0x0000000a   Code   RO         2246    .text               mf_w.l(ffltui.o)
    0x0800e946   0x0800e946   0x00000002   PAD
    0x0800e948   0x0800e948   0x00000014   Code   RO         2248    .text               mf_w.l(cfcmple.o)
    0x0800e95c   0x0800e95c   0x0000002c   Code   RO         2269    .text               mc_w.l(uidiv.o)
    0x0800e988   0x0800e988   0x00000062   Code   RO         2271    .text               mc_w.l(uldiv.o)
    0x0800e9ea   0x0800e9ea   0x0000001c   Code   RO         2273    .text               mc_w.l(_chval.o)
    0x0800ea06   0x0800ea06   0x00000002   PAD
    0x0800ea08   0x0800ea08   0x00000028   Code   RO         2275    .text               mc_w.l(scanf_char.o)
    0x0800ea30   0x0800ea30   0x00000040   Code   RO         2277    .text               mc_w.l(_sgetc.o)
    0x0800ea70   0x0800ea70   0x00000000   Code   RO         2279    .text               mc_w.l(iusefp.o)
    0x0800ea70   0x0800ea70   0x0000006e   Code   RO         2280    .text               mf_w.l(fepilogue.o)
    0x0800eade   0x0800eade   0x0000014e   Code   RO         2282    .text               mf_w.l(dadd.o)
    0x0800ec2c   0x0800ec2c   0x000000e4   Code   RO         2284    .text               mf_w.l(dmul.o)
    0x0800ed10   0x0800ed10   0x000000de   Code   RO         2286    .text               mf_w.l(ddiv.o)
    0x0800edee   0x0800edee   0x00000030   Code   RO         2288    .text               mf_w.l(dfixul.o)
    0x0800ee1e   0x0800ee1e   0x00000002   PAD
    0x0800ee20   0x0800ee20   0x00000030   Code   RO         2290    .text               mf_w.l(cdrcmple.o)
    0x0800ee50   0x0800ee50   0x00000024   Code   RO         2292    .text               mc_w.l(init.o)
    0x0800ee74   0x0800ee74   0x0000001e   Code   RO         2295    .text               mc_w.l(llshl.o)
    0x0800ee92   0x0800ee92   0x00000020   Code   RO         2297    .text               mc_w.l(llushr.o)
    0x0800eeb2   0x0800eeb2   0x00000024   Code   RO         2299    .text               mc_w.l(llsshr.o)
    0x0800eed6   0x0800eed6   0x0000000a   Code   RO         2301    .text               mc_w.l(isspace_c.o)
    0x0800eee0   0x0800eee0   0x00000330   Code   RO         2303    .text               mc_w.l(_scanf.o)
    0x0800f210   0x0800f210   0x000000ba   Code   RO         2306    .text               mf_w.l(depilogue.o)
    0x0800f2ca   0x0800f2ca   0x00000002   PAD
    0x0800f2cc   0x0800f2cc   0x00000028   Code   RO         2308    .text               mc_w.l(ctype_c.o)
    0x0800f2f4   0x0800f2f4   0x00000056   Code   RO         2319    .text               mc_w.l(__dczerorl2.o)
    0x0800f34a   0x0800f34a   0x00000002   PAD
    0x0800f34c   0x0800f34c   0x00000028   Code   RO         2210    i.__0sprintf        mc_w.l(printfa.o)
    0x0800f374   0x0800f374   0x00000034   Code   RO         2213    i.__0vsnprintf      mc_w.l(printfa.o)
    0x0800f3a8   0x0800f3a8   0x0000000e   Code   RO         2313    i.__scatterload_copy  mc_w.l(handlers.o)
    0x0800f3b6   0x0800f3b6   0x00000002   Code   RO         2314    i.__scatterload_null  mc_w.l(handlers.o)
    0x0800f3b8   0x0800f3b8   0x0000000e   Code   RO         2315    i.__scatterload_zeroinit  mc_w.l(handlers.o)
    0x0800f3c6   0x0800f3c6   0x00000002   PAD
    0x0800f3c8   0x0800f3c8   0x00000184   Code   RO         2215    i._fp_digits        mc_w.l(printfa.o)
    0x0800f54c   0x0800f54c   0x000006b4   Code   RO         2216    i._printf_core      mc_w.l(printfa.o)
    0x0800fc00   0x0800fc00   0x00000024   Code   RO         2217    i._printf_post_padding  mc_w.l(printfa.o)
    0x0800fc24   0x0800fc24   0x0000002e   Code   RO         2218    i._printf_pre_padding  mc_w.l(printfa.o)
    0x0800fc52   0x0800fc52   0x00000016   Code   RO         2219    i._snputc           mc_w.l(printfa.o)
    0x0800fc68   0x0800fc68   0x0000000a   Code   RO         2220    i._sputc            mc_w.l(printfa.o)
    0x0800fc72   0x0800fc72   0x00000002   PAD
    0x0800fc74   0x0800fc74   0x00000014   Data   RO          396    .constdata          bsp.o
    0x0800fc88   0x0800fc88   0x00000050   Data   RO          839    .constdata          bsp_aio.o
    0x0800fcd8   0x0800fcd8   0x00000100   Data   RO          859    .constdata          cpu_core.o
    0x0800fdd8   0x0800fdd8   0x00000094   Data   RO          979    .constdata          lib_str.o
    0x0800fe6c   0x0800fe6c   0x00000100   Data   RO         1000    .constdata          os_core.o
    0x0800ff6c   0x0800ff6c   0x00000072   Data   RO         1171    .constdata          os_dbg.o
    0x0800ffde   0x0800ffde   0x00000040   Data   RO         2309    .constdata          mc_w.l(ctype_c.o)
    0x0801001e   0x0801001e   0x00000002   PAD
    0x08010020   0x08010020   0x00000020   Data   RO         2311    Region$$Table       anon$$obj.o


    Execution Region RW_IRAM1 (Exec base: 0x20000000, Load base: 0x08010040, Size: 0x00006c30, Max: 0x00010000, ABSOLUTE, COMPRESSED[0x00000054])

    Exec Addr    Load Addr    Size         Type   Attr      Idx    E Section Name        Object

    0x20000000   COMPRESSED   0x0000000e   Data   RW            4    .data               app.o
    0x2000000e   COMPRESSED   0x00000002   PAD
    0x20000010   COMPRESSED   0x00000018   Data   RW          317    .data               ir_module.o
    0x20000028   COMPRESSED   0x00000010   Data   RW          337    .data               ir_color_test.o
    0x20000038   COMPRESSED   0x00000004   Data   RW          356    .data               ir_color_receiver.o
    0x2000003c   COMPRESSED   0x00000006   Data   RW          376    .data               ir_user_interface.o
    0x20000042   COMPRESSED   0x00000002   PAD
    0x20000044   COMPRESSED   0x0000000c   Data   RW          397    .data               bsp.o
    0x20000050   COMPRESSED   0x0000001c   Data   RW          489    .data               bsp_ser.o
    0x2000006c   COMPRESSED   0x00000002   Data   RW          543    .data               bsp_w25q64.o
    0x2000006e   COMPRESSED   0x00000002   PAD
    0x20000070   COMPRESSED   0x00000014   Data   RW          563    .data               system_stm32f2xx.o
    0x20000084   COMPRESSED   0x0000000c   Data   RW          701    .data               bsp_can.o
    0x20000090   COMPRESSED   0x0000001f   Data   RW          746    .data               bsp_ser_1_irda.o
    0x200000af   COMPRESSED   0x00000001   PAD
    0x200000b0   COMPRESSED   0x00000030   Data   RW          765    .data               bsp_i2c_1.o
    0x200000e0   COMPRESSED   0x00000034   Data   RW          784    .data               bsp_i2c_2.o
    0x20000114   COMPRESSED   0x00000024   Data   RW          803    .data               bsp_i2c_3.o
    0x20000138   COMPRESSED   0x000000a0   Data   RW          840    .data               bsp_aio.o
    0x200001d8   COMPRESSED   0x00000004   Data   RW          860    .data               cpu_core.o
    0x200001dc   COMPRESSED   0x00000004   Data   RW          961    .data               lib_mem.o
    0x200001e0   COMPRESSED   0x00000064   Data   RW         1001    .data               os_core.o
    0x20000244   COMPRESSED   0x00000006   Data   RW         1149    .data               os_cpu_c.o
    0x2000024a   COMPRESSED   0x00000010   Data   RW         1543    .data               stm32f2xx_rcc.o
    0x2000025a   COMPRESSED   0x00000002   PAD
    0x2000025c        -       0x00000200   Zero   RW            3    .bss                app.o
    0x2000045c        -       0x00000832   Zero   RW          316    .bss                ir_module.o
    0x20000c8e   COMPRESSED   0x00000002   PAD
    0x20000c90        -       0x00000800   Zero   RW          336    .bss                ir_color_test.o
    0x20001490        -       0x000010dc   Zero   RW          375    .bss                ir_user_interface.o
    0x2000256c        -       0x00000144   Zero   RW          449    .bss                bsp_int.o
    0x200026b0        -       0x00000094   Zero   RW          700    .bss                bsp_can.o
    0x20002744        -       0x00000051   Zero   RW          745    .bss                bsp_ser_1_irda.o
    0x20002795   COMPRESSED   0x00000003   PAD
    0x20002798        -       0x00000048   Zero   RW          838    .bss                bsp_aio.o
    0x200027e0        -       0x00000010   Zero   RW          858    .bss                cpu_core.o
    0x200027f0        -       0x00002448   Zero   RW          960    .bss                lib_mem.o
    0x20004c38        -       0x000019f8   Zero   RW          999    .bss                os_core.o
    0x20006630        -       0x00000200   Zero   RW         1148    .bss                os_cpu_c.o
    0x20006830        -       0x00000400   Zero   RW          515    STACK               cstartup.o


==============================================================================

Image component sizes


      Code (inc. data)   RO Data    RW Data    ZI Data      Debug   Object Name

       308         30          0         14        512     358641   app.o
        16          0          0          0          0       1334   app_hooks.o
      2060         84         20         12          0       5119   bsp.o
      1396         96         80        160         72       5090   bsp_aio.o
       828         42          0         12        148       3651   bsp_can.o
      2504        216          0         48          0       6415   bsp_i2c_1.o
      2556        228          0         52          0       6553   bsp_i2c_2.o
      1904        174          0         36          0       5423   bsp_i2c_3.o
       500          6          0          0          0       4234   bsp_i2c_io.o
      1052          8          0          0        324      13730   bsp_int.o
       154          0          0          0          0       2490   bsp_os.o
      1288        110          0         28          0       5790   bsp_ser.o
      1624        190          0         31         81       5676   bsp_ser_1_irda.o
       752         12          0          2          0       4684   bsp_w25q64.o
        52          0          0          0          0        408   cpu_a.o
      1916        102          0          0          0      11325   cpu_c.o
       680         14        256          4         16      26184   cpu_core.o
        32         10        388          0       1024        716   cstartup.o
       248          6          0          4          0       1951   ir_color_receiver.o
       228         36          0         16       2048       2781   ir_color_test.o
       460         56          0         24       2098       3088   ir_module.o
      1244        284          0          6       4316       3586   ir_user_interface.o
       210          0          0          0          0       1668   led_color_receiver.o
       598          0          0          0          0       3948   lib_ascii.o
      3780         62          0          4       9288      25264   lib_mem.o
       544          0          0          0          0        552   lib_mem_a.o
      2344          4        148          0          0      13986   lib_str.o
       224         20          0          0          0       1917   misc.o
      3348        292        256        100       6648      20620   os_core.o
       176         36          0          0          0        476   os_cpu_a.o
       396         30          0          6        512      12919   os_cpu_c.o
       348        230        114          0          0       3753   os_dbg.o
      2076         42          0          0          0      16220   os_flag.o
       484         16          0          0          0       3484   os_mem.o
      1536         36          0          0          0       5981   os_q.o
       932         22          0          0          0       4258   os_sem.o
      2148         74          0          0          0       8464   os_task.o
       432         30          0          0          0       1930   os_time.o
      1660        134          0          0          0       5937   os_tmr.o
      1124         24          0          0          0      10586   stm32f2xx_adc.o
      2544         38          0          0          0       8096   stm32f2xx_can.o
       528          6          0          0          0       4985   stm32f2xx_dac.o
       936         32          0          0          0       6449   stm32f2xx_dma.o
      1544         14          0          0          0       5487   stm32f2xx_fsmc.o
       604         36          0          0          0       4077   stm32f2xx_gpio.o
      1064         26          0          0          0       8199   stm32f2xx_i2c.o
      1416         48          0         16          0      11123   stm32f2xx_rcc.o
       936         22          0          0          0       6476   stm32f2xx_spi.o
      3234         60          0          0          0      22964   stm32f2xx_tim.o
      1050         26          0          0          0       7812   stm32f2xx_usart.o
       480         40          0         20          0     315891   system_stm32f2xx.o

    ----------------------------------------------------------------------
     58508       3104       1294        604      27092    1022391   Object Totals
         0          0         32          0          0          0   (incl. Generated)
        10          0          0          9          5          0   (incl. Padding)

    ----------------------------------------------------------------------

      Code (inc. data)   RO Data    RW Data    ZI Data      Debug   Library Member Name

        56          8          0          0          0         84   __0sscanf.o
        86          0          0          0          0          0   __dczerorl2.o
        28          0          0          0          0         68   _chval.o
       816          6          0          0          0        112   _scanf.o
       332          0          0          0          0         96   _scanf_int.o
        64          0          0          0          0         84   _sgetc.o
        40          6         64          0          0         68   ctype_c.o
         0          0          0          0          0          0   entry.o
         0          0          0          0          0          0   entry10a.o
         0          0          0          0          0          0   entry11a.o
         4          0          0          0          0          0   entry12b.o
         8          4          0          0          0          0   entry2.o
         4          0          0          0          0          0   entry5.o
         0          0          0          0          0          0   entry7b.o
         0          0          0          0          0          0   entry8b.o
         8          4          0          0          0          0   entry9a.o
        30          0          0          0          0          0   handlers.o
        36          8          0          0          0         68   init.o
        10          0          0          0          0         68   isspace_c.o
         0          0          0          0          0          0   iusefp.o
        30          0          0          0          0         68   llshl.o
        36          0          0          0          0         68   llsshr.o
        32          0          0          0          0         68   llushr.o
      2310         92          0          0          0        680   printfa.o
        40          8          0          0          0         84   scanf_char.o
        44          0          0          0          0         80   uidiv.o
        98          0          0          0          0         92   uldiv.o
        48          0          0          0          0         68   cdrcmple.o
        20          0          0          0          0         68   cfcmple.o
       334          0          0          0          0        148   dadd.o
       222          0          0          0          0        100   ddiv.o
       186          0          0          0          0        176   depilogue.o
        48          0          0          0          0         68   dfixul.o
       228          0          0          0          0         96   dmul.o
       176          0          0          0          0        140   fadd.o
       124          0          0          0          0         88   fdiv.o
       110          0          0          0          0        168   fepilogue.o
        10          0          0          0          0         68   ffltui.o
       100          0          0          0          0         76   fmul.o

    ----------------------------------------------------------------------
      5732        136         66          0          0       3052   Library Totals
        14          0          2          0          0          0   (incl. Padding)

    ----------------------------------------------------------------------

      Code (inc. data)   RO Data    RW Data    ZI Data      Debug   Library Name

      4112        136         64          0          0       1788   mc_w.l
      1606          0          0          0          0       1264   mf_w.l

    ----------------------------------------------------------------------
      5732        136         66          0          0       3052   Library Totals

    ----------------------------------------------------------------------

==============================================================================


      Code (inc. data)   RO Data    RW Data    ZI Data      Debug   

     64240       3240       1360        604      27092    1019487   Grand Totals
     64240       3240       1360         84      27092    1019487   ELF Image Totals (compressed)
     64240       3240       1360         84          0          0   ROM Totals

==============================================================================

    Total RO  Size (Code + RO Data)                65600 (  64.06kB)
    Total RW  Size (RW Data + ZI Data)             27696 (  27.05kB)
    Total ROM Size (Code + RO Data + RW Data)      65684 (  64.14kB)

==============================================================================

