Product: MDK-ARM Professional 5.10
Component: ARM Compiler 5.04 update 1 (build 49)
Tool: armlink [5040049]

==============================================================================

Section Cross References

    app.o(.text) refers to os_sem.o(.text) for OSSemPend
    app.o(.text) refers to os_task.o(.text) for OSTaskStkChk
    app.o(.text) refers to os_mbox.o(.text) for OSMboxPost
    app.o(.text) refers to os_time.o(.text) for OSTimeDlyHMSM
    app.o(.text) refers to bsp_ser_1.o(.text) for BSP_Ser_1_RxStrTimeout
    app.o(.text) refers to bsp.o(.text) for BSP_Init
    app.o(.text) refers to cpu_core.o(.text) for CPU_Init
    app.o(.text) refers to lib_mem.o(.text) for Mem_Init
    app.o(.text) refers to os_core.o(.text) for OSStatInit
    app.o(.text) refers to bsp_ser.o(.text) for BSP_Ser_Init
    app.o(.text) refers to bsp_ser_2.o(.text) for BSP_Ser_2_Init
    app.o(.text) refers to bsp_int.o(.text) for BSP_IntDisAll
    app.o(.text) refers to app.o(.data) for .data
    app.o(.text) refers to app.o(.bss) for .bss
    bsp.o(.text) refers to stm32f2xx_rcc.o(.text) for RCC_AHB1PeriphClockCmd
    bsp.o(.text) refers to stm32f2xx_gpio.o(.text) for GPIO_Init
    bsp.o(.text) refers to os_cpu_c.o(.text) for OS_CPU_SysTickInit
    bsp.o(.text) refers to bsp.o(.data) for .data
    bsp.o(.text) refers to bsp.o(.constdata) for .constdata
    bsp.o(.text) refers to stm32f2xx_fsmc.o(.text) for FSMC_NORSRAMInit
    bsp.o(.text) refers to cpu_core.o(.text) for CPU_TS_TmrFreqSet
    bsp_int.o(.text) refers to cpu_c.o(.text) for CPU_IntSrcDis
    bsp_int.o(.text) refers to cpu_a.o(.text) for CPU_IntDis
    bsp_int.o(.text) refers to os_core.o(.text) for OSIntEnter
    bsp_int.o(.text) refers to bsp_int.o(.bss) for .bss
    bsp_ioe.o(.text) refers to stm32f2xx_rcc.o(.text) for RCC_AHB1PeriphClockCmd
    bsp_ioe.o(.text) refers to stm32f2xx_dma.o(.text) for DMA_DeInit
    bsp_ioe.o(.text) refers to stm32f2xx_i2c.o(.text) for I2C_GenerateSTART
    bsp_ioe.o(.text) refers to bsp_os.o(.text) for BSP_OS_TimeDlyMs
    bsp_ioe.o(.text) refers to bsp_ioe.o(.data) for .data
    bsp_ioe.o(.text) refers to stm32f2xx_gpio.o(.text) for GPIO_Init
    bsp_ioe.o(.text) refers to stm32f2xx_syscfg.o(.text) for SYSCFG_EXTILineConfig
    bsp_lcd.o(.text) refers to stm32f2xx_rcc.o(.text) for RCC_AHB1PeriphClockCmd
    bsp_lcd.o(.text) refers to stm32f2xx_gpio.o(.text) for GPIO_Init
    bsp_lcd.o(.text) refers to bsp_os.o(.text) for BSP_OS_TimeDlyMs
    bsp_lcd.o(.text) refers to stm32f2xx_fsmc.o(.text) for FSMC_NORSRAMInit
    bsp_ser.o(.text) refers to stm32f2xx_usart.o(.text) for USART_ReceiveData
    bsp_ser.o(.text) refers to bsp_os.o(.text) for BSP_OS_SemPost
    bsp_ser.o(.text) refers to stm32f2xx_rcc.o(.text) for RCC_AHB1PeriphClockCmd
    bsp_ser.o(.text) refers to stm32f2xx_gpio.o(.text) for GPIO_Init
    bsp_ser.o(.text) refers to bsp_int.o(.text) for BSP_IntVectSet
    bsp_ser.o(.text) refers to printfa.o(i.__0vsnprintf) for __c89vsnprintf
    bsp_ser.o(.text) refers to lib_ascii.o(.text) for ASCII_IsPrint
    bsp_ser.o(.text) refers to bsp_ser.o(.data) for .data
    cstartup.o(RESET) refers to cstartup.o(STACK) for __initial_sp
    cstartup.o(RESET) refers to cstartup.o(.text) for Reset_Handler
    cstartup.o(RESET) refers to os_cpu_a.o(.text) for OS_CPU_PendSVHandler
    cstartup.o(RESET) refers to os_cpu_c.o(.text) for OS_CPU_SysTickHandler
    cstartup.o(RESET) refers to bsp_int.o(.text) for BSP_IntHandlerWWDG
    cstartup.o(.text) refers to entry.o(.ARM.Collect$$$$00000000) for __main
    bsp_os.o(.text) refers to os_sem.o(.text) for OSSemCreate
    bsp_os.o(.text) refers to os_core.o(.text) for OSEventNameSet
    bsp_os.o(.text) refers to os_time.o(.text) for OSTimeDlyHMSM
    bsp_ser_1.o(.text) refers to stm32f2xx_usart.o(.text) for USART_ReceiveData
    bsp_ser_1.o(.text) refers to bsp_os.o(.text) for BSP_OS_SemPost
    bsp_ser_1.o(.text) refers to stm32f2xx_rcc.o(.text) for RCC_AHB1PeriphClockCmd
    bsp_ser_1.o(.text) refers to stm32f2xx_gpio.o(.text) for GPIO_Init
    bsp_ser_1.o(.text) refers to bsp_int.o(.text) for BSP_IntVectSet
    bsp_ser_1.o(.text) refers to printfa.o(i.__0vsnprintf) for __c89vsnprintf
    bsp_ser_1.o(.text) refers to bsp_ser_1.o(.data) for .data
    bsp_ser_2.o(.text) refers to stm32f2xx_usart.o(.text) for USART_ReceiveData
    bsp_ser_2.o(.text) refers to bsp_os.o(.text) for BSP_OS_SemPost
    bsp_ser_2.o(.text) refers to stm32f2xx_rcc.o(.text) for RCC_AHB1PeriphClockCmd
    bsp_ser_2.o(.text) refers to stm32f2xx_gpio.o(.text) for GPIO_Init
    bsp_ser_2.o(.text) refers to bsp_int.o(.text) for BSP_IntVectSet
    bsp_ser_2.o(.text) refers to printfa.o(i.__0vsnprintf) for __c89vsnprintf
    bsp_ser_2.o(.text) refers to bsp_ser_2.o(.data) for .data
    cpu_core.o(.text) refers to cpu_a.o(.text) for CPU_SR_Save
    cpu_core.o(.text) refers to lib_mem.o(.text) for Mem_Clr
    cpu_core.o(.text) refers to bsp.o(.text) for CPU_TS_TmrInit
[...]
    ..\..\..\..\..\uCOS-II\Source\os_mem.c   0x00000000   Number         0  os_mem.o ABSOLUTE
    ..\..\..\..\..\uCOS-II\Source\os_mutex.c 0x00000000   Number         0  os_mutex.o ABSOLUTE
    ..\..\..\..\..\uCOS-II\Source\os_q.c     0x00000000   Number         0  os_q.o ABSOLUTE
    ..\..\..\..\..\uCOS-II\Source\os_sem.c   0x00000000   Number         0  os_sem.o ABSOLUTE
    ..\..\..\..\..\uCOS-II\Source\os_task.c  0x00000000   Number         0  os_task.o ABSOLUTE
    ..\..\..\..\..\uCOS-II\Source\os_time.c  0x00000000   Number         0  os_time.o ABSOLUTE
    ..\..\..\..\..\uCOS-II\Source\os_tmr.c   0x00000000   Number         0  os_tmr.o ABSOLUTE
    ..\..\BSP\KeilMDK\cstartup.s             0x00000000   Number         0  cstartup.o ABSOLUTE
    ..\..\BSP\OS\uCOS-II\bsp_os.c            0x00000000   Number         0  bsp_os.o ABSOLUTE
    ..\..\BSP\STM32F2xx\src\misc.c           0x00000000   Number         0  misc.o ABSOLUTE
    ..\..\BSP\STM32F2xx\src\stm32f2xx_adc.c  0x00000000   Number         0  stm32f2xx_adc.o ABSOLUTE
    ..\..\BSP\STM32F2xx\src\stm32f2xx_can.c  0x00000000   Number         0  stm32f2xx_can.o ABSOLUTE
    ..\..\BSP\STM32F2xx\src\stm32f2xx_crc.c  0x00000000   Number         0  stm32f2xx_crc.o ABSOLUTE
    ..\..\BSP\STM32F2xx\src\stm32f2xx_cryp.c 0x00000000   Number         0  stm32f2xx_cryp.o ABSOLUTE
    ..\..\BSP\STM32F2xx\src\stm32f2xx_cryp_aes.c 0x00000000   Number         0  stm32f2xx_cryp_aes.o ABSOLUTE
    ..\..\BSP\STM32F2xx\src\stm32f2xx_cryp_des.c 0x00000000   Number         0  stm32f2xx_cryp_des.o ABSOLUTE
    ..\..\BSP\STM32F2xx\src\stm32f2xx_cryp_tdes.c 0x00000000   Number         0  stm32f2xx_cryp_tdes.o ABSOLUTE
    ..\..\BSP\STM32F2xx\src\stm32f2xx_dac.c  0x00000000   Number         0  stm32f2xx_dac.o ABSOLUTE
    ..\..\BSP\STM32F2xx\src\stm32f2xx_dbgmcu.c 0x00000000   Number         0  stm32f2xx_dbgmcu.o ABSOLUTE
    ..\..\BSP\STM32F2xx\src\stm32f2xx_dcmi.c 0x00000000   Number         0  stm32f2xx_dcmi.o ABSOLUTE
    ..\..\BSP\STM32F2xx\src\stm32f2xx_dma.c  0x00000000   Number         0  stm32f2xx_dma.o ABSOLUTE
    ..\..\BSP\STM32F2xx\src\stm32f2xx_exti.c 0x00000000   Number         0  stm32f2xx_exti.o ABSOLUTE
    ..\..\BSP\STM32F2xx\src\stm32f2xx_flash.c 0x00000000   Number         0  stm32f2xx_flash.o ABSOLUTE
    ..\..\BSP\STM32F2xx\src\stm32f2xx_fsmc.c 0x00000000   Number         0  stm32f2xx_fsmc.o ABSOLUTE
    ..\..\BSP\STM32F2xx\src\stm32f2xx_gpio.c 0x00000000   Number         0  stm32f2xx_gpio.o ABSOLUTE
    ..\..\BSP\STM32F2xx\src\stm32f2xx_hash.c 0x00000000   Number         0  stm32f2xx_hash.o ABSOLUTE
    ..\..\BSP\STM32F2xx\src\stm32f2xx_hash_md5.c 0x00000000   Number         0  stm32f2xx_hash_md5.o ABSOLUTE
    ..\..\BSP\STM32F2xx\src\stm32f2xx_hash_sha1.c 0x00000000   Number         0  stm32f2xx_hash_sha1.o ABSOLUTE
    ..\..\BSP\STM32F2xx\src\stm32f2xx_i2c.c  0x00000000   Number         0  stm32f2xx_i2c.o ABSOLUTE
    ..\..\BSP\STM32F2xx\src\stm32f2xx_iwdg.c 0x00000000   Number         0  stm32f2xx_iwdg.o ABSOLUTE
    ..\..\BSP\STM32F2xx\src\stm32f2xx_pwr.c  0x00000000   Number         0  stm32f2xx_pwr.o ABSOLUTE
    ..\..\BSP\STM32F2xx\src\stm32f2xx_rcc.c  0x00000000   Number         0  stm32f2xx_rcc.o ABSOLUTE
    ..\..\BSP\STM32F2xx\src\stm32f2xx_rng.c  0x00000000   Number         0  stm32f2xx_rng.o ABSOLUTE
    ..\..\BSP\STM32F2xx\src\stm32f2xx_rtc.c  0x00000000   Number         0  stm32f2xx_rtc.o ABSOLUTE
    ..\..\BSP\STM32F2xx\src\stm32f2xx_sdio.c 0x00000000   Number         0  stm32f2xx_sdio.o ABSOLUTE
    ..\..\BSP\STM32F2xx\src\stm32f2xx_spi.c  0x00000000   Number         0  stm32f2xx_spi.o ABSOLUTE
    ..\..\BSP\STM32F2xx\src\stm32f2xx_syscfg.c 0x00000000   Number         0  stm32f2xx_syscfg.o ABSOLUTE
    ..\..\BSP\STM32F2xx\src\stm32f2xx_tim.c  0x00000000   Number         0  stm32f2xx_tim.o ABSOLUTE
    ..\..\BSP\STM32F2xx\src\stm32f2xx_usart.c 0x00000000   Number         0  stm32f2xx_usart.o ABSOLUTE
    ..\..\BSP\STM32F2xx\src\stm32f2xx_wwdg.c 0x00000000   Number         0  stm32f2xx_wwdg.o ABSOLUTE
    ..\..\BSP\bsp.c                          0x00000000   Number         0  bsp.o ABSOLUTE
    ..\..\BSP\bsp_int.c                      0x00000000   Number         0  bsp_int.o ABSOLUTE
    ..\..\BSP\bsp_ioe.c                      0x00000000   Number         0  bsp_ioe.o ABSOLUTE
    ..\..\BSP\bsp_lcd.c                      0x00000000   Number         0  bsp_lcd.o ABSOLUTE
    ..\..\BSP\bsp_ser.c                      0x00000000   Number         0  bsp_ser.o ABSOLUTE
    ..\..\BSP\bsp_ser_1.c                    0x00000000   Number         0  bsp_ser_1.o ABSOLUTE
    ..\..\BSP\bsp_ser_2.c                    0x00000000   Number         0  bsp_ser_2.o ABSOLUTE
    ..\..\app\keyandled.c                    0x00000000   Number         0  keyandled.o ABSOLUTE
    ..\\..\\BSP\\OS\\uCOS-II\\bsp_os.c       0x00000000   Number         0  bsp_os.o ABSOLUTE
    ..\\..\\BSP\\STM32F2xx\\src\\misc.c      0x00000000   Number         0  misc.o ABSOLUTE
    ..\\..\\BSP\\STM32F2xx\\src\\stm32f2xx_adc.c 0x00000000   Number         0  stm32f2xx_adc.o ABSOLUTE
    ..\\..\\BSP\\STM32F2xx\\src\\stm32f2xx_can.c 0x00000000   Number         0  stm32f2xx_can.o ABSOLUTE
    ..\\..\\BSP\\STM32F2xx\\src\\stm32f2xx_crc.c 0x00000000   Number         0  stm32f2xx_crc.o ABSOLUTE
    ..\\..\\BSP\\STM32F2xx\\src\\stm32f2xx_cryp.c 0x00000000   Number         0  stm32f2xx_cryp.o ABSOLUTE
    ..\\..\\BSP\\STM32F2xx\\src\\stm32f2xx_cryp_aes.c 0x00000000   Number         0  stm32f2xx_cryp_aes.o ABSOLUTE
    ..\\..\\BSP\\STM32F2xx\\src\\stm32f2xx_cryp_des.c 0x00000000   Number         0  stm32f2xx_cryp_des.o ABSOLUTE
    ..\\..\\BSP\\STM32F2xx\\src\\stm32f2xx_cryp_tdes.c 0x00000000   Number         0  stm32f2xx_cryp_tdes.o ABSOLUTE
    ..\\..\\BSP\\STM32F2xx\\src\\stm32f2xx_dac.c 0x00000000   Number         0  stm32f2xx_dac.o ABSOLUTE
    ..\\..\\BSP\\STM32F2xx\\src\\stm32f2xx_dbgmcu.c 0x00000000   Number         0  stm32f2xx_dbgmcu.o ABSOLUTE
    ..\\..\\BSP\\STM32F2xx\\src\\stm32f2xx_dcmi.c 0x00000000   Number         0  stm32f2xx_dcmi.o ABSOLUTE
    ..\\..\\BSP\\STM32F2xx\\src\\stm32f2xx_dma.c 0x00000000   Number         0  stm32f2xx_dma.o ABSOLUTE
    ..\\..\\BSP\\STM32F2xx\\src\\stm32f2xx_exti.c 0x00000000   Number         0  stm32f2xx_exti.o ABSOLUTE
    ..\\..\\BSP\\STM32F2xx\\src\\stm32f2xx_flash.c 0x00000000   Number         0  stm32f2xx_flash.o ABSOLUTE
    ..\\..\\BSP\\STM32F2xx\\src\\stm32f2xx_fsmc.c 0x00000000   Number         0  stm32f2xx_fsmc.o ABSOLUTE
    ..\\..\\BSP\\STM32F2xx\\src\\stm32f2xx_gpio.c 0x00000000   Number         0  stm32f2xx_gpio.o ABSOLUTE
    ..\\..\\BSP\\STM32F2xx\\src\\stm32f2xx_hash.c 0x00000000   Number         0  stm32f2xx_hash.o ABSOLUTE
    ..\\..\\BSP\\STM32F2xx\\src\\stm32f2xx_hash_md5.c 0x00000000   Number         0  stm32f2xx_hash_md5.o ABSOLUTE
    ..\\..\\BSP\\STM32F2xx\\src\\stm32f2xx_hash_sha1.c 0x00000000   Number         0  stm32f2xx_hash_sha1.o ABSOLUTE
    ..\\..\\BSP\\STM32F2xx\\src\\stm32f2xx_i2c.c 0x00000000   Number         0  stm32f2xx_i2c.o ABSOLUTE
    ..\\..\\BSP\\STM32F2xx\\src\\stm32f2xx_iwdg.c 0x00000000   Number         0  stm32f2xx_iwdg.o ABSOLUTE
    ..\\..\\BSP\\STM32F2xx\\src\\stm32f2xx_pwr.c 0x00000000   Number         0  stm32f2xx_pwr.o ABSOLUTE
    ..\\..\\BSP\\STM32F2xx\\src\\stm32f2xx_rcc.c 0x00000000   Number         0  stm32f2xx_rcc.o ABSOLUTE
    ..\\..\\BSP\\STM32F2xx\\src\\stm32f2xx_rng.c 0x00000000   Number         0  stm32f2xx_rng.o ABSOLUTE
    ..\\..\\BSP\\STM32F2xx\\src\\stm32f2xx_rtc.c 0x00000000   Number         0  stm32f2xx_rtc.o ABSOLUTE
    ..\\..\\BSP\\STM32F2xx\\src\\stm32f2xx_sdio.c 0x00000000   Number         0  stm32f2xx_sdio.o ABSOLUTE
    ..\\..\\BSP\\STM32F2xx\\src\\stm32f2xx_spi.c 0x00000000   Number         0  stm32f2xx_spi.o ABSOLUTE
    ..\\..\\BSP\\STM32F2xx\\src\\stm32f2xx_syscfg.c 0x00000000   Number         0  stm32f2xx_syscfg.o ABSOLUTE
    ..\\..\\BSP\\STM32F2xx\\src\\stm32f2xx_tim.c 0x00000000   Number         0  stm32f2xx_tim.o ABSOLUTE
    ..\\..\\BSP\\STM32F2xx\\src\\stm32f2xx_usart.c 0x00000000   Number         0  stm32f2xx_usart.o ABSOLUTE
    ..\\..\\BSP\\STM32F2xx\\src\\stm32f2xx_wwdg.c 0x00000000   Number         0  stm32f2xx_wwdg.o ABSOLUTE
    ..\\..\\BSP\\bsp.c                       0x00000000   Number         0  bsp.o ABSOLUTE
    ..\\..\\BSP\\bsp_int.c                   0x00000000   Number         0  bsp_int.o ABSOLUTE
    ..\\..\\BSP\\bsp_ioe.c                   0x00000000   Number         0  bsp_ioe.o ABSOLUTE
    ..\\..\\BSP\\bsp_lcd.c                   0x00000000   Number         0  bsp_lcd.o ABSOLUTE
    ..\\..\\BSP\\bsp_ser.c                   0x00000000   Number         0  bsp_ser.o ABSOLUTE
    ..\\..\\BSP\\bsp_ser_1.c                 0x00000000   Number         0  bsp_ser_1.o ABSOLUTE
    ..\\..\\BSP\\bsp_ser_2.c                 0x00000000   Number         0  bsp_ser_2.o ABSOLUTE
    ..\\..\\app\\keyandled.c                 0x00000000   Number         0  keyandled.o ABSOLUTE
    ..\\app.c                                0x00000000   Number         0  app.o ABSOLUTE
    ..\\app_hooks.c                          0x00000000   Number         0  app_hooks.o ABSOLUTE
    ..\app.c                                 0x00000000   Number         0  app.o ABSOLUTE
    ..\app_hooks.c                           0x00000000   Number         0  app_hooks.o ABSOLUTE
    cdrcmple.s                               0x00000000   Number         0  cdrcmple.o ABSOLUTE
    dc.s                                     0x00000000   Number         0  dc.o ABSOLUTE
    handlers.s                               0x00000000   Number         0  handlers.o ABSOLUTE
    init.s                                   0x00000000   Number         0  init.o ABSOLUTE
    RESET                                    0x08000000   Section      388  cstartup.o(RESET)
    .ARM.Collect$$$$00000000                 0x08000184   Section        0  entry.o(.ARM.Collect$$$$00000000)
    .ARM.Collect$$$$00000001                 0x08000184   Section        4  entry2.o(.ARM.Collect$$$$00000001)
    .ARM.Collect$$$$00000004                 0x08000188   Section        4  entry5.o(.ARM.Collect$$$$00000004)
    .ARM.Collect$$$$00000008                 0x0800018c   Section        0  entry7b.o(.ARM.Collect$$$$00000008)
    .ARM.Collect$$$$0000000A                 0x0800018c   Section        0  entry8b.o(.ARM.Collect$$$$0000000A)
    .ARM.Collect$$$$0000000B                 0x0800018c   Section        8  entry9a.o(.ARM.Collect$$$$0000000B)
    .ARM.Collect$$$$0000000D                 0x08000194   Section        0  entry10a.o(.ARM.Collect$$$$0000000D)
    .ARM.Collect$$$$0000000F                 0x08000194   Section        0  entry11a.o(.ARM.Collect$$$$0000000F)
    .ARM.Collect$$$$00002712                 0x08000194   Section        4  entry2.o(.ARM.Collect$$$$00002712)
    __lit__00000000                          0x08000194   Data           4  entry2.o(.ARM.Collect$$$$00002712)
    .text                                    0x08000198   Section        0  app.o(.text)
    Task1                                    0x08000199   Thumb Code   106  app.o(.text)
    Task                                     0x0800023d   Thumb Code   128  app.o(.text)
    AppTaskStart                             0x080002bd   Thumb Code    92  app.o(.text)
    AppTaskCreate                            0x0800035f   Thumb Code    92  app.o(.text)
    .text                                    0x080003e4   Section        0  app_hooks.o(.text)
    .text                                    0x080003f4   Section        0  bsp.o(.text)
    .text                                    0x08000b80   Section        0  bsp_int.o(.text)
    BSP_IntHandlerDummy                      0x08000be7   Thumb Code     2  bsp_int.o(.text)
    BSP_IntHandler                           0x08000de3   Thumb Code    42  bsp_int.o(.text)
    .text                                    0x08000e14   Section        0  bsp_ser.o(.text)
    BSP_Ser_ISR_Handler                      0x08000e15   Thumb Code    86  bsp_ser.o(.text)
    BSP_Ser_WrByteUnlocked                   0x08001071   Thumb Code    50  bsp_ser.o(.text)
    BSP_Ser_RdByteUnlocked                   0x080010a3   Thumb Code    44  bsp_ser.o(.text)
    .text                                    0x0800110c   Section       24  cstartup.o(.text)
    .text                                    0x08001124   Section        0  bsp_os.o(.text)
    .text                                    0x08001198   Section        0  bsp_ser_1.o(.text)
    .text                                    0x080014a4   Section        0  bsp_ser_2.o(.text)
    .text                                    0x08001714   Section        0  cpu_core.o(.text)
    .text                                    0x080018d4   Section       52  cpu_a.o(.text)
    .text                                    0x08001908   Section        0  cpu_c.o(.text)
    .text                                    0x08001c9c   Section        0  lib_ascii.o(.text)
    .text                                    0x08001df8   Section        0  lib_mem.o(.text)
    Mem_SegAlloc                             0x08001f79   Thumb Code    52  lib_mem.o(.text)
    Mem_SegCalcTotSize                       0x08001fad   Thumb Code   108  lib_mem.o(.text)
    Mem_PoolBlkIsValidAddr                   0x08002571   Thumb Code    70  lib_mem.o(.text)
    .text                                    0x08002744   Section        0  lib_str.o(.text)
    Str_FmtNbr_Int32                         0x080029e1   Thumb Code   334  lib_str.o(.text)
    Str_ParseNbr_Int32                       0x08002b6f   Thumb Code   314  lib_str.o(.text)
    .text                                    0x08002ce4   Section      544  lib_mem_a.o(.text)
    .text                                    0x08002f04   Section        0  os_core.o(.text)
    OS_SchedNew                              0x08003767   Thumb Code    24  os_core.o(.text)
    OS_InitEventList                         0x0800377f   Thumb Code    76  os_core.o(.text)
    OS_InitTCBList                           0x080037cb   Thumb Code    96  os_core.o(.text)
    OS_InitMisc                              0x0800382b   Thumb Code    28  os_core.o(.text)
    .text                                    0x08003860   Section        0  os_flag.o(.text)
    OS_FlagTaskRdy                           0x0800395f   Thumb Code    70  os_flag.o(.text)
    OS_FlagBlock                             0x08003ad5   Thumb Code    86  os_flag.o(.text)
    .text                                    0x08003df4   Section        0  os_mbox.o(.text)
    .text                                    0x08004144   Section        0  os_mem.o(.text)
    .text                                    0x080042d0   Section        0  os_q.o(.text)
    .text                                    0x080047e4   Section        0  os_sem.o(.text)
    .text                                    0x08004af4   Section        0  os_task.o(.text)
    .text                                    0x080051e8   Section        0  os_time.o(.text)
    .text                                    0x08005348   Section        0  os_tmr.o(.text)
    OSTmr_Free                               0x080053c5   Thumb Code    50  os_tmr.o(.text)
    OSTmr_Unlink                             0x080053f7   Thumb Code    58  os_tmr.o(.text)
    OSTmr_Link                               0x080055af   Thumb Code    66  os_tmr.o(.text)
    OSTmr_Task                               0x080056e7   Thumb Code   140  os_tmr.o(.text)
    .text                                    0x0800589c   Section      176  os_cpu_a.o(.text)
    .text                                    0x0800594c   Section        0  os_cpu_c.o(.text)
    .text                                    0x08005a68   Section        0  os_dbg.o(.text)
    .text                                    0x08005a6c   Section        0  stm32f2xx_fsmc.o(.text)
    .text                                    0x08005ee8   Section        0  stm32f2xx_gpio.o(.text)
    .text                                    0x080060d4   Section        0  stm32f2xx_rcc.o(.text)
    .text                                    0x080064a8   Section        0  stm32f2xx_usart.o(.text)
    .text                                    0x080067e0   Section        0  uidiv.o(.text)
    .text                                    0x0800680c   Section        0  uldiv.o(.text)
    .text                                    0x0800686e   Section        0  dadd.o(.text)
    .text                                    0x0800686e   Section        0  iusefp.o(.text)
    .text                                    0x080069bc   Section        0  dmul.o(.text)
    .text                                    0x08006aa0   Section        0  ddiv.o(.text)
    .text                                    0x08006b7e   Section        0  dfixul.o(.text)
    .text                                    0x08006bb0   Section       40  cdrcmple.o(.text)
    .text                                    0x08006bd8   Section       36  init.o(.text)
    .text                                    0x08006bfc   Section        0  llshl.o(.text)
    .text                                    0x08006c1a   Section        0  llushr.o(.text)
    .text                                    0x08006c3a   Section        0  llsshr.o(.text)
    .text                                    0x08006c5e   Section        0  depilogue.o(.text)
    i.__0vsnprintf                           0x08006d14   Section        0  printfa.o(i.__0vsnprintf)
    i.__scatterload_copy                     0x08006d38   Section       14  handlers.o(i.__scatterload_copy)
    i.__scatterload_null                     0x08006d46   Section        2  handlers.o(i.__scatterload_null)
    i.__scatterload_zeroinit                 0x08006d48   Section       14  handlers.o(i.__scatterload_zeroinit)
    i._fp_digits                             0x08006d58   Section        0  printfa.o(i._fp_digits)
    _fp_digits                               0x08006d59   Thumb Code   334  printfa.o(i._fp_digits)
    i._printf_core                           0x08006ebc   Section        0  printfa.o(i._printf_core)
    _printf_core                             0x08006ebd   Thumb Code  1744  printfa.o(i._printf_core)
    i._printf_post_padding                   0x08007598   Section        0  printfa.o(i._printf_post_padding)
    _printf_post_padding                     0x08007599   Thumb Code    36  printfa.o(i._printf_post_padding)
    i._printf_pre_padding                    0x080075bc   Section        0  printfa.o(i._printf_pre_padding)
    _printf_pre_padding                      0x080075bd   Thumb Code    46  printfa.o(i._printf_pre_padding)
    i._snputc                                0x080075ea   Section        0  printfa.o(i._snputc)
    _snputc                                  0x080075eb   Thumb Code    22  printfa.o(i._snputc)
    .constdata                               0x08007600   Section       36  bsp.o(.constdata)
    .constdata                               0x08007624   Section      256  cpu_core.o(.constdata)
    CPU_CntLeadZerosTbl                      0x08007624   Data         256  cpu_core.o(.constdata)
    .constdata                               0x08007724   Section      148  lib_str.o(.constdata)
    Str_MultOvfThTbl_Int32U                  0x08007724   Data         148  lib_str.o(.constdata)
    .constdata                               0x080077b8   Section      256  os_core.o(.constdata)
    .data                                    0x20000000   Section       32  app.o(.data)
    i                                        0x20000000   Data           1  app.o(.data)
    j                                        0x20000001   Data           1  app.o(.data)
    flag_2                                   0x20000010   Data           5  app.o(.data)
    data                                     0x20000018   Data           8  app.o(.data)
    .data                                    0x20000020   Section       36  bsp.o(.data)
    .data                                    0x20000044   Section       16  bsp_ser.o(.data)
    BSP_SerRxData                            0x20000044   Data           1  bsp_ser.o(.data)
    BSP_SerTxWait                            0x20000048   Data           4  bsp_ser.o(.data)
    BSP_SerRxWait                            0x2000004c   Data           4  bsp_ser.o(.data)
    BSP_SerLock                              0x20000050   Data           4  bsp_ser.o(.data)
    .data                                    0x20000054   Section       16  bsp_ser_1.o(.data)
    BSP_Ser_1_RxData                         0x20000054   Data           1  bsp_ser_1.o(.data)
    BSP_Ser_1_TxWait                         0x20000058   Data           4  bsp_ser_1.o(.data)
    BSP_Ser_1_RxWait                         0x2000005c   Data           4  bsp_ser_1.o(.data)
    BSP_Ser_1_Lock                           0x20000060   Data           4  bsp_ser_1.o(.data)
    .data                                    0x20000064   Section       16  bsp_ser_2.o(.data)
    BSP_Ser_2_RxData                         0x20000064   Data           1  bsp_ser_2.o(.data)
    BSP_Ser_2_TxWait                         0x20000068   Data           4  bsp_ser_2.o(.data)
    BSP_Ser_2_RxWait                         0x2000006c   Data           4  bsp_ser_2.o(.data)
    BSP_Ser_2_Lock                           0x20000070   Data           4  bsp_ser_2.o(.data)
    .data                                    0x20000074   Section        4  cpu_core.o(.data)
    .data                                    0x20000078   Section        4  lib_mem.o(.data)
    .data                                    0x2000007c   Section       60  os_core.o(.data)
    .data                                    0x200000b8   Section        4  os_core.o(.data)
    .data                                    0x200000bc   Section        4  os_core.o(.data)
    .data                                    0x200000c0   Section        4  os_core.o(.data)
    .data                                    0x200000c4   Section        2  os_core.o(.data)
    .data                                    0x200000c6   Section        2  os_core.o(.data)
    .data                                    0x200000c8   Section        4  os_core.o(.data)
    .data                                    0x200000cc   Section        4  os_core.o(.data)
    .data                                    0x200000d0   Section        4  os_core.o(.data)
    .data                                    0x200000d4   Section        4  os_core.o(.data)
    .data                                    0x200000d8   Section        8  os_cpu_c.o(.data)
    OSTmrCtr                                 0x200000d8   Data           2  os_cpu_c.o(.data)
    .data                                    0x200000e0   Section       16  stm32f2xx_rcc.o(.data)
    APBAHBPrescTable                         0x200000e0   Data          16  stm32f2xx_rcc.o(.data)
    .bss                                     0x200000f0   Section    21052  app.o(.bss)
    modbus_receive_buffer                    0x200000f0   Data          30  app.o(.bss)
    host_slave_transfer                      0x2000010e   Data          30  app.o(.bss)
    AppTaskStartStk                          0x2000012c   Data         512  app.o(.bss)
    AppTaskOSSemaphoreTestStk                0x2000032c   Data       20480  app.o(.bss)
    .bss                                     0x2000532c   Section      324  bsp_int.o(.bss)
    BSP_IntVectTbl                           0x2000532c   Data         324  bsp_int.o(.bss)
    .bss                                     0x20005470   Section       16  cpu_core.o(.bss)
    .bss                                     0x20005480   Section     9288  lib_mem.o(.bss)
    .bss                                     0x200078c8   Section     5136  os_core.o(.bss)
    .bss                                     0x20008cd8   Section       80  os_core.o(.bss)
    .bss                                     0x20008d28   Section      120  os_core.o(.bss)
    .bss                                     0x20008da0   Section       96  os_core.o(.bss)
    .bss                                     0x20008e00   Section      640  os_core.o(.bss)
    .bss                                     0x20009080   Section      512  os_core.o(.bss)
    .bss                                     0x20009280   Section       64  os_core.o(.bss)
    .bss                                     0x200092c0   Section      512  os_cpu_c.o(.bss)
    STACK                                    0x200094c0   Section     1024  cstartup.o(STACK)

    Global Symbols

    Symbol Name                              Value     Ov Type        Size  Object(Section)

    BuildAttributes$$THM_ISAv4$P$D$K$B$S$PE$A:L22UL41UL21$X:L11$S22US41US21$IEEE1$IW$USESV6$~STKCKD$USESV7$~SHL$OSPACE$ROPI$EBA8$MICROLIB$REQ8$PRES8$EABIv2 0x00000000   Number         0  anon$$obj.o ABSOLUTE
    __ARM_use_no_argv                        0x00000000   Number         0  app.o ABSOLUTE
    __cpp_initialize__aeabi_                  - Undefined Weak Reference
    __cxa_finalize                            - Undefined Weak Reference
    __decompress                              - Undefined Weak Reference
    _clock_init                               - Undefined Weak Reference
    _microlib_exit                            - Undefined Weak Reference
    __Vectors_Size                           0x00000184   Number         0  cstartup.o ABSOLUTE
    __Vectors                                0x08000000   Data           4  cstartup.o(RESET)
    __Vectors_End                            0x08000184   Data           0  cstartup.o(RESET)
    __main                                   0x08000185   Thumb Code     0  entry.o(.ARM.Collect$$$$00000000)
    _main_stk                                0x08000185   Thumb Code     0  entry2.o(.ARM.Collect$$$$00000001)
    _main_scatterload                        0x08000189   Thumb Code     0  entry5.o(.ARM.Collect$$$$00000004)
    __main_after_scatterload                 0x0800018d   Thumb Code     0  entry5.o(.ARM.Collect$$$$00000004)
    _main_clock                              0x0800018d   Thumb Code     0  entry7b.o(.ARM.Collect$$$$00000008)
    _main_cpp_init                           0x0800018d   Thumb Code     0  entry8b.o(.ARM.Collect$$$$0000000A)
    _main_init                               0x0800018d   Thumb Code     0  entry9a.o(.ARM.Collect$$$$0000000B)
    __rt_final_cpp                           0x08000195   Thumb Code     0  entry10a.o(.ARM.Collect$$$$0000000D)
    __rt_final_exit                          0x08000195   Thumb Code     0  entry11a.o(.ARM.Collect$$$$0000000F)
    CRC_16                                   0x08000203   Thumb Code    58  app.o(.text)
    main                                     0x08000319   Thumb Code    70  app.o(.text)
    App_TaskCreateHook                       0x080003e5   Thumb Code     2  app_hooks.o(.text)
    App_TaskDelHook                          0x080003e7   Thumb Code     2  app_hooks.o(.text)
    App_TaskIdleHook                         0x080003e9   Thumb Code     2  app_hooks.o(.text)
    App_TaskStatHook                         0x080003eb   Thumb Code     2  app_hooks.o(.text)
    App_TaskReturnHook                       0x080003ed   Thumb Code     2  app_hooks.o(.text)
    App_TaskSwHook                           0x080003ef   Thumb Code     2  app_hooks.o(.text)
    App_TCBInitHook                          0x080003f1   Thumb Code     2  app_hooks.o(.text)
    App_TimeTickHook                         0x080003f3   Thumb Code     2  app_hooks.o(.text)
    BSP_Init                                 0x080003f5   Thumb Code   116  bsp.o(.text)
    BSP_RNG_Read                             0x08000469   Thumb Code    70  bsp.o(.text)
    BSP_CPU_ClkFreq                          0x080004af   Thumb Code    14  bsp.o(.text)
    BSP_CPU_TickInit                         0x080004bd   Thumb Code    22  bsp.o(.text)
    BSP_PSRAM_Init                           0x080004d3   Thumb Code   666  bsp.o(.text)
    BSP_SRAM_Init                            0x0800076d   Thumb Code   656  bsp.o(.text)
    BSP_LED_On                               0x080009fd   Thumb Code    56  bsp.o(.text)
    BSP_LED_Off                              0x08000a35   Thumb Code    56  bsp.o(.text)
    BSP_LED_Toggle                           0x08000a6d   Thumb Code   178  bsp.o(.text)
    BSP_READ_KEY                             0x08000b1f   Thumb Code    26  bsp.o(.text)
    CPU_TS_TmrInit                           0x08000b39   Thumb Code    38  bsp.o(.text)
    CPU_TS_TmrRd                             0x08000b5f   Thumb Code     6  bsp.o(.text)
    BSP_IntClr                               0x08000b81   Thumb Code     2  bsp_int.o(.text)
    BSP_IntDis                               0x08000b83   Thumb Code    14  bsp_int.o(.text)
    BSP_IntDisAll                            0x08000b91   Thumb Code     4  bsp_int.o(.text)
    BSP_IntEn                                0x08000b95   Thumb Code    14  bsp_int.o(.text)
    BSP_IntVectSet                           0x08000ba3   Thumb Code    30  bsp_int.o(.text)
    BSP_IntPrioSet                           0x08000bc1   Thumb Code    38  bsp_int.o(.text)
    BSP_IntInit                              0x08000be9   Thumb Code    20  bsp_int.o(.text)
    BSP_IntHandlerWWDG                       0x08000bfd   Thumb Code     6  bsp_int.o(.text)
    BSP_IntHandlerPVD                        0x08000c03   Thumb Code     6  bsp_int.o(.text)
    BSP_IntHandlerTAMPER                     0x08000c09   Thumb Code     6  bsp_int.o(.text)
    BSP_IntHandlerRTC                        0x08000c0f   Thumb Code     6  bsp_int.o(.text)
    BSP_IntHandlerFLASH                      0x08000c15   Thumb Code     6  bsp_int.o(.text)
    BSP_IntHandlerRCC                        0x08000c1b   Thumb Code     6  bsp_int.o(.text)
    BSP_IntHandlerEXTI0                      0x08000c21   Thumb Code     6  bsp_int.o(.text)
    BSP_IntHandlerEXTI1                      0x08000c27   Thumb Code     6  bsp_int.o(.text)
    BSP_IntHandlerEXTI2                      0x08000c2d   Thumb Code     6  bsp_int.o(.text)
    BSP_IntHandlerEXTI3                      0x08000c33   Thumb Code     6  bsp_int.o(.text)
    BSP_IntHandlerEXTI4                      0x08000c39   Thumb Code     6  bsp_int.o(.text)
    BSP_IntHandlerDMA1_CH1                   0x08000c3f   Thumb Code     6  bsp_int.o(.text)
    BSP_IntHandlerDMA1_CH2                   0x08000c45   Thumb Code     6  bsp_int.o(.text)
    BSP_IntHandlerDMA1_CH3                   0x08000c4b   Thumb Code     6  bsp_int.o(.text)
    BSP_IntHandlerDMA1_CH4                   0x08000c51   Thumb Code     6  bsp_int.o(.text)
    BSP_IntHandlerDMA1_CH5                   0x08000c57   Thumb Code     6  bsp_int.o(.text)
    BSP_IntHandlerDMA1_CH6                   0x08000c5d   Thumb Code     6  bsp_int.o(.text)
    BSP_IntHandlerDMA1_CH7                   0x08000c63   Thumb Code     6  bsp_int.o(.text)
    BSP_IntHandlerADC1_2                     0x08000c69   Thumb Code     6  bsp_int.o(.text)
    BSP_IntHandlerCAN1_TX                    0x08000c6f   Thumb Code     6  bsp_int.o(.text)
    BSP_IntHandlerCAN1_RX0                   0x08000c75   Thumb Code     6  bsp_int.o(.text)
    BSP_IntHandlerCAN1_RX1                   0x08000c7b   Thumb Code     6  bsp_int.o(.text)
    BSP_IntHandlerCAN1_SCE                   0x08000c81   Thumb Code     6  bsp_int.o(.text)
    BSP_IntHandlerEXTI9_5                    0x08000c87   Thumb Code     6  bsp_int.o(.text)
    BSP_IntHandlerTIM1_BRK                   0x08000c8d   Thumb Code     6  bsp_int.o(.text)
    BSP_IntHandlerTIM1_UP                    0x08000c93   Thumb Code     6  bsp_int.o(.text)
    BSP_IntHandlerTIM1_TRG_COM               0x08000c99   Thumb Code     6  bsp_int.o(.text)
    BSP_IntHandlerTIM1_CC                    0x08000c9f   Thumb Code     6  bsp_int.o(.text)
    BSP_IntHandlerTIM2                       0x08000ca5   Thumb Code     6  bsp_int.o(.text)
    BSP_IntHandlerTIM3                       0x08000cab   Thumb Code     6  bsp_int.o(.text)
    BSP_IntHandlerTIM4                       0x08000cb1   Thumb Code     6  bsp_int.o(.text)
    BSP_IntHandlerI2C1_EV                    0x08000cb7   Thumb Code     6  bsp_int.o(.text)
    BSP_IntHandlerI2C1_ER                    0x08000cbd   Thumb Code     6  bsp_int.o(.text)
    BSP_IntHandlerI2C2_EV                    0x08000cc3   Thumb Code     6  bsp_int.o(.text)
    BSP_IntHandlerI2C2_ER                    0x08000cc9   Thumb Code     6  bsp_int.o(.text)
    BSP_IntHandlerSPI1                       0x08000ccf   Thumb Code     6  bsp_int.o(.text)
    BSP_IntHandlerSPI2                       0x08000cd5   Thumb Code     6  bsp_int.o(.text)
    BSP_IntHandlerUSART1                     0x08000cdb   Thumb Code     6  bsp_int.o(.text)
    BSP_IntHandlerUSART2                     0x08000ce1   Thumb Code     6  bsp_int.o(.text)
    BSP_IntHandlerUSART3                     0x08000ce7   Thumb Code     6  bsp_int.o(.text)
    BSP_IntHandlerEXTI15_10                  0x08000ced   Thumb Code     6  bsp_int.o(.text)
    BSP_IntHandlerRTCAlarm                   0x08000cf3   Thumb Code     6  bsp_int.o(.text)
    BSP_IntHandlerUSBWakeUp                  0x08000cf9   Thumb Code     6  bsp_int.o(.text)
    BSP_IntHandlerTIM8_BRK_TIM12             0x08000cff   Thumb Code     6  bsp_int.o(.text)
    BSP_IntHandlerTIM8_UP_TIM13              0x08000d05   Thumb Code     6  bsp_int.o(.text)
    BSP_IntHandlerTIM8_TRG_COM_TIM14         0x08000d0b   Thumb Code     6  bsp_int.o(.text)
    BSP_IntHandlerTIM8_CC                    0x08000d11   Thumb Code     6  bsp_int.o(.text)
    BSP_IntHandlerDMA1_STREAM7               0x08000d17   Thumb Code     6  bsp_int.o(.text)
    BSP_IntHandlerFSMC                       0x08000d1d   Thumb Code     6  bsp_int.o(.text)
    BSP_IntHandlerSDIO                       0x08000d23   Thumb Code     6  bsp_int.o(.text)
    BSP_IntHandlerTIM5                       0x08000d29   Thumb Code     6  bsp_int.o(.text)
    BSP_IntHandlerSPI3                       0x08000d2f   Thumb Code     6  bsp_int.o(.text)
    BSP_IntHandlerUSART4                     0x08000d35   Thumb Code     6  bsp_int.o(.text)
    BSP_IntHandlerUSART5                     0x08000d3b   Thumb Code     6  bsp_int.o(.text)
    BSP_IntHandlerTIM6                       0x08000d41   Thumb Code     6  bsp_int.o(.text)
    BSP_IntHandlerTIM7                       0x08000d47   Thumb Code     6  bsp_int.o(.text)
    BSP_IntHandlerDMA2_CH1                   0x08000d4d   Thumb Code     6  bsp_int.o(.text)
    BSP_IntHandlerDMA2_CH2                   0x08000d53   Thumb Code     6  bsp_int.o(.text)
    BSP_IntHandlerDMA2_CH3                   0x08000d59   Thumb Code     6  bsp_int.o(.text)
    BSP_IntHandlerDMA2_CH4                   0x08000d5f   Thumb Code     6  bsp_int.o(.text)
    BSP_IntHandlerDMA2_CH5                   0x08000d65   Thumb Code     6  bsp_int.o(.text)
    BSP_IntHandlerETH                        0x08000d6b   Thumb Code     6  bsp_int.o(.text)
    BSP_IntHandlerETHWakeup                  0x08000d71   Thumb Code     6  bsp_int.o(.text)
    BSP_IntHandlerCAN2_TX                    0x08000d77   Thumb Code     6  bsp_int.o(.text)
    BSP_IntHandlerCAN2_RX0                   0x08000d7d   Thumb Code     6  bsp_int.o(.text)
    BSP_IntHandlerCAN2_RX1                   0x08000d83   Thumb Code     6  bsp_int.o(.text)
    BSP_IntHandlerCAN2_SCE                   0x08000d89   Thumb Code     6  bsp_int.o(.text)
    BSP_IntHandlerOTG                        0x08000d8f   Thumb Code     6  bsp_int.o(.text)
    BSP_IntHandlerDMA2_CH6                   0x08000d95   Thumb Code     6  bsp_int.o(.text)
    BSP_IntHandlerDMA2_CH7                   0x08000d9b   Thumb Code     6  bsp_int.o(.text)
    BSP_IntHandlerDMA2_CH8                   0x08000da1   Thumb Code     6  bsp_int.o(.text)
    BSP_IntHandlerUSART6                     0x08000da7   Thumb Code     6  bsp_int.o(.text)
    BSP_IntHandlerI2C3_EV                    0x08000dad   Thumb Code     6  bsp_int.o(.text)
    BSP_IntHandlerI2C3_ER                    0x08000db3   Thumb Code     6  bsp_int.o(.text)
    BSP_IntHandlerOTG_HS_EP1_OUT             0x08000db9   Thumb Code     6  bsp_int.o(.text)
    BSP_IntHandlerOTG_HS_EP1_IN              0x08000dbf   Thumb Code     6  bsp_int.o(.text)
    BSP_IntHandlerOTG_HS_WKUP                0x08000dc5   Thumb Code     6  bsp_int.o(.text)
    BSP_IntHandlerOTG_HS                     0x08000dcb   Thumb Code     6  bsp_int.o(.text)
    BSP_IntHandlerDCMI                       0x08000dd1   Thumb Code     6  bsp_int.o(.text)
    BSP_IntHandlerCRYP                       0x08000dd7   Thumb Code     6  bsp_int.o(.text)
    BSP_IntHandlerHASH_RNG                   0x08000ddd   Thumb Code     6  bsp_int.o(.text)
    BSP_Ser_Init                             0x08000e6b   Thumb Code   220  bsp_ser.o(.text)
    BSP_Ser_WrStr                            0x08000f47   Thumb Code    66  bsp_ser.o(.text)
    BSP_Ser_Printf                           0x08000f89   Thumb Code    30  bsp_ser.o(.text)
    BSP_Ser_RdByte                           0x08000fa7   Thumb Code    30  bsp_ser.o(.text)
    BSP_Ser_RdStr                            0x08000fc5   Thumb Code   140  bsp_ser.o(.text)
    BSP_Ser_WrByte                           0x08001051   Thumb Code    32  bsp_ser.o(.text)
    Reset_Handler                            0x0800110d   Thumb Code     4  cstartup.o(.text)
    App_NMI_ISR                              0x08001111   Thumb Code     2  cstartup.o(.text)
    App_Fault_ISR                            0x08001113   Thumb Code     2  cstartup.o(.text)
    App_MemFault_ISR                         0x08001115   Thumb Code     2  cstartup.o(.text)
    App_BusFault_ISR                         0x08001117   Thumb Code     2  cstartup.o(.text)
    App_UsageFault_ISR                       0x08001119   Thumb Code     2  cstartup.o(.text)
    App_Spurious_ISR                         0x0800111b   Thumb Code     2  cstartup.o(.text)
    App_Reserved_ISR                         0x0800111d   Thumb Code     2  cstartup.o(.text)
    BSP_OS_SemCreate                         0x08001125   Thumb Code    30  bsp_os.o(.text)
    BSP_OS_SemWait                           0x08001143   Thumb Code    34  bsp_os.o(.text)
    BSP_OS_SemPost                           0x08001165   Thumb Code    18  bsp_os.o(.text)
    BSP_OS_TimeDlyMs                         0x08001177   Thumb Code    32  bsp_os.o(.text)
    BSP_Ser_1_ISR_Handler                    0x08001199   Thumb Code    86  bsp_ser_1.o(.text)
    BSP_Ser_1_Init                           0x080011ef   Thumb Code   230  bsp_ser_1.o(.text)
    BSP_Ser_1_RdByteUnlocked                 0x080012d5   Thumb Code    62  bsp_ser_1.o(.text)
    BSP_Ser_1_RdByte                         0x08001313   Thumb Code    32  bsp_ser_1.o(.text)
    BSP_Ser_1_RxStrTimeout                   0x08001333   Thumb Code    60  bsp_ser_1.o(.text)
    BSP_Ser_1_WrByteUnlocked                 0x0800136f   Thumb Code    50  bsp_ser_1.o(.text)
    BSP_Ser_1_WrStr                          0x080013a1   Thumb Code    66  bsp_ser_1.o(.text)
    BSP_Ser_1_Printf                         0x080013e3   Thumb Code    30  bsp_ser_1.o(.text)
    Bsp_Ser_1_WrByte                         0x08001401   Thumb Code    32  bsp_ser_1.o(.text)
    BSP_Ser_1_WrStrLen                       0x08001421   Thumb Code    62  bsp_ser_1.o(.text)
    BSP_Ser_2_ISR_Handler                    0x080014a5   Thumb Code    86  bsp_ser_2.o(.text)
    BSP_Ser_2_Init                           0x080014fb   Thumb Code   216  bsp_ser_2.o(.text)
    BSP_Ser_2_RdByteUnlocked                 0x080015d3   Thumb Code    44  bsp_ser_2.o(.text)
    BSP_Ser_2_RdByte                         0x080015ff   Thumb Code    30  bsp_ser_2.o(.text)
    BSP_Ser_2_WrByteUnlocked                 0x0800161d   Thumb Code    50  bsp_ser_2.o(.text)
    BSP_Ser_2_WrStr                          0x0800164f   Thumb Code    66  bsp_ser_2.o(.text)
    BSP_Ser_2_Printf                         0x08001691   Thumb Code    30  bsp_ser_2.o(.text)
    Bsp_Ser_2_WrByte                         0x080016af   Thumb Code    32  bsp_ser_2.o(.text)
    CPU_NameClr                              0x08001715   Thumb Code    26  cpu_core.o(.text)
    CPU_Init                                 0x0800172f   Thumb Code    18  cpu_core.o(.text)
    CPU_SW_Exception                         0x08001741   Thumb Code     2  cpu_core.o(.text)
    CPU_NameGet                              0x08001743   Thumb Code    46  cpu_core.o(.text)
    CPU_NameSet                              0x08001771   Thumb Code    62  cpu_core.o(.text)
    CPU_TS_Get32                             0x080017af   Thumb Code     4  cpu_core.o(.text)
    CPU_TS_Update                            0x080017b3   Thumb Code     2  cpu_core.o(.text)
    CPU_TS_TmrFreqGet                        0x080017b5   Thumb Code    24  cpu_core.o(.text)
    CPU_TS_TmrFreqSet                        0x080017cd   Thumb Code     6  cpu_core.o(.text)
    CPU_CntLeadZeros08                       0x080017d3   Thumb Code    10  cpu_core.o(.text)
    CPU_CntLeadZeros16                       0x080017dd   Thumb Code    10  cpu_core.o(.text)
    CPU_CntLeadZeros32                       0x080017e7   Thumb Code     4  cpu_core.o(.text)
    CPU_CntLeadZeros64                       0x080017eb   Thumb Code   156  cpu_core.o(.text)
    CPU_CntTrailZeros08                      0x08001887   Thumb Code    10  cpu_core.o(.text)
    CPU_CntTrailZeros16                      0x08001891   Thumb Code    10  cpu_core.o(.text)
    CPU_CntTrailZeros32                      0x0800189b   Thumb Code    10  cpu_core.o(.text)
    CPU_CntTrailZeros64                      0x080018a5   Thumb Code    36  cpu_core.o(.text)
    CPU_IntDis                               0x080018d5   Thumb Code     0  cpu_a.o(.text)
    CPU_IntEn                                0x080018d9   Thumb Code     0  cpu_a.o(.text)
    CPU_SR_Save                              0x080018dd   Thumb Code     0  cpu_a.o(.text)
    CPU_SR_Restore                           0x080018e5   Thumb Code     0  cpu_a.o(.text)
    CPU_WaitForInt                           0x080018eb   Thumb Code     0  cpu_a.o(.text)
    CPU_WaitForExcept                        0x080018ef   Thumb Code     0  cpu_a.o(.text)
    CPU_CntLeadZeros                         0x080018f3   Thumb Code     0  cpu_a.o(.text)
    CPU_CntTrailZeros                        0x080018f9   Thumb Code     0  cpu_a.o(.text)
    CPU_RevBits                              0x08001903   Thumb Code     0  cpu_a.o(.text)
    CPU_BitBandClr                           0x08001909   Thumb Code    44  cpu_c.o(.text)
    CPU_BitBandSet                           0x08001935   Thumb Code    44  cpu_c.o(.text)
    CPU_IntSrcDis                            0x08001961   Thumb Code   146  cpu_c.o(.text)
    CPU_IntSrcEn                             0x080019f3   Thumb Code   146  cpu_c.o(.text)
    CPU_IntSrcPendClr                        0x08001a85   Thumb Code    72  cpu_c.o(.text)
    CPU_IntSrcPrioSet                        0x08001acd   Thumb Code   244  cpu_c.o(.text)
    CPU_IntSrcPrioGet                        0x08001bc1   Thumb Code   212  cpu_c.o(.text)
    ASCII_IsAlpha                            0x08001c9d   Thumb Code    22  lib_ascii.o(.text)
    ASCII_IsAlphaNum                         0x08001cb3   Thumb Code    28  lib_ascii.o(.text)
    ASCII_IsLower                            0x08001ccf   Thumb Code    14  lib_ascii.o(.text)
    ASCII_IsUpper                            0x08001cdd   Thumb Code    14  lib_ascii.o(.text)
    ASCII_IsDig                              0x08001ceb   Thumb Code    14  lib_ascii.o(.text)
    ASCII_IsDigOct                           0x08001cf9   Thumb Code    14  lib_ascii.o(.text)
    ASCII_IsDigHex                           0x08001d07   Thumb Code    28  lib_ascii.o(.text)
    ASCII_IsBlank                            0x08001d23   Thumb Code    16  lib_ascii.o(.text)
    ASCII_IsSpace                            0x08001d33   Thumb Code    32  lib_ascii.o(.text)
    ASCII_IsPrint                            0x08001d53   Thumb Code    14  lib_ascii.o(.text)
    ASCII_IsGraph                            0x08001d61   Thumb Code    14  lib_ascii.o(.text)
    ASCII_IsPunct                            0x08001d6f   Thumb Code    58  lib_ascii.o(.text)
    ASCII_IsCtrl                             0x08001da9   Thumb Code    22  lib_ascii.o(.text)
    ASCII_ToLower                            0x08001dbf   Thumb Code    14  lib_ascii.o(.text)
    ASCII_ToUpper                            0x08001dcd   Thumb Code    14  lib_ascii.o(.text)
    ASCII_Cmp                                0x08001ddb   Thumb Code    28  lib_ascii.o(.text)
    Mem_Init                                 0x08001df9   Thumb Code    54  lib_mem.o(.text)
    Mem_Set                                  0x08001e2f   Thumb Code    70  lib_mem.o(.text)
    Mem_Clr                                  0x08001e75   Thumb Code     6  lib_mem.o(.text)
    Mem_Move                                 0x08001e7b   Thumb Code   128  lib_mem.o(.text)
    Mem_Cmp                                  0x08001efb   Thumb Code   126  lib_mem.o(.text)
    Mem_HeapAlloc                            0x08002019   Thumb Code   164  lib_mem.o(.text)
    Mem_SegGetSizeRem                        0x080020bd   Thumb Code   114  lib_mem.o(.text)
    Mem_HeapGetSizeRem                       0x0800212f   Thumb Code     8  lib_mem.o(.text)
    Mem_PoolClr                              0x08002137   Thumb Code    68  lib_mem.o(.text)
    Mem_PoolCreate                           0x0800217b   Thumb Code   722  lib_mem.o(.text)
    Mem_PoolBlkGetNbrAvail                   0x0800244d   Thumb Code    64  lib_mem.o(.text)
    Mem_PoolBlkGet                           0x0800248d   Thumb Code   126  lib_mem.o(.text)
    Mem_PoolBlkGetUsedAtIx                   0x0800250b   Thumb Code   102  lib_mem.o(.text)
    Mem_PoolBlkFree                          0x080025b7   Thumb Code   206  lib_mem.o(.text)
    Mem_PoolBlkIxGet                         0x08002685   Thumb Code   186  lib_mem.o(.text)
    Str_Len_N                                0x08002745   Thumb Code    22  lib_str.o(.text)
    Str_Len                                  0x0800275b   Thumb Code     6  lib_str.o(.text)
    Str_Copy_N                               0x08002761   Thumb Code    48  lib_str.o(.text)
    Str_Copy                                 0x08002791   Thumb Code     6  lib_str.o(.text)
    Str_Cat_N                                0x08002797   Thumb Code    58  lib_str.o(.text)
    Str_Cat                                  0x080027d1   Thumb Code     6  lib_str.o(.text)
    Str_Cmp_N                                0x080027d7   Thumb Code    86  lib_str.o(.text)
    Str_Cmp                                  0x0800282d   Thumb Code     6  lib_str.o(.text)
    Str_CmpIgnoreCase_N                      0x08002833   Thumb Code   146  lib_str.o(.text)
    Str_CmpIgnoreCase                        0x080028c5   Thumb Code     6  lib_str.o(.text)
    Str_Char_N                               0x080028cb   Thumb Code    46  lib_str.o(.text)
    Str_Char                                 0x080028f9   Thumb Code     8  lib_str.o(.text)
    Str_Char_Last_N                          0x08002901   Thumb Code    44  lib_str.o(.text)
    Str_Char_Last                            0x0800292d   Thumb Code     8  lib_str.o(.text)
    Str_Char_Replace_N                       0x08002935   Thumb Code    40  lib_str.o(.text)
    Str_Char_Replace                         0x0800295d   Thumb Code     6  lib_str.o(.text)
    Str_Str_N                                0x08002963   Thumb Code   120  lib_str.o(.text)
    Str_Str                                  0x080029db   Thumb Code     6  lib_str.o(.text)
    Str_FmtNbr_Int32U                        0x08002b2f   Thumb Code    24  lib_str.o(.text)
    Str_FmtNbr_Int32S                        0x08002b47   Thumb Code    40  lib_str.o(.text)
    Str_ParseNbr_Int32U                      0x08002ca9   Thumb Code    12  lib_str.o(.text)
    Str_ParseNbr_Int32S                      0x08002cb5   Thumb Code    42  lib_str.o(.text)
    Mem_Copy                                 0x08002ce5   Thumb Code     0  lib_mem_a.o(.text)
    OS_StrLen                                0x08002f05   Thumb Code    20  os_core.o(.text)
    OSEventNameGet                           0x08002f19   Thumb Code    74  os_core.o(.text)
    OSEventNameSet                           0x08002f63   Thumb Code    58  os_core.o(.text)
    OS_EventTaskRemoveMulti                  0x08002f9d   Thumb Code    40  os_core.o(.text)
    OS_Sched                                 0x08002fc5   Thumb Code    64  os_core.o(.text)
    OS_EventTaskWaitMulti                    0x08003005   Thumb Code    88  os_core.o(.text)
    OSEventPendMulti                         0x0800305d   Thumb Code   460  os_core.o(.text)
    OS_TaskStatStkChk                        0x08003229   Thumb Code    50  os_core.o(.text)
    OS_TaskStat                              0x0800325b   Thumb Code    98  os_core.o(.text)
    OS_TaskIdle                              0x080032bd   Thumb Code    22  os_core.o(.text)
    OS_MemClr                                0x080032d3   Thumb Code    18  os_core.o(.text)
    OSInit                                   0x080032e5   Thumb Code   176  os_core.o(.text)
    OSIntEnter                               0x08003395   Thumb Code    20  os_core.o(.text)
    OSIntExit                                0x080033a9   Thumb Code    84  os_core.o(.text)
    OSSchedLock                              0x080033fd   Thumb Code    38  os_core.o(.text)
    OSSchedUnlock                            0x08003423   Thumb Code    52  os_core.o(.text)
    OSStart                                  0x08003457   Thumb Code    40  os_core.o(.text)
    OSStatInit                               0x0800347f   Thumb Code    48  os_core.o(.text)
    OSTimeTick                               0x080034af   Thumb Code   154  os_core.o(.text)
    OSVersion                                0x08003549   Thumb Code     6  os_core.o(.text)
    OS_Dummy                                 0x0800354f   Thumb Code     2  os_core.o(.text)
    OS_EventTaskRemove                       0x08003551   Thumb Code    32  os_core.o(.text)
    OS_EventTaskRdy                          0x08003571   Thumb Code   104  os_core.o(.text)
    OS_EventTaskWait                         0x080035d9   Thumb Code    68  os_core.o(.text)
    OS_EventWaitListInit                     0x0800361d   Thumb Code    20  os_core.o(.text)
    OS_MemCopy                               0x08003631   Thumb Code    20  os_core.o(.text)
    OS_TCBInit                               0x08003645   Thumb Code   290  os_core.o(.text)
    OSFlagAccept                             0x08003861   Thumb Code   154  os_flag.o(.text)
    OSFlagCreate                             0x080038fb   Thumb Code    68  os_flag.o(.text)
    OS_FlagUnlink                            0x0800393f   Thumb Code    32  os_flag.o(.text)
    OSFlagDel                                0x080039a5   Thumb Code   182  os_flag.o(.text)
    OSFlagNameGet                            0x08003a5b   Thumb Code    72  os_flag.o(.text)
    OSFlagNameSet                            0x08003aa3   Thumb Code    50  os_flag.o(.text)
    OSFlagPend                               0x08003b2b   Thumb Code   370  os_flag.o(.text)
    OSFlagPendGetFlagsRdy                    0x08003c9d   Thumb Code    20  os_flag.o(.text)
    OSFlagPost                               0x08003cb1   Thumb Code   212  os_flag.o(.text)
    OSFlagQuery                              0x08003d85   Thumb Code    38  os_flag.o(.text)
    OS_FlagInit                              0x08003dab   Thumb Code    64  os_flag.o(.text)
    OSMboxAccept                             0x08003df5   Thumb Code    32  os_mbox.o(.text)
    OSMboxCreate                             0x08003e15   Thumb Code    58  os_mbox.o(.text)
    OSMboxDel                                0x08003e4f   Thumb Code   188  os_mbox.o(.text)
    OSMboxPend                               0x08003f0b   Thumb Code   190  os_mbox.o(.text)
    OSMboxPendAbort                          0x08003fc9   Thumb Code   110  os_mbox.o(.text)
    OSMboxPost                               0x08004037   Thumb Code    76  os_mbox.o(.text)
    OSMboxPostOpt                            0x08004083   Thumb Code   108  os_mbox.o(.text)
    OSMboxQuery                              0x080040ef   Thumb Code    66  os_mbox.o(.text)
    OSMemCreate                              0x08004145   Thumb Code    86  os_mem.o(.text)
    OSMemGet                                 0x0800419b   Thumb Code    48  os_mem.o(.text)
    OSMemNameGet                             0x080041cb   Thumb Code    54  os_mem.o(.text)
    OSMemNameSet                             0x08004201   Thumb Code    36  os_mem.o(.text)
    OSMemPut                                 0x08004225   Thumb Code    46  os_mem.o(.text)
    OSMemQuery                               0x08004253   Thumb Code    46  os_mem.o(.text)
    OS_MemInit                               0x08004281   Thumb Code    62  os_mem.o(.text)
    OSQAccept                                0x080042d1   Thumb Code    78  os_q.o(.text)
    OSQCreate                                0x0800431f   Thumb Code   114  os_q.o(.text)
    OSQDel                                   0x08004391   Thumb Code   218  os_q.o(.text)
    OSQFlush                                 0x0800446b   Thumb Code    28  os_q.o(.text)
    OSQPend                                  0x08004487   Thumb Code   208  os_q.o(.text)
    OSQPendAbort                             0x08004557   Thumb Code   108  os_q.o(.text)
    OSQPost                                  0x080045c3   Thumb Code   106  os_q.o(.text)
    OSQPostFront                             0x0800462d   Thumb Code   104  os_q.o(.text)
    OSQPostOpt                               0x08004695   Thumb Code   186  os_q.o(.text)
    OSQQuery                                 0x0800474f   Thumb Code    84  os_q.o(.text)
    OS_QInit                                 0x080047a3   Thumb Code    58  os_q.o(.text)
    OSSemAccept                              0x080047e5   Thumb Code    34  os_sem.o(.text)
    OSSemCreate                              0x08004807   Thumb Code    58  os_sem.o(.text)
    OSSemDel                                 0x08004841   Thumb Code   188  os_sem.o(.text)
    OSSemPend                                0x080048fd   Thumb Code   174  os_sem.o(.text)
    OSSemPendAbort                           0x080049ab   Thumb Code   110  os_sem.o(.text)
    OSSemPost                                0x08004a19   Thumb Code    82  os_sem.o(.text)
    OSSemQuery                               0x08004a6b   Thumb Code    66  os_sem.o(.text)
    OSSemSet                                 0x08004aad   Thumb Code    52  os_sem.o(.text)
    OSTaskChangePrio                         0x08004af5   Thumb Code   322  os_task.o(.text)
    OSTaskCreate                             0x08004c37   Thumb Code   124  os_task.o(.text)
    OS_TaskStkClr                            0x08004cb3   Thumb Code    22  os_task.o(.text)
    OSTaskCreateExt                          0x08004cc9   Thumb Code   144  os_task.o(.text)
    OSTaskDel                                0x08004d59   Thumb Code   274  os_task.o(.text)
    OSTaskDelReq                             0x08004e6b   Thumb Code    82  os_task.o(.text)
    OSTaskNameGet                            0x08004ebd   Thumb Code   138  os_task.o(.text)
    OSTaskNameSet                            0x08004f47   Thumb Code    70  os_task.o(.text)
    OSTaskResume                             0x08004f8d   Thumb Code   120  os_task.o(.text)
    OSTaskStkChk                             0x08005005   Thumb Code    94  os_task.o(.text)
    OSTaskSuspend                            0x08005063   Thumb Code   128  os_task.o(.text)
    OSTaskQuery                              0x080050e3   Thumb Code    74  os_task.o(.text)
    OSTaskRegGet                             0x0800512d   Thumb Code    50  os_task.o(.text)
    OSTaskRegGetID                           0x0800515f   Thumb Code    40  os_task.o(.text)
    OSTaskRegSet                             0x08005187   Thumb Code    52  os_task.o(.text)
    OS_TaskReturn                            0x080051bb   Thumb Code    18  os_task.o(.text)
    OSTimeDly                                0x080051e9   Thumb Code    82  os_time.o(.text)
    OSTimeDlyHMSM                            0x0800523b   Thumb Code    68  os_time.o(.text)
    OSTimeDlyResume                          0x0800527f   Thumb Code   134  os_time.o(.text)
    OSTimeGet                                0x08005305   Thumb Code    18  os_time.o(.text)
    OSTimeSet                                0x08005317   Thumb Code    20  os_time.o(.text)
    OSTmrCreate                              0x08005349   Thumb Code   124  os_tmr.o(.text)
    OSTmrDel                                 0x08005431   Thumb Code    94  os_tmr.o(.text)
    OSTmrNameGet                             0x0800548f   Thumb Code    94  os_tmr.o(.text)
    OSTmrRemainGet                           0x080054ed   Thumb Code   126  os_tmr.o(.text)
    OSTmrStateGet                            0x0800556b   Thumb Code    68  os_tmr.o(.text)
    OSTmrStart                               0x080055f1   Thumb Code    96  os_tmr.o(.text)
    OSTmrStop                                0x08005651   Thumb Code   142  os_tmr.o(.text)
    OSTmrSignal                              0x080056df   Thumb Code     8  os_tmr.o(.text)
    OSTmr_Init                               0x08005773   Thumb Code   200  os_tmr.o(.text)
    OS_CPU_SR_Save                           0x0800589d   Thumb Code     0  os_cpu_a.o(.text)
    OS_CPU_SR_Restore                        0x080058a5   Thumb Code     0  os_cpu_a.o(.text)
    OSStartHighRdy                           0x080058ab   Thumb Code     0  os_cpu_a.o(.text)
    OSCtxSw                                  0x080058d3   Thumb Code     0  os_cpu_a.o(.text)
    OSIntCtxSw                               0x080058dd   Thumb Code     0  os_cpu_a.o(.text)
    OS_CPU_PendSVHandler                     0x080058e7   Thumb Code     0  os_cpu_a.o(.text)
    OSInitHookBegin                          0x0800594d   Thumb Code    22  os_cpu_c.o(.text)
    OSInitHookEnd                            0x08005963   Thumb Code     2  os_cpu_c.o(.text)
    OSTaskCreateHook                         0x08005965   Thumb Code     4  os_cpu_c.o(.text)
    OSTaskDelHook                            0x08005969   Thumb Code     4  os_cpu_c.o(.text)
    OSTaskIdleHook                           0x0800596d   Thumb Code     4  os_cpu_c.o(.text)
    OSTaskReturnHook                         0x08005971   Thumb Code     4  os_cpu_c.o(.text)
    OSTaskStatHook                           0x08005975   Thumb Code     4  os_cpu_c.o(.text)
    OSTaskStkInit                            0x08005979   Thumb Code   112  os_cpu_c.o(.text)
    OSTaskSwHook                             0x080059e9   Thumb Code     4  os_cpu_c.o(.text)
    OSTCBInitHook                            0x080059ed   Thumb Code     4  os_cpu_c.o(.text)
    OSTimeTickHook                           0x080059f1   Thumb Code    34  os_cpu_c.o(.text)
    OS_CPU_SysTickHandler                    0x08005a13   Thumb Code    30  os_cpu_c.o(.text)
    OS_CPU_SysTickInit                       0x08005a31   Thumb Code    32  os_cpu_c.o(.text)
    OSDebugInit                              0x08005a69   Thumb Code     2  os_dbg.o(.text)
    FSMC_NORSRAMDeInit                       0x08005a6d   Thumb Code    38  stm32f2xx_fsmc.o(.text)
    FSMC_NORSRAMInit                         0x08005a93   Thumb Code   200  stm32f2xx_fsmc.o(.text)
    FSMC_NORSRAMStructInit                   0x08005b5b   Thumb Code    98  stm32f2xx_fsmc.o(.text)
    FSMC_NORSRAMCmd                          0x08005bbd   Thumb Code    26  stm32f2xx_fsmc.o(.text)
    FSMC_NANDDeInit                          0x08005bd7   Thumb Code    40  stm32f2xx_fsmc.o(.text)
    FSMC_NANDInit                            0x08005bff   Thumb Code   104  stm32f2xx_fsmc.o(.text)
    FSMC_NANDStructInit                      0x08005c67   Thumb Code    54  stm32f2xx_fsmc.o(.text)
    FSMC_NANDCmd                             0x08005c9d   Thumb Code    54  stm32f2xx_fsmc.o(.text)
    FSMC_NANDECCCmd                          0x08005cd3   Thumb Code    54  stm32f2xx_fsmc.o(.text)
    FSMC_GetECC                              0x08005d09   Thumb Code    18  stm32f2xx_fsmc.o(.text)
    FSMC_PCCARDDeInit                        0x08005d1b   Thumb Code    26  stm32f2xx_fsmc.o(.text)
    FSMC_PCCARDInit                          0x08005d35   Thumb Code   102  stm32f2xx_fsmc.o(.text)
    FSMC_PCCARDStructInit                    0x08005d9b   Thumb Code    60  stm32f2xx_fsmc.o(.text)
    FSMC_PCCARDCmd                           0x08005dd7   Thumb Code    28  stm32f2xx_fsmc.o(.text)
    FSMC_ITConfig                            0x08005df3   Thumb Code    72  stm32f2xx_fsmc.o(.text)
    FSMC_GetFlagStatus                       0x08005e3b   Thumb Code    40  stm32f2xx_fsmc.o(.text)
    FSMC_ClearFlag                           0x08005e63   Thumb Code    38  stm32f2xx_fsmc.o(.text)
    FSMC_GetITStatus                         0x08005e89   Thumb Code    48  stm32f2xx_fsmc.o(.text)
    FSMC_ClearITPendingBit                   0x08005eb9   Thumb Code    42  stm32f2xx_fsmc.o(.text)
    GPIO_DeInit                              0x08005ee9   Thumb Code   192  stm32f2xx_gpio.o(.text)
    GPIO_Init                                0x08005fa9   Thumb Code   120  stm32f2xx_gpio.o(.text)
    GPIO_StructInit                          0x08006021   Thumb Code    18  stm32f2xx_gpio.o(.text)
    GPIO_PinLockConfig                       0x08006033   Thumb Code    24  stm32f2xx_gpio.o(.text)
    GPIO_ReadInputDataBit                    0x0800604b   Thumb Code    14  stm32f2xx_gpio.o(.text)
    GPIO_ReadInputData                       0x08006059   Thumb Code     6  stm32f2xx_gpio.o(.text)
    GPIO_ReadOutputDataBit                   0x0800605f   Thumb Code    14  stm32f2xx_gpio.o(.text)
    GPIO_ReadOutputData                      0x0800606d   Thumb Code     6  stm32f2xx_gpio.o(.text)
    GPIO_SetBits                             0x08006073   Thumb Code     4  stm32f2xx_gpio.o(.text)
    GPIO_ResetBits                           0x08006077   Thumb Code     4  stm32f2xx_gpio.o(.text)
    GPIO_WriteBit                            0x0800607b   Thumb Code    10  stm32f2xx_gpio.o(.text)
    GPIO_Write                               0x08006085   Thumb Code     4  stm32f2xx_gpio.o(.text)
    GPIO_ToggleBits                          0x08006089   Thumb Code     8  stm32f2xx_gpio.o(.text)
    GPIO_PinAFConfig                         0x08006091   Thumb Code    32  stm32f2xx_gpio.o(.text)
    RCC_DeInit                               0x080060d5   Thumb Code    48  stm32f2xx_rcc.o(.text)
    RCC_HSEConfig                            0x08006105   Thumb Code    12  stm32f2xx_rcc.o(.text)
    RCC_GetFlagStatus                        0x08006111   Thumb Code    46  stm32f2xx_rcc.o(.text)
    RCC_WaitForHSEStartUp                    0x0800613f   Thumb Code    44  stm32f2xx_rcc.o(.text)
    RCC_AdjustHSICalibrationValue            0x0800616b   Thumb Code    16  stm32f2xx_rcc.o(.text)
    RCC_HSICmd                               0x0800617b   Thumb Code     6  stm32f2xx_rcc.o(.text)
    RCC_LSEConfig                            0x08006181   Thumb Code    24  stm32f2xx_rcc.o(.text)
    RCC_LSICmd                               0x08006199   Thumb Code     6  stm32f2xx_rcc.o(.text)
    RCC_PLLConfig                            0x0800619f   Thumb Code    32  stm32f2xx_rcc.o(.text)
    RCC_PLLCmd                               0x080061bf   Thumb Code     6  stm32f2xx_rcc.o(.text)
    RCC_PLLI2SConfig                         0x080061c5   Thumb Code    14  stm32f2xx_rcc.o(.text)
    RCC_PLLI2SCmd                            0x080061d3   Thumb Code     6  stm32f2xx_rcc.o(.text)
    RCC_ClockSecuritySystemCmd               0x080061d9   Thumb Code     6  stm32f2xx_rcc.o(.text)
    RCC_MCO1Config                           0x080061df   Thumb Code    18  stm32f2xx_rcc.o(.text)
    RCC_MCO2Config                           0x080061f1   Thumb Code    18  stm32f2xx_rcc.o(.text)
    RCC_SYSCLKConfig                         0x08006203   Thumb Code    16  stm32f2xx_rcc.o(.text)
    RCC_GetSYSCLKSource                      0x08006213   Thumb Code    12  stm32f2xx_rcc.o(.text)
    RCC_HCLKConfig                           0x0800621f   Thumb Code    16  stm32f2xx_rcc.o(.text)
    RCC_PCLK1Config                          0x0800622f   Thumb Code    16  stm32f2xx_rcc.o(.text)
    RCC_PCLK2Config                          0x0800623f   Thumb Code    18  stm32f2xx_rcc.o(.text)
    RCC_GetClocksFreq                        0x08006251   Thumb Code   134  stm32f2xx_rcc.o(.text)
    RCC_RTCCLKConfig                         0x080062d7   Thumb Code    42  stm32f2xx_rcc.o(.text)
    RCC_RTCCLKCmd                            0x08006301   Thumb Code     8  stm32f2xx_rcc.o(.text)
    RCC_BackupResetCmd                       0x08006309   Thumb Code     8  stm32f2xx_rcc.o(.text)
    RCC_I2SCLKConfig                         0x08006311   Thumb Code     8  stm32f2xx_rcc.o(.text)
    RCC_AHB1PeriphClockCmd                   0x08006319   Thumb Code    20  stm32f2xx_rcc.o(.text)
    RCC_AHB2PeriphClockCmd                   0x0800632d   Thumb Code    20  stm32f2xx_rcc.o(.text)
    RCC_AHB3PeriphClockCmd                   0x08006341   Thumb Code    20  stm32f2xx_rcc.o(.text)
    RCC_APB1PeriphClockCmd                   0x08006355   Thumb Code    20  stm32f2xx_rcc.o(.text)
    RCC_APB2PeriphClockCmd                   0x08006369   Thumb Code    20  stm32f2xx_rcc.o(.text)
    RCC_AHB1PeriphResetCmd                   0x0800637d   Thumb Code    20  stm32f2xx_rcc.o(.text)
    RCC_AHB2PeriphResetCmd                   0x08006391   Thumb Code    20  stm32f2xx_rcc.o(.text)
    RCC_AHB3PeriphResetCmd                   0x080063a5   Thumb Code    20  stm32f2xx_rcc.o(.text)
    RCC_APB1PeriphResetCmd                   0x080063b9   Thumb Code    20  stm32f2xx_rcc.o(.text)
    RCC_APB2PeriphResetCmd                   0x080063cd   Thumb Code    20  stm32f2xx_rcc.o(.text)
    RCC_AHB1PeriphClockLPModeCmd             0x080063e1   Thumb Code    20  stm32f2xx_rcc.o(.text)
    RCC_AHB2PeriphClockLPModeCmd             0x080063f5   Thumb Code    20  stm32f2xx_rcc.o(.text)
    RCC_AHB3PeriphClockLPModeCmd             0x08006409   Thumb Code    20  stm32f2xx_rcc.o(.text)
    RCC_APB1PeriphClockLPModeCmd             0x0800641d   Thumb Code    20  stm32f2xx_rcc.o(.text)
    RCC_APB2PeriphClockLPModeCmd             0x08006431   Thumb Code    20  stm32f2xx_rcc.o(.text)
    RCC_ITConfig                             0x08006445   Thumb Code    20  stm32f2xx_rcc.o(.text)
    RCC_ClearFlag                            0x08006459   Thumb Code    14  stm32f2xx_rcc.o(.text)
    RCC_GetITStatus                          0x08006467   Thumb Code    18  stm32f2xx_rcc.o(.text)
    RCC_ClearITPendingBit                    0x08006479   Thumb Code     8  stm32f2xx_rcc.o(.text)
    USART_DeInit                             0x080064a9   Thumb Code   114  stm32f2xx_usart.o(.text)
    USART_Init                               0x0800651b   Thumb Code   164  stm32f2xx_usart.o(.text)
    USART_StructInit                         0x080065bf   Thumb Code    22  stm32f2xx_usart.o(.text)
    USART_ClockInit                          0x080065d5   Thumb Code    28  stm32f2xx_usart.o(.text)
    USART_ClockStructInit                    0x080065f1   Thumb Code    12  stm32f2xx_usart.o(.text)
    USART_Cmd                                0x080065fd   Thumb Code    20  stm32f2xx_usart.o(.text)
    USART_SetPrescaler                       0x08006611   Thumb Code    16  stm32f2xx_usart.o(.text)
    USART_OverSampling8Cmd                   0x08006621   Thumb Code    20  stm32f2xx_usart.o(.text)
    USART_OneBitMethodCmd                    0x08006635   Thumb Code    20  stm32f2xx_usart.o(.text)
    USART_SendData                           0x08006649   Thumb Code     8  stm32f2xx_usart.o(.text)
    USART_ReceiveData                        0x08006651   Thumb Code     8  stm32f2xx_usart.o(.text)
    USART_SetAddress                         0x08006659   Thumb Code    16  stm32f2xx_usart.o(.text)
    USART_ReceiverWakeUpCmd                  0x08006669   Thumb Code    20  stm32f2xx_usart.o(.text)
    USART_WakeUpConfig                       0x0800667d   Thumb Code    16  stm32f2xx_usart.o(.text)
    USART_LINBreakDetectLengthConfig         0x0800668d   Thumb Code    16  stm32f2xx_usart.o(.text)
    USART_LINCmd                             0x0800669d   Thumb Code    20  stm32f2xx_usart.o(.text)
    USART_SendBreak                          0x080066b1   Thumb Code    10  stm32f2xx_usart.o(.text)
    USART_HalfDuplexCmd                      0x080066bb   Thumb Code    20  stm32f2xx_usart.o(.text)
    USART_SetGuardTime                       0x080066cf   Thumb Code    16  stm32f2xx_usart.o(.text)
    USART_SmartCardCmd                       0x080066df   Thumb Code    20  stm32f2xx_usart.o(.text)
    USART_SmartCardNACKCmd                   0x080066f3   Thumb Code    20  stm32f2xx_usart.o(.text)
    USART_IrDAConfig                         0x08006707   Thumb Code    16  stm32f2xx_usart.o(.text)
    USART_IrDACmd                            0x08006717   Thumb Code    20  stm32f2xx_usart.o(.text)
    USART_DMACmd                             0x0800672b   Thumb Code    16  stm32f2xx_usart.o(.text)
    USART_ITConfig                           0x0800673b   Thumb Code    48  stm32f2xx_usart.o(.text)
    USART_GetFlagStatus                      0x0800676b   Thumb Code    14  stm32f2xx_usart.o(.text)
    USART_ClearFlag                          0x08006779   Thumb Code     6  stm32f2xx_usart.o(.text)
    USART_GetITStatus                        0x0800677f   Thumb Code    62  stm32f2xx_usart.o(.text)
    USART_ClearITPendingBit                  0x080067bd   Thumb Code    12  stm32f2xx_usart.o(.text)
    __aeabi_uidiv                            0x080067e1   Thumb Code     0  uidiv.o(.text)
    __aeabi_uidivmod                         0x080067e1   Thumb Code    44  uidiv.o(.text)
    __aeabi_uldivmod                         0x0800680d   Thumb Code    98  uldiv.o(.text)
    __I$use$fp                               0x0800686f   Thumb Code     0  iusefp.o(.text)
    __aeabi_dadd                             0x0800686f   Thumb Code   322  dadd.o(.text)
    __aeabi_dsub                             0x080069b1   Thumb Code     6  dadd.o(.text)
    __aeabi_drsub                            0x080069b7   Thumb Code     6  dadd.o(.text)
    __aeabi_dmul                             0x080069bd   Thumb Code   228  dmul.o(.text)
    __aeabi_ddiv                             0x08006aa1   Thumb Code   222  ddiv.o(.text)
    __aeabi_d2ulz                            0x08006b7f   Thumb Code    48  dfixul.o(.text)
    __aeabi_cdrcmple                         0x08006bb1   Thumb Code    38  cdrcmple.o(.text)
    __scatterload                            0x08006bd9   Thumb Code    28  init.o(.text)
    __scatterload_rt2                        0x08006bd9   Thumb Code     0  init.o(.text)
    __aeabi_llsl                             0x08006bfd   Thumb Code    30  llshl.o(.text)
    _ll_shift_l                              0x08006bfd   Thumb Code     0  llshl.o(.text)
    __aeabi_llsr                             0x08006c1b   Thumb Code    32  llushr.o(.text)
    _ll_ushift_r                             0x08006c1b   Thumb Code     0  llushr.o(.text)
    __aeabi_lasr                             0x08006c3b   Thumb Code    36  llsshr.o(.text)
    _ll_sshift_r                             0x08006c3b   Thumb Code     0  llsshr.o(.text)
    _double_round                            0x08006c5f   Thumb Code    26  depilogue.o(.text)
    _double_epilogue                         0x08006c79   Thumb Code   156  depilogue.o(.text)
    __0vsnprintf                             0x08006d15   Thumb Code    32  printfa.o(i.__0vsnprintf)
    __1vsnprintf                             0x08006d15   Thumb Code     0  printfa.o(i.__0vsnprintf)
    __2vsnprintf                             0x08006d15   Thumb Code     0  printfa.o(i.__0vsnprintf)
    __c89vsnprintf                           0x08006d15   Thumb Code     0  printfa.o(i.__0vsnprintf)
    vsnprintf                                0x08006d15   Thumb Code     0  printfa.o(i.__0vsnprintf)
    __scatterload_copy                       0x08006d39   Thumb Code    14  handlers.o(i.__scatterload_copy)
    __scatterload_null                       0x08006d47   Thumb Code     2  handlers.o(i.__scatterload_null)
    __scatterload_zeroinit                   0x08006d49   Thumb Code    14  handlers.o(i.__scatterload_zeroinit)
    GPIO_PIN_KEY                             0x08007600   Data           8  bsp.o(.constdata)
    GPIO_PIN                                 0x08007608   Data          10  bsp.o(.constdata)
    GPIO_CLK_KEY                             0x08007614   Data          16  bsp.o(.constdata)
    OSUnMapTbl                               0x080077b8   Data         256  os_core.o(.constdata)
    Region$$Table$$Base                      0x080078b8   Number         0  anon$$obj.o(Region$$Table)
    Region$$Table$$Limit                     0x080078d8   Number         0  anon$$obj.o(Region$$Table)
    print_data_UART3                         0x20000004   Data           4  app.o(.data)
    AckMbox                                  0x20000008   Data           4  app.o(.data)
    TxMbox                                   0x2000000c   Data           4  app.o(.data)
    GPIO_PORT                                0x20000020   Data          20  bsp.o(.data)
    GPIO_PORT_KEY                            0x20000034   Data          16  bsp.o(.data)
    CPU_TS_TmrFreq_Hz                        0x20000074   Data           4  cpu_core.o(.data)
    Mem_PoolTbl                              0x20000078   Data           4  lib_mem.o(.data)
    OSCPUUsage                               0x2000007c   Data           1  os_core.o(.data)
    OSStatRdy                                0x2000007d   Data           1  os_core.o(.data)
    OSIntNesting                             0x2000007e   Data           1  os_core.o(.data)
    OSLockNesting                            0x2000007f   Data           1  os_core.o(.data)
    OSPrioCur                                0x20000080   Data           1  os_core.o(.data)
    OSPrioHighRdy                            0x20000081   Data           1  os_core.o(.data)
    OSRdyGrp                                 0x20000082   Data           1  os_core.o(.data)
    OSRunning                                0x20000083   Data           1  os_core.o(.data)
    OSTaskCtr                                0x20000084   Data           1  os_core.o(.data)
    OSTickStepState                          0x20000085   Data           1  os_core.o(.data)
    OSTaskRegNextAvailID                     0x20000086   Data           1  os_core.o(.data)
    OSCtxSwCtr                               0x20000088   Data           4  os_core.o(.data)
    OSEventFreeList                          0x2000008c   Data           4  os_core.o(.data)
    OSIdleCtrMax                             0x20000090   Data           4  os_core.o(.data)
    OSIdleCtrRun                             0x20000094   Data           4  os_core.o(.data)
    OSIdleCtr                                0x20000098   Data           4  os_core.o(.data)
    OSTCBCur                                 0x2000009c   Data           4  os_core.o(.data)
    OSTCBFreeList                            0x200000a0   Data           4  os_core.o(.data)
    OSTCBHighRdy                             0x200000a4   Data           4  os_core.o(.data)
    OSTCBList                                0x200000a8   Data           4  os_core.o(.data)
    OSTime                                   0x200000ac   Data           4  os_core.o(.data)
    OSRdyTbl                                 0x200000b0   Data           8  os_core.o(.data)
    OSFlagFreeList                           0x200000b8   Data           4  os_core.o(.data)
    OSMemFreeList                            0x200000bc   Data           4  os_core.o(.data)
    OSQFreeList                              0x200000c0   Data           4  os_core.o(.data)
    OSTmrFree                                0x200000c4   Data           2  os_core.o(.data)
    OSTmrUsed                                0x200000c6   Data           2  os_core.o(.data)
    OSTmrTime                                0x200000c8   Data           4  os_core.o(.data)
    OSTmrSem                                 0x200000cc   Data           4  os_core.o(.data)
    OSTmrSemSignal                           0x200000d0   Data           4  os_core.o(.data)
    OSTmrFreeList                            0x200000d4   Data           4  os_core.o(.data)
    OS_CPU_ExceptStkBase                     0x200000dc   Data           4  os_cpu_c.o(.data)
    CPU_Name                                 0x20005470   Data          16  cpu_core.o(.bss)
    Mem_PoolHeap                             0x20005480   Data          72  lib_mem.o(.bss)
    Mem_Heap                                 0x200054c8   Data        9216  lib_mem.o(.bss)
    OSEventTbl                               0x200078c8   Data        1920  os_core.o(.bss)
    OSTaskStatStk                            0x20008048   Data         512  os_core.o(.bss)
    OSTaskIdleStk                            0x20008248   Data         512  os_core.o(.bss)
    OSTCBPrioTbl                             0x20008448   Data         256  os_core.o(.bss)
    OSTCBTbl                                 0x20008548   Data        1936  os_core.o(.bss)
    OSFlagTbl                                0x20008cd8   Data          80  os_core.o(.bss)
    OSMemTbl                                 0x20008d28   Data         120  os_core.o(.bss)
    OSQTbl                                   0x20008da0   Data          96  os_core.o(.bss)
    OSTmrTbl                                 0x20008e00   Data         640  os_core.o(.bss)
    OSTmrTaskStk                             0x20009080   Data         512  os_core.o(.bss)
    OSTmrWheelTbl                            0x20009280   Data          64  os_core.o(.bss)
    OS_CPU_ExceptStk                         0x200092c0   Data         512  os_cpu_c.o(.bss)
    __initial_sp                             0x200098c0   Data           0  cstartup.o(STACK)



==============================================================================

Memory Map of the image

  Image Entry point : 0x08000185

  Load Region LR_IROM1 (Base: 0x08000000, Size: 0x000079c8, Max: 0x00100000, ABSOLUTE)

    Execution Region ER_IROM1 (Base: 0x08000000, Size: 0x000078d8, Max: 0x00100000, ABSOLUTE)

    Base Addr    Size         Type   Attr      Idx    E Section Name        Object

    0x08000000   0x00000184   Data   RO          350    RESET               cstartup.o
    0x08000184   0x00000000   Code   RO         1347  * .ARM.Collect$$$$00000000  mc_w.l(entry.o)
    0x08000184   0x00000004   Code   RO         1378    .ARM.Collect$$$$00000001  mc_w.l(entry2.o)
    0x08000188   0x00000004   Code   RO         1381    .ARM.Collect$$$$00000004  mc_w.l(entry5.o)
    0x0800018c   0x00000000   Code   RO         1383    .ARM.Collect$$$$00000008  mc_w.l(entry7b.o)
    0x0800018c   0x00000000   Code   RO         1385    .ARM.Collect$$$$0000000A  mc_w.l(entry8b.o)
    0x0800018c   0x00000008   Code   RO         1386    .ARM.Collect$$$$0000000B  mc_w.l(entry9a.o)
    0x08000194   0x00000000   Code   RO         1388    .ARM.Collect$$$$0000000D  mc_w.l(entry10a.o)
    0x08000194   0x00000000   Code   RO         1390    .ARM.Collect$$$$0000000F  mc_w.l(entry11a.o)
    0x08000194   0x00000004   Code   RO         1379    .ARM.Collect$$$$00002712  mc_w.l(entry2.o)
    0x08000198   0x0000024c   Code   RO            2    .text               app.o
    0x080003e4   0x00000010   Code   RO          204    .text               app_hooks.o
    0x080003f4   0x0000078c   Code   RO          236    .text               bsp.o
    0x08000b80   0x00000294   Code   RO          261    .text               bsp_int.o
    0x08000e14   0x000002f8   Code   RO          321    .text               bsp_ser.o
    0x0800110c   0x00000018   Code   RO          351    .text               cstartup.o
    0x08001124   0x00000072   Code   RO          356    .text               bsp_os.o
    0x08001196   0x00000002   PAD
    0x08001198   0x0000030c   Code   RO          375    .text               bsp_ser_1.o
    0x080014a4   0x00000270   Code   RO          394    .text               bsp_ser_2.o
    0x08001714   0x000001c0   Code   RO          412    .text               cpu_core.o
    0x080018d4   0x00000034   Code   RO          457    .text               cpu_a.o
    0x08001908   0x00000394   Code   RO          460    .text               cpu_c.o
    0x08001c9c   0x0000015a   Code   RO          482    .text               lib_ascii.o
    0x08001df6   0x00000002   PAD
    0x08001df8   0x0000094c   Code   RO          517    .text               lib_mem.o
    0x08002744   0x000005a0   Code   RO          536    .text               lib_str.o
    0x08002ce4   0x00000220   Code   RO          554    .text               lib_mem_a.o
    0x08002f04   0x0000095c   Code   RO          557    .text               os_core.o
    0x08003860   0x00000594   Code   RO          597    .text               os_flag.o
    0x08003df4   0x00000350   Code   RO          610    .text               os_mbox.o
    0x08004144   0x0000018c   Code   RO          622    .text               os_mem.o
    0x080042d0   0x00000514   Code   RO          646    .text               os_q.o
    0x080047e4   0x00000310   Code   RO          658    .text               os_sem.o
    0x08004af4   0x000006f4   Code   RO          670    .text               os_task.o
    0x080051e8   0x00000160   Code   RO          683    .text               os_time.o
    0x08005348   0x00000554   Code   RO          695    .text               os_tmr.o
    0x0800589c   0x000000b0   Code   RO          707    .text               os_cpu_a.o
    0x0800594c   0x0000011c   Code   RO          710    .text               os_cpu_c.o
    0x08005a68   0x00000002   Code   RO          733    .text               os_dbg.o
    0x08005a6a   0x00000002   PAD
    0x08005a6c   0x0000047c   Code   RO         1072    .text               stm32f2xx_fsmc.o
    0x08005ee8   0x000001ec   Code   RO         1088    .text               stm32f2xx_gpio.o
    0x080060d4   0x000003d4   Code   RO         1200    .text               stm32f2xx_rcc.o
    0x080064a8   0x00000338   Code   RO         1316    .text               stm32f2xx_usart.o
    0x080067e0   0x0000002c   Code   RO         1395    .text               mc_w.l(uidiv.o)
    0x0800680c   0x00000062   Code   RO         1397    .text               mc_w.l(uldiv.o)
    0x0800686e   0x00000000   Code   RO         1399    .text               mc_w.l(iusefp.o)
    0x0800686e   0x0000014e   Code   RO         1400    .text               mf_w.l(dadd.o)
    0x080069bc   0x000000e4   Code   RO         1402    .text               mf_w.l(dmul.o)
    0x08006aa0   0x000000de   Code   RO         1404    .text               mf_w.l(ddiv.o)
    0x08006b7e   0x00000030   Code   RO         1406    .text               mf_w.l(dfixul.o)
    0x08006bae   0x00000002   PAD
    0x08006bb0   0x00000028   Code   RO         1408    .text               mf_w.l(cdrcmple.o)
    0x08006bd8   0x00000024   Code   RO         1410    .text               mc_w.l(init.o)
    0x08006bfc   0x0000001e   Code   RO         1413    .text               mc_w.l(llshl.o)
    0x08006c1a   0x00000020   Code   RO         1415    .text               mc_w.l(llushr.o)
    0x08006c3a   0x00000024   Code   RO         1417    .text               mc_w.l(llsshr.o)
    0x08006c5e   0x000000b6   Code   RO         1420    .text               mf_w.l(depilogue.o)
    0x08006d14   0x00000024   Code   RO         1356    i.__0vsnprintf      mc_w.l(printfa.o)
    0x08006d38   0x0000000e   Code   RO         1424    i.__scatterload_copy  mc_w.l(handlers.o)
    0x08006d46   0x00000002   Code   RO         1425    i.__scatterload_null  mc_w.l(handlers.o)
    0x08006d48   0x0000000e   Code   RO         1426    i.__scatterload_zeroinit  mc_w.l(handlers.o)
    0x08006d56   0x00000002   PAD
    0x08006d58   0x00000164   Code   RO         1358    i._fp_digits        mc_w.l(printfa.o)
    0x08006ebc   0x000006dc   Code   RO         1359    i._printf_core      mc_w.l(printfa.o)
    0x08007598   0x00000024   Code   RO         1360    i._printf_post_padding  mc_w.l(printfa.o)
    0x080075bc   0x0000002e   Code   RO         1361    i._printf_pre_padding  mc_w.l(printfa.o)
    0x080075ea   0x00000016   Code   RO         1362    i._snputc           mc_w.l(printfa.o)
    0x08007600   0x00000024   Data   RO          237    .constdata          bsp.o
    0x08007624   0x00000100   Data   RO          414    .constdata          cpu_core.o
    0x08007724   0x00000094   Data   RO          537    .constdata          lib_str.o
    0x080077b8   0x00000100   Data   RO          565    .constdata          os_core.o
    0x080078b8   0x00000020   Data   RO         1422    Region$$Table       anon$$obj.o


    Execution Region RW_IRAM1 (Base: 0x20000000, Size: 0x000098c0, Max: 0x00020000, ABSOLUTE)

    Base Addr    Size         Type   Attr      Idx    E Section Name        Object

    0x20000000   0x00000020   Data   RW            4    .data               app.o
    0x20000020   0x00000024   Data   RW          239    .data               bsp.o
    0x20000044   0x00000010   Data   RW          322    .data               bsp_ser.o
    0x20000054   0x00000010   Data   RW          376    .data               bsp_ser_1.o
    0x20000064   0x00000010   Data   RW          395    .data               bsp_ser_2.o
    0x20000074   0x00000004   Data   RW          415    .data               cpu_core.o
    0x20000078   0x00000004   Data   RW          519    .data               lib_mem.o
    0x2000007c   0x0000003c   Data   RW          566    .data               os_core.o
    0x200000b8   0x00000004   Data   RW          567    .data               os_core.o
    0x200000bc   0x00000004   Data   RW          568    .data               os_core.o
    0x200000c0   0x00000004   Data   RW          569    .data               os_core.o
    0x200000c4   0x00000002   Data   RW          570    .data               os_core.o
    0x200000c6   0x00000002   Data   RW          571    .data               os_core.o
    0x200000c8   0x00000004   Data   RW          572    .data               os_core.o
    0x200000cc   0x00000004   Data   RW          573    .data               os_core.o
    0x200000d0   0x00000004   Data   RW          574    .data               os_core.o
    0x200000d4   0x00000004   Data   RW          575    .data               os_core.o
    0x200000d8   0x00000008   Data   RW          712    .data               os_cpu_c.o
    0x200000e0   0x00000010   Data   RW         1201    .data               stm32f2xx_rcc.o
    0x200000f0   0x0000523c   Zero   RW            3    .bss                app.o
    0x2000532c   0x00000144   Zero   RW          262    .bss                bsp_int.o
    0x20005470   0x00000010   Zero   RW          413    .bss                cpu_core.o
    0x20005480   0x00002448   Zero   RW          518    .bss                lib_mem.o
    0x200078c8   0x00001410   Zero   RW          558    .bss                os_core.o
    0x20008cd8   0x00000050   Zero   RW          559    .bss                os_core.o
    0x20008d28   0x00000078   Zero   RW          560    .bss                os_core.o
    0x20008da0   0x00000060   Zero   RW          561    .bss                os_core.o
    0x20008e00   0x00000280   Zero   RW          562    .bss                os_core.o
    0x20009080   0x00000200   Zero   RW          563    .bss                os_core.o
    0x20009280   0x00000040   Zero   RW          564    .bss                os_core.o
    0x200092c0   0x00000200   Zero   RW          711    .bss                os_cpu_c.o
    0x200094c0   0x00000400   Zero   RW          348    STACK               cstartup.o


==============================================================================

Image component sizes


      Code (inc. data)   RO Data    RW Data    ZI Data      Debug   Object Name

       588         42          0         32      21052     263360   app.o
        16          0          0          0          0       1246   app_hooks.o
      1932         62         36         36          0       4629   bsp.o
       660          8          0          0        324      11264   bsp_int.o
       114          0          0          0          0       2154   bsp_os.o
       760         62          0         16          0       3872   bsp_ser.o
       780         70          0         16          0       3676   bsp_ser_1.o
       624         70          0         16          0       3034   bsp_ser_2.o
        52          0          0          0          0        392   cpu_a.o
       916         72          0          0          0      10525   cpu_c.o
       448         12        256          4         16      25386   cpu_core.o
        24          6        388          0       1024        700   cstartup.o
       346          0          0          0          0       4074   lib_ascii.o
      2380         38          0          4       9288      20208   lib_mem.o
       544          0          0          0          0        540   lib_mem_a.o
      1440          6        148          0          0       8960   lib_str.o
         0          0          0          0          0     236652   misc.o
      2396         90        256         92       6648      17986   os_core.o
       176         36          0          0          0        464   os_cpu_a.o
       284         24          0          8        512      12639   os_cpu_c.o
         2          0          0          0          0        590   os_dbg.o
      1428         40          0          0          0       5462   os_flag.o
       848         20          0          0          0       3646   os_mbox.o
       396         18          0          0          0       2664   os_mem.o
      1300         32          0          0          0       4669   os_q.o
       784         20          0          0          0       3454   os_sem.o
      1780         72          0          0          0       6578   os_task.o
       352         30          0          0          0       1666   os_time.o
      1364        132          0          0          0       4833   os_tmr.o
      1148          6          0          0          0       5131   stm32f2xx_fsmc.o
       492         36          0          0          0       3533   stm32f2xx_gpio.o
       980         40          0         16          0       9875   stm32f2xx_rcc.o
       824         24          0          0          0       6620   stm32f2xx_usart.o

    ----------------------------------------------------------------------
     26184       1068       1116        240      38864     690482   Object Totals
         0          0         32          0          0          0   (incl. Generated)
         6          0          0          0          0          0   (incl. Padding)

    ----------------------------------------------------------------------

      Code (inc. data)   RO Data    RW Data    ZI Data      Debug   Library Member Name

         0          0          0          0          0          0   entry.o
         0          0          0          0          0          0   entry10a.o
         0          0          0          0          0          0   entry11a.o
         8          4          0          0          0          0   entry2.o
         4          0          0          0          0          0   entry5.o
         0          0          0          0          0          0   entry7b.o
         0          0          0          0          0          0   entry8b.o
         8          4          0          0          0          0   entry9a.o
        30          0          0          0          0          0   handlers.o
        36          8          0          0          0         68   init.o
         0          0          0          0          0          0   iusefp.o
        30          0          0          0          0         68   llshl.o
        36          0          0          0          0         68   llsshr.o
        32          0          0          0          0         68   llushr.o
      2252         84          0          0          0        508   printfa.o
        44          0          0          0          0         80   uidiv.o
        98          0          0          0          0         92   uldiv.o
        40          2          0          0          0         68   cdrcmple.o
       334          0          0          0          0        148   dadd.o
       222          0          0          0          0        100   ddiv.o
       182          0          0          0          0        176   depilogue.o
        48          0          0          0          0         68   dfixul.o
       228          0          0          0          0         96   dmul.o

    ----------------------------------------------------------------------
      3636        102          0          0          0       1608   Library Totals
         4          0          0          0          0          0   (incl. Padding)

    ----------------------------------------------------------------------

      Code (inc. data)   RO Data    RW Data    ZI Data      Debug   Library Name

      2578        100          0          0          0        952   mc_w.l
      1054          2          0          0          0        656   mf_w.l

    ----------------------------------------------------------------------
      3636        102          0          0          0       1608   Library Totals

    ----------------------------------------------------------------------

==============================================================================


      Code (inc. data)   RO Data    RW Data    ZI Data      Debug   

     29820       1170       1116        240      38864     688186   Grand Totals
     29820       1170       1116        240      38864     688186   ELF Image Totals
     29820       1170       1116        240          0          0   ROM Totals

==============================================================================

    Total RO  Size (Code + RO Data)                30936 (  30.21kB)
    Total RW  Size (RW Data + ZI Data)             39104 (  38.19kB)
    Total ROM Size (Code + RO Data + RW Data)      31176 (  30.45kB)

==============================================================================

