Component: ARM Compiler 5.06 update 3 (build 300) Tool: armlink [4d35c9]

==============================================================================

Section Cross References

    app.o(.text) refers to bsp.o(.text) for BSP_Init
    app.o(.text) refers to cpu_core.o(.text) for CPU_Init
    app.o(.text) refers to lib_mem.o(.text) for Mem_Init
    app.o(.text) refers to os_core.o(.text) for OSStatInit
    app.o(.text) refers to stm32f2xx_rcc.o(.text) for RCC_GetFlagStatus
    app.o(.text) refers to stm32f2xx_wwdg.o(.text) for WWDG_SetPrescaler
    app.o(.text) refers to os_time.o(.text) for OSTimeDly
    app.o(.text) refers to bsp_int.o(.text) for BSP_IntDisAll
    app.o(.text) refers to os_task.o(.text) for OSTaskCreateExt
    app.o(.text) refers to app.o(.data) for watchdog_state
    app.o(.text) refers to app.o(.bss) for AppTaskStartStk
    readsensor.o(.text) refers to stm32f2xx_rcc.o(.text) for RCC_APB1PeriphClockCmd
    readsensor.o(.text) refers to stm32f2xx_gpio.o(.text) for GPIO_Init
    readsensor.o(.text) refers to stm32f2xx_i2c.o(.text) for I2C_Init
    readsensor.o(.text) refers to os_time.o(.text) for OSTimeDly
    readsensor.o(.text) refers to bsp_int.o(.text) for BSP_IntVectSet
    readsensor.o(.text) refers to stm32f2xx_dma.o(.text) for DMA_DeInit
    readsensor.o(.text) refers to bsp_i2c1.o(.text) for BSP_I2C1_ISR_Handler
    readsensor.o(.text) refers to readsensor.o(.data) for RGBC_TimeOut
    readsensor.o(.text) refers to os_task.o(.text) for OSTaskCreateExt
    readsensor.o(.text) refers to readsensor.o(.bss) for rgbc_sensor
    communication1.o(.text) refers to bsp_ser.o(.text) for BSP_Ser_Init
    communication1.o(.text) refers to lib_str.o(.text) for Str_Cmp_N
    communication1.o(.text) refers to readsensor.o(.text) for ReadRGBCValue
    communication1.o(.text) refers to os_task.o(.text) for OSTaskCreateExt
    communication1.o(.text) refers to communication1.o(.bss) for AppTaskCommunication1Stk
    communication_vcp.o(.text) refers to _scanf_int.o(.text) for _scanf_int
    communication_vcp.o(.text) refers to usbd_cdc_vcp.o(.text) for VCP_Usr_RX_String
    communication_vcp.o(.text) refers to lib_str.o(.text) for Str_Cmp_N
    communication_vcp.o(.text) refers to bsp_can.o(.text) for BSP_CAN_Printf
    communication_vcp.o(.text) refers to os_task.o(.text) for OSTaskCreateExt
    communication_vcp.o(.text) refers to __0sscanf.o(.text) for __0sscanf
    communication_vcp.o(.text) refers to stm32f2xx_can.o(.text) for CAN_Transmit
    communication_vcp.o(.text) refers to communication_vcp.o(.bss) for AppTaskCommunication_VCP_Stk
    communication_can.o(.text) refers to _scanf_int.o(.text) for _scanf_int
    communication_can.o(.text) refers to usbd_cdc_vcp.o(.text) for VCP_Usr_RX_String
    communication_can.o(.text) refers to lib_str.o(.text) for Str_Cmp_N
    communication_can.o(.text) refers to bsp_can.o(.text) for BSP_CAN_Printf
    communication_can.o(.text) refers to os_sem.o(.text) for OSSemPend
    communication_can.o(.text) refers to os_task.o(.text) for OSTaskCreateExt
    communication_can.o(.text) refers to __0sscanf.o(.text) for __0sscanf
    communication_can.o(.text) refers to stm32f2xx_can.o(.text) for CAN_Transmit
    communication_can.o(.text) refers to communication_can.o(.data) for GFTB_BufferCounter
    communication_can.o(.text) refers to communication_can.o(.bss) for GFTB_Buffer
    bsp.o(.text) refers to stm32f2xx_rcc.o(.text) for RCC_AHB1PeriphClockCmd
    bsp.o(.text) refers to stm32f2xx_gpio.o(.text) for GPIO_Init
    bsp.o(.text) refers to bsp_can.o(.text) for BSP_Can_Init
    bsp.o(.text) refers to os_cpu_c.o(.text) for OS_CPU_SysTickInit
    bsp.o(.text) refers to bsp.o(.constdata) for GPIO_CLK
    bsp.o(.text) refers to bsp.o(.data) for GPIO_PORT
    bsp.o(.text) refers to stm32f2xx_fsmc.o(.text) for FSMC_NORSRAMInit
    bsp.o(.text) refers to cpu_core.o(.text) for CPU_TS_TmrFreqSet
    bsp_int.o(.text) refers to cpu_c.o(.text) for CPU_IntSrcDis
    bsp_int.o(.text) refers to cpu_a.o(.text) for CPU_IntDis
    bsp_int.o(.text) refers to os_core.o(.text) for OSIntEnter
    bsp_int.o(.text) refers to bsp_int.o(.bss) for BSP_IntVectTbl
    bsp_ioe.o(.text) refers to stm32f2xx_rcc.o(.text) for RCC_AHB1PeriphClockCmd
    bsp_ioe.o(.text) refers to stm32f2xx_dma.o(.text) for DMA_DeInit
    bsp_ioe.o(.text) refers to stm32f2xx_i2c.o(.text) for I2C_GenerateSTART
    bsp_ioe.o(.text) refers to bsp_ioe.o(.data) for IOE_TimeOut
    bsp_ioe.o(.text) refers to bsp_os.o(.text) for BSP_OS_TimeDlyMs
    bsp_ioe.o(.text) refers to stm32f2xx_gpio.o(.text) for GPIO_Init
    bsp_ioe.o(.text) refers to stm32f2xx_syscfg.o(.text) for SYSCFG_EXTILineConfig
    bsp_lcd.o(.text) refers to stm32f2xx_rcc.o(.text) for RCC_AHB3PeriphClockCmd
    bsp_lcd.o(.text) refers to stm32f2xx_fsmc.o(.text) for FSMC_NORSRAMInit
    bsp_lcd.o(.text) refers to stm32f2xx_gpio.o(.text) for GPIO_Init
    bsp_lcd.o(.text) refers to bsp_os.o(.text) for BSP_OS_TimeDlyMs
[...]
    ..\..\BSP\USB\App\src\usbd_usr.c         0x00000000   Number         0  usbd_usr.o ABSOLUTE
    ..\..\BSP\USB\STM32_USB_Device_Library\Class\cdc\src\usbd_cdc_core.c 0x00000000   Number         0  usbd_cdc_core.o ABSOLUTE
    ..\..\BSP\USB\STM32_USB_Device_Library\Core\src\usbd_core.c 0x00000000   Number         0  usbd_core.o ABSOLUTE
    ..\..\BSP\USB\STM32_USB_Device_Library\Core\src\usbd_ioreq.c 0x00000000   Number         0  usbd_ioreq.o ABSOLUTE
    ..\..\BSP\USB\STM32_USB_Device_Library\Core\src\usbd_req.c 0x00000000   Number         0  usbd_req.o ABSOLUTE
    ..\..\BSP\USB\STM32_USB_OTG_Driver\src\usb_core.c 0x00000000   Number         0  usb_core.o ABSOLUTE
    ..\..\BSP\USB\STM32_USB_OTG_Driver\src\usb_dcd.c 0x00000000   Number         0  usb_dcd.o ABSOLUTE
    ..\..\BSP\USB\STM32_USB_OTG_Driver\src\usb_dcd_int.c 0x00000000   Number         0  usb_dcd_int.o ABSOLUTE
    ..\..\BSP\bsp.c                          0x00000000   Number         0  bsp.o ABSOLUTE
    ..\..\BSP\bsp_can.c                      0x00000000   Number         0  bsp_can.o ABSOLUTE
    ..\..\BSP\bsp_i2c1.c                     0x00000000   Number         0  bsp_i2c1.o ABSOLUTE
    ..\..\BSP\bsp_int.c                      0x00000000   Number         0  bsp_int.o ABSOLUTE
    ..\..\BSP\bsp_ioe.c                      0x00000000   Number         0  bsp_ioe.o ABSOLUTE
    ..\..\BSP\bsp_lcd.c                      0x00000000   Number         0  bsp_lcd.o ABSOLUTE
    ..\..\BSP\bsp_ser.c                      0x00000000   Number         0  bsp_ser.o ABSOLUTE
    ..\..\BSP\bsp_sys.c                      0x00000000   Number         0  bsp_sys.o ABSOLUTE
    ..\..\BSP\bsp_w25q64.c                   0x00000000   Number         0  bsp_w25q64.o ABSOLUTE
    ..\..\app\Communication1.c               0x00000000   Number         0  communication1.o ABSOLUTE
    ..\..\app\ReadSensor.c                   0x00000000   Number         0  readsensor.o ABSOLUTE
    ..\..\app\communication_can.c            0x00000000   Number         0  communication_can.o ABSOLUTE
    ..\..\app\communication_vcp.c            0x00000000   Number         0  communication_vcp.o ABSOLUTE
    ..\..\app\keyandled.c                    0x00000000   Number         0  keyandled.o ABSOLUTE
    ..\\..\\BSP\\CMSIS\\Device_Support\\system_stm32f2xx.c 0x00000000   Number         0  system_stm32f2xx.o ABSOLUTE
    ..\\..\\BSP\\OS\\uCOS-II\\bsp_os.c       0x00000000   Number         0  bsp_os.o ABSOLUTE
    ..\\..\\BSP\\STM32F2xx\\src\\misc.c      0x00000000   Number         0  misc.o ABSOLUTE
    ..\\..\\BSP\\STM32F2xx\\src\\stm32f2xx_adc.c 0x00000000   Number         0  stm32f2xx_adc.o ABSOLUTE
    ..\\..\\BSP\\STM32F2xx\\src\\stm32f2xx_can.c 0x00000000   Number         0  stm32f2xx_can.o ABSOLUTE
    ..\\..\\BSP\\STM32F2xx\\src\\stm32f2xx_crc.c 0x00000000   Number         0  stm32f2xx_crc.o ABSOLUTE
    ..\\..\\BSP\\STM32F2xx\\src\\stm32f2xx_cryp.c 0x00000000   Number         0  stm32f2xx_cryp.o ABSOLUTE
    ..\\..\\BSP\\STM32F2xx\\src\\stm32f2xx_cryp_aes.c 0x00000000   Number         0  stm32f2xx_cryp_aes.o ABSOLUTE
    ..\\..\\BSP\\STM32F2xx\\src\\stm32f2xx_cryp_des.c 0x00000000   Number         0  stm32f2xx_cryp_des.o ABSOLUTE
    ..\\..\\BSP\\STM32F2xx\\src\\stm32f2xx_cryp_tdes.c 0x00000000   Number         0  stm32f2xx_cryp_tdes.o ABSOLUTE
    ..\\..\\BSP\\STM32F2xx\\src\\stm32f2xx_dac.c 0x00000000   Number         0  stm32f2xx_dac.o ABSOLUTE
    ..\\..\\BSP\\STM32F2xx\\src\\stm32f2xx_dbgmcu.c 0x00000000   Number         0  stm32f2xx_dbgmcu.o ABSOLUTE
    ..\\..\\BSP\\STM32F2xx\\src\\stm32f2xx_dcmi.c 0x00000000   Number         0  stm32f2xx_dcmi.o ABSOLUTE
    ..\\..\\BSP\\STM32F2xx\\src\\stm32f2xx_dma.c 0x00000000   Number         0  stm32f2xx_dma.o ABSOLUTE
    ..\\..\\BSP\\STM32F2xx\\src\\stm32f2xx_exti.c 0x00000000   Number         0  stm32f2xx_exti.o ABSOLUTE
    ..\\..\\BSP\\STM32F2xx\\src\\stm32f2xx_flash.c 0x00000000   Number         0  stm32f2xx_flash.o ABSOLUTE
    ..\\..\\BSP\\STM32F2xx\\src\\stm32f2xx_fsmc.c 0x00000000   Number         0  stm32f2xx_fsmc.o ABSOLUTE
    ..\\..\\BSP\\STM32F2xx\\src\\stm32f2xx_gpio.c 0x00000000   Number         0  stm32f2xx_gpio.o ABSOLUTE
    ..\\..\\BSP\\STM32F2xx\\src\\stm32f2xx_hash.c 0x00000000   Number         0  stm32f2xx_hash.o ABSOLUTE
    ..\\..\\BSP\\STM32F2xx\\src\\stm32f2xx_hash_md5.c 0x00000000   Number         0  stm32f2xx_hash_md5.o ABSOLUTE
    ..\\..\\BSP\\STM32F2xx\\src\\stm32f2xx_hash_sha1.c 0x00000000   Number         0  stm32f2xx_hash_sha1.o ABSOLUTE
    ..\\..\\BSP\\STM32F2xx\\src\\stm32f2xx_i2c.c 0x00000000   Number         0  stm32f2xx_i2c.o ABSOLUTE
    ..\\..\\BSP\\STM32F2xx\\src\\stm32f2xx_iwdg.c 0x00000000   Number         0  stm32f2xx_iwdg.o ABSOLUTE
    ..\\..\\BSP\\STM32F2xx\\src\\stm32f2xx_pwr.c 0x00000000   Number         0  stm32f2xx_pwr.o ABSOLUTE
    ..\\..\\BSP\\STM32F2xx\\src\\stm32f2xx_rcc.c 0x00000000   Number         0  stm32f2xx_rcc.o ABSOLUTE
    ..\\..\\BSP\\STM32F2xx\\src\\stm32f2xx_rng.c 0x00000000   Number         0  stm32f2xx_rng.o ABSOLUTE
    ..\\..\\BSP\\STM32F2xx\\src\\stm32f2xx_rtc.c 0x00000000   Number         0  stm32f2xx_rtc.o ABSOLUTE
    ..\\..\\BSP\\STM32F2xx\\src\\stm32f2xx_sdio.c 0x00000000   Number         0  stm32f2xx_sdio.o ABSOLUTE
    ..\\..\\BSP\\STM32F2xx\\src\\stm32f2xx_spi.c 0x00000000   Number         0  stm32f2xx_spi.o ABSOLUTE
    ..\\..\\BSP\\STM32F2xx\\src\\stm32f2xx_syscfg.c 0x00000000   Number         0  stm32f2xx_syscfg.o ABSOLUTE
    ..\\..\\BSP\\STM32F2xx\\src\\stm32f2xx_tim.c 0x00000000   Number         0  stm32f2xx_tim.o ABSOLUTE
    ..\\..\\BSP\\STM32F2xx\\src\\stm32f2xx_usart.c 0x00000000   Number         0  stm32f2xx_usart.o ABSOLUTE
    ..\\..\\BSP\\STM32F2xx\\src\\stm32f2xx_wwdg.c 0x00000000   Number         0  stm32f2xx_wwdg.o ABSOLUTE
    ..\\..\\BSP\\USB\\App\\src\\usb_bsp.c    0x00000000   Number         0  usb_bsp.o ABSOLUTE
    ..\\..\\BSP\\USB\\App\\src\\usb_it.c     0x00000000   Number         0  usb_it.o ABSOLUTE
    ..\\..\\BSP\\USB\\App\\src\\usbd_cdc_vcp.c 0x00000000   Number         0  usbd_cdc_vcp.o ABSOLUTE
    ..\\..\\BSP\\USB\\App\\src\\usbd_desc.c  0x00000000   Number         0  usbd_desc.o ABSOLUTE
    ..\\..\\BSP\\USB\\App\\src\\usbd_usr.c   0x00000000   Number         0  usbd_usr.o ABSOLUTE
    ..\\..\\BSP\\USB\\STM32_USB_Device_Library\\Class\\cdc\\src\\usbd_cdc_core.c 0x00000000   Number         0  usbd_cdc_core.o ABSOLUTE
    ..\\..\\BSP\\USB\\STM32_USB_Device_Library\\Core\\src\\usbd_core.c 0x00000000   Number         0  usbd_core.o ABSOLUTE
    ..\\..\\BSP\\USB\\STM32_USB_Device_Library\\Core\\src\\usbd_ioreq.c 0x00000000   Number         0  usbd_ioreq.o ABSOLUTE
    ..\\..\\BSP\\USB\\STM32_USB_Device_Library\\Core\\src\\usbd_req.c 0x00000000   Number         0  usbd_req.o ABSOLUTE
    ..\\..\\BSP\\USB\\STM32_USB_OTG_Driver\\src\\usb_core.c 0x00000000   Number         0  usb_core.o ABSOLUTE
    ..\\..\\BSP\\USB\\STM32_USB_OTG_Driver\\src\\usb_dcd.c 0x00000000   Number         0  usb_dcd.o ABSOLUTE
    ..\\..\\BSP\\USB\\STM32_USB_OTG_Driver\\src\\usb_dcd_int.c 0x00000000   Number         0  usb_dcd_int.o ABSOLUTE
    ..\\..\\BSP\\bsp.c                       0x00000000   Number         0  bsp.o ABSOLUTE
    ..\\..\\BSP\\bsp_can.c                   0x00000000   Number         0  bsp_can.o ABSOLUTE
    ..\\..\\BSP\\bsp_i2c1.c                  0x00000000   Number         0  bsp_i2c1.o ABSOLUTE
    ..\\..\\BSP\\bsp_int.c                   0x00000000   Number         0  bsp_int.o ABSOLUTE
    ..\\..\\BSP\\bsp_ioe.c                   0x00000000   Number         0  bsp_ioe.o ABSOLUTE
    ..\\..\\BSP\\bsp_lcd.c                   0x00000000   Number         0  bsp_lcd.o ABSOLUTE
    ..\\..\\BSP\\bsp_ser.c                   0x00000000   Number         0  bsp_ser.o ABSOLUTE
    ..\\..\\BSP\\bsp_w25q64.c                0x00000000   Number         0  bsp_w25q64.o ABSOLUTE
    ..\\..\\app\\Communication1.c            0x00000000   Number         0  communication1.o ABSOLUTE
    ..\\..\\app\\ReadSensor.c                0x00000000   Number         0  readsensor.o ABSOLUTE
    ..\\..\\app\\communication_can.c         0x00000000   Number         0  communication_can.o ABSOLUTE
    ..\\..\\app\\communication_vcp.c         0x00000000   Number         0  communication_vcp.o ABSOLUTE
    ..\\..\\app\\keyandled.c                 0x00000000   Number         0  keyandled.o ABSOLUTE
    ..\\app.c                                0x00000000   Number         0  app.o ABSOLUTE
    ..\\app_hooks.c                          0x00000000   Number         0  app_hooks.o ABSOLUTE
    ..\app.c                                 0x00000000   Number         0  app.o ABSOLUTE
    ..\app_hooks.c                           0x00000000   Number         0  app_hooks.o ABSOLUTE
    cdrcmple.s                               0x00000000   Number         0  cdrcmple.o ABSOLUTE
    dc.s                                     0x00000000   Number         0  dc.o ABSOLUTE
    handlers.s                               0x00000000   Number         0  handlers.o ABSOLUTE
    init.s                                   0x00000000   Number         0  init.o ABSOLUTE
    RESET                                    0x08000000   Section      388  cstartup.o(RESET)
    .ARM.Collect$$$$00000000                 0x08000184   Section        0  entry.o(.ARM.Collect$$$$00000000)
    .ARM.Collect$$$$00000001                 0x08000184   Section        4  entry2.o(.ARM.Collect$$$$00000001)
    .ARM.Collect$$$$00000004                 0x08000188   Section        4  entry5.o(.ARM.Collect$$$$00000004)
    .ARM.Collect$$$$00000008                 0x0800018c   Section        0  entry7b.o(.ARM.Collect$$$$00000008)
    .ARM.Collect$$$$0000000A                 0x0800018c   Section        0  entry8b.o(.ARM.Collect$$$$0000000A)
    .ARM.Collect$$$$0000000B                 0x0800018c   Section        8  entry9a.o(.ARM.Collect$$$$0000000B)
    .ARM.Collect$$$$0000000D                 0x08000194   Section        0  entry10a.o(.ARM.Collect$$$$0000000D)
    .ARM.Collect$$$$0000000F                 0x08000194   Section        0  entry11a.o(.ARM.Collect$$$$0000000F)
    .ARM.Collect$$$$00002712                 0x08000194   Section        4  entry2.o(.ARM.Collect$$$$00002712)
    __lit__00000000                          0x08000194   Data           4  entry2.o(.ARM.Collect$$$$00002712)
    .text                                    0x08000198   Section        0  app.o(.text)
    AppTaskCreate                            0x08000199   Thumb Code     2  app.o(.text)
    AppEventCreate                           0x0800019b   Thumb Code     2  app.o(.text)
    AppTaskStart                             0x0800019d   Thumb Code   186  app.o(.text)
    .text                                    0x080002f8   Section        0  app_hooks.o(.text)
    .text                                    0x08000308   Section        0  bsp.o(.text)
    BSP_LED_Init                             0x08000309   Thumb Code    72  bsp.o(.text)
    BSP_KEY_Init                             0x08000a2b   Thumb Code    66  bsp.o(.text)
    .text                                    0x08000ae8   Section        0  bsp_int.o(.text)
    BSP_IntHandlerDummy                      0x08000b81   Thumb Code     2  bsp_int.o(.text)
    BSP_IntHandler                           0x08000b99   Thumb Code    58  bsp_int.o(.text)
    .text                                    0x08000f04   Section       32  cstartup.o(.text)
    .text                                    0x08000f24   Section        0  system_stm32f2xx.o(.text)
    SetSysClock                              0x08000f25   Thumb Code   192  system_stm32f2xx.o(.text)
    .text                                    0x08001104   Section        0  bsp_can.o(.text)
    .text                                    0x08001400   Section        0  cpu_core.o(.text)
    CPU_NameInit                             0x0800142b   Thumb Code     8  cpu_core.o(.text)
    CPU_TS_Init                              0x08001433   Thumb Code    14  cpu_core.o(.text)
    .text                                    0x080016a8   Section       52  cpu_a.o(.text)
    .text                                    0x080016dc   Section        0  cpu_c.o(.text)
    .text                                    0x08001e58   Section        0  lib_ascii.o(.text)
    .text                                    0x080020b0   Section        0  lib_mem.o(.text)
    Mem_SegAlloc                             0x080022e7   Thumb Code    80  lib_mem.o(.text)
    Mem_SegCalcTotSize                       0x08002337   Thumb Code   164  lib_mem.o(.text)
    Mem_PoolBlkIsValidAddr                   0x08002c7d   Thumb Code   102  lib_mem.o(.text)
    .text                                    0x08002f74   Section        0  lib_str.o(.text)
    Str_FmtNbr_Int32                         0x0800342d   Thumb Code   474  lib_str.o(.text)
    Str_ParseNbr_Int32                       0x08003673   Thumb Code   446  lib_str.o(.text)
    .text                                    0x0800389c   Section      544  lib_mem_a.o(.text)
    .text                                    0x08003abc   Section        0  os_core.o(.text)
    OS_SchedNew                              0x08003bc1   Thumb Code    26  os_core.o(.text)
    OS_InitTaskStat                          0x08004033   Thumb Code    52  os_core.o(.text)
    OS_InitTaskIdle                          0x08004089   Thumb Code    52  os_core.o(.text)
    OS_InitEventList                         0x080040cf   Thumb Code    84  os_core.o(.text)
    OS_InitTCBList                           0x08004123   Thumb Code   106  os_core.o(.text)
    OS_InitRdyList                           0x0800418d   Thumb Code    44  os_core.o(.text)
    OS_InitMisc                              0x080041b9   Thumb Code    48  os_core.o(.text)
    .text                                    0x080047d0   Section        0  os_flag.o(.text)
    OS_FlagTaskRdy                           0x08004947   Thumb Code    88  os_flag.o(.text)
    OS_FlagBlock                             0x08004b09   Thumb Code   152  os_flag.o(.text)
    .text                                    0x08004fec   Section        0  os_mem.o(.text)
    .text                                    0x080051d0   Section        0  os_q.o(.text)
    .text                                    0x080057d0   Section        0  os_sem.o(.text)
    .text                                    0x08005b74   Section        0  os_task.o(.text)
    .text                                    0x080063d8   Section        0  os_time.o(.text)
    .text                                    0x08006588   Section        0  os_tmr.o(.text)
    OSTmr_Alloc                              0x08006589   Thumb Code    50  os_tmr.o(.text)
    OSTmr_Free                               0x08006627   Thumb Code    58  os_tmr.o(.text)
    OSTmr_Unlink                             0x08006661   Thumb Code    62  os_tmr.o(.text)
    OSTmr_Link                               0x08006887   Thumb Code   100  os_tmr.o(.text)
    OSTmr_Task                               0x08006a4d   Thumb Code   114  os_tmr.o(.text)
    OSTmr_InitTask                           0x08006abf   Thumb Code    50  os_tmr.o(.text)
    .text                                    0x08006c04   Section      176  os_cpu_a.o(.text)
    .text                                    0x08006cb4   Section        0  os_cpu_c.o(.text)
    .text                                    0x08006e40   Section        0  os_dbg.o(.text)
    .text                                    0x08006f9c   Section        0  stm32f2xx_can.o(.text)
    CheckITStatus                            0x0800779f   Thumb Code    18  stm32f2xx_can.o(.text)
    .text                                    0x0800798c   Section        0  stm32f2xx_fsmc.o(.text)
    .text                                    0x08007f94   Section        0  stm32f2xx_gpio.o(.text)
    .text                                    0x080081f0   Section        0  stm32f2xx_rcc.o(.text)
    .text                                    0x08008778   Section        0  stm32f2xx_wwdg.o(.text)
    .text                                    0x08008808   Section        0  uidiv.o(.text)
    .text                                    0x08008834   Section        0  uldiv.o(.text)
    .text                                    0x08008896   Section        0  dadd.o(.text)
    .text                                    0x08008896   Section        0  iusefp.o(.text)
    .text                                    0x080089e4   Section        0  dmul.o(.text)
    .text                                    0x08008ac8   Section        0  ddiv.o(.text)
    .text                                    0x08008ba6   Section        0  dfixul.o(.text)
    .text                                    0x08008bd8   Section       48  cdrcmple.o(.text)
    .text                                    0x08008c08   Section       36  init.o(.text)
    .text                                    0x08008c2c   Section        0  llshl.o(.text)
    .text                                    0x08008c4a   Section        0  llushr.o(.text)
    .text                                    0x08008c6a   Section        0  llsshr.o(.text)
    .text                                    0x08008c8e   Section        0  depilogue.o(.text)
    i.__0vsnprintf                           0x08008d48   Section        0  printfa.o(i.__0vsnprintf)
    i.__scatterload_copy                     0x08008d74   Section       14  handlers.o(i.__scatterload_copy)
    i.__scatterload_null                     0x08008d82   Section        2  handlers.o(i.__scatterload_null)
    i.__scatterload_zeroinit                 0x08008d84   Section       14  handlers.o(i.__scatterload_zeroinit)
    i._fp_digits                             0x08008d94   Section        0  printfa.o(i._fp_digits)
    _fp_digits                               0x08008d95   Thumb Code   366  printfa.o(i._fp_digits)
    i._printf_core                           0x08008f18   Section        0  printfa.o(i._printf_core)
    _printf_core                             0x08008f19   Thumb Code  1744  printfa.o(i._printf_core)
    i._printf_post_padding                   0x080095f4   Section        0  printfa.o(i._printf_post_padding)
    _printf_post_padding                     0x080095f5   Thumb Code    36  printfa.o(i._printf_post_padding)
    i._printf_pre_padding                    0x08009618   Section        0  printfa.o(i._printf_pre_padding)
    _printf_pre_padding                      0x08009619   Thumb Code    46  printfa.o(i._printf_pre_padding)
    i._snputc                                0x08009646   Section        0  printfa.o(i._snputc)
    _snputc                                  0x08009647   Thumb Code    22  printfa.o(i._snputc)
    .constdata                               0x0800965c   Section       20  bsp.o(.constdata)
    .constdata                               0x08009670   Section      256  cpu_core.o(.constdata)
    CPU_CntLeadZerosTbl                      0x08009670   Data         256  cpu_core.o(.constdata)
    .constdata                               0x08009770   Section      148  lib_str.o(.constdata)
    Str_MultOvfThTbl_Int32U                  0x08009770   Data         148  lib_str.o(.constdata)
    .constdata                               0x08009804   Section      256  os_core.o(.constdata)
    .constdata                               0x08009904   Section      114  os_dbg.o(.constdata)
    .data                                    0x20000000   Section       14  app.o(.data)
    counter_0                                0x2000000c   Data           1  app.o(.data)
    watchdog_state                           0x2000000d   Data           1  app.o(.data)
    .data                                    0x20000010   Section       12  bsp.o(.data)
    .data                                    0x2000001c   Section       20  system_stm32f2xx.o(.data)
    .data                                    0x20000030   Section       20  bsp_can.o(.data)
    CAN_Event_HandlePointer                  0x20000030   Data           4  bsp_can.o(.data)
    BSP_CanTxWait                            0x20000034   Data           4  bsp_can.o(.data)
    BSP_CanTxLock                            0x20000038   Data           4  bsp_can.o(.data)
    BSP_CanRxData                            0x2000003c   Data           1  bsp_can.o(.data)
    .data                                    0x20000044   Section        4  cpu_core.o(.data)
    .data                                    0x20000048   Section        4  lib_mem.o(.data)
    .data                                    0x2000004c   Section      100  os_core.o(.data)
    .data                                    0x200000b0   Section        6  os_cpu_c.o(.data)
    OSTmrCtr                                 0x200000b4   Data           2  os_cpu_c.o(.data)
    .data                                    0x200000b6   Section       16  stm32f2xx_rcc.o(.data)
    APBAHBPrescTable                         0x200000b6   Data          16  stm32f2xx_rcc.o(.data)
    .bss                                     0x200000c8   Section      512  app.o(.bss)
    AppTaskStartStk                          0x200000c8   Data         512  app.o(.bss)
    .bss                                     0x200002c8   Section      324  bsp_int.o(.bss)
    BSP_IntVectTbl                           0x200002c8   Data         324  bsp_int.o(.bss)
    .bss                                     0x2000040c   Section      148  bsp_can.o(.bss)
    .bss                                     0x200004a0   Section       16  cpu_core.o(.bss)
    .bss                                     0x200004b0   Section     9288  lib_mem.o(.bss)
    .bss                                     0x200028f8   Section     6648  os_core.o(.bss)
    .bss                                     0x200042f0   Section      512  os_cpu_c.o(.bss)
    STACK                                    0x200044f0   Section     1024  cstartup.o(STACK)

    Global Symbols

    Symbol Name                              Value     Ov Type        Size  Object(Section)

    BuildAttributes$$THM_ISAv4$P$D$K$B$S$PE$A:L22UL41UL21$X:L11$S22US41US21$IEEE1$IW$USESV6$~STKCKD$USESV7$~SHL$OSPACE$ROPI$EBA8$MICROLIB$REQ8$PRES8$EABIv2 0x00000000   Number         0  anon$$obj.o ABSOLUTE
    __ARM_use_no_argv                        0x00000000   Number         0  app.o ABSOLUTE
    __cpp_initialize__aeabi_                  - Undefined Weak Reference
    __cxa_finalize                            - Undefined Weak Reference
    __decompress                              - Undefined Weak Reference
    _clock_init                               - Undefined Weak Reference
    _microlib_exit                            - Undefined Weak Reference
    _scanf_longlong                           - Undefined Weak Reference
    _scanf_real                               - Undefined Weak Reference
    _scanf_string                             - Undefined Weak Reference
    __Vectors_Size                           0x00000184   Number         0  cstartup.o ABSOLUTE
    __Vectors                                0x08000000   Data           4  cstartup.o(RESET)
    __Vectors_End                            0x08000184   Data           0  cstartup.o(RESET)
    __main                                   0x08000185   Thumb Code     0  entry.o(.ARM.Collect$$$$00000000)
    _main_stk                                0x08000185   Thumb Code     0  entry2.o(.ARM.Collect$$$$00000001)
    _main_scatterload                        0x08000189   Thumb Code     0  entry5.o(.ARM.Collect$$$$00000004)
    __main_after_scatterload                 0x0800018d   Thumb Code     0  entry5.o(.ARM.Collect$$$$00000004)
    _main_clock                              0x0800018d   Thumb Code     0  entry7b.o(.ARM.Collect$$$$00000008)
    _main_cpp_init                           0x0800018d   Thumb Code     0  entry8b.o(.ARM.Collect$$$$0000000A)
    _main_init                               0x0800018d   Thumb Code     0  entry9a.o(.ARM.Collect$$$$0000000B)
    __rt_final_cpp                           0x08000195   Thumb Code     0  entry10a.o(.ARM.Collect$$$$0000000D)
    __rt_final_exit                          0x08000195   Thumb Code     0  entry11a.o(.ARM.Collect$$$$0000000F)
    main                                     0x08000257   Thumb Code    66  app.o(.text)
    CRC_16                                   0x08000299   Thumb Code    68  app.o(.text)
    App_TaskCreateHook                       0x080002f9   Thumb Code     2  app_hooks.o(.text)
    App_TaskDelHook                          0x080002fb   Thumb Code     2  app_hooks.o(.text)
    App_TaskIdleHook                         0x080002fd   Thumb Code     2  app_hooks.o(.text)
    App_TaskStatHook                         0x080002ff   Thumb Code     2  app_hooks.o(.text)
    App_TaskReturnHook                       0x08000301   Thumb Code     2  app_hooks.o(.text)
    App_TaskSwHook                           0x08000303   Thumb Code     2  app_hooks.o(.text)
    App_TCBInitHook                          0x08000305   Thumb Code     2  app_hooks.o(.text)
    App_TimeTickHook                         0x08000307   Thumb Code     2  app_hooks.o(.text)
    BSP_Init                                 0x08000351   Thumb Code    12  bsp.o(.text)
    BSP_RNG_Read                             0x0800035d   Thumb Code    88  bsp.o(.text)
    BSP_CPU_ClkFreq                          0x080003b5   Thumb Code    14  bsp.o(.text)
    BSP_CPU_TickInit                         0x080003c3   Thumb Code    24  bsp.o(.text)
    BSP_PSRAM_Init                           0x080003db   Thumb Code   682  bsp.o(.text)
    BSP_SRAM_Init                            0x08000685   Thumb Code   668  bsp.o(.text)
    BSP_LED_On                               0x08000921   Thumb Code    54  bsp.o(.text)
    BSP_LED_Off                              0x08000957   Thumb Code    54  bsp.o(.text)
    BSP_LED_Toggle                           0x0800098d   Thumb Code   158  bsp.o(.text)
    BSP_READ_KEY                             0x08000a6d   Thumb Code    30  bsp.o(.text)
    CPU_TS_TmrInit                           0x08000a8b   Thumb Code    44  bsp.o(.text)
    CPU_TS_TmrRd                             0x08000ab7   Thumb Code     6  bsp.o(.text)
    BSP_IntClr                               0x08000ae9   Thumb Code     2  bsp_int.o(.text)
    BSP_IntDis                               0x08000aeb   Thumb Code    20  bsp_int.o(.text)
    BSP_IntDisAll                            0x08000aff   Thumb Code     8  bsp_int.o(.text)
    BSP_IntEn                                0x08000b07   Thumb Code    20  bsp_int.o(.text)
    BSP_IntVectSet                           0x08000b1b   Thumb Code    48  bsp_int.o(.text)
    BSP_IntPrioSet                           0x08000b4b   Thumb Code    54  bsp_int.o(.text)
    BSP_IntInit                              0x08000b83   Thumb Code    22  bsp_int.o(.text)
    BSP_IntHandlerWWDG                       0x08000bd3   Thumb Code    10  bsp_int.o(.text)
    BSP_IntHandlerPVD                        0x08000bdd   Thumb Code    10  bsp_int.o(.text)
    BSP_IntHandlerTAMPER                     0x08000be7   Thumb Code    10  bsp_int.o(.text)
    BSP_IntHandlerRTC                        0x08000bf1   Thumb Code    10  bsp_int.o(.text)
    BSP_IntHandlerFLASH                      0x08000bfb   Thumb Code    10  bsp_int.o(.text)
    BSP_IntHandlerRCC                        0x08000c05   Thumb Code    10  bsp_int.o(.text)
    BSP_IntHandlerEXTI0                      0x08000c0f   Thumb Code    10  bsp_int.o(.text)
    BSP_IntHandlerEXTI1                      0x08000c19   Thumb Code    10  bsp_int.o(.text)
    BSP_IntHandlerEXTI2                      0x08000c23   Thumb Code    10  bsp_int.o(.text)
    BSP_IntHandlerEXTI3                      0x08000c2d   Thumb Code    10  bsp_int.o(.text)
    BSP_IntHandlerEXTI4                      0x08000c37   Thumb Code    10  bsp_int.o(.text)
    BSP_IntHandlerDMA1_CH1                   0x08000c41   Thumb Code    10  bsp_int.o(.text)
    BSP_IntHandlerDMA1_CH2                   0x08000c4b   Thumb Code    10  bsp_int.o(.text)
    BSP_IntHandlerDMA1_CH3                   0x08000c55   Thumb Code    10  bsp_int.o(.text)
    BSP_IntHandlerDMA1_CH4                   0x08000c5f   Thumb Code    10  bsp_int.o(.text)
    BSP_IntHandlerDMA1_CH5                   0x08000c69   Thumb Code    10  bsp_int.o(.text)
    BSP_IntHandlerDMA1_CH6                   0x08000c73   Thumb Code    10  bsp_int.o(.text)
    BSP_IntHandlerDMA1_CH7                   0x08000c7d   Thumb Code    10  bsp_int.o(.text)
    BSP_IntHandlerADC1_2                     0x08000c87   Thumb Code    10  bsp_int.o(.text)
    BSP_IntHandlerCAN1_TX                    0x08000c91   Thumb Code    10  bsp_int.o(.text)
    BSP_IntHandlerCAN1_RX0                   0x08000c9b   Thumb Code    10  bsp_int.o(.text)
    BSP_IntHandlerCAN1_RX1                   0x08000ca5   Thumb Code    10  bsp_int.o(.text)
    BSP_IntHandlerCAN1_SCE                   0x08000caf   Thumb Code    10  bsp_int.o(.text)
    BSP_IntHandlerEXTI9_5                    0x08000cb9   Thumb Code    10  bsp_int.o(.text)
    BSP_IntHandlerTIM1_BRK                   0x08000cc3   Thumb Code    10  bsp_int.o(.text)
    BSP_IntHandlerTIM1_UP                    0x08000ccd   Thumb Code    10  bsp_int.o(.text)
    BSP_IntHandlerTIM1_TRG_COM               0x08000cd7   Thumb Code    10  bsp_int.o(.text)
    BSP_IntHandlerTIM1_CC                    0x08000ce1   Thumb Code    10  bsp_int.o(.text)
    BSP_IntHandlerTIM2                       0x08000ceb   Thumb Code    10  bsp_int.o(.text)
    BSP_IntHandlerTIM3                       0x08000cf5   Thumb Code    10  bsp_int.o(.text)
    BSP_IntHandlerTIM4                       0x08000cff   Thumb Code    10  bsp_int.o(.text)
    BSP_IntHandlerI2C1_EV                    0x08000d09   Thumb Code    10  bsp_int.o(.text)
    BSP_IntHandlerI2C1_ER                    0x08000d13   Thumb Code    10  bsp_int.o(.text)
    BSP_IntHandlerI2C2_EV                    0x08000d1d   Thumb Code    10  bsp_int.o(.text)
    BSP_IntHandlerI2C2_ER                    0x08000d27   Thumb Code    10  bsp_int.o(.text)
    BSP_IntHandlerSPI1                       0x08000d31   Thumb Code    10  bsp_int.o(.text)
    BSP_IntHandlerSPI2                       0x08000d3b   Thumb Code    10  bsp_int.o(.text)
    BSP_IntHandlerUSART1                     0x08000d45   Thumb Code    10  bsp_int.o(.text)
    BSP_IntHandlerUSART2                     0x08000d4f   Thumb Code    10  bsp_int.o(.text)
    BSP_IntHandlerUSART3                     0x08000d59   Thumb Code    10  bsp_int.o(.text)
    BSP_IntHandlerEXTI15_10                  0x08000d63   Thumb Code    10  bsp_int.o(.text)
    BSP_IntHandlerRTCAlarm                   0x08000d6d   Thumb Code    10  bsp_int.o(.text)
    BSP_IntHandlerUSBWakeUp                  0x08000d77   Thumb Code    10  bsp_int.o(.text)
    BSP_IntHandlerTIM8_BRK_TIM12             0x08000d81   Thumb Code    10  bsp_int.o(.text)
    BSP_IntHandlerTIM8_UP_TIM13              0x08000d8b   Thumb Code    10  bsp_int.o(.text)
    BSP_IntHandlerTIM8_TRG_COM_TIM14         0x08000d95   Thumb Code    10  bsp_int.o(.text)
    BSP_IntHandlerTIM8_CC                    0x08000d9f   Thumb Code    10  bsp_int.o(.text)
    BSP_IntHandlerDMA1_STREAM7               0x08000da9   Thumb Code    10  bsp_int.o(.text)
    BSP_IntHandlerFSMC                       0x08000db3   Thumb Code    10  bsp_int.o(.text)
    BSP_IntHandlerSDIO                       0x08000dbd   Thumb Code    10  bsp_int.o(.text)
    BSP_IntHandlerTIM5                       0x08000dc7   Thumb Code    10  bsp_int.o(.text)
    BSP_IntHandlerSPI3                       0x08000dd1   Thumb Code    10  bsp_int.o(.text)
    BSP_IntHandlerUSART4                     0x08000ddb   Thumb Code    10  bsp_int.o(.text)
    BSP_IntHandlerUSART5                     0x08000de5   Thumb Code    10  bsp_int.o(.text)
    BSP_IntHandlerTIM6                       0x08000def   Thumb Code    10  bsp_int.o(.text)
    BSP_IntHandlerTIM7                       0x08000df9   Thumb Code    10  bsp_int.o(.text)
    BSP_IntHandlerDMA2_CH1                   0x08000e03   Thumb Code    10  bsp_int.o(.text)
    BSP_IntHandlerDMA2_CH2                   0x08000e0d   Thumb Code    10  bsp_int.o(.text)
    BSP_IntHandlerDMA2_CH3                   0x08000e17   Thumb Code    10  bsp_int.o(.text)
    BSP_IntHandlerDMA2_CH4                   0x08000e21   Thumb Code    10  bsp_int.o(.text)
    BSP_IntHandlerDMA2_CH5                   0x08000e2b   Thumb Code    10  bsp_int.o(.text)
    BSP_IntHandlerETH                        0x08000e35   Thumb Code    10  bsp_int.o(.text)
    BSP_IntHandlerETHWakeup                  0x08000e3f   Thumb Code    10  bsp_int.o(.text)
    BSP_IntHandlerCAN2_TX                    0x08000e49   Thumb Code    10  bsp_int.o(.text)
    BSP_IntHandlerCAN2_RX0                   0x08000e53   Thumb Code    10  bsp_int.o(.text)
    BSP_IntHandlerCAN2_RX1                   0x08000e5d   Thumb Code    10  bsp_int.o(.text)
    BSP_IntHandlerCAN2_SCE                   0x08000e67   Thumb Code    10  bsp_int.o(.text)
    BSP_IntHandlerOTG                        0x08000e71   Thumb Code    10  bsp_int.o(.text)
    BSP_IntHandlerDMA2_CH6                   0x08000e7b   Thumb Code    10  bsp_int.o(.text)
    BSP_IntHandlerDMA2_CH7                   0x08000e85   Thumb Code    10  bsp_int.o(.text)
    BSP_IntHandlerDMA2_CH8                   0x08000e8f   Thumb Code    10  bsp_int.o(.text)
    BSP_IntHandlerUSART6                     0x08000e99   Thumb Code    10  bsp_int.o(.text)
    BSP_IntHandlerI2C3_EV                    0x08000ea3   Thumb Code    10  bsp_int.o(.text)
    BSP_IntHandlerI2C3_ER                    0x08000ead   Thumb Code    10  bsp_int.o(.text)
    BSP_IntHandlerOTG_HS_EP1_OUT             0x08000eb7   Thumb Code    10  bsp_int.o(.text)
    BSP_IntHandlerOTG_HS_EP1_IN              0x08000ec1   Thumb Code    10  bsp_int.o(.text)
    BSP_IntHandlerOTG_HS_WKUP                0x08000ecb   Thumb Code    10  bsp_int.o(.text)
    BSP_IntHandlerOTG_HS                     0x08000ed5   Thumb Code    10  bsp_int.o(.text)
    BSP_IntHandlerDCMI                       0x08000edf   Thumb Code    10  bsp_int.o(.text)
    BSP_IntHandlerCRYP                       0x08000ee9   Thumb Code    10  bsp_int.o(.text)
    BSP_IntHandlerHASH_RNG                   0x08000ef3   Thumb Code    10  bsp_int.o(.text)
    Reset_Handler                            0x08000f05   Thumb Code     8  cstartup.o(.text)
    App_NMI_ISR                              0x08000f0d   Thumb Code     2  cstartup.o(.text)
    App_Fault_ISR                            0x08000f0f   Thumb Code     2  cstartup.o(.text)
    App_MemFault_ISR                         0x08000f11   Thumb Code     2  cstartup.o(.text)
    App_BusFault_ISR                         0x08000f13   Thumb Code     2  cstartup.o(.text)
    App_UsageFault_ISR                       0x08000f15   Thumb Code     2  cstartup.o(.text)
    App_Spurious_ISR                         0x08000f17   Thumb Code     2  cstartup.o(.text)
    App_Reserved_ISR                         0x08000f19   Thumb Code     2  cstartup.o(.text)
    SystemInit                               0x08000fe5   Thumb Code    74  system_stm32f2xx.o(.text)
    SystemCoreClockUpdate                    0x0800102f   Thumb Code   174  system_stm32f2xx.o(.text)
    BSP_Can_TX_ISR_Handler                   0x08001105   Thumb Code    84  bsp_can.o(.text)
    BSP_Can_RX_ISR_Handler                   0x08001159   Thumb Code    70  bsp_can.o(.text)
    BSP_Can_Init                             0x0800119f   Thumb Code   244  bsp_can.o(.text)
    BSP_Can_EventRegister                    0x08001293   Thumb Code    98  bsp_can.o(.text)
    BSP_Can_EventUnregister                  0x080012f5   Thumb Code   142  bsp_can.o(.text)
    BSP_CAN_Printf                           0x08001383   Thumb Code    80  bsp_can.o(.text)
    CPU_NameClr                              0x08001401   Thumb Code    42  cpu_core.o(.text)
    CPU_Init                                 0x08001441   Thumb Code    12  cpu_core.o(.text)
    CPU_SW_Exception                         0x0800144d   Thumb Code     4  cpu_core.o(.text)
    CPU_NameGet                              0x08001451   Thumb Code    70  cpu_core.o(.text)
    CPU_NameSet                              0x08001497   Thumb Code    96  cpu_core.o(.text)
    CPU_TS_Get32                             0x080014f7   Thumb Code    12  cpu_core.o(.text)
    CPU_TS_Update                            0x08001503   Thumb Code     2  cpu_core.o(.text)
    CPU_TS_TmrFreqGet                        0x08001505   Thumb Code    30  cpu_core.o(.text)
    CPU_TS_TmrFreqSet                        0x08001523   Thumb Code     6  cpu_core.o(.text)
    CPU_CntLeadZeros08                       0x08001529   Thumb Code    18  cpu_core.o(.text)
    CPU_CntLeadZeros16                       0x0800153b   Thumb Code    18  cpu_core.o(.text)
    CPU_CntLeadZeros32                       0x0800154d   Thumb Code    18  cpu_core.o(.text)
    CPU_CntLeadZeros64                       0x0800155f   Thumb Code   188  cpu_core.o(.text)
    CPU_CntTrailZeros08                      0x0800161b   Thumb Code    22  cpu_core.o(.text)
    CPU_CntTrailZeros16                      0x08001631   Thumb Code    22  cpu_core.o(.text)
    CPU_CntTrailZeros32                      0x08001647   Thumb Code    22  cpu_core.o(.text)
    CPU_CntTrailZeros64                      0x0800165d   Thumb Code    62  cpu_core.o(.text)
    CPU_IntDis                               0x080016a9   Thumb Code     0  cpu_a.o(.text)
    CPU_IntEn                                0x080016ad   Thumb Code     0  cpu_a.o(.text)
    CPU_SR_Save                              0x080016b1   Thumb Code     0  cpu_a.o(.text)
    CPU_SR_Restore                           0x080016b9   Thumb Code     0  cpu_a.o(.text)
    CPU_WaitForInt                           0x080016bf   Thumb Code     0  cpu_a.o(.text)
    CPU_WaitForExcept                        0x080016c3   Thumb Code     0  cpu_a.o(.text)
    CPU_CntLeadZeros                         0x080016c7   Thumb Code     0  cpu_a.o(.text)
    CPU_CntTrailZeros                        0x080016cd   Thumb Code     0  cpu_a.o(.text)
    CPU_RevBits                              0x080016d7   Thumb Code     0  cpu_a.o(.text)
    CPU_BitBandClr                           0x080016dd   Thumb Code    58  cpu_c.o(.text)
    CPU_BitBandSet                           0x08001717   Thumb Code    58  cpu_c.o(.text)
    CPU_IntSrcDis                            0x08001751   Thumb Code   328  cpu_c.o(.text)
    CPU_IntSrcEn                             0x08001899   Thumb Code   328  cpu_c.o(.text)
    CPU_IntSrcPendClr                        0x080019e1   Thumb Code   164  cpu_c.o(.text)
    CPU_IntSrcPrioSet                        0x08001a85   Thumb Code   522  cpu_c.o(.text)
    CPU_IntSrcPrioGet                        0x08001c8f   Thumb Code   450  cpu_c.o(.text)
    ASCII_IsAlpha                            0x08001e59   Thumb Code    48  lib_ascii.o(.text)
    ASCII_IsAlphaNum                         0x08001e89   Thumb Code    76  lib_ascii.o(.text)
    ASCII_IsLower                            0x08001ed5   Thumb Code    20  lib_ascii.o(.text)
    ASCII_IsUpper                            0x08001ee9   Thumb Code    20  lib_ascii.o(.text)
    ASCII_IsDig                              0x08001efd   Thumb Code    20  lib_ascii.o(.text)
    ASCII_IsDigOct                           0x08001f11   Thumb Code    20  lib_ascii.o(.text)
    ASCII_IsDigHex                           0x08001f25   Thumb Code    36  lib_ascii.o(.text)
    ASCII_IsBlank                            0x08001f49   Thumb Code    20  lib_ascii.o(.text)
    ASCII_IsSpace                            0x08001f5d   Thumb Code    36  lib_ascii.o(.text)
    ASCII_IsPrint                            0x08001f81   Thumb Code    20  lib_ascii.o(.text)
    ASCII_IsGraph                            0x08001f95   Thumb Code    20  lib_ascii.o(.text)
    ASCII_IsPunct                            0x08001fa9   Thumb Code   134  lib_ascii.o(.text)
    ASCII_IsCtrl                             0x0800202f   Thumb Code    26  lib_ascii.o(.text)
    ASCII_ToLower                            0x08002049   Thumb Code    32  lib_ascii.o(.text)
    ASCII_ToUpper                            0x08002069   Thumb Code    32  lib_ascii.o(.text)
    ASCII_Cmp                                0x08002089   Thumb Code    38  lib_ascii.o(.text)
    Mem_Init                                 0x080020b1   Thumb Code    54  lib_mem.o(.text)
    Mem_Set                                  0x080020e7   Thumb Code    98  lib_mem.o(.text)
    Mem_Clr                                  0x08002149   Thumb Code    18  lib_mem.o(.text)
    Mem_Move                                 0x0800215b   Thumb Code   204  lib_mem.o(.text)
    Mem_Cmp                                  0x08002227   Thumb Code   192  lib_mem.o(.text)
    Mem_HeapAlloc                            0x080023db   Thumb Code   256  lib_mem.o(.text)
    Mem_SegGetSizeRem                        0x080024db   Thumb Code   214  lib_mem.o(.text)
    Mem_HeapGetSizeRem                       0x080025b1   Thumb Code    22  lib_mem.o(.text)
    Mem_PoolClr                              0x080025c7   Thumb Code    78  lib_mem.o(.text)
    Mem_PoolCreate                           0x08002615   Thumb Code  1076  lib_mem.o(.text)
    Mem_PoolBlkGetNbrAvail                   0x08002a49   Thumb Code   128  lib_mem.o(.text)
    Mem_PoolBlkGet                           0x08002ac9   Thumb Code   224  lib_mem.o(.text)
    Mem_PoolBlkGetUsedAtIx                   0x08002ba9   Thumb Code   212  lib_mem.o(.text)
    Mem_PoolBlkFree                          0x08002ce3   Thumb Code   338  lib_mem.o(.text)
    Mem_PoolBlkIxGet                         0x08002e35   Thumb Code   314  lib_mem.o(.text)
    Str_Len_N                                0x08002f75   Thumb Code    28  lib_str.o(.text)
    Str_Len                                  0x08002f91   Thumb Code    20  lib_str.o(.text)
    Str_Copy_N                               0x08002fa5   Thumb Code    70  lib_str.o(.text)
    Str_Copy                                 0x08002feb   Thumb Code    24  lib_str.o(.text)
    Str_Cat_N                                0x08003003   Thumb Code    90  lib_str.o(.text)
    Str_Cat                                  0x0800305d   Thumb Code    24  lib_str.o(.text)
    Str_Cmp_N                                0x08003075   Thumb Code   156  lib_str.o(.text)
    Str_Cmp                                  0x08003111   Thumb Code    24  lib_str.o(.text)
    Str_CmpIgnoreCase_N                      0x08003129   Thumb Code   264  lib_str.o(.text)
    Str_CmpIgnoreCase                        0x08003231   Thumb Code    24  lib_str.o(.text)
    Str_Char_N                               0x08003249   Thumb Code    74  lib_str.o(.text)
    Str_Char                                 0x08003293   Thumb Code    24  lib_str.o(.text)
    Str_Char_Last_N                          0x080032ab   Thumb Code    76  lib_str.o(.text)
    Str_Char_Last                            0x080032f7   Thumb Code    24  lib_str.o(.text)
    Str_Char_Replace_N                       0x0800330f   Thumb Code    52  lib_str.o(.text)
    Str_Char_Replace                         0x08003343   Thumb Code    28  lib_str.o(.text)
    Str_Str_N                                0x0800335f   Thumb Code   182  lib_str.o(.text)
    Str_Str                                  0x08003415   Thumb Code    24  lib_str.o(.text)
    Str_FmtNbr_Int32U                        0x08003607   Thumb Code    46  lib_str.o(.text)
    Str_FmtNbr_Int32S                        0x08003635   Thumb Code    62  lib_str.o(.text)
    Str_ParseNbr_Int32U                      0x08003831   Thumb Code    30  lib_str.o(.text)
    Str_ParseNbr_Int32S                      0x0800384f   Thumb Code    74  lib_str.o(.text)
    Mem_Copy                                 0x0800389d   Thumb Code     0  lib_mem_a.o(.text)
    OS_StrLen                                0x08003abd   Thumb Code    20  os_core.o(.text)
    OSEventNameGet                           0x08003ad1   Thumb Code    98  os_core.o(.text)
    OSEventNameSet                           0x08003b33   Thumb Code    84  os_core.o(.text)
    OS_EventTaskRemoveMulti                  0x08003b87   Thumb Code    58  os_core.o(.text)
    OS_Sched                                 0x08003bdb   Thumb Code    88  os_core.o(.text)
    OS_EventTaskWaitMulti                    0x08003c33   Thumb Code   136  os_core.o(.text)
    OSEventPendMulti                         0x08003cbb   Thumb Code   694  os_core.o(.text)
    OS_TaskStatStkChk                        0x08003f71   Thumb Code    54  os_core.o(.text)
    OS_TaskStat                              0x08003fa7   Thumb Code   140  os_core.o(.text)
    OS_TaskIdle                              0x08004067   Thumb Code    34  os_core.o(.text)
    OS_MemClr                                0x080040bd   Thumb Code    18  os_core.o(.text)
    OSInit                                   0x080041e9   Thumb Code    56  os_core.o(.text)
    OSIntEnter                               0x08004221   Thumb Code    28  os_core.o(.text)
    OSIntExit                                0x0800423d   Thumb Code   112  os_core.o(.text)
    OSSchedLock                              0x080042ad   Thumb Code   200  os_core.o(.text)
    OSSchedUnlock                            0x08004375   Thumb Code    82  os_core.o(.text)
    OSStart                                  0x080043c7   Thumb Code    48  os_core.o(.text)
    OSStatInit                               0x080043f7   Thumb Code    62  os_core.o(.text)
    OSTimeTick                               0x08004435   Thumb Code   210  os_core.o(.text)
    OSVersion                                0x08004507   Thumb Code     6  os_core.o(.text)
    OS_Dummy                                 0x0800450d   Thumb Code     2  os_core.o(.text)
    OS_EventTaskRemove                       0x0800450f   Thumb Code    42  os_core.o(.text)
    OS_EventTaskRdy                          0x08004539   Thumb Code   128  os_core.o(.text)
    OS_EventTaskWait                         0x080045b9   Thumb Code   112  os_core.o(.text)
    OS_EventWaitListInit                     0x08004629   Thumb Code    28  os_core.o(.text)
    OS_MemCopy                               0x08004645   Thumb Code    20  os_core.o(.text)
    OS_TCBInit                               0x08004659   Thumb Code   376  os_core.o(.text)
    OSFlagAccept                             0x080047d1   Thumb Code   252  os_flag.o(.text)
    OSFlagCreate                             0x080048cd   Thumb Code    86  os_flag.o(.text)
    OS_FlagUnlink                            0x08004923   Thumb Code    36  os_flag.o(.text)
    OSFlagDel                                0x0800499f   Thumb Code   216  os_flag.o(.text)
    OSFlagNameGet                            0x08004a77   Thumb Code    80  os_flag.o(.text)
    OSFlagNameSet                            0x08004ac7   Thumb Code    66  os_flag.o(.text)
    OSFlagPend                               0x08004ba1   Thumb Code   614  os_flag.o(.text)
    OSFlagPendGetFlagsRdy                    0x08004e07   Thumb Code    26  os_flag.o(.text)
    OSFlagPost                               0x08004e21   Thumb Code   320  os_flag.o(.text)
    OSFlagQuery                              0x08004f61   Thumb Code    48  os_flag.o(.text)
    OS_FlagInit                              0x08004f91   Thumb Code    78  os_flag.o(.text)
    OSMemCreate                              0x08004fed   Thumb Code   118  os_mem.o(.text)
    OSMemGet                                 0x08005063   Thumb Code    62  os_mem.o(.text)
    OSMemNameGet                             0x080050a1   Thumb Code    60  os_mem.o(.text)
    OSMemNameSet                             0x080050dd   Thumb Code    48  os_mem.o(.text)
    OSMemPut                                 0x0800510d   Thumb Code    54  os_mem.o(.text)
    OSMemQuery                               0x08005143   Thumb Code    52  os_mem.o(.text)
    OS_MemInit                               0x08005177   Thumb Code    74  os_mem.o(.text)
    OSQAccept                                0x080051d1   Thumb Code    88  os_q.o(.text)
    OSQCreate                                0x08005229   Thumb Code   144  os_q.o(.text)
    OSQDel                                   0x080052b9   Thumb Code   244  os_q.o(.text)
    OSQFlush                                 0x080053ad   Thumb Code    36  os_q.o(.text)
    OSQPend                                  0x080053d1   Thumb Code   278  os_q.o(.text)
    OSQPendAbort                             0x080054e7   Thumb Code   128  os_q.o(.text)
    OSQPost                                  0x08005567   Thumb Code   114  os_q.o(.text)
    OSQPostFront                             0x080055d9   Thumb Code   142  os_q.o(.text)
    OSQPostOpt                               0x08005667   Thumb Code   182  os_q.o(.text)
    OSQQuery                                 0x0800571d   Thumb Code    98  os_q.o(.text)
    OS_QInit                                 0x0800577f   Thumb Code    72  os_q.o(.text)
    OSSemAccept                              0x080057d1   Thumb Code    42  os_sem.o(.text)
    OSSemCreate                              0x080057fb   Thumb Code    72  os_sem.o(.text)
    OSSemDel                                 0x08005843   Thumb Code   210  os_sem.o(.text)
    OSSemPend                                0x08005915   Thumb Code   228  os_sem.o(.text)
    OSSemPendAbort                           0x080059f9   Thumb Code   128  os_sem.o(.text)
    OSSemPost                                0x08005a79   Thumb Code    88  os_sem.o(.text)
    OSSemQuery                               0x08005ad1   Thumb Code    76  os_sem.o(.text)
    OSSemSet                                 0x08005b1d   Thumb Code    66  os_sem.o(.text)
    OSTaskChangePrio                         0x08005b75   Thumb Code   396  os_task.o(.text)
    OSTaskCreate                             0x08005d01   Thumb Code   148  os_task.o(.text)
    OS_TaskStkClr                            0x08005d95   Thumb Code    26  os_task.o(.text)
    OSTaskCreateExt                          0x08005daf   Thumb Code   170  os_task.o(.text)
    OSTaskDel                                0x08005e59   Thumb Code   352  os_task.o(.text)
    OSTaskDelReq                             0x08005fb9   Thumb Code   100  os_task.o(.text)
    OSTaskNameGet                            0x0800601d   Thumb Code   114  os_task.o(.text)
    OSTaskNameSet                            0x0800608f   Thumb Code    98  os_task.o(.text)
    OSTaskResume                             0x080060f1   Thumb Code   154  os_task.o(.text)
    OSTaskStkChk                             0x0800618b   Thumb Code   128  os_task.o(.text)
    OSTaskSuspend                            0x0800620b   Thumb Code   152  os_task.o(.text)
    OSTaskQuery                              0x080062a3   Thumb Code    82  os_task.o(.text)
    OSTaskRegGet                             0x080062f5   Thumb Code    60  os_task.o(.text)
    OSTaskRegGetID                           0x08006331   Thumb Code    58  os_task.o(.text)
    OSTaskRegSet                             0x0800636b   Thumb Code    62  os_task.o(.text)
    OS_TaskReturn                            0x080063a9   Thumb Code    48  os_task.o(.text)
    OSTimeDly                                0x080063d9   Thumb Code   100  os_time.o(.text)
    OSTimeDlyHMSM                            0x0800643d   Thumb Code    86  os_time.o(.text)
    OSTimeDlyResume                          0x08006493   Thumb Code   168  os_time.o(.text)
    OSTimeGet                                0x0800653b   Thumb Code    24  os_time.o(.text)
    OSTimeSet                                0x08006553   Thumb Code    24  os_time.o(.text)
    OSTmrCreate                              0x080065bb   Thumb Code   108  os_tmr.o(.text)
    OSTmrDel                                 0x0800669f   Thumb Code   124  os_tmr.o(.text)
    OSTmrNameGet                             0x0800671b   Thumb Code   114  os_tmr.o(.text)
    OSTmrRemainGet                           0x0800678d   Thumb Code   164  os_tmr.o(.text)
    OSTmrStateGet                            0x08006831   Thumb Code    86  os_tmr.o(.text)
    OSTmrStart                               0x080068eb   Thumb Code   158  os_tmr.o(.text)
    OSTmrStop                                0x08006989   Thumb Code   180  os_tmr.o(.text)
    OSTmrSignal                              0x08006a3d   Thumb Code    16  os_tmr.o(.text)
    OSTmr_Init                               0x08006af1   Thumb Code   172  os_tmr.o(.text)
    OS_CPU_SR_Save                           0x08006c05   Thumb Code     0  os_cpu_a.o(.text)
    OS_CPU_SR_Restore                        0x08006c0d   Thumb Code     0  os_cpu_a.o(.text)
    OSStartHighRdy                           0x08006c13   Thumb Code     0  os_cpu_a.o(.text)
    OSCtxSw                                  0x08006c3b   Thumb Code     0  os_cpu_a.o(.text)
    OSIntCtxSw                               0x08006c45   Thumb Code     0  os_cpu_a.o(.text)
    OS_CPU_PendSVHandler                     0x08006c4f   Thumb Code     0  os_cpu_a.o(.text)
    OSInitHookBegin                          0x08006cb5   Thumb Code    30  os_cpu_c.o(.text)
    OSInitHookEnd                            0x08006cd3   Thumb Code     2  os_cpu_c.o(.text)
    OSTaskCreateHook                         0x08006cd5   Thumb Code    12  os_cpu_c.o(.text)
    OSTaskDelHook                            0x08006ce1   Thumb Code    12  os_cpu_c.o(.text)
    OSTaskIdleHook                           0x08006ced   Thumb Code     8  os_cpu_c.o(.text)
    OSTaskReturnHook                         0x08006cf5   Thumb Code    12  os_cpu_c.o(.text)
    OSTaskStatHook                           0x08006d01   Thumb Code     8  os_cpu_c.o(.text)
    OSTaskStkInit                            0x08006d09   Thumb Code   152  os_cpu_c.o(.text)
    OSTaskSwHook                             0x08006da1   Thumb Code     8  os_cpu_c.o(.text)
    OSTCBInitHook                            0x08006da9   Thumb Code    12  os_cpu_c.o(.text)
    OSTimeTickHook                           0x08006db5   Thumb Code    34  os_cpu_c.o(.text)
    OS_CPU_SysTickHandler                    0x08006dd7   Thumb Code    34  os_cpu_c.o(.text)
    OS_CPU_SysTickInit                       0x08006df9   Thumb Code    42  os_cpu_c.o(.text)
    OSDebugInit                              0x08006e41   Thumb Code   118  os_dbg.o(.text)
    CAN_DeInit                               0x08006f9d   Thumb Code    50  stm32f2xx_can.o(.text)
    CAN_Init                                 0x08006fcf   Thumb Code   276  stm32f2xx_can.o(.text)
    CAN_FilterInit                           0x080070e3   Thumb Code   258  stm32f2xx_can.o(.text)
    CAN_StructInit                           0x080071e5   Thumb Code    32  stm32f2xx_can.o(.text)
    CAN_SlaveStartBank                       0x08007205   Thumb Code    48  stm32f2xx_can.o(.text)
    CAN_DBGFreeze                            0x08007235   Thumb Code    22  stm32f2xx_can.o(.text)
    CAN_TTComModeCmd                         0x0800724b   Thumb Code   118  stm32f2xx_can.o(.text)
    CAN_Transmit                             0x080072c1   Thumb Code   304  stm32f2xx_can.o(.text)
    CAN_TransmitStatus                       0x080073f1   Thumb Code   138  stm32f2xx_can.o(.text)
    CAN_CancelTransmit                       0x0800747b   Thumb Code    48  stm32f2xx_can.o(.text)
    CAN_Receive                              0x080074ab   Thumb Code   240  stm32f2xx_can.o(.text)
    CAN_FIFORelease                          0x0800759b   Thumb Code    22  stm32f2xx_can.o(.text)
    CAN_MessagePending                       0x080075b1   Thumb Code    30  stm32f2xx_can.o(.text)
    CAN_OperatingModeRequest                 0x080075cf   Thumb Code   162  stm32f2xx_can.o(.text)
    CAN_Sleep                                0x08007671   Thumb Code    30  stm32f2xx_can.o(.text)
    CAN_WakeUp                               0x0800768f   Thumb Code    48  stm32f2xx_can.o(.text)
    CAN_GetLastErrorCode                     0x080076bf   Thumb Code    12  stm32f2xx_can.o(.text)
    CAN_GetReceiveErrorCounter               0x080076cb   Thumb Code    10  stm32f2xx_can.o(.text)
    CAN_GetLSBTransmitErrorCounter           0x080076d5   Thumb Code    12  stm32f2xx_can.o(.text)
    CAN_ITConfig                             0x080076e1   Thumb Code    18  stm32f2xx_can.o(.text)
    CAN_GetFlagStatus                        0x080076f3   Thumb Code   120  stm32f2xx_can.o(.text)
    CAN_ClearFlag                            0x0800776b   Thumb Code    52  stm32f2xx_can.o(.text)
    CAN_GetITStatus                          0x080077b1   Thumb Code   310  stm32f2xx_can.o(.text)
    CAN_ClearITPendingBit                    0x080078e7   Thumb Code   162  stm32f2xx_can.o(.text)
    FSMC_NORSRAMDeInit                       0x0800798d   Thumb Code    54  stm32f2xx_fsmc.o(.text)
    FSMC_NORSRAMInit                         0x080079c3   Thumb Code   230  stm32f2xx_fsmc.o(.text)
    FSMC_NORSRAMStructInit                   0x08007aa9   Thumb Code   114  stm32f2xx_fsmc.o(.text)
    FSMC_NORSRAMCmd                          0x08007b1b   Thumb Code    46  stm32f2xx_fsmc.o(.text)
    FSMC_NANDDeInit                          0x08007b49   Thumb Code    62  stm32f2xx_fsmc.o(.text)
    FSMC_NANDInit                            0x08007b87   Thumb Code   132  stm32f2xx_fsmc.o(.text)
    FSMC_NANDStructInit                      0x08007c0b   Thumb Code    54  stm32f2xx_fsmc.o(.text)
    FSMC_NANDCmd                             0x08007c41   Thumb Code    86  stm32f2xx_fsmc.o(.text)
    FSMC_NANDECCCmd                          0x08007c97   Thumb Code    86  stm32f2xx_fsmc.o(.text)
    FSMC_GetECC                              0x08007ced   Thumb Code    24  stm32f2xx_fsmc.o(.text)
    FSMC_PCCARDDeInit                        0x08007d05   Thumb Code    36  stm32f2xx_fsmc.o(.text)
    FSMC_PCCARDInit                          0x08007d29   Thumb Code   130  stm32f2xx_fsmc.o(.text)
    FSMC_PCCARDStructInit                    0x08007dab   Thumb Code    60  stm32f2xx_fsmc.o(.text)
    FSMC_PCCARDCmd                           0x08007de7   Thumb Code    44  stm32f2xx_fsmc.o(.text)
    FSMC_ITConfig                            0x08007e13   Thumb Code   128  stm32f2xx_fsmc.o(.text)
    FSMC_GetFlagStatus                       0x08007e93   Thumb Code    54  stm32f2xx_fsmc.o(.text)
    FSMC_ClearFlag                           0x08007ec9   Thumb Code    62  stm32f2xx_fsmc.o(.text)
    FSMC_GetITStatus                         0x08007f07   Thumb Code    72  stm32f2xx_fsmc.o(.text)
    FSMC_ClearITPendingBit                   0x08007f4f   Thumb Code    66  stm32f2xx_fsmc.o(.text)
    GPIO_DeInit                              0x08007f95   Thumb Code   220  stm32f2xx_gpio.o(.text)
    GPIO_Init                                0x08008071   Thumb Code   144  stm32f2xx_gpio.o(.text)
    GPIO_StructInit                          0x08008101   Thumb Code    18  stm32f2xx_gpio.o(.text)
    GPIO_PinLockConfig                       0x08008113   Thumb Code    34  stm32f2xx_gpio.o(.text)
    GPIO_ReadInputDataBit                    0x08008135   Thumb Code    18  stm32f2xx_gpio.o(.text)
    GPIO_ReadInputData                       0x08008147   Thumb Code     8  stm32f2xx_gpio.o(.text)
    GPIO_ReadOutputDataBit                   0x0800814f   Thumb Code    18  stm32f2xx_gpio.o(.text)
    GPIO_ReadOutputData                      0x08008161   Thumb Code     8  stm32f2xx_gpio.o(.text)
    GPIO_SetBits                             0x08008169   Thumb Code     4  stm32f2xx_gpio.o(.text)
    GPIO_ResetBits                           0x0800816d   Thumb Code     4  stm32f2xx_gpio.o(.text)
    GPIO_WriteBit                            0x08008171   Thumb Code    10  stm32f2xx_gpio.o(.text)
    GPIO_Write                               0x0800817b   Thumb Code     4  stm32f2xx_gpio.o(.text)
    GPIO_ToggleBits                          0x0800817f   Thumb Code     8  stm32f2xx_gpio.o(.text)
    GPIO_PinAFConfig                         0x08008187   Thumb Code    70  stm32f2xx_gpio.o(.text)
    RCC_DeInit                               0x080081f1   Thumb Code    60  stm32f2xx_rcc.o(.text)
    RCC_HSEConfig                            0x0800822d   Thumb Code    14  stm32f2xx_rcc.o(.text)
    RCC_GetFlagStatus                        0x0800823b   Thumb Code    60  stm32f2xx_rcc.o(.text)
    RCC_WaitForHSEStartUp                    0x08008277   Thumb Code    56  stm32f2xx_rcc.o(.text)
    RCC_AdjustHSICalibrationValue            0x080082af   Thumb Code    20  stm32f2xx_rcc.o(.text)
    RCC_HSICmd                               0x080082c3   Thumb Code     6  stm32f2xx_rcc.o(.text)
    RCC_LSEConfig                            0x080082c9   Thumb Code    46  stm32f2xx_rcc.o(.text)
    RCC_LSICmd                               0x080082f7   Thumb Code     6  stm32f2xx_rcc.o(.text)
    RCC_PLLConfig                            0x080082fd   Thumb Code    32  stm32f2xx_rcc.o(.text)
    RCC_PLLCmd                               0x0800831d   Thumb Code     6  stm32f2xx_rcc.o(.text)
    RCC_PLLI2SConfig                         0x08008323   Thumb Code    14  stm32f2xx_rcc.o(.text)
    RCC_PLLI2SCmd                            0x08008331   Thumb Code     6  stm32f2xx_rcc.o(.text)
    RCC_ClockSecuritySystemCmd               0x08008337   Thumb Code     6  stm32f2xx_rcc.o(.text)
    RCC_MCO1Config                           0x0800833d   Thumb Code    28  stm32f2xx_rcc.o(.text)
    RCC_MCO2Config                           0x08008359   Thumb Code    28  stm32f2xx_rcc.o(.text)
    RCC_SYSCLKConfig                         0x08008375   Thumb Code    20  stm32f2xx_rcc.o(.text)
    RCC_GetSYSCLKSource                      0x08008389   Thumb Code    12  stm32f2xx_rcc.o(.text)
    RCC_HCLKConfig                           0x08008395   Thumb Code    20  stm32f2xx_rcc.o(.text)
    RCC_PCLK1Config                          0x080083a9   Thumb Code    20  stm32f2xx_rcc.o(.text)
    RCC_PCLK2Config                          0x080083bd   Thumb Code    22  stm32f2xx_rcc.o(.text)
    RCC_GetClocksFreq                        0x080083d3   Thumb Code   222  stm32f2xx_rcc.o(.text)
    RCC_RTCCLKConfig                         0x080084b1   Thumb Code    54  stm32f2xx_rcc.o(.text)
    RCC_RTCCLKCmd                            0x080084e7   Thumb Code     8  stm32f2xx_rcc.o(.text)
    RCC_BackupResetCmd                       0x080084ef   Thumb Code     8  stm32f2xx_rcc.o(.text)
    RCC_I2SCLKConfig                         0x080084f7   Thumb Code     6  stm32f2xx_rcc.o(.text)
    RCC_AHB1PeriphClockCmd                   0x080084fd   Thumb Code    34  stm32f2xx_rcc.o(.text)
    RCC_AHB2PeriphClockCmd                   0x0800851f   Thumb Code    34  stm32f2xx_rcc.o(.text)
    RCC_AHB3PeriphClockCmd                   0x08008541   Thumb Code    34  stm32f2xx_rcc.o(.text)
    RCC_APB1PeriphClockCmd                   0x08008563   Thumb Code    34  stm32f2xx_rcc.o(.text)
    RCC_APB2PeriphClockCmd                   0x08008585   Thumb Code    34  stm32f2xx_rcc.o(.text)
    RCC_AHB1PeriphResetCmd                   0x080085a7   Thumb Code    34  stm32f2xx_rcc.o(.text)
    RCC_AHB2PeriphResetCmd                   0x080085c9   Thumb Code    72  stm32f2xx_rcc.o(.text)
    RCC_AHB3PeriphResetCmd                   0x08008611   Thumb Code    34  stm32f2xx_rcc.o(.text)
    RCC_APB1PeriphResetCmd                   0x08008633   Thumb Code    34  stm32f2xx_rcc.o(.text)
    RCC_APB2PeriphResetCmd                   0x08008655   Thumb Code    34  stm32f2xx_rcc.o(.text)
    RCC_AHB1PeriphClockLPModeCmd             0x08008677   Thumb Code    34  stm32f2xx_rcc.o(.text)
    RCC_AHB2PeriphClockLPModeCmd             0x08008699   Thumb Code    34  stm32f2xx_rcc.o(.text)
    RCC_AHB3PeriphClockLPModeCmd             0x080086bb   Thumb Code    34  stm32f2xx_rcc.o(.text)
    RCC_APB1PeriphClockLPModeCmd             0x080086dd   Thumb Code    34  stm32f2xx_rcc.o(.text)
    RCC_APB2PeriphClockLPModeCmd             0x080086ff   Thumb Code    34  stm32f2xx_rcc.o(.text)
    RCC_ITConfig                             0x08008721   Thumb Code    34  stm32f2xx_rcc.o(.text)
    RCC_ClearFlag                            0x08008743   Thumb Code    18  stm32f2xx_rcc.o(.text)
    RCC_GetITStatus                          0x08008755   Thumb Code    22  stm32f2xx_rcc.o(.text)
    RCC_ClearITPendingBit                    0x0800876b   Thumb Code     8  stm32f2xx_rcc.o(.text)
    WWDG_DeInit                              0x08008779   Thumb Code    22  stm32f2xx_wwdg.o(.text)
    WWDG_SetPrescaler                        0x0800878f   Thumb Code    18  stm32f2xx_wwdg.o(.text)
    WWDG_SetWindowValue                      0x080087a1   Thumb Code    34  stm32f2xx_wwdg.o(.text)
    WWDG_EnableIT                            0x080087c3   Thumb Code     8  stm32f2xx_wwdg.o(.text)
    WWDG_SetCounter                          0x080087cb   Thumb Code    12  stm32f2xx_wwdg.o(.text)
    WWDG_Enable                              0x080087d7   Thumb Code    12  stm32f2xx_wwdg.o(.text)
    WWDG_GetFlagStatus                       0x080087e3   Thumb Code    18  stm32f2xx_wwdg.o(.text)
    WWDG_ClearFlag                           0x080087f5   Thumb Code    10  stm32f2xx_wwdg.o(.text)
    __aeabi_uidiv                            0x08008809   Thumb Code     0  uidiv.o(.text)
    __aeabi_uidivmod                         0x08008809   Thumb Code    44  uidiv.o(.text)
    __aeabi_uldivmod                         0x08008835   Thumb Code    98  uldiv.o(.text)
    __I$use$fp                               0x08008897   Thumb Code     0  iusefp.o(.text)
    __aeabi_dadd                             0x08008897   Thumb Code   322  dadd.o(.text)
    __aeabi_dsub                             0x080089d9   Thumb Code     6  dadd.o(.text)
    __aeabi_drsub                            0x080089df   Thumb Code     6  dadd.o(.text)
    __aeabi_dmul                             0x080089e5   Thumb Code   228  dmul.o(.text)
    __aeabi_ddiv                             0x08008ac9   Thumb Code   222  ddiv.o(.text)
    __aeabi_d2ulz                            0x08008ba7   Thumb Code    48  dfixul.o(.text)
    __aeabi_cdrcmple                         0x08008bd9   Thumb Code    48  cdrcmple.o(.text)
    __scatterload                            0x08008c09   Thumb Code    28  init.o(.text)
    __scatterload_rt2                        0x08008c09   Thumb Code     0  init.o(.text)
    __aeabi_llsl                             0x08008c2d   Thumb Code    30  llshl.o(.text)
    _ll_shift_l                              0x08008c2d   Thumb Code     0  llshl.o(.text)
    __aeabi_llsr                             0x08008c4b   Thumb Code    32  llushr.o(.text)
    _ll_ushift_r                             0x08008c4b   Thumb Code     0  llushr.o(.text)
    __aeabi_lasr                             0x08008c6b   Thumb Code    36  llsshr.o(.text)
    _ll_sshift_r                             0x08008c6b   Thumb Code     0  llsshr.o(.text)
    _double_round                            0x08008c8f   Thumb Code    30  depilogue.o(.text)
    _double_epilogue                         0x08008cad   Thumb Code   156  depilogue.o(.text)
    __0vsnprintf                             0x08008d49   Thumb Code    40  printfa.o(i.__0vsnprintf)
    __1vsnprintf                             0x08008d49   Thumb Code     0  printfa.o(i.__0vsnprintf)
    __2vsnprintf                             0x08008d49   Thumb Code     0  printfa.o(i.__0vsnprintf)
    __c89vsnprintf                           0x08008d49   Thumb Code     0  printfa.o(i.__0vsnprintf)
    vsnprintf                                0x08008d49   Thumb Code     0  printfa.o(i.__0vsnprintf)
    __scatterload_copy                       0x08008d75   Thumb Code    14  handlers.o(i.__scatterload_copy)
    __scatterload_null                       0x08008d83   Thumb Code     2  handlers.o(i.__scatterload_null)
    __scatterload_zeroinit                   0x08008d85   Thumb Code    14  handlers.o(i.__scatterload_zeroinit)
    GPIO_PIN                                 0x0800965c   Data           4  bsp.o(.constdata)
    GPIO_CLK                                 0x08009660   Data           8  bsp.o(.constdata)
    GPIO_PIN_KEY                             0x08009668   Data           2  bsp.o(.constdata)
    GPIO_CLK_KEY                             0x0800966c   Data           4  bsp.o(.constdata)
    OSUnMapTbl                               0x08009804   Data         256  os_core.o(.constdata)
    OSDebugEn                                0x08009904   Data           2  os_dbg.o(.constdata)
    OSEndiannessTest                         0x08009908   Data           4  os_dbg.o(.constdata)
    OSEventEn                                0x0800990c   Data           2  os_dbg.o(.constdata)
    OSEventMax                               0x0800990e   Data           2  os_dbg.o(.constdata)
    OSEventNameEn                            0x08009910   Data           2  os_dbg.o(.constdata)
    OSEventSize                              0x08009912   Data           2  os_dbg.o(.constdata)
    OSEventTblSize                           0x08009914   Data           2  os_dbg.o(.constdata)
    OSEventMultiEn                           0x08009916   Data           2  os_dbg.o(.constdata)
    OSFlagEn                                 0x08009918   Data           2  os_dbg.o(.constdata)
    OSFlagGrpSize                            0x0800991a   Data           2  os_dbg.o(.constdata)
    OSFlagNodeSize                           0x0800991c   Data           2  os_dbg.o(.constdata)
    OSFlagWidth                              0x0800991e   Data           2  os_dbg.o(.constdata)
    OSFlagMax                                0x08009920   Data           2  os_dbg.o(.constdata)
    OSFlagNameEn                             0x08009922   Data           2  os_dbg.o(.constdata)
    OSLowestPrio                             0x08009924   Data           2  os_dbg.o(.constdata)
    OSMboxEn                                 0x08009926   Data           2  os_dbg.o(.constdata)
    OSMemEn                                  0x08009928   Data           2  os_dbg.o(.constdata)
    OSMemMax                                 0x0800992a   Data           2  os_dbg.o(.constdata)
    OSMemNameEn                              0x0800992c   Data           2  os_dbg.o(.constdata)
    OSMemSize                                0x0800992e   Data           2  os_dbg.o(.constdata)
    OSMemTblSize                             0x08009930   Data           2  os_dbg.o(.constdata)
    OSMutexEn                                0x08009932   Data           2  os_dbg.o(.constdata)
    OSPtrSize                                0x08009934   Data           2  os_dbg.o(.constdata)
    OSQEn                                    0x08009936   Data           2  os_dbg.o(.constdata)
    OSQMax                                   0x08009938   Data           2  os_dbg.o(.constdata)
    OSQSize                                  0x0800993a   Data           2  os_dbg.o(.constdata)
    OSRdyTblSize                             0x0800993c   Data           2  os_dbg.o(.constdata)
    OSSemEn                                  0x0800993e   Data           2  os_dbg.o(.constdata)
    OSStkWidth                               0x08009940   Data           2  os_dbg.o(.constdata)
    OSTaskCreateEn                           0x08009942   Data           2  os_dbg.o(.constdata)
    OSTaskCreateExtEn                        0x08009944   Data           2  os_dbg.o(.constdata)
    OSTaskDelEn                              0x08009946   Data           2  os_dbg.o(.constdata)
    OSTaskIdleStkSize                        0x08009948   Data           2  os_dbg.o(.constdata)
    OSTaskProfileEn                          0x0800994a   Data           2  os_dbg.o(.constdata)
    OSTaskMax                                0x0800994c   Data           2  os_dbg.o(.constdata)
    OSTaskNameEn                             0x0800994e   Data           2  os_dbg.o(.constdata)
    OSTaskStatEn                             0x08009950   Data           2  os_dbg.o(.constdata)
    OSTaskStatStkSize                        0x08009952   Data           2  os_dbg.o(.constdata)
    OSTaskStatStkChkEn                       0x08009954   Data           2  os_dbg.o(.constdata)
    OSTaskSwHookEn                           0x08009956   Data           2  os_dbg.o(.constdata)
    OSTCBPrioTblMax                          0x08009958   Data           2  os_dbg.o(.constdata)
    OSTCBSize                                0x0800995a   Data           2  os_dbg.o(.constdata)
    OSTicksPerSec                            0x0800995c   Data           2  os_dbg.o(.constdata)
    OSTimeTickHookEn                         0x0800995e   Data           2  os_dbg.o(.constdata)
    OSVersionNbr                             0x08009960   Data           2  os_dbg.o(.constdata)
    OSTmrEn                                  0x08009962   Data           2  os_dbg.o(.constdata)
    OSTmrCfgMax                              0x08009964   Data           2  os_dbg.o(.constdata)
    OSTmrCfgNameEn                           0x08009966   Data           2  os_dbg.o(.constdata)
    OSTmrCfgWheelSize                        0x08009968   Data           2  os_dbg.o(.constdata)
    OSTmrCfgTicksPerSec                      0x0800996a   Data           2  os_dbg.o(.constdata)
    OSTmrSize                                0x0800996c   Data           2  os_dbg.o(.constdata)
    OSTmrTblSize                             0x0800996e   Data           2  os_dbg.o(.constdata)
    OSTmrWheelSize                           0x08009970   Data           2  os_dbg.o(.constdata)
    OSTmrWheelTblSize                        0x08009972   Data           2  os_dbg.o(.constdata)
    OSDataSize                               0x08009974   Data           2  os_dbg.o(.constdata)
    Region$$Table$$Base                      0x08009978   Number         0  anon$$obj.o(Region$$Table)
    Region$$Table$$Limit                     0x08009998   Number         0  anon$$obj.o(Region$$Table)
    print_data_UART3                         0x20000000   Data           4  app.o(.data)
    AckMbox                                  0x20000004   Data           4  app.o(.data)
    TxMbox                                   0x20000008   Data           4  app.o(.data)
    GPIO_PORT                                0x20000010   Data           8  bsp.o(.data)
    GPIO_PORT_KEY                            0x20000018   Data           4  bsp.o(.data)
    SystemCoreClock                          0x2000001c   Data           4  system_stm32f2xx.o(.data)
    AHBPrescTable                            0x20000020   Data          16  system_stm32f2xx.o(.data)
    CAN_tx_bufferP                           0x20000040   Data           4  bsp_can.o(.data)
    CPU_TS_TmrFreq_Hz                        0x20000044   Data           4  cpu_core.o(.data)
    Mem_PoolTbl                              0x20000048   Data           4  lib_mem.o(.data)
    OSCtxSwCtr                               0x2000004c   Data           4  os_core.o(.data)
    OSEventFreeList                          0x20000050   Data           4  os_core.o(.data)
    OSFlagFreeList                           0x20000054   Data           4  os_core.o(.data)
    OSCPUUsage                               0x20000058   Data           1  os_core.o(.data)
    OSIdleCtrMax                             0x2000005c   Data           4  os_core.o(.data)
    OSIdleCtrRun                             0x20000060   Data           4  os_core.o(.data)
    OSStatRdy                                0x20000064   Data           1  os_core.o(.data)
    OSIntNesting                             0x20000065   Data           1  os_core.o(.data)
    OSLockNesting                            0x20000066   Data           1  os_core.o(.data)
    OSPrioCur                                0x20000067   Data           1  os_core.o(.data)
    OSPrioHighRdy                            0x20000068   Data           1  os_core.o(.data)
    OSRdyGrp                                 0x20000069   Data           1  os_core.o(.data)
    OSRdyTbl                                 0x2000006a   Data           8  os_core.o(.data)
    OSRunning                                0x20000072   Data           1  os_core.o(.data)
    OSTaskCtr                                0x20000073   Data           1  os_core.o(.data)
    OSIdleCtr                                0x20000074   Data           4  os_core.o(.data)
    OSTCBCur                                 0x20000078   Data           4  os_core.o(.data)
    OSTCBFreeList                            0x2000007c   Data           4  os_core.o(.data)
    OSTCBHighRdy                             0x20000080   Data           4  os_core.o(.data)
    OSTCBList                                0x20000084   Data           4  os_core.o(.data)
    OSTickStepState                          0x20000088   Data           1  os_core.o(.data)
    OSMemFreeList                            0x2000008c   Data           4  os_core.o(.data)
    OSQFreeList                              0x20000090   Data           4  os_core.o(.data)
    OSTaskRegNextAvailID                     0x20000094   Data           1  os_core.o(.data)
    OSTime                                   0x20000098   Data           4  os_core.o(.data)
    OSTmrFree                                0x2000009c   Data           2  os_core.o(.data)
    OSTmrUsed                                0x2000009e   Data           2  os_core.o(.data)
    OSTmrTime                                0x200000a0   Data           4  os_core.o(.data)
    OSTmrSem                                 0x200000a4   Data           4  os_core.o(.data)
    OSTmrSemSignal                           0x200000a8   Data           4  os_core.o(.data)
    OSTmrFreeList                            0x200000ac   Data           4  os_core.o(.data)
    OS_CPU_ExceptStkBase                     0x200000b0   Data           4  os_cpu_c.o(.data)
    CAN_InitStructure                        0x2000040c   Data          12  bsp_can.o(.bss)
    CAN_FilterInitStructure                  0x20000418   Data          14  bsp_can.o(.bss)
    TxMessage                                0x20000428   Data          20  bsp_can.o(.bss)
    RxMessage                                0x2000043c   Data          20  bsp_can.o(.bss)
    CAN_tx_buffer                            0x20000450   Data          80  bsp_can.o(.bss)
    CPU_Name                                 0x200004a0   Data          16  cpu_core.o(.bss)
    Mem_PoolHeap                             0x200004b0   Data          72  lib_mem.o(.bss)
    Mem_Heap                                 0x200004f8   Data        9216  lib_mem.o(.bss)
    OSEventTbl                               0x200028f8   Data        1920  os_core.o(.bss)
    OSFlagTbl                                0x20003078   Data          80  os_core.o(.bss)
    OSTaskStatStk                            0x200030c8   Data         512  os_core.o(.bss)
    OSTaskIdleStk                            0x200032c8   Data         512  os_core.o(.bss)
    OSTCBPrioTbl                             0x200034c8   Data         256  os_core.o(.bss)
    OSTCBTbl                                 0x200035c8   Data        1936  os_core.o(.bss)
    OSMemTbl                                 0x20003d58   Data         120  os_core.o(.bss)
    OSQTbl                                   0x20003dd0   Data          96  os_core.o(.bss)
    OSTmrTbl                                 0x20003e30   Data         640  os_core.o(.bss)
    OSTmrTaskStk                             0x200040b0   Data         512  os_core.o(.bss)
    OSTmrWheelTbl                            0x200042b0   Data          64  os_core.o(.bss)
    OS_CPU_ExceptStk                         0x200042f0   Data         512  os_cpu_c.o(.bss)
    __initial_sp                             0x200048f0   Data           0  cstartup.o(STACK)



==============================================================================

Memory Map of the image

  Image Entry point : 0x08000185

  Load Region LR_IROM1 (Base: 0x08000000, Size: 0x00009a60, Max: 0x00020000, ABSOLUTE)

    Execution Region ER_IROM1 (Base: 0x08000000, Size: 0x00009998, Max: 0x00020000, ABSOLUTE)

    Base Addr    Size         Type   Attr      Idx    E Section Name        Object

    0x08000000   0x00000184   Data   RO          503    RESET               cstartup.o
    0x08000184   0x00000000   Code   RO         1635  * .ARM.Collect$$$$00000000  mc_w.l(entry.o)
    0x08000184   0x00000004   Code   RO         1670    .ARM.Collect$$$$00000001  mc_w.l(entry2.o)
    0x08000188   0x00000004   Code   RO         1673    .ARM.Collect$$$$00000004  mc_w.l(entry5.o)
    0x0800018c   0x00000000   Code   RO         1675    .ARM.Collect$$$$00000008  mc_w.l(entry7b.o)
    0x0800018c   0x00000000   Code   RO         1677    .ARM.Collect$$$$0000000A  mc_w.l(entry8b.o)
    0x0800018c   0x00000008   Code   RO         1678    .ARM.Collect$$$$0000000B  mc_w.l(entry9a.o)
    0x08000194   0x00000000   Code   RO         1680    .ARM.Collect$$$$0000000D  mc_w.l(entry10a.o)
    0x08000194   0x00000000   Code   RO         1682    .ARM.Collect$$$$0000000F  mc_w.l(entry11a.o)
    0x08000194   0x00000004   Code   RO         1671    .ARM.Collect$$$$00002712  mc_w.l(entry2.o)
    0x08000198   0x00000160   Code   RO            2    .text               app.o
    0x080002f8   0x00000010   Code   RO          261    .text               app_hooks.o
    0x08000308   0x000007e0   Code   RO          380    .text               bsp.o
    0x08000ae8   0x0000041c   Code   RO          415    .text               bsp_int.o
    0x08000f04   0x00000020   Code   RO          504    .text               cstartup.o
    0x08000f24   0x000001e0   Code   RO          548    .text               system_stm32f2xx.o
    0x08001104   0x000002fc   Code   RO          591    .text               bsp_can.o
    0x08001400   0x000002a8   Code   RO          610    .text               cpu_core.o
    0x080016a8   0x00000034   Code   RO          636    .text               cpu_a.o
    0x080016dc   0x0000077c   Code   RO          639    .text               cpu_c.o
    0x08001e58   0x00000256   Code   RO          651    .text               lib_ascii.o
    0x080020ae   0x00000002   PAD
    0x080020b0   0x00000ec4   Code   RO          684    .text               lib_mem.o
    0x08002f74   0x00000928   Code   RO          703    .text               lib_str.o
    0x0800389c   0x00000220   Code   RO          720    .text               lib_mem_a.o
    0x08003abc   0x00000d14   Code   RO          723    .text               os_core.o
    0x080047d0   0x0000081c   Code   RO          747    .text               os_flag.o
    0x08004fec   0x000001e4   Code   RO          771    .text               os_mem.o
    0x080051d0   0x00000600   Code   RO          795    .text               os_q.o
    0x080057d0   0x000003a4   Code   RO          807    .text               os_sem.o
    0x08005b74   0x00000864   Code   RO          819    .text               os_task.o
    0x080063d8   0x000001b0   Code   RO          831    .text               os_time.o
    0x08006588   0x0000067c   Code   RO          843    .text               os_tmr.o
    0x08006c04   0x000000b0   Code   RO          855    .text               os_cpu_a.o
    0x08006cb4   0x0000018c   Code   RO          858    .text               os_cpu_c.o
    0x08006e40   0x0000015c   Code   RO          881    .text               os_dbg.o
    0x08006f9c   0x000009f0   Code   RO          929    .text               stm32f2xx_can.o
    0x0800798c   0x00000608   Code   RO         1121    .text               stm32f2xx_fsmc.o
    0x08007f94   0x0000025c   Code   RO         1137    .text               stm32f2xx_gpio.o
    0x080081f0   0x00000588   Code   RO         1249    .text               stm32f2xx_rcc.o
    0x08008778   0x00000090   Code   RO         1379    .text               stm32f2xx_wwdg.o
    0x08008808   0x0000002c   Code   RO         1687    .text               mc_w.l(uidiv.o)
    0x08008834   0x00000062   Code   RO         1689    .text               mc_w.l(uldiv.o)
    0x08008896   0x00000000   Code   RO         1697    .text               mc_w.l(iusefp.o)
    0x08008896   0x0000014e   Code   RO         1698    .text               mf_w.l(dadd.o)
    0x080089e4   0x000000e4   Code   RO         1700    .text               mf_w.l(dmul.o)
    0x08008ac8   0x000000de   Code   RO         1702    .text               mf_w.l(ddiv.o)
    0x08008ba6   0x00000030   Code   RO         1704    .text               mf_w.l(dfixul.o)
    0x08008bd6   0x00000002   PAD
    0x08008bd8   0x00000030   Code   RO         1706    .text               mf_w.l(cdrcmple.o)
    0x08008c08   0x00000024   Code   RO         1708    .text               mc_w.l(init.o)
    0x08008c2c   0x0000001e   Code   RO         1711    .text               mc_w.l(llshl.o)
    0x08008c4a   0x00000020   Code   RO         1713    .text               mc_w.l(llushr.o)
    0x08008c6a   0x00000024   Code   RO         1715    .text               mc_w.l(llsshr.o)
    0x08008c8e   0x000000ba   Code   RO         1722    .text               mf_w.l(depilogue.o)
    0x08008d48   0x0000002c   Code   RO         1644    i.__0vsnprintf      mc_w.l(printfa.o)
    0x08008d74   0x0000000e   Code   RO         1729    i.__scatterload_copy  mc_w.l(handlers.o)
    0x08008d82   0x00000002   Code   RO         1730    i.__scatterload_null  mc_w.l(handlers.o)
    0x08008d84   0x0000000e   Code   RO         1731    i.__scatterload_zeroinit  mc_w.l(handlers.o)
    0x08008d92   0x00000002   PAD
    0x08008d94   0x00000184   Code   RO         1646    i._fp_digits        mc_w.l(printfa.o)
    0x08008f18   0x000006dc   Code   RO         1647    i._printf_core      mc_w.l(printfa.o)
    0x080095f4   0x00000024   Code   RO         1648    i._printf_post_padding  mc_w.l(printfa.o)
    0x08009618   0x0000002e   Code   RO         1649    i._printf_pre_padding  mc_w.l(printfa.o)
    0x08009646   0x00000016   Code   RO         1650    i._snputc           mc_w.l(printfa.o)
    0x0800965c   0x00000014   Data   RO          382    .constdata          bsp.o
    0x08009670   0x00000100   Data   RO          612    .constdata          cpu_core.o
    0x08009770   0x00000094   Data   RO          704    .constdata          lib_str.o
    0x08009804   0x00000100   Data   RO          725    .constdata          os_core.o
    0x08009904   0x00000072   Data   RO          882    .constdata          os_dbg.o
    0x08009976   0x00000002   PAD
    0x08009978   0x00000020   Data   RO         1727    Region$$Table       anon$$obj.o


    Execution Region RW_IRAM1 (Base: 0x20000000, Size: 0x000048f0, Max: 0x00010000, ABSOLUTE)

    Base Addr    Size         Type   Attr      Idx    E Section Name        Object

    0x20000000   0x0000000e   Data   RW            4    .data               app.o
    0x2000000e   0x00000002   PAD
    0x20000010   0x0000000c   Data   RW          383    .data               bsp.o
    0x2000001c   0x00000014   Data   RW          549    .data               system_stm32f2xx.o
    0x20000030   0x00000014   Data   RW          593    .data               bsp_can.o
    0x20000044   0x00000004   Data   RW          613    .data               cpu_core.o
    0x20000048   0x00000004   Data   RW          686    .data               lib_mem.o
    0x2000004c   0x00000064   Data   RW          726    .data               os_core.o
    0x200000b0   0x00000006   Data   RW          860    .data               os_cpu_c.o
    0x200000b6   0x00000010   Data   RW         1250    .data               stm32f2xx_rcc.o
    0x200000c6   0x00000002   PAD
    0x200000c8   0x00000200   Zero   RW            3    .bss                app.o
    0x200002c8   0x00000144   Zero   RW          416    .bss                bsp_int.o
    0x2000040c   0x00000094   Zero   RW          592    .bss                bsp_can.o
    0x200004a0   0x00000010   Zero   RW          611    .bss                cpu_core.o
    0x200004b0   0x00002448   Zero   RW          685    .bss                lib_mem.o
    0x200028f8   0x000019f8   Zero   RW          724    .bss                os_core.o
    0x200042f0   0x00000200   Zero   RW          859    .bss                os_cpu_c.o
    0x200044f0   0x00000400   Zero   RW          501    STACK               cstartup.o


==============================================================================

Image component sizes


      Code (inc. data)   RO Data    RW Data    ZI Data      Debug   Object Name

       352         28          0         14        512     294373   app.o
        16          0          0          0          0       1346   app_hooks.o
      2016         84         20         12          0       5107   bsp.o
       764         46          0         20        148       3631   bsp_can.o
      1052          8          0          0        324      13754   bsp_int.o
         0          0          0          0          0        564   bsp_ser.o
        52          0          0          0          0        416   cpu_a.o
      1916        102          0          0          0       3593   cpu_c.o
       680         14        256          4         16      14696   cpu_core.o
        32         10        388          0       1024        724   cstartup.o
       598          0          0          0          0       3956   lib_ascii.o
      3780         62          0          4       9288      25300   lib_mem.o
       544          0          0          0          0        560   lib_mem_a.o
      2344          4        148          0          0      14018   lib_str.o
      3348        292        256        100       6648      19628   os_core.o
       176         36          0          0          0        484   os_cpu_a.o
       396         30          0          6        512      12931   os_cpu_c.o
       348        230        114          0          0       3785   os_dbg.o
      2076         42          0          0          0       7368   os_flag.o
       484         16          0          0          0       3504   os_mem.o
      1536         36          0          0          0       6001   os_q.o
       932         22          0          0          0       4278   os_sem.o
      2148         74          0          0          0       8480   os_task.o
       432         30          0          0          0       1942   os_time.o
      1660        134          0          0          0       5957   os_tmr.o
      2544         38          0          0          0       8112   stm32f2xx_can.o
      1544         14          0          0          0       5503   stm32f2xx_fsmc.o
       604         36          0          0          0       4093   stm32f2xx_gpio.o
      1416         48          0         16          0      11151   stm32f2xx_rcc.o
       144         10          0          0          0       2368   stm32f2xx_wwdg.o
       480         40          0         20          0       2031   system_stm32f2xx.o

    ----------------------------------------------------------------------
     34416       1486       1216        200      18472     489654   Object Totals
         0          0         32          0          0          0   (incl. Generated)
         2          0          2          4          0          0   (incl. Padding)

    ----------------------------------------------------------------------

      Code (inc. data)   RO Data    RW Data    ZI Data      Debug   Library Member Name

         0          0          0          0          0          0   entry.o
         0          0          0          0          0          0   entry10a.o
         0          0          0          0          0          0   entry11a.o
         8          4          0          0          0          0   entry2.o
         4          0          0          0          0          0   entry5.o
         0          0          0          0          0          0   entry7b.o
         0          0          0          0          0          0   entry8b.o
         8          4          0          0          0          0   entry9a.o
        30          0          0          0          0          0   handlers.o
        36          8          0          0          0         68   init.o
         0          0          0          0          0          0   iusefp.o
        30          0          0          0          0         68   llshl.o
        36          0          0          0          0         68   llsshr.o
        32          0          0          0          0         68   llushr.o
      2292         84          0          0          0        516   printfa.o
        44          0          0          0          0         80   uidiv.o
        98          0          0          0          0         92   uldiv.o
        48          0          0          0          0         68   cdrcmple.o
       334          0          0          0          0        148   dadd.o
       222          0          0          0          0        100   ddiv.o
       186          0          0          0          0        176   depilogue.o
        48          0          0          0          0         68   dfixul.o
       228          0          0          0          0         96   dmul.o

    ----------------------------------------------------------------------
      3688        100          0          0          0       1616   Library Totals
         4          0          0          0          0          0   (incl. Padding)

    ----------------------------------------------------------------------

      Code (inc. data)   RO Data    RW Data    ZI Data      Debug   Library Name

      2618        100          0          0          0        960   mc_w.l
      1066          0          0          0          0        656   mf_w.l

    ----------------------------------------------------------------------
      3688        100          0          0          0       1616   Library Totals

    ----------------------------------------------------------------------

==============================================================================


      Code (inc. data)   RO Data    RW Data    ZI Data      Debug   

     38104       1586       1216        200      18472     488146   Grand Totals
     38104       1586       1216        200      18472     488146   ELF Image Totals
     38104       1586       1216        200          0          0   ROM Totals

==============================================================================

    Total RO  Size (Code + RO Data)                39320 (  38.40kB)
    Total RW  Size (RW Data + ZI Data)             18672 (  18.23kB)
    Total ROM Size (Code + RO Data + RW Data)      39520 (  38.59kB)

==============================================================================

