<!doctype html public "-//w3c//dtd html 4.0 transitional//en">
<html><head>
<title>Static Call Graph - [.\Output\CommunicationBridge.axf]</title></head>
<body><HR>
<H1>Static Call Graph for image .\Output\CommunicationBridge.axf</H1><HR>
<BR><P>#&#060CALLGRAPH&#062# ARM Linker, 5060960: Last Updated: Wed Sep 22 16:48:49 2021
<BR><P>
<H3>Maximum Stack Usage =        264 bytes + Unknown(Functions without stacksize, Cycles, Untraceable Function Pointers)</H3><H3>
Call chain for Maximum Stack Depth:</H3>
IR_UserInterfaceUart_Task &rArr; UserInterface &rArr; __0sscanf &rArr; __vfscanf_char &rArr; __vfscanf &rArr; _scanf_int
<P>
<H3>
Functions with no stack information
</H3><UL>
 <LI><a href="#[c8]">CPU_IntDis</a>
 <LI><a href="#[267]">CPU_IntEn</a>
 <LI><a href="#[cc]">CPU_SR_Save</a>
 <LI><a href="#[cd]">CPU_SR_Restore</a>
 <LI><a href="#[268]">CPU_WaitForInt</a>
 <LI><a href="#[269]">CPU_WaitForExcept</a>
 <LI><a href="#[171]">CPU_CntLeadZeros</a>
 <LI><a href="#[175]">CPU_CntTrailZeros</a>
 <LI><a href="#[17b]">CPU_RevBits</a>
 <LI><a href="#[181]">Mem_Copy</a>
 <LI><a href="#[1aa]">OS_CPU_SR_Save</a>
 <LI><a href="#[1ac]">OS_CPU_SR_Restore</a>
 <LI><a href="#[1cb]">OSStartHighRdy</a>
 <LI><a href="#[1af]">OSCtxSw</a>
 <LI><a href="#[1c8]">OSIntCtxSw</a>
 <LI><a href="#[7]">OS_CPU_PendSVHandler</a>
</UL>
</UL>
<P>
<H3>
Mutually Recursive functions
</H3> <LI><a href="#[1]">App_NMI_ISR</a>&nbsp;&nbsp;&nbsp;&rArr;&nbsp;&nbsp;&nbsp;<a href="#[1]">App_NMI_ISR</a><BR>
 <LI><a href="#[2]">App_Fault_ISR</a>&nbsp;&nbsp;&nbsp;&rArr;&nbsp;&nbsp;&nbsp;<a href="#[2]">App_Fault_ISR</a><BR>
 <LI><a href="#[3]">App_MemFault_ISR</a>&nbsp;&nbsp;&nbsp;&rArr;&nbsp;&nbsp;&nbsp;<a href="#[3]">App_MemFault_ISR</a><BR>
 <LI><a href="#[4]">App_BusFault_ISR</a>&nbsp;&nbsp;&nbsp;&rArr;&nbsp;&nbsp;&nbsp;<a href="#[4]">App_BusFault_ISR</a><BR>
 <LI><a href="#[5]">App_UsageFault_ISR</a>&nbsp;&nbsp;&nbsp;&rArr;&nbsp;&nbsp;&nbsp;<a href="#[5]">App_UsageFault_ISR</a><BR>
 <LI><a href="#[6]">App_Spurious_ISR</a>&nbsp;&nbsp;&nbsp;&rArr;&nbsp;&nbsp;&nbsp;<a href="#[6]">App_Spurious_ISR</a><BR>
</UL>
<P>
<H3>
Function Pointers
</H3><UL>
 <LI><a href="#[5b]">AppTaskStart</a> from app.o(.text) referenced from app.o(.text)
 <LI><a href="#[4]">App_BusFault_ISR</a> from cstartup.o(.text) referenced from cstartup.o(RESET)
 <LI><a href="#[2]">App_Fault_ISR</a> from cstartup.o(.text) referenced from cstartup.o(RESET)
 <LI><a href="#[3]">App_MemFault_ISR</a> from cstartup.o(.text) referenced from cstartup.o(RESET)
 <LI><a href="#[1]">App_NMI_ISR</a> from cstartup.o(.text) referenced from cstartup.o(RESET)
 <LI><a href="#[6]">App_Spurious_ISR</a> from cstartup.o(.text) referenced 7 times from cstartup.o(RESET)
 <LI><a href="#[5]">App_UsageFault_ISR</a> from cstartup.o(.text) referenced from cstartup.o(RESET)
 <LI><a href="#[14c]">BSP_ADC1_DMA_ISR_Handler</a> from bsp_aio.o(.text) referenced from bsp_aio.o(.text)
 <LI><a href="#[103]">BSP_Can_RX_ISR_Handler</a> from bsp_can.o(.text) referenced from bsp_can.o(.text)
 <LI><a href="#[100]">BSP_Can_TX_ISR_Handler</a> from bsp_can.o(.text) referenced from bsp_can.o(.text)
 <LI><a href="#[122]">BSP_I2C_1_ER_ISR_Handler</a> from bsp_i2c_1.o(.text) referenced from bsp_i2c_1.o(.text)
 <LI><a href="#[125]">BSP_I2C_1_ISR_Handler</a> from bsp_i2c_1.o(.text) referenced from bsp_i2c_1.o(.text)
 <LI><a href="#[132]">BSP_I2C_2_ER_ISR_Handler</a> from bsp_i2c_2.o(.text) referenced from bsp_i2c_2.o(.text)
 <LI><a href="#[134]">BSP_I2C_2_ISR_Handler</a> from bsp_i2c_2.o(.text) referenced from bsp_i2c_2.o(.text)
 <LI><a href="#[13a]">BSP_I2C_3_ER_ISR_Handler</a> from bsp_i2c_3.o(.text) referenced from bsp_i2c_3.o(.text)
 <LI><a href="#[13b]">BSP_I2C_3_ISR_Handler</a> from bsp_i2c_3.o(.text) referenced from bsp_i2c_3.o(.text)
 <LI><a href="#[1b]">BSP_IntHandlerADC1_2</a> from bsp_int.o(.text) referenced from cstartup.o(RESET)
 <LI><a href="#[1d]">BSP_IntHandlerCAN1_RX0</a> from bsp_int.o(.text) referenced from cstartup.o(RESET)
 <LI><a href="#[1e]">BSP_IntHandlerCAN1_RX1</a> from bsp_int.o(.text) referenced from cstartup.o(RESET)
 <LI><a href="#[1f]">BSP_IntHandlerCAN1_SCE</a> from bsp_int.o(.text) referenced from cstartup.o(RESET)
 <LI><a href="#[1c]">BSP_IntHandlerCAN1_TX</a> from bsp_int.o(.text) referenced from cstartup.o(RESET)
 <LI><a href="#[49]">BSP_IntHandlerCAN2_RX0</a> from bsp_int.o(.text) referenced from cstartup.o(RESET)
 <LI><a href="#[4a]">BSP_IntHandlerCAN2_RX1</a> from bsp_int.o(.text) referenced from cstartup.o(RESET)
 <LI><a href="#[4b]">BSP_IntHandlerCAN2_SCE</a> from bsp_int.o(.text) referenced from cstartup.o(RESET)
 <LI><a href="#[48]">BSP_IntHandlerCAN2_TX</a> from bsp_int.o(.text) referenced from cstartup.o(RESET)
 <LI><a href="#[58]">BSP_IntHandlerCRYP</a> from bsp_int.o(.text) referenced from cstartup.o(RESET)
 <LI><a href="#[57]">BSP_IntHandlerDCMI</a> from bsp_int.o(.text) referenced from cstartup.o(RESET)
 <LI><a href="#[14]">BSP_IntHandlerDMA1_CH1</a> from bsp_int.o(.text) referenced from cstartup.o(RESET)
 <LI><a href="#[15]">BSP_IntHandlerDMA1_CH2</a> from bsp_int.o(.text) referenced from cstartup.o(RESET)
 <LI><a href="#[16]">BSP_IntHandlerDMA1_CH3</a> from bsp_int.o(.text) referenced from cstartup.o(RESET)
 <LI><a href="#[17]">BSP_IntHandlerDMA1_CH4</a> from bsp_int.o(.text) referenced from cstartup.o(RESET)
 <LI><a href="#[18]">BSP_IntHandlerDMA1_CH5</a> from bsp_int.o(.text) referenced from cstartup.o(RESET)
 <LI><a href="#[19]">BSP_IntHandlerDMA1_CH6</a> from bsp_int.o(.text) referenced from cstartup.o(RESET)
 <LI><a href="#[1a]">BSP_IntHandlerDMA1_CH7</a> from bsp_int.o(.text) referenced from cstartup.o(RESET)
 <LI><a href="#[38]">BSP_IntHandlerDMA1_STREAM7</a> from bsp_int.o(.text) referenced from cstartup.o(RESET)
 <LI><a href="#[41]">BSP_IntHandlerDMA2_CH1</a> from bsp_int.o(.text) referenced from cstartup.o(RESET)
 <LI><a href="#[42]">BSP_IntHandlerDMA2_CH2</a> from bsp_int.o(.text) referenced from cstartup.o(RESET)
 <LI><a href="#[43]">BSP_IntHandlerDMA2_CH3</a> from bsp_int.o(.text) referenced from cstartup.o(RESET)
 <LI><a href="#[44]">BSP_IntHandlerDMA2_CH4</a> from bsp_int.o(.text) referenced from cstartup.o(RESET)
 <LI><a href="#[45]">BSP_IntHandlerDMA2_CH5</a> from bsp_int.o(.text) referenced from cstartup.o(RESET)
 <LI><a href="#[4d]">BSP_IntHandlerDMA2_CH6</a> from bsp_int.o(.text) referenced from cstartup.o(RESET)
 <LI><a href="#[4e]">BSP_IntHandlerDMA2_CH7</a> from bsp_int.o(.text) referenced from cstartup.o(RESET)
 <LI><a href="#[4f]">BSP_IntHandlerDMA2_CH8</a> from bsp_int.o(.text) referenced from cstartup.o(RESET)
 <LI><a href="#[5c]">BSP_IntHandlerDummy</a> from bsp_int.o(.text) referenced from bsp_int.o(.text)
 <LI><a href="#[46]">BSP_IntHandlerETH</a> from bsp_int.o(.text) referenced from cstartup.o(RESET)
 <LI><a href="#[47]">BSP_IntHandlerETHWakeup</a> from bsp_int.o(.text) referenced from cstartup.o(RESET)
 <LI><a href="#[f]">BSP_IntHandlerEXTI0</a> from bsp_int.o(.text) referenced from cstartup.o(RESET)
 <LI><a href="#[10]">BSP_IntHandlerEXTI1</a> from bsp_int.o(.text) referenced from cstartup.o(RESET)
 <LI><a href="#[31]">BSP_IntHandlerEXTI15_10</a> from bsp_int.o(.text) referenced from cstartup.o(RESET)
 <LI><a href="#[11]">BSP_IntHandlerEXTI2</a> from bsp_int.o(.text) referenced from cstartup.o(RESET)
 <LI><a href="#[12]">BSP_IntHandlerEXTI3</a> from bsp_int.o(.text) referenced from cstartup.o(RESET)
 <LI><a href="#[13]">BSP_IntHandlerEXTI4</a> from bsp_int.o(.text) referenced from cstartup.o(RESET)
 <LI><a href="#[20]">BSP_IntHandlerEXTI9_5</a> from bsp_int.o(.text) referenced from cstartup.o(RESET)
 <LI><a href="#[d]">BSP_IntHandlerFLASH</a> from bsp_int.o(.text) referenced from cstartup.o(RESET)
 <LI><a href="#[39]">BSP_IntHandlerFSMC</a> from bsp_int.o(.text) referenced from cstartup.o(RESET)
 <LI><a href="#[59]">BSP_IntHandlerHASH_RNG</a> from bsp_int.o(.text) referenced from cstartup.o(RESET)
 <LI><a href="#[29]">BSP_IntHandlerI2C1_ER</a> from bsp_int.o(.text) referenced from cstartup.o(RESET)
 <LI><a href="#[28]">BSP_IntHandlerI2C1_EV</a> from bsp_int.o(.text) referenced from cstartup.o(RESET)
 <LI><a href="#[2b]">BSP_IntHandlerI2C2_ER</a> from bsp_int.o(.text) referenced from cstartup.o(RESET)
 <LI><a href="#[2a]">BSP_IntHandlerI2C2_EV</a> from bsp_int.o(.text) referenced from cstartup.o(RESET)
 <LI><a href="#[52]">BSP_IntHandlerI2C3_ER</a> from bsp_int.o(.text) referenced from cstartup.o(RESET)
 <LI><a href="#[51]">BSP_IntHandlerI2C3_EV</a> from bsp_int.o(.text) referenced from cstartup.o(RESET)
 <LI><a href="#[4c]">BSP_IntHandlerOTG</a> from bsp_int.o(.text) referenced from cstartup.o(RESET)
 <LI><a href="#[56]">BSP_IntHandlerOTG_HS</a> from bsp_int.o(.text) referenced from cstartup.o(RESET)
 <LI><a href="#[54]">BSP_IntHandlerOTG_HS_EP1_IN</a> from bsp_int.o(.text) referenced from cstartup.o(RESET)
 <LI><a href="#[53]">BSP_IntHandlerOTG_HS_EP1_OUT</a> from bsp_int.o(.text) referenced from cstartup.o(RESET)
 <LI><a href="#[55]">BSP_IntHandlerOTG_HS_WKUP</a> from bsp_int.o(.text) referenced from cstartup.o(RESET)
 <LI><a href="#[a]">BSP_IntHandlerPVD</a> from bsp_int.o(.text) referenced from cstartup.o(RESET)
 <LI><a href="#[e]">BSP_IntHandlerRCC</a> from bsp_int.o(.text) referenced from cstartup.o(RESET)
 <LI><a href="#[c]">BSP_IntHandlerRTC</a> from bsp_int.o(.text) referenced from cstartup.o(RESET)
 <LI><a href="#[32]">BSP_IntHandlerRTCAlarm</a> from bsp_int.o(.text) referenced from cstartup.o(RESET)
 <LI><a href="#[3a]">BSP_IntHandlerSDIO</a> from bsp_int.o(.text) referenced from cstartup.o(RESET)
 <LI><a href="#[2c]">BSP_IntHandlerSPI1</a> from bsp_int.o(.text) referenced from cstartup.o(RESET)
 <LI><a href="#[2d]">BSP_IntHandlerSPI2</a> from bsp_int.o(.text) referenced from cstartup.o(RESET)
 <LI><a href="#[3c]">BSP_IntHandlerSPI3</a> from bsp_int.o(.text) referenced from cstartup.o(RESET)
 <LI><a href="#[b]">BSP_IntHandlerTAMPER</a> from bsp_int.o(.text) referenced from cstartup.o(RESET)
 <LI><a href="#[21]">BSP_IntHandlerTIM1_BRK</a> from bsp_int.o(.text) referenced from cstartup.o(RESET)
 <LI><a href="#[24]">BSP_IntHandlerTIM1_CC</a> from bsp_int.o(.text) referenced from cstartup.o(RESET)
 <LI><a href="#[23]">BSP_IntHandlerTIM1_TRG_COM</a> from bsp_int.o(.text) referenced from cstartup.o(RESET)
 <LI><a href="#[22]">BSP_IntHandlerTIM1_UP</a> from bsp_int.o(.text) referenced from cstartup.o(RESET)
 <LI><a href="#[25]">BSP_IntHandlerTIM2</a> from bsp_int.o(.text) referenced from cstartup.o(RESET)
 <LI><a href="#[26]">BSP_IntHandlerTIM3</a> from bsp_int.o(.text) referenced from cstartup.o(RESET)
 <LI><a href="#[27]">BSP_IntHandlerTIM4</a> from bsp_int.o(.text) referenced from cstartup.o(RESET)
 <LI><a href="#[3b]">BSP_IntHandlerTIM5</a> from bsp_int.o(.text) referenced from cstartup.o(RESET)
 <LI><a href="#[3f]">BSP_IntHandlerTIM6</a> from bsp_int.o(.text) referenced from cstartup.o(RESET)
 <LI><a href="#[40]">BSP_IntHandlerTIM7</a> from bsp_int.o(.text) referenced from cstartup.o(RESET)
 <LI><a href="#[34]">BSP_IntHandlerTIM8_BRK_TIM12</a> from bsp_int.o(.text) referenced from cstartup.o(RESET)
 <LI><a href="#[37]">BSP_IntHandlerTIM8_CC</a> from bsp_int.o(.text) referenced from cstartup.o(RESET)
 <LI><a href="#[36]">BSP_IntHandlerTIM8_TRG_COM_TIM14</a> from bsp_int.o(.text) referenced from cstartup.o(RESET)
 <LI><a href="#[35]">BSP_IntHandlerTIM8_UP_TIM13</a> from bsp_int.o(.text) referenced from cstartup.o(RESET)
 <LI><a href="#[2e]">BSP_IntHandlerUSART1</a> from bsp_int.o(.text) referenced from cstartup.o(RESET)
 <LI><a href="#[2f]">BSP_IntHandlerUSART2</a> from bsp_int.o(.text) referenced from cstartup.o(RESET)
 <LI><a href="#[30]">BSP_IntHandlerUSART3</a> from bsp_int.o(.text) referenced from cstartup.o(RESET)
 <LI><a href="#[3d]">BSP_IntHandlerUSART4</a> from bsp_int.o(.text) referenced from cstartup.o(RESET)
 <LI><a href="#[3e]">BSP_IntHandlerUSART5</a> from bsp_int.o(.text) referenced from cstartup.o(RESET)
 <LI><a href="#[50]">BSP_IntHandlerUSART6</a> from bsp_int.o(.text) referenced from cstartup.o(RESET)
 <LI><a href="#[33]">BSP_IntHandlerUSBWakeUp</a> from bsp_int.o(.text) referenced from cstartup.o(RESET)
 <LI><a href="#[9]">BSP_IntHandlerWWDG</a> from bsp_int.o(.text) referenced from cstartup.o(RESET)
 <LI><a href="#[111]">BSP_Ser_1_IRDA_ISR_Handler</a> from bsp_ser_1_irda.o(.text) referenced from bsp_ser_1_irda.o(.text)
 <LI><a href="#[5d]">BSP_Ser_ISR_Handler</a> from bsp_ser.o(.text) referenced from bsp_ser.o(.text)
 <LI><a href="#[a4]">CanCallback</a> from ir_user_interface.o(.text) referenced from ir_user_interface.o(.text)
 <LI><a href="#[90]">IR_ColorTest_Task</a> from ir_color_test.o(.text) referenced from ir_color_test.o(.text)
 <LI><a href="#[85]">IR_ReceiveDataCallback</a> from ir_module.o(.text) referenced 2 times from ir_module.o(.text)
 <LI><a href="#[89]">IR_ReceiveStrengthCallback</a> from ir_module.o(.text) referenced from ir_module.o(.text)
 <LI><a href="#[87]">IR_ReceiveTask</a> from ir_module.o(.text) referenced from ir_module.o(.text)
 <LI><a href="#[a5]">IR_UserInterfaceCAN_Task</a> from ir_user_interface.o(.text) referenced from ir_user_interface.o(.text)
 <LI><a href="#[a0]">IR_UserInterfaceUart_Task</a> from ir_user_interface.o(.text) referenced from ir_user_interface.o(.text)
 <LI><a href="#[61]">OSTaskSwHook</a> from os_cpu_c.o(.text) referenced from os_cpu_a.o(.text)
 <LI><a href="#[60]">OSTmr_Task</a> from os_tmr.o(.text) referenced from os_tmr.o(.text)
 <LI><a href="#[7]">OS_CPU_PendSVHandler</a> from os_cpu_a.o(.text) referenced from cstartup.o(RESET)
 <LI><a href="#[8]">OS_CPU_SysTickHandler</a> from os_cpu_c.o(.text) referenced from cstartup.o(RESET)
 <LI><a href="#[1b9]">OS_TaskIdle</a> from os_core.o(.text) referenced from os_core.o(.text)
 <LI><a href="#[62]">OS_TaskReturn</a> from os_task.o(.text) referenced from os_cpu_c.o(.text)
 <LI><a href="#[1b5]">OS_TaskStat</a> from os_core.o(.text) referenced from os_core.o(.text)
 <LI><a href="#[0]">Reset_Handler</a> from cstartup.o(.text) referenced from cstartup.o(RESET)
 <LI><a href="#[5e]">SystemInit</a> from system_stm32f2xx.o(.text) referenced from cstartup.o(.text)
 <LI><a href="#[5f]">__main</a> from entry.o(.ARM.Collect$$$$00000000) referenced from cstartup.o(.text)
 <LI><a href="#[64]">_sbackspace</a> from _sgetc.o(.text) referenced from __0sscanf.o(.text)
 <LI><a href="#[65]">_scanf_char_input</a> from scanf_char.o(.text) referenced from scanf_char.o(.text)
 <LI><a href="#[63]">_sgetc</a> from _sgetc.o(.text) referenced from __0sscanf.o(.text)
 <LI><a href="#[68]">_snputc</a> from printfa.o(i._snputc) referenced from printfa.o(i.__0vsnprintf)
 <LI><a href="#[67]">_sputc</a> from printfa.o(i._sputc) referenced from printfa.o(i.__0sprintf)
 <LI><a href="#[66]">isspace</a> from isspace_c.o(.text) referenced from scanf_char.o(.text)
 <LI><a href="#[5a]">main</a> from app.o(.text) referenced from entry9a.o(.ARM.Collect$$$$0000000B)
</UL>
<P>
<H3>
Global Symbols
</H3>
<P><STRONG><a name="[5f]"></a>__main</STRONG> (Thumb, 0 bytes, Stack size unknown bytes, entry.o(.ARM.Collect$$$$00000000))
<BR>[Address Reference Count : 1]<UL><LI> cstartup.o(.text)
</UL>
<P><STRONG><a name="[254]"></a>_main_stk</STRONG> (Thumb, 0 bytes, Stack size unknown bytes, entry2.o(.ARM.Collect$$$$00000001))

<P><STRONG><a name="[69]"></a>_main_scatterload</STRONG> (Thumb, 0 bytes, Stack size unknown bytes, entry5.o(.ARM.Collect$$$$00000004))
<BR><BR>[Calls]<UL><LI><a href="#[6a]">&gt;&gt;</a>&nbsp;&nbsp;&nbsp;__scatterload
</UL>

<P><STRONG><a name="[24a]"></a>__main_after_scatterload</STRONG> (Thumb, 0 bytes, Stack size unknown bytes, entry5.o(.ARM.Collect$$$$00000004))
<BR><BR>[Called By]<UL><LI><a href="#[6a]">&gt;&gt;</a>&nbsp;&nbsp;&nbsp;__scatterload
</UL>

<P><STRONG><a name="[255]"></a>_main_clock</STRONG> (Thumb, 0 bytes, Stack size unknown bytes, entry7b.o(.ARM.Collect$$$$00000008))

<P><STRONG><a name="[256]"></a>_main_cpp_init</STRONG> (Thumb, 0 bytes, Stack size unknown bytes, entry8b.o(.ARM.Collect$$$$0000000A))

<P><STRONG><a name="[257]"></a>_main_init</STRONG> (Thumb, 0 bytes, Stack size unknown bytes, entry9a.o(.ARM.Collect$$$$0000000B))

<P><STRONG><a name="[258]"></a>__rt_lib_shutdown_fini</STRONG> (Thumb, 0 bytes, Stack size unknown bytes, entry12b.o(.ARM.Collect$$$$0000000E))

<P><STRONG><a name="[259]"></a>__rt_final_cpp</STRONG> (Thumb, 0 bytes, Stack size unknown bytes, entry10a.o(.ARM.Collect$$$$0000000F))

<P><STRONG><a name="[25a]"></a>__rt_final_exit</STRONG> (Thumb, 0 bytes, Stack size unknown bytes, entry11a.o(.ARM.Collect$$$$00000011))

<P><STRONG><a name="[5a]"></a>main</STRONG> (Thumb, 66 bytes, Stack size 32 bytes, app.o(.text))
<BR><BR>[Stack]<UL><LI>Max Depth = 200 + Unknown Stack Size
<LI>Call Chain = main &rArr; OSInit &rArr; OSTmr_Init &rArr; OSTmr_InitTask &rArr; OSTaskCreateExt &rArr; OS_TCBInit &rArr; OSTaskCreateHook
</UL>
<BR>[Calls]<UL><LI><a href="#[7c]">&gt;&gt;</a>&nbsp;&nbsp;&nbsp;OSTaskNameSet
<LI><a href="#[7b]">&gt;&gt;</a>&nbsp;&nbsp;&nbsp;OSTaskCreateExt
<LI><a href="#[7d]">&gt;&gt;</a>&nbsp;&nbsp;&nbsp;OSStart
<LI><a href="#[7a]">&gt;&gt;</a>&nbsp;&nbsp;&nbsp;OSInit
<LI><a href="#[70]">&gt;&gt;</a>&nbsp;&nbsp;&nbsp;CPU_Init
<LI><a href="#[79]">&gt;&gt;</a>&nbsp;&nbsp;&nbsp;BSP_IntDisAll
</UL>
<BR>[Address Reference Count : 1]<UL><LI> entry9a.o(.ARM.Collect$$$$0000000B)
</UL>
<P><STRONG><a name="[25b]"></a>CRC_16</STRONG> (Thumb, 68 bytes, Stack size 12 bytes, app.o(.text), UNUSED)

<P><STRONG><a name="[215]"></a>App_TaskCreateHook</STRONG> (Thumb, 2 bytes, Stack size 0 bytes, app_hooks.o(.text))
<BR><BR>[Called By]<UL><LI><a href="#[1d2]">&gt;&gt;</a>&nbsp;&nbsp;&nbsp;OSTaskCreateHook
</UL>

<P><STRONG><a name="[216]"></a>App_TaskDelHook</STRONG> (Thumb, 2 bytes, Stack size 0 bytes, app_hooks.o(.text))
<BR><BR>[Called By]<UL><LI><a href="#[1fc]">&gt;&gt;</a>&nbsp;&nbsp;&nbsp;OSTaskDelHook
</UL>

<P><STRONG><a name="[217]"></a>App_TaskIdleHook</STRONG> (Thumb, 2 bytes, Stack size 0 bytes, app_hooks.o(.text))
<BR><BR>[Called By]<UL><LI><a href="#[1ba]">&gt;&gt;</a>&nbsp;&nbsp;&nbsp;OSTaskIdleHook
</UL>

<P><STRONG><a name="[219]"></a>App_TaskStatHook</STRONG> (Thumb, 2 bytes, Stack size 0 bytes, app_hooks.o(.text))
<BR><BR>[Called By]<UL><LI><a href="#[1b7]">&gt;&gt;</a>&nbsp;&nbsp;&nbsp;OSTaskStatHook
</UL>

<P><STRONG><a name="[218]"></a>App_TaskReturnHook</STRONG> (Thumb, 2 bytes, Stack size 0 bytes, app_hooks.o(.text))
<BR><BR>[Called By]<UL><LI><a href="#[205]">&gt;&gt;</a>&nbsp;&nbsp;&nbsp;OSTaskReturnHook
</UL>

<P><STRONG><a name="[21a]"></a>App_TaskSwHook</STRONG> (Thumb, 2 bytes, Stack size 0 bytes, app_hooks.o(.text))
<BR><BR>[Called By]<UL><LI><a href="#[61]">&gt;&gt;</a>&nbsp;&nbsp;&nbsp;OSTaskSwHook
</UL>

<P><STRONG><a name="[21b]"></a>App_TCBInitHook</STRONG> (Thumb, 2 bytes, Stack size 0 bytes, app_hooks.o(.text))
<BR><BR>[Called By]<UL><LI><a href="#[1d1]">&gt;&gt;</a>&nbsp;&nbsp;&nbsp;OSTCBInitHook
</UL>

<P><STRONG><a name="[21c]"></a>App_TimeTickHook</STRONG> (Thumb, 2 bytes, Stack size 0 bytes, app_hooks.o(.text))
<BR><BR>[Called By]<UL><LI><a href="#[1cd]">&gt;&gt;</a>&nbsp;&nbsp;&nbsp;OSTimeTickHook
</UL>

<P><STRONG><a name="[7e]"></a>LEDColor_Initialization</STRONG> (Thumb, 26 bytes, Stack size 8 bytes, led_color_receiver.o(.text))
<BR><BR>[Stack]<UL><LI>Max Depth = 132 + Unknown Stack Size
<LI>Call Chain = LEDColor_Initialization &rArr; I2C_1_CmdWrite &rArr; I2C_1_PeripheralInit &rArr; I2C_Init &rArr; RCC_GetClocksFreq
</UL>
<BR>[Calls]<UL><LI><a href="#[7f]">&gt;&gt;</a>&nbsp;&nbsp;&nbsp;I2C_1_CmdWrite
</UL>
<BR>[Called By]<UL><LI><a href="#[6c]">&gt;&gt;</a>&nbsp;&nbsp;&nbsp;IR_UserInterfaceInitialization
</UL>

<P><STRONG><a name="[80]"></a>LEDColor_Read</STRONG> (Thumb, 184 bytes, Stack size 32 bytes, led_color_receiver.o(.text))
<BR><BR>[Stack]<UL><LI>Max Depth = 156 + Unknown Stack Size
<LI>Call Chain = LEDColor_Read &rArr; I2C_1_CmdRead &rArr; I2C_1_PeripheralInit &rArr; I2C_Init &rArr; RCC_GetClocksFreq
</UL>
<BR>[Calls]<UL><LI><a href="#[81]">&gt;&gt;</a>&nbsp;&nbsp;&nbsp;I2C_1_CmdRead
</UL>
<BR>[Called By]<UL><LI><a href="#[95]">&gt;&gt;</a>&nbsp;&nbsp;&nbsp;UserInterface
</UL>

<P><STRONG><a name="[82]"></a>IR_ReceiveWaitingData</STRONG> (Thumb, 58 bytes, Stack size 16 bytes, ir_module.o(.text))
<BR><BR>[Stack]<UL><LI>Max Depth = 48 + Unknown Stack Size
<LI>Call Chain = IR_ReceiveWaitingData &rArr; OSSemPend &rArr; OS_EventTaskWait
</UL>
<BR>[Calls]<UL><LI><a href="#[83]">&gt;&gt;</a>&nbsp;&nbsp;&nbsp;OSTimeGet
<LI><a href="#[84]">&gt;&gt;</a>&nbsp;&nbsp;&nbsp;OSSemPend
</UL>
<BR>[Called By]<UL><LI><a href="#[87]">&gt;&gt;</a>&nbsp;&nbsp;&nbsp;IR_ReceiveTask
</UL>

<P><STRONG><a name="[85]"></a>IR_ReceiveDataCallback</STRONG> (Thumb, 152 bytes, Stack size 8 bytes, ir_module.o(.text))
<BR><BR>[Stack]<UL><LI>Max Depth = 80 + Unknown Stack Size
<LI>Call Chain = IR_ReceiveDataCallback &rArr; OSSemPost &rArr; OS_EventTaskRdy &rArr; OS_EventTaskRemoveMulti
</UL>
<BR>[Calls]<UL><LI><a href="#[83]">&gt;&gt;</a>&nbsp;&nbsp;&nbsp;OSTimeGet
<LI><a href="#[86]">&gt;&gt;</a>&nbsp;&nbsp;&nbsp;OSSemPost
</UL>
<BR>[Address Reference Count : 1]<UL><LI> ir_module.o(.text)
</UL>
<P><STRONG><a name="[89]"></a>IR_ReceiveStrengthCallback</STRONG> (Thumb, 32 bytes, Stack size 0 bytes, ir_module.o(.text))
<BR><BR>[Called By]<UL><LI><a href="#[90]">&gt;&gt;</a>&nbsp;&nbsp;&nbsp;IR_ColorTest_Task
</UL>
<BR>[Address Reference Count : 1]<UL><LI> ir_module.o(.text)
</UL>
<P><STRONG><a name="[87]"></a>IR_ReceiveTask</STRONG> (Thumb, 62 bytes, Stack size 0 bytes, ir_module.o(.text))
<BR><BR>[Stack]<UL><LI>Max Depth = 112 + Unknown Stack Size
<LI>Call Chain = IR_ReceiveTask &rArr; BSP_CAN_Printf &rArr; OSSemPost &rArr; OS_EventTaskRdy &rArr; OS_EventTaskRemoveMulti
</UL>
<BR>[Calls]<UL><LI><a href="#[88]">&gt;&gt;</a>&nbsp;&nbsp;&nbsp;OSSemCreate
<LI><a href="#[8a]">&gt;&gt;</a>&nbsp;&nbsp;&nbsp;IRColorTest_CallbackRegister
<LI><a href="#[8b]">&gt;&gt;</a>&nbsp;&nbsp;&nbsp;BSP_Ser_1_IDRA_RdSetCallback
<LI><a href="#[8c]">&gt;&gt;</a>&nbsp;&nbsp;&nbsp;BSP_CAN_Printf
<LI><a href="#[82]">&gt;&gt;</a>&nbsp;&nbsp;&nbsp;IR_ReceiveWaitingData
<LI><a href="#[78]">&gt;&gt;</a>&nbsp;&nbsp;&nbsp;OSTimeDly
</UL>
<BR>[Address Reference Count : 1]<UL><LI> ir_module.o(.text)
</UL>
<P><STRONG><a name="[6e]"></a>IR_ReceiveInitialization</STRONG> (Thumb, 42 bytes, Stack size 24 bytes, ir_module.o(.text))
<BR><BR>[Stack]<UL><LI>Max Depth = 128 + Unknown Stack Size
<LI>Call Chain = IR_ReceiveInitialization &rArr; OSTaskCreateExt &rArr; OS_TCBInit &rArr; OSTaskCreateHook
</UL>
<BR>[Calls]<UL><LI><a href="#[7b]">&gt;&gt;</a>&nbsp;&nbsp;&nbsp;OSTaskCreateExt
</UL>
<BR>[Called By]<UL><LI><a href="#[8d]">&gt;&gt;</a>&nbsp;&nbsp;&nbsp;IR_Initialization
<LI><a href="#[6b]">&gt;&gt;</a>&nbsp;&nbsp;&nbsp;AppTaskCreate
</UL>

<P><STRONG><a name="[8d]"></a>IR_Initialization</STRONG> (Thumb, 16 bytes, Stack size 8 bytes, ir_module.o(.text), UNUSED)
<BR><BR>[Calls]<UL><LI><a href="#[8b]">&gt;&gt;</a>&nbsp;&nbsp;&nbsp;BSP_Ser_1_IDRA_RdSetCallback
<LI><a href="#[6e]">&gt;&gt;</a>&nbsp;&nbsp;&nbsp;IR_ReceiveInitialization
</UL>

<P><STRONG><a name="[8e]"></a>IR_SetTxStrength</STRONG> (Thumb, 40 bytes, Stack size 16 bytes, ir_module.o(.text))
<BR><BR>[Stack]<UL><LI>Max Depth = 112 + Unknown Stack Size
<LI>Call Chain = IR_SetTxStrength &rArr; I2C_3_Write &rArr; OSSemPost &rArr; OS_EventTaskRdy &rArr; OS_EventTaskRemoveMulti
</UL>
<BR>[Calls]<UL><LI><a href="#[8f]">&gt;&gt;</a>&nbsp;&nbsp;&nbsp;I2C_3_Write
</UL>
<BR>[Called By]<UL><LI><a href="#[95]">&gt;&gt;</a>&nbsp;&nbsp;&nbsp;UserInterface
</UL>

<P><STRONG><a name="[25c]"></a>IR_SendingData</STRONG> (Thumb, 2 bytes, Stack size 0 bytes, ir_module.o(.text), UNUSED)

<P><STRONG><a name="[90]"></a>IR_ColorTest_Task</STRONG> (Thumb, 102 bytes, Stack size 16 bytes, ir_color_test.o(.text))
<BR><BR>[Stack]<UL><LI>Max Depth = 164 + Unknown Stack Size
<LI>Call Chain = IR_ColorTest_Task &rArr; IRColor_Read &rArr; I2C_2_CmdRead &rArr; I2C_2_PeripheralInit &rArr; I2C_Init &rArr; RCC_GetClocksFreq
</UL>
<BR>[Calls]<UL><LI><a href="#[92]">&gt;&gt;</a>&nbsp;&nbsp;&nbsp;IRColor_Read
<LI><a href="#[91]">&gt;&gt;</a>&nbsp;&nbsp;&nbsp;I2C_2_CmdWrite
<LI><a href="#[89]">&gt;&gt;</a>&nbsp;&nbsp;&nbsp;IR_ReceiveStrengthCallback
<LI><a href="#[78]">&gt;&gt;</a>&nbsp;&nbsp;&nbsp;OSTimeDly
</UL>
<BR>[Address Reference Count : 1]<UL><LI> ir_color_test.o(.text)
</UL>
<P><STRONG><a name="[6d]"></a>IRColorTest_Init</STRONG> (Thumb, 42 bytes, Stack size 24 bytes, ir_color_test.o(.text))
<BR><BR>[Stack]<UL><LI>Max Depth = 128 + Unknown Stack Size
<LI>Call Chain = IRColorTest_Init &rArr; OSTaskCreateExt &rArr; OS_TCBInit &rArr; OSTaskCreateHook
</UL>
<BR>[Calls]<UL><LI><a href="#[7b]">&gt;&gt;</a>&nbsp;&nbsp;&nbsp;OSTaskCreateExt
</UL>
<BR>[Called By]<UL><LI><a href="#[6b]">&gt;&gt;</a>&nbsp;&nbsp;&nbsp;AppTaskCreate
</UL>

<P><STRONG><a name="[25d]"></a>IR_ColorTestEnable</STRONG> (Thumb, 6 bytes, Stack size 0 bytes, ir_color_test.o(.text), UNUSED)

<P><STRONG><a name="[8a]"></a>IRColorTest_CallbackRegister</STRONG> (Thumb, 6 bytes, Stack size 0 bytes, ir_color_test.o(.text))
<BR><BR>[Called By]<UL><LI><a href="#[87]">&gt;&gt;</a>&nbsp;&nbsp;&nbsp;IR_ReceiveTask
</UL>

<P><STRONG><a name="[9a]"></a>IRColorTest_Read</STRONG> (Thumb, 36 bytes, Stack size 12 bytes, ir_color_test.o(.text))
<BR><BR>[Stack]<UL><LI>Max Depth = 12<LI>Call Chain = IRColorTest_Read
</UL>
<BR>[Called By]<UL><LI><a href="#[95]">&gt;&gt;</a>&nbsp;&nbsp;&nbsp;UserInterface
</UL>

<P><STRONG><a name="[93]"></a>IRColor_Initialization</STRONG> (Thumb, 26 bytes, Stack size 8 bytes, ir_color_receiver.o(.text), UNUSED)
<BR><BR>[Calls]<UL><LI><a href="#[91]">&gt;&gt;</a>&nbsp;&nbsp;&nbsp;I2C_2_CmdWrite
</UL>

<P><STRONG><a name="[92]"></a>IRColor_Read</STRONG> (Thumb, 216 bytes, Stack size 24 bytes, ir_color_receiver.o(.text))
<BR><BR>[Stack]<UL><LI>Max Depth = 148 + Unknown Stack Size
<LI>Call Chain = IRColor_Read &rArr; I2C_2_CmdRead &rArr; I2C_2_PeripheralInit &rArr; I2C_Init &rArr; RCC_GetClocksFreq
</UL>
<BR>[Calls]<UL><LI><a href="#[94]">&gt;&gt;</a>&nbsp;&nbsp;&nbsp;I2C_2_CmdRead
<LI><a href="#[78]">&gt;&gt;</a>&nbsp;&nbsp;&nbsp;OSTimeDly
</UL>
<BR>[Called By]<UL><LI><a href="#[90]">&gt;&gt;</a>&nbsp;&nbsp;&nbsp;IR_ColorTest_Task
</UL>

<P><STRONG><a name="[95]"></a>UserInterface</STRONG> (Thumb, 650 bytes, Stack size 48 bytes, ir_user_interface.o(.text))
<BR><BR>[Stack]<UL><LI>Max Depth = 264 + Unknown Stack Size
<LI>Call Chain = UserInterface &rArr; __0sscanf &rArr; __vfscanf_char &rArr; __vfscanf &rArr; _scanf_int
</UL>
<BR>[Calls]<UL><LI><a href="#[9f]">&gt;&gt;</a>&nbsp;&nbsp;&nbsp;WriteAO
<LI><a href="#[96]">&gt;&gt;</a>&nbsp;&nbsp;&nbsp;Str_Cmp_N
<LI><a href="#[99]">&gt;&gt;</a>&nbsp;&nbsp;&nbsp;Str_Cmp
<LI><a href="#[9b]">&gt;&gt;</a>&nbsp;&nbsp;&nbsp;IR_LED_on
<LI><a href="#[9c]">&gt;&gt;</a>&nbsp;&nbsp;&nbsp;IR_LED_off
<LI><a href="#[97]">&gt;&gt;</a>&nbsp;&nbsp;&nbsp;BSP_Ser_1_IRDA_Printf
<LI><a href="#[9e]">&gt;&gt;</a>&nbsp;&nbsp;&nbsp;BSP_I2C_IO_SendBytes
<LI><a href="#[9a]">&gt;&gt;</a>&nbsp;&nbsp;&nbsp;IRColorTest_Read
<LI><a href="#[8e]">&gt;&gt;</a>&nbsp;&nbsp;&nbsp;IR_SetTxStrength
<LI><a href="#[80]">&gt;&gt;</a>&nbsp;&nbsp;&nbsp;LEDColor_Read
<LI><a href="#[9d]">&gt;&gt;</a>&nbsp;&nbsp;&nbsp;__0sscanf
<LI><a href="#[98]">&gt;&gt;</a>&nbsp;&nbsp;&nbsp;__2sprintf
</UL>
<BR>[Called By]<UL><LI><a href="#[a5]">&gt;&gt;</a>&nbsp;&nbsp;&nbsp;IR_UserInterfaceCAN_Task
<LI><a href="#[a0]">&gt;&gt;</a>&nbsp;&nbsp;&nbsp;IR_UserInterfaceUart_Task
</UL>

<P><STRONG><a name="[a0]"></a>IR_UserInterfaceUart_Task</STRONG> (Thumb, 32 bytes, Stack size 0 bytes, ir_user_interface.o(.text))
<BR><BR>[Stack]<UL><LI>Max Depth = 264 + Unknown Stack Size
<LI>Call Chain = IR_UserInterfaceUart_Task &rArr; UserInterface &rArr; __0sscanf &rArr; __vfscanf_char &rArr; __vfscanf &rArr; _scanf_int
</UL>
<BR>[Calls]<UL><LI><a href="#[a1]">&gt;&gt;</a>&nbsp;&nbsp;&nbsp;BSP_Ser_RdString
<LI><a href="#[a2]">&gt;&gt;</a>&nbsp;&nbsp;&nbsp;BSP_Ser_Printf
<LI><a href="#[95]">&gt;&gt;</a>&nbsp;&nbsp;&nbsp;UserInterface
</UL>
<BR>[Address Reference Count : 1]<UL><LI> ir_user_interface.o(.text)
</UL>
<P><STRONG><a name="[a3]"></a>UserInterface_CanWait</STRONG> (Thumb, 28 bytes, Stack size 8 bytes, ir_user_interface.o(.text))
<BR><BR>[Stack]<UL><LI>Max Depth = 40 + Unknown Stack Size
<LI>Call Chain = UserInterface_CanWait &rArr; OSSemPend &rArr; OS_EventTaskWait
</UL>
<BR>[Calls]<UL><LI><a href="#[84]">&gt;&gt;</a>&nbsp;&nbsp;&nbsp;OSSemPend
</UL>
<BR>[Called By]<UL><LI><a href="#[a5]">&gt;&gt;</a>&nbsp;&nbsp;&nbsp;IR_UserInterfaceCAN_Task
</UL>

<P><STRONG><a name="[a4]"></a>CanCallback</STRONG> (Thumb, 106 bytes, Stack size 16 bytes, ir_user_interface.o(.text))
<BR><BR>[Stack]<UL><LI>Max Depth = 88 + Unknown Stack Size
<LI>Call Chain = CanCallback &rArr; OSSemPost &rArr; OS_EventTaskRdy &rArr; OS_EventTaskRemoveMulti
</UL>
<BR>[Calls]<UL><LI><a href="#[86]">&gt;&gt;</a>&nbsp;&nbsp;&nbsp;OSSemPost
</UL>
<BR>[Address Reference Count : 1]<UL><LI> ir_user_interface.o(.text)
</UL>
<P><STRONG><a name="[a5]"></a>IR_UserInterfaceCAN_Task</STRONG> (Thumb, 64 bytes, Stack size 0 bytes, ir_user_interface.o(.text))
<BR><BR>[Stack]<UL><LI>Max Depth = 264 + Unknown Stack Size
<LI>Call Chain = IR_UserInterfaceCAN_Task &rArr; UserInterface &rArr; __0sscanf &rArr; __vfscanf_char &rArr; __vfscanf &rArr; _scanf_int
</UL>
<BR>[Calls]<UL><LI><a href="#[a6]">&gt;&gt;</a>&nbsp;&nbsp;&nbsp;BSP_Can_EventRegister
<LI><a href="#[a3]">&gt;&gt;</a>&nbsp;&nbsp;&nbsp;UserInterface_CanWait
<LI><a href="#[95]">&gt;&gt;</a>&nbsp;&nbsp;&nbsp;UserInterface
<LI><a href="#[88]">&gt;&gt;</a>&nbsp;&nbsp;&nbsp;OSSemCreate
<LI><a href="#[8c]">&gt;&gt;</a>&nbsp;&nbsp;&nbsp;BSP_CAN_Printf
</UL>
<BR>[Address Reference Count : 1]<UL><LI> ir_user_interface.o(.text)
</UL>
<P><STRONG><a name="[6c]"></a>IR_UserInterfaceInitialization</STRONG> (Thumb, 80 bytes, Stack size 24 bytes, ir_user_interface.o(.text))
<BR><BR>[Stack]<UL><LI>Max Depth = 156 + Unknown Stack Size
<LI>Call Chain = IR_UserInterfaceInitialization &rArr; LEDColor_Initialization &rArr; I2C_1_CmdWrite &rArr; I2C_1_PeripheralInit &rArr; I2C_Init &rArr; RCC_GetClocksFreq
</UL>
<BR>[Calls]<UL><LI><a href="#[7e]">&gt;&gt;</a>&nbsp;&nbsp;&nbsp;LEDColor_Initialization
<LI><a href="#[7b]">&gt;&gt;</a>&nbsp;&nbsp;&nbsp;OSTaskCreateExt
</UL>
<BR>[Called By]<UL><LI><a href="#[6b]">&gt;&gt;</a>&nbsp;&nbsp;&nbsp;AppTaskCreate
</UL>

<P><STRONG><a name="[6f]"></a>BSP_Init</STRONG> (Thumb, 56 bytes, Stack size 8 bytes, bsp.o(.text))
<BR><BR>[Stack]<UL><LI>Max Depth = 140 + Unknown Stack Size
<LI>Call Chain = BSP_Init &rArr; BSP_Ser_1_IRDA_Init &rArr; Time_Init &rArr; TIM_ICInit &rArr; TI1_Config
</UL>
<BR>[Calls]<UL><LI><a href="#[aa]">&gt;&gt;</a>&nbsp;&nbsp;&nbsp;NVIC_PriorityGroupConfig
<LI><a href="#[ac]">&gt;&gt;</a>&nbsp;&nbsp;&nbsp;I2C_3_Initialization
<LI><a href="#[ad]">&gt;&gt;</a>&nbsp;&nbsp;&nbsp;I2C_2_Initialization
<LI><a href="#[ae]">&gt;&gt;</a>&nbsp;&nbsp;&nbsp;I2C_1_Initialization
<LI><a href="#[b1]">&gt;&gt;</a>&nbsp;&nbsp;&nbsp;BSP_Ser_Init
<LI><a href="#[af]">&gt;&gt;</a>&nbsp;&nbsp;&nbsp;BSP_Ser_1_IRDA_Init
<LI><a href="#[b2]">&gt;&gt;</a>&nbsp;&nbsp;&nbsp;BSP_I2C_IO_Init
<LI><a href="#[b0]">&gt;&gt;</a>&nbsp;&nbsp;&nbsp;BSP_Can_Init
<LI><a href="#[ab]">&gt;&gt;</a>&nbsp;&nbsp;&nbsp;AO_Init
<LI><a href="#[a7]">&gt;&gt;</a>&nbsp;&nbsp;&nbsp;BSP_LED_Init
</UL>
<BR>[Called By]<UL><LI><a href="#[5b]">&gt;&gt;</a>&nbsp;&nbsp;&nbsp;AppTaskStart
</UL>

<P><STRONG><a name="[b3]"></a>BSP_RNG_Read</STRONG> (Thumb, 88 bytes, Stack size 8 bytes, bsp.o(.text), UNUSED)
<BR><BR>[Calls]<UL><LI><a href="#[b4]">&gt;&gt;</a>&nbsp;&nbsp;&nbsp;RCC_AHB2PeriphClockCmd
</UL>

<P><STRONG><a name="[b5]"></a>BSP_CPU_ClkFreq</STRONG> (Thumb, 14 bytes, Stack size 24 bytes, bsp.o(.text))
<BR><BR>[Stack]<UL><LI>Max Depth = 44<LI>Call Chain = BSP_CPU_ClkFreq &rArr; RCC_GetClocksFreq
</UL>
<BR>[Calls]<UL><LI><a href="#[b6]">&gt;&gt;</a>&nbsp;&nbsp;&nbsp;RCC_GetClocksFreq
</UL>
<BR>[Called By]<UL><LI><a href="#[c4]">&gt;&gt;</a>&nbsp;&nbsp;&nbsp;CPU_TS_TmrInit
<LI><a href="#[72]">&gt;&gt;</a>&nbsp;&nbsp;&nbsp;BSP_CPU_TickInit
</UL>

<P><STRONG><a name="[72]"></a>BSP_CPU_TickInit</STRONG> (Thumb, 24 bytes, Stack size 16 bytes, bsp.o(.text))
<BR><BR>[Stack]<UL><LI>Max Depth = 60<LI>Call Chain = BSP_CPU_TickInit &rArr; BSP_CPU_ClkFreq &rArr; RCC_GetClocksFreq
</UL>
<BR>[Calls]<UL><LI><a href="#[b7]">&gt;&gt;</a>&nbsp;&nbsp;&nbsp;OS_CPU_SysTickInit
<LI><a href="#[b5]">&gt;&gt;</a>&nbsp;&nbsp;&nbsp;BSP_CPU_ClkFreq
</UL>
<BR>[Called By]<UL><LI><a href="#[5b]">&gt;&gt;</a>&nbsp;&nbsp;&nbsp;AppTaskStart
</UL>

<P><STRONG><a name="[b8]"></a>BSP_PSRAM_Init</STRONG> (Thumb, 682 bytes, Stack size 16 bytes, bsp.o(.text), UNUSED)
<BR><BR>[Calls]<UL><LI><a href="#[b9]">&gt;&gt;</a>&nbsp;&nbsp;&nbsp;RCC_AHB3PeriphClockCmd
<LI><a href="#[a8]">&gt;&gt;</a>&nbsp;&nbsp;&nbsp;RCC_AHB1PeriphClockCmd
<LI><a href="#[bb]">&gt;&gt;</a>&nbsp;&nbsp;&nbsp;GPIO_ResetBits
<LI><a href="#[ba]">&gt;&gt;</a>&nbsp;&nbsp;&nbsp;GPIO_PinAFConfig
<LI><a href="#[a9]">&gt;&gt;</a>&nbsp;&nbsp;&nbsp;GPIO_Init
</UL>

<P><STRONG><a name="[bc]"></a>BSP_SRAM_Init</STRONG> (Thumb, 668 bytes, Stack size 104 bytes, bsp.o(.text), UNUSED)
<BR><BR>[Calls]<UL><LI><a href="#[b9]">&gt;&gt;</a>&nbsp;&nbsp;&nbsp;RCC_AHB3PeriphClockCmd
<LI><a href="#[bd]">&gt;&gt;</a>&nbsp;&nbsp;&nbsp;FSMC_NORSRAMInit
<LI><a href="#[be]">&gt;&gt;</a>&nbsp;&nbsp;&nbsp;FSMC_NORSRAMCmd
<LI><a href="#[a8]">&gt;&gt;</a>&nbsp;&nbsp;&nbsp;RCC_AHB1PeriphClockCmd
<LI><a href="#[ba]">&gt;&gt;</a>&nbsp;&nbsp;&nbsp;GPIO_PinAFConfig
<LI><a href="#[a9]">&gt;&gt;</a>&nbsp;&nbsp;&nbsp;GPIO_Init
</UL>

<P><STRONG><a name="[76]"></a>BSP_LED_On</STRONG> (Thumb, 54 bytes, Stack size 8 bytes, bsp.o(.text))
<BR><BR>[Stack]<UL><LI>Max Depth = 8<LI>Call Chain = BSP_LED_On
</UL>
<BR>[Called By]<UL><LI><a href="#[5b]">&gt;&gt;</a>&nbsp;&nbsp;&nbsp;AppTaskStart
</UL>

<P><STRONG><a name="[75]"></a>BSP_LED_Off</STRONG> (Thumb, 54 bytes, Stack size 8 bytes, bsp.o(.text))
<BR><BR>[Stack]<UL><LI>Max Depth = 8<LI>Call Chain = BSP_LED_Off
</UL>
<BR>[Called By]<UL><LI><a href="#[5b]">&gt;&gt;</a>&nbsp;&nbsp;&nbsp;AppTaskStart
</UL>

<P><STRONG><a name="[77]"></a>BSP_LED_Toggle</STRONG> (Thumb, 158 bytes, Stack size 16 bytes, bsp.o(.text))
<BR><BR>[Stack]<UL><LI>Max Depth = 16<LI>Call Chain = BSP_LED_Toggle
</UL>
<BR>[Calls]<UL><LI><a href="#[bf]">&gt;&gt;</a>&nbsp;&nbsp;&nbsp;GPIO_ReadOutputData
<LI><a href="#[c0]">&gt;&gt;</a>&nbsp;&nbsp;&nbsp;GPIO_SetBits
<LI><a href="#[bb]">&gt;&gt;</a>&nbsp;&nbsp;&nbsp;GPIO_ResetBits
</UL>
<BR>[Called By]<UL><LI><a href="#[5b]">&gt;&gt;</a>&nbsp;&nbsp;&nbsp;AppTaskStart
</UL>

<P><STRONG><a name="[c2]"></a>BSP_READ_KEY</STRONG> (Thumb, 30 bytes, Stack size 8 bytes, bsp.o(.text), UNUSED)
<BR><BR>[Calls]<UL><LI><a href="#[c3]">&gt;&gt;</a>&nbsp;&nbsp;&nbsp;GPIO_ReadInputDataBit
</UL>

<P><STRONG><a name="[c4]"></a>CPU_TS_TmrInit</STRONG> (Thumb, 44 bytes, Stack size 8 bytes, bsp.o(.text))
<BR><BR>[Stack]<UL><LI>Max Depth = 52<LI>Call Chain = CPU_TS_TmrInit &rArr; BSP_CPU_ClkFreq &rArr; RCC_GetClocksFreq
</UL>
<BR>[Calls]<UL><LI><a href="#[c5]">&gt;&gt;</a>&nbsp;&nbsp;&nbsp;CPU_TS_TmrFreqSet
<LI><a href="#[b5]">&gt;&gt;</a>&nbsp;&nbsp;&nbsp;BSP_CPU_ClkFreq
</UL>
<BR>[Called By]<UL><LI><a href="#[167]">&gt;&gt;</a>&nbsp;&nbsp;&nbsp;CPU_TS_Init
</UL>

<P><STRONG><a name="[16e]"></a>CPU_TS_TmrRd</STRONG> (Thumb, 6 bytes, Stack size 0 bytes, bsp.o(.text), UNUSED)
<BR><BR>[Called By]<UL><LI><a href="#[16d]">&gt;&gt;</a>&nbsp;&nbsp;&nbsp;CPU_TS_Get32
</UL>

<P><STRONG><a name="[25e]"></a>BSP_IntClr</STRONG> (Thumb, 2 bytes, Stack size 0 bytes, bsp_int.o(.text), UNUSED)

<P><STRONG><a name="[c6]"></a>BSP_IntDis</STRONG> (Thumb, 20 bytes, Stack size 8 bytes, bsp_int.o(.text), UNUSED)
<BR><BR>[Calls]<UL><LI><a href="#[c7]">&gt;&gt;</a>&nbsp;&nbsp;&nbsp;CPU_IntSrcDis
</UL>

<P><STRONG><a name="[79]"></a>BSP_IntDisAll</STRONG> (Thumb, 8 bytes, Stack size 8 bytes, bsp_int.o(.text))
<BR><BR>[Stack]<UL><LI>Max Depth = 8 + Unknown Stack Size
<LI>Call Chain = BSP_IntDisAll
</UL>
<BR>[Calls]<UL><LI><a href="#[c8]">&gt;&gt;</a>&nbsp;&nbsp;&nbsp;CPU_IntDis
</UL>
<BR>[Called By]<UL><LI><a href="#[5a]">&gt;&gt;</a>&nbsp;&nbsp;&nbsp;main
</UL>

<P><STRONG><a name="[c9]"></a>BSP_IntEn</STRONG> (Thumb, 20 bytes, Stack size 8 bytes, bsp_int.o(.text))
<BR><BR>[Stack]<UL><LI>Max Depth = 32 + Unknown Stack Size
<LI>Call Chain = BSP_IntEn &rArr; CPU_IntSrcEn
</UL>
<BR>[Calls]<UL><LI><a href="#[ca]">&gt;&gt;</a>&nbsp;&nbsp;&nbsp;CPU_IntSrcEn
</UL>
<BR>[Called By]<UL><LI><a href="#[ac]">&gt;&gt;</a>&nbsp;&nbsp;&nbsp;I2C_3_Initialization
<LI><a href="#[ad]">&gt;&gt;</a>&nbsp;&nbsp;&nbsp;I2C_2_Initialization
<LI><a href="#[ae]">&gt;&gt;</a>&nbsp;&nbsp;&nbsp;I2C_1_Initialization
<LI><a href="#[b1]">&gt;&gt;</a>&nbsp;&nbsp;&nbsp;BSP_Ser_Init
<LI><a href="#[af]">&gt;&gt;</a>&nbsp;&nbsp;&nbsp;BSP_Ser_1_IRDA_Init
<LI><a href="#[b0]">&gt;&gt;</a>&nbsp;&nbsp;&nbsp;BSP_Can_Init
<LI><a href="#[14f]">&gt;&gt;</a>&nbsp;&nbsp;&nbsp;AI_Init
</UL>

<P><STRONG><a name="[cb]"></a>BSP_IntVectSet</STRONG> (Thumb, 48 bytes, Stack size 16 bytes, bsp_int.o(.text))
<BR><BR>[Stack]<UL><LI>Max Depth = 16 + Unknown Stack Size
<LI>Call Chain = BSP_IntVectSet
</UL>
<BR>[Calls]<UL><LI><a href="#[cc]">&gt;&gt;</a>&nbsp;&nbsp;&nbsp;CPU_SR_Save
<LI><a href="#[cd]">&gt;&gt;</a>&nbsp;&nbsp;&nbsp;CPU_SR_Restore
</UL>
<BR>[Called By]<UL><LI><a href="#[d0]">&gt;&gt;</a>&nbsp;&nbsp;&nbsp;BSP_IntInit
<LI><a href="#[ac]">&gt;&gt;</a>&nbsp;&nbsp;&nbsp;I2C_3_Initialization
<LI><a href="#[ad]">&gt;&gt;</a>&nbsp;&nbsp;&nbsp;I2C_2_Initialization
<LI><a href="#[ae]">&gt;&gt;</a>&nbsp;&nbsp;&nbsp;I2C_1_Initialization
<LI><a href="#[b1]">&gt;&gt;</a>&nbsp;&nbsp;&nbsp;BSP_Ser_Init
<LI><a href="#[af]">&gt;&gt;</a>&nbsp;&nbsp;&nbsp;BSP_Ser_1_IRDA_Init
<LI><a href="#[b0]">&gt;&gt;</a>&nbsp;&nbsp;&nbsp;BSP_Can_Init
<LI><a href="#[14f]">&gt;&gt;</a>&nbsp;&nbsp;&nbsp;AI_Init
</UL>

<P><STRONG><a name="[ce]"></a>BSP_IntPrioSet</STRONG> (Thumb, 54 bytes, Stack size 16 bytes, bsp_int.o(.text), UNUSED)
<BR><BR>[Calls]<UL><LI><a href="#[cc]">&gt;&gt;</a>&nbsp;&nbsp;&nbsp;CPU_SR_Save
<LI><a href="#[cd]">&gt;&gt;</a>&nbsp;&nbsp;&nbsp;CPU_SR_Restore
<LI><a href="#[cf]">&gt;&gt;</a>&nbsp;&nbsp;&nbsp;CPU_IntSrcPrioSet
</UL>

<P><STRONG><a name="[d0]"></a>BSP_IntInit</STRONG> (Thumb, 22 bytes, Stack size 8 bytes, bsp_int.o(.text), UNUSED)
<BR><BR>[Calls]<UL><LI><a href="#[cb]">&gt;&gt;</a>&nbsp;&nbsp;&nbsp;BSP_IntVectSet
</UL>

<P><STRONG><a name="[9]"></a>BSP_IntHandlerWWDG</STRONG> (Thumb, 10 bytes, Stack size 8 bytes, bsp_int.o(.text))
<BR><BR>[Stack]<UL><LI>Max Depth = 32 + Unknown Stack Size
<LI>Call Chain = BSP_IntHandlerWWDG &rArr; BSP_IntHandler &rArr; OSIntExit
</UL>
<BR>[Calls]<UL><LI><a href="#[d1]">&gt;&gt;</a>&nbsp;&nbsp;&nbsp;BSP_IntHandler
</UL>
<BR>[Address Reference Count : 1]<UL><LI> cstartup.o(RESET)
</UL>
<P><STRONG><a name="[a]"></a>BSP_IntHandlerPVD</STRONG> (Thumb, 10 bytes, Stack size 8 bytes, bsp_int.o(.text))
<BR><BR>[Stack]<UL><LI>Max Depth = 32 + Unknown Stack Size
<LI>Call Chain = BSP_IntHandlerPVD &rArr; BSP_IntHandler &rArr; OSIntExit
</UL>
<BR>[Calls]<UL><LI><a href="#[d1]">&gt;&gt;</a>&nbsp;&nbsp;&nbsp;BSP_IntHandler
</UL>
<BR>[Address Reference Count : 1]<UL><LI> cstartup.o(RESET)
</UL>
<P><STRONG><a name="[b]"></a>BSP_IntHandlerTAMPER</STRONG> (Thumb, 10 bytes, Stack size 8 bytes, bsp_int.o(.text))
<BR><BR>[Stack]<UL><LI>Max Depth = 32 + Unknown Stack Size
<LI>Call Chain = BSP_IntHandlerTAMPER &rArr; BSP_IntHandler &rArr; OSIntExit
</UL>
<BR>[Calls]<UL><LI><a href="#[d1]">&gt;&gt;</a>&nbsp;&nbsp;&nbsp;BSP_IntHandler
</UL>
<BR>[Address Reference Count : 1]<UL><LI> cstartup.o(RESET)
</UL>
<P><STRONG><a name="[c]"></a>BSP_IntHandlerRTC</STRONG> (Thumb, 10 bytes, Stack size 8 bytes, bsp_int.o(.text))
<BR><BR>[Stack]<UL><LI>Max Depth = 32 + Unknown Stack Size
<LI>Call Chain = BSP_IntHandlerRTC &rArr; BSP_IntHandler &rArr; OSIntExit
</UL>
<BR>[Calls]<UL><LI><a href="#[d1]">&gt;&gt;</a>&nbsp;&nbsp;&nbsp;BSP_IntHandler
</UL>
<BR>[Address Reference Count : 1]<UL><LI> cstartup.o(RESET)
</UL>
<P><STRONG><a name="[d]"></a>BSP_IntHandlerFLASH</STRONG> (Thumb, 10 bytes, Stack size 8 bytes, bsp_int.o(.text))
<BR><BR>[Stack]<UL><LI>Max Depth = 32 + Unknown Stack Size
<LI>Call Chain = BSP_IntHandlerFLASH &rArr; BSP_IntHandler &rArr; OSIntExit
</UL>
<BR>[Calls]<UL><LI><a href="#[d1]">&gt;&gt;</a>&nbsp;&nbsp;&nbsp;BSP_IntHandler
</UL>
<BR>[Address Reference Count : 1]<UL><LI> cstartup.o(RESET)
</UL>
<P><STRONG><a name="[e]"></a>BSP_IntHandlerRCC</STRONG> (Thumb, 10 bytes, Stack size 8 bytes, bsp_int.o(.text))
<BR><BR>[Stack]<UL><LI>Max Depth = 32 + Unknown Stack Size
<LI>Call Chain = BSP_IntHandlerRCC &rArr; BSP_IntHandler &rArr; OSIntExit
</UL>
<BR>[Calls]<UL><LI><a href="#[d1]">&gt;&gt;</a>&nbsp;&nbsp;&nbsp;BSP_IntHandler
</UL>
<BR>[Address Reference Count : 1]<UL><LI> cstartup.o(RESET)
</UL>
<P><STRONG><a name="[f]"></a>BSP_IntHandlerEXTI0</STRONG> (Thumb, 10 bytes, Stack size 8 bytes, bsp_int.o(.text))
<BR><BR>[Stack]<UL><LI>Max Depth = 32 + Unknown Stack Size
<LI>Call Chain = BSP_IntHandlerEXTI0 &rArr; BSP_IntHandler &rArr; OSIntExit
</UL>
<BR>[Calls]<UL><LI><a href="#[d1]">&gt;&gt;</a>&nbsp;&nbsp;&nbsp;BSP_IntHandler
</UL>
<BR>[Address Reference Count : 1]<UL><LI> cstartup.o(RESET)
</UL>
<P><STRONG><a name="[10]"></a>BSP_IntHandlerEXTI1</STRONG> (Thumb, 10 bytes, Stack size 8 bytes, bsp_int.o(.text))
<BR><BR>[Stack]<UL><LI>Max Depth = 32 + Unknown Stack Size
<LI>Call Chain = BSP_IntHandlerEXTI1 &rArr; BSP_IntHandler &rArr; OSIntExit
</UL>
<BR>[Calls]<UL><LI><a href="#[d1]">&gt;&gt;</a>&nbsp;&nbsp;&nbsp;BSP_IntHandler
</UL>
<BR>[Address Reference Count : 1]<UL><LI> cstartup.o(RESET)
</UL>
<P><STRONG><a name="[11]"></a>BSP_IntHandlerEXTI2</STRONG> (Thumb, 10 bytes, Stack size 8 bytes, bsp_int.o(.text))
<BR><BR>[Stack]<UL><LI>Max Depth = 32 + Unknown Stack Size
<LI>Call Chain = BSP_IntHandlerEXTI2 &rArr; BSP_IntHandler &rArr; OSIntExit
</UL>
<BR>[Calls]<UL><LI><a href="#[d1]">&gt;&gt;</a>&nbsp;&nbsp;&nbsp;BSP_IntHandler
</UL>
<BR>[Address Reference Count : 1]<UL><LI> cstartup.o(RESET)
</UL>
<P><STRONG><a name="[12]"></a>BSP_IntHandlerEXTI3</STRONG> (Thumb, 10 bytes, Stack size 8 bytes, bsp_int.o(.text))
<BR><BR>[Stack]<UL><LI>Max Depth = 32 + Unknown Stack Size
<LI>Call Chain = BSP_IntHandlerEXTI3 &rArr; BSP_IntHandler &rArr; OSIntExit
</UL>
<BR>[Calls]<UL><LI><a href="#[d1]">&gt;&gt;</a>&nbsp;&nbsp;&nbsp;BSP_IntHandler
</UL>
<BR>[Address Reference Count : 1]<UL><LI> cstartup.o(RESET)
</UL>
<P><STRONG><a name="[13]"></a>BSP_IntHandlerEXTI4</STRONG> (Thumb, 10 bytes, Stack size 8 bytes, bsp_int.o(.text))
<BR><BR>[Stack]<UL><LI>Max Depth = 32 + Unknown Stack Size
<LI>Call Chain = BSP_IntHandlerEXTI4 &rArr; BSP_IntHandler &rArr; OSIntExit
</UL>
<BR>[Calls]<UL><LI><a href="#[d1]">&gt;&gt;</a>&nbsp;&nbsp;&nbsp;BSP_IntHandler
</UL>
<BR>[Address Reference Count : 1]<UL><LI> cstartup.o(RESET)
</UL>
<P><STRONG><a name="[14]"></a>BSP_IntHandlerDMA1_CH1</STRONG> (Thumb, 10 bytes, Stack size 8 bytes, bsp_int.o(.text))
<BR><BR>[Stack]<UL><LI>Max Depth = 32 + Unknown Stack Size
<LI>Call Chain = BSP_IntHandlerDMA1_CH1 &rArr; BSP_IntHandler &rArr; OSIntExit
</UL>
<BR>[Calls]<UL><LI><a href="#[d1]">&gt;&gt;</a>&nbsp;&nbsp;&nbsp;BSP_IntHandler
</UL>
<BR>[Address Reference Count : 1]<UL><LI> cstartup.o(RESET)
</UL>
<P><STRONG><a name="[15]"></a>BSP_IntHandlerDMA1_CH2</STRONG> (Thumb, 10 bytes, Stack size 8 bytes, bsp_int.o(.text))
<BR><BR>[Stack]<UL><LI>Max Depth = 32 + Unknown Stack Size
<LI>Call Chain = BSP_IntHandlerDMA1_CH2 &rArr; BSP_IntHandler &rArr; OSIntExit
</UL>
<BR>[Calls]<UL><LI><a href="#[d1]">&gt;&gt;</a>&nbsp;&nbsp;&nbsp;BSP_IntHandler
</UL>
<BR>[Address Reference Count : 1]<UL><LI> cstartup.o(RESET)
</UL>
<P><STRONG><a name="[16]"></a>BSP_IntHandlerDMA1_CH3</STRONG> (Thumb, 10 bytes, Stack size 8 bytes, bsp_int.o(.text))
<BR><BR>[Stack]<UL><LI>Max Depth = 32 + Unknown Stack Size
<LI>Call Chain = BSP_IntHandlerDMA1_CH3 &rArr; BSP_IntHandler &rArr; OSIntExit
</UL>
<BR>[Calls]<UL><LI><a href="#[d1]">&gt;&gt;</a>&nbsp;&nbsp;&nbsp;BSP_IntHandler
</UL>
<BR>[Address Reference Count : 1]<UL><LI> cstartup.o(RESET)
</UL>
<P><STRONG><a name="[17]"></a>BSP_IntHandlerDMA1_CH4</STRONG> (Thumb, 10 bytes, Stack size 8 bytes, bsp_int.o(.text))
<BR><BR>[Stack]<UL><LI>Max Depth = 32 + Unknown Stack Size
<LI>Call Chain = BSP_IntHandlerDMA1_CH4 &rArr; BSP_IntHandler &rArr; OSIntExit
</UL>
<BR>[Calls]<UL><LI><a href="#[d1]">&gt;&gt;</a>&nbsp;&nbsp;&nbsp;BSP_IntHandler
</UL>
<BR>[Address Reference Count : 1]<UL><LI> cstartup.o(RESET)
</UL>
<P><STRONG><a name="[18]"></a>BSP_IntHandlerDMA1_CH5</STRONG> (Thumb, 10 bytes, Stack size 8 bytes, bsp_int.o(.text))
<BR><BR>[Stack]<UL><LI>Max Depth = 32 + Unknown Stack Size
<LI>Call Chain = BSP_IntHandlerDMA1_CH5 &rArr; BSP_IntHandler &rArr; OSIntExit
</UL>
<BR>[Calls]<UL><LI><a href="#[d1]">&gt;&gt;</a>&nbsp;&nbsp;&nbsp;BSP_IntHandler
</UL>
<BR>[Address Reference Count : 1]<UL><LI> cstartup.o(RESET)
</UL>
<P><STRONG><a name="[19]"></a>BSP_IntHandlerDMA1_CH6</STRONG> (Thumb, 10 bytes, Stack size 8 bytes, bsp_int.o(.text))
<BR><BR>[Stack]<UL><LI>Max Depth = 32 + Unknown Stack Size
<LI>Call Chain = BSP_IntHandlerDMA1_CH6 &rArr; BSP_IntHandler &rArr; OSIntExit
</UL>
<BR>[Calls]<UL><LI><a href="#[d1]">&gt;&gt;</a>&nbsp;&nbsp;&nbsp;BSP_IntHandler
</UL>
<BR>[Address Reference Count : 1]<UL><LI> cstartup.o(RESET)
</UL>
<P><STRONG><a name="[1a]"></a>BSP_IntHandlerDMA1_CH7</STRONG> (Thumb, 10 bytes, Stack size 8 bytes, bsp_int.o(.text))
<BR><BR>[Stack]<UL><LI>Max Depth = 32 + Unknown Stack Size
<LI>Call Chain = BSP_IntHandlerDMA1_CH7 &rArr; BSP_IntHandler &rArr; OSIntExit
</UL>
<BR>[Calls]<UL><LI><a href="#[d1]">&gt;&gt;</a>&nbsp;&nbsp;&nbsp;BSP_IntHandler
</UL>
<BR>[Address Reference Count : 1]<UL><LI> cstartup.o(RESET)
</UL>
<P><STRONG><a name="[1b]"></a>BSP_IntHandlerADC1_2</STRONG> (Thumb, 10 bytes, Stack size 8 bytes, bsp_int.o(.text))
<BR><BR>[Stack]<UL><LI>Max Depth = 32 + Unknown Stack Size
<LI>Call Chain = BSP_IntHandlerADC1_2 &rArr; BSP_IntHandler &rArr; OSIntExit
</UL>
<BR>[Calls]<UL><LI><a href="#[d1]">&gt;&gt;</a>&nbsp;&nbsp;&nbsp;BSP_IntHandler
</UL>
<BR>[Address Reference Count : 1]<UL><LI> cstartup.o(RESET)
</UL>
<P><STRONG><a name="[1c]"></a>BSP_IntHandlerCAN1_TX</STRONG> (Thumb, 10 bytes, Stack size 8 bytes, bsp_int.o(.text))
<BR><BR>[Stack]<UL><LI>Max Depth = 32 + Unknown Stack Size
<LI>Call Chain = BSP_IntHandlerCAN1_TX &rArr; BSP_IntHandler &rArr; OSIntExit
</UL>
<BR>[Calls]<UL><LI><a href="#[d1]">&gt;&gt;</a>&nbsp;&nbsp;&nbsp;BSP_IntHandler
</UL>
<BR>[Address Reference Count : 1]<UL><LI> cstartup.o(RESET)
</UL>
<P><STRONG><a name="[1d]"></a>BSP_IntHandlerCAN1_RX0</STRONG> (Thumb, 10 bytes, Stack size 8 bytes, bsp_int.o(.text))
<BR><BR>[Stack]<UL><LI>Max Depth = 32 + Unknown Stack Size
<LI>Call Chain = BSP_IntHandlerCAN1_RX0 &rArr; BSP_IntHandler &rArr; OSIntExit
</UL>
<BR>[Calls]<UL><LI><a href="#[d1]">&gt;&gt;</a>&nbsp;&nbsp;&nbsp;BSP_IntHandler
</UL>
<BR>[Address Reference Count : 1]<UL><LI> cstartup.o(RESET)
</UL>
<P><STRONG><a name="[1e]"></a>BSP_IntHandlerCAN1_RX1</STRONG> (Thumb, 10 bytes, Stack size 8 bytes, bsp_int.o(.text))
<BR><BR>[Stack]<UL><LI>Max Depth = 32 + Unknown Stack Size
<LI>Call Chain = BSP_IntHandlerCAN1_RX1 &rArr; BSP_IntHandler &rArr; OSIntExit
</UL>
<BR>[Calls]<UL><LI><a href="#[d1]">&gt;&gt;</a>&nbsp;&nbsp;&nbsp;BSP_IntHandler
</UL>
<BR>[Address Reference Count : 1]<UL><LI> cstartup.o(RESET)
</UL>
<P><STRONG><a name="[1f]"></a>BSP_IntHandlerCAN1_SCE</STRONG> (Thumb, 10 bytes, Stack size 8 bytes, bsp_int.o(.text))
<BR><BR>[Stack]<UL><LI>Max Depth = 32 + Unknown Stack Size
<LI>Call Chain = BSP_IntHandlerCAN1_SCE &rArr; BSP_IntHandler &rArr; OSIntExit
</UL>
<BR>[Calls]<UL><LI><a href="#[d1]">&gt;&gt;</a>&nbsp;&nbsp;&nbsp;BSP_IntHandler
</UL>
<BR>[Address Reference Count : 1]<UL><LI> cstartup.o(RESET)
</UL>
<P><STRONG><a name="[20]"></a>BSP_IntHandlerEXTI9_5</STRONG> (Thumb, 10 bytes, Stack size 8 bytes, bsp_int.o(.text))
<BR><BR>[Stack]<UL><LI>Max Depth = 32 + Unknown Stack Size
<LI>Call Chain = BSP_IntHandlerEXTI9_5 &rArr; BSP_IntHandler &rArr; OSIntExit
</UL>
<BR>[Calls]<UL><LI><a href="#[d1]">&gt;&gt;</a>&nbsp;&nbsp;&nbsp;BSP_IntHandler
</UL>
<BR>[Address Reference Count : 1]<UL><LI> cstartup.o(RESET)
</UL>
<P><STRONG><a name="[21]"></a>BSP_IntHandlerTIM1_BRK</STRONG> (Thumb, 10 bytes, Stack size 8 bytes, bsp_int.o(.text))
<BR><BR>[Stack]<UL><LI>Max Depth = 32 + Unknown Stack Size
<LI>Call Chain = BSP_IntHandlerTIM1_BRK &rArr; BSP_IntHandler &rArr; OSIntExit
</UL>
<BR>[Calls]<UL><LI><a href="#[d1]">&gt;&gt;</a>&nbsp;&nbsp;&nbsp;BSP_IntHandler
</UL>
<BR>[Address Reference Count : 1]<UL><LI> cstartup.o(RESET)
</UL>
<P><STRONG><a name="[22]"></a>BSP_IntHandlerTIM1_UP</STRONG> (Thumb, 10 bytes, Stack size 8 bytes, bsp_int.o(.text))
<BR><BR>[Stack]<UL><LI>Max Depth = 32 + Unknown Stack Size
<LI>Call Chain = BSP_IntHandlerTIM1_UP &rArr; BSP_IntHandler &rArr; OSIntExit
</UL>
<BR>[Calls]<UL><LI><a href="#[d1]">&gt;&gt;</a>&nbsp;&nbsp;&nbsp;BSP_IntHandler
</UL>
<BR>[Address Reference Count : 1]<UL><LI> cstartup.o(RESET)
</UL>
<P><STRONG><a name="[23]"></a>BSP_IntHandlerTIM1_TRG_COM</STRONG> (Thumb, 10 bytes, Stack size 8 bytes, bsp_int.o(.text))
<BR><BR>[Stack]<UL><LI>Max Depth = 32 + Unknown Stack Size
<LI>Call Chain = BSP_IntHandlerTIM1_TRG_COM &rArr; BSP_IntHandler &rArr; OSIntExit
</UL>
<BR>[Calls]<UL><LI><a href="#[d1]">&gt;&gt;</a>&nbsp;&nbsp;&nbsp;BSP_IntHandler
</UL>
<BR>[Address Reference Count : 1]<UL><LI> cstartup.o(RESET)
</UL>
<P><STRONG><a name="[24]"></a>BSP_IntHandlerTIM1_CC</STRONG> (Thumb, 10 bytes, Stack size 8 bytes, bsp_int.o(.text))
<BR><BR>[Stack]<UL><LI>Max Depth = 32 + Unknown Stack Size
<LI>Call Chain = BSP_IntHandlerTIM1_CC &rArr; BSP_IntHandler &rArr; OSIntExit
</UL>
<BR>[Calls]<UL><LI><a href="#[d1]">&gt;&gt;</a>&nbsp;&nbsp;&nbsp;BSP_IntHandler
</UL>
<BR>[Address Reference Count : 1]<UL><LI> cstartup.o(RESET)
</UL>
<P><STRONG><a name="[25]"></a>BSP_IntHandlerTIM2</STRONG> (Thumb, 10 bytes, Stack size 8 bytes, bsp_int.o(.text))
<BR><BR>[Stack]<UL><LI>Max Depth = 32 + Unknown Stack Size
<LI>Call Chain = BSP_IntHandlerTIM2 &rArr; BSP_IntHandler &rArr; OSIntExit
</UL>
<BR>[Calls]<UL><LI><a href="#[d1]">&gt;&gt;</a>&nbsp;&nbsp;&nbsp;BSP_IntHandler
</UL>
<BR>[Address Reference Count : 1]<UL><LI> cstartup.o(RESET)
</UL>
<P><STRONG><a name="[26]"></a>BSP_IntHandlerTIM3</STRONG> (Thumb, 10 bytes, Stack size 8 bytes, bsp_int.o(.text))
<BR><BR>[Stack]<UL><LI>Max Depth = 32 + Unknown Stack Size
<LI>Call Chain = BSP_IntHandlerTIM3 &rArr; BSP_IntHandler &rArr; OSIntExit
</UL>
<BR>[Calls]<UL><LI><a href="#[d1]">&gt;&gt;</a>&nbsp;&nbsp;&nbsp;BSP_IntHandler
</UL>
<BR>[Address Reference Count : 1]<UL><LI> cstartup.o(RESET)
</UL>
<P><STRONG><a name="[27]"></a>BSP_IntHandlerTIM4</STRONG> (Thumb, 10 bytes, Stack size 8 bytes, bsp_int.o(.text))
<BR><BR>[Stack]<UL><LI>Max Depth = 32 + Unknown Stack Size
<LI>Call Chain = BSP_IntHandlerTIM4 &rArr; BSP_IntHandler &rArr; OSIntExit
</UL>
<BR>[Calls]<UL><LI><a href="#[d1]">&gt;&gt;</a>&nbsp;&nbsp;&nbsp;BSP_IntHandler
</UL>
<BR>[Address Reference Count : 1]<UL><LI> cstartup.o(RESET)
</UL>
<P><STRONG><a name="[28]"></a>BSP_IntHandlerI2C1_EV</STRONG> (Thumb, 10 bytes, Stack size 8 bytes, bsp_int.o(.text))
<BR><BR>[Stack]<UL><LI>Max Depth = 32 + Unknown Stack Size
<LI>Call Chain = BSP_IntHandlerI2C1_EV &rArr; BSP_IntHandler &rArr; OSIntExit
</UL>
<BR>[Calls]<UL><LI><a href="#[d1]">&gt;&gt;</a>&nbsp;&nbsp;&nbsp;BSP_IntHandler
</UL>
<BR>[Address Reference Count : 1]<UL><LI> cstartup.o(RESET)
</UL>
<P><STRONG><a name="[29]"></a>BSP_IntHandlerI2C1_ER</STRONG> (Thumb, 10 bytes, Stack size 8 bytes, bsp_int.o(.text))
<BR><BR>[Stack]<UL><LI>Max Depth = 32 + Unknown Stack Size
<LI>Call Chain = BSP_IntHandlerI2C1_ER &rArr; BSP_IntHandler &rArr; OSIntExit
</UL>
<BR>[Calls]<UL><LI><a href="#[d1]">&gt;&gt;</a>&nbsp;&nbsp;&nbsp;BSP_IntHandler
</UL>
<BR>[Address Reference Count : 1]<UL><LI> cstartup.o(RESET)
</UL>
<P><STRONG><a name="[2a]"></a>BSP_IntHandlerI2C2_EV</STRONG> (Thumb, 10 bytes, Stack size 8 bytes, bsp_int.o(.text))
<BR><BR>[Stack]<UL><LI>Max Depth = 32 + Unknown Stack Size
<LI>Call Chain = BSP_IntHandlerI2C2_EV &rArr; BSP_IntHandler &rArr; OSIntExit
</UL>
<BR>[Calls]<UL><LI><a href="#[d1]">&gt;&gt;</a>&nbsp;&nbsp;&nbsp;BSP_IntHandler
</UL>
<BR>[Address Reference Count : 1]<UL><LI> cstartup.o(RESET)
</UL>
<P><STRONG><a name="[2b]"></a>BSP_IntHandlerI2C2_ER</STRONG> (Thumb, 10 bytes, Stack size 8 bytes, bsp_int.o(.text))
<BR><BR>[Stack]<UL><LI>Max Depth = 32 + Unknown Stack Size
<LI>Call Chain = BSP_IntHandlerI2C2_ER &rArr; BSP_IntHandler &rArr; OSIntExit
</UL>
<BR>[Calls]<UL><LI><a href="#[d1]">&gt;&gt;</a>&nbsp;&nbsp;&nbsp;BSP_IntHandler
</UL>
<BR>[Address Reference Count : 1]<UL><LI> cstartup.o(RESET)
</UL>
<P><STRONG><a name="[2c]"></a>BSP_IntHandlerSPI1</STRONG> (Thumb, 10 bytes, Stack size 8 bytes, bsp_int.o(.text))
<BR><BR>[Stack]<UL><LI>Max Depth = 32 + Unknown Stack Size
<LI>Call Chain = BSP_IntHandlerSPI1 &rArr; BSP_IntHandler &rArr; OSIntExit
</UL>
<BR>[Calls]<UL><LI><a href="#[d1]">&gt;&gt;</a>&nbsp;&nbsp;&nbsp;BSP_IntHandler
</UL>
<BR>[Address Reference Count : 1]<UL><LI> cstartup.o(RESET)
</UL>
<P><STRONG><a name="[2d]"></a>BSP_IntHandlerSPI2</STRONG> (Thumb, 10 bytes, Stack size 8 bytes, bsp_int.o(.text))
<BR><BR>[Stack]<UL><LI>Max Depth = 32 + Unknown Stack Size
<LI>Call Chain = BSP_IntHandlerSPI2 &rArr; BSP_IntHandler &rArr; OSIntExit
</UL>
<BR>[Calls]<UL><LI><a href="#[d1]">&gt;&gt;</a>&nbsp;&nbsp;&nbsp;BSP_IntHandler
</UL>
<BR>[Address Reference Count : 1]<UL><LI> cstartup.o(RESET)
</UL>
<P><STRONG><a name="[2e]"></a>BSP_IntHandlerUSART1</STRONG> (Thumb, 10 bytes, Stack size 8 bytes, bsp_int.o(.text))
<BR><BR>[Stack]<UL><LI>Max Depth = 32 + Unknown Stack Size
<LI>Call Chain = BSP_IntHandlerUSART1 &rArr; BSP_IntHandler &rArr; OSIntExit
</UL>
<BR>[Calls]<UL><LI><a href="#[d1]">&gt;&gt;</a>&nbsp;&nbsp;&nbsp;BSP_IntHandler
</UL>
<BR>[Address Reference Count : 1]<UL><LI> cstartup.o(RESET)
</UL>
<P><STRONG><a name="[2f]"></a>BSP_IntHandlerUSART2</STRONG> (Thumb, 10 bytes, Stack size 8 bytes, bsp_int.o(.text))
<BR><BR>[Stack]<UL><LI>Max Depth = 32 + Unknown Stack Size
<LI>Call Chain = BSP_IntHandlerUSART2 &rArr; BSP_IntHandler &rArr; OSIntExit
</UL>
<BR>[Calls]<UL><LI><a href="#[d1]">&gt;&gt;</a>&nbsp;&nbsp;&nbsp;BSP_IntHandler
</UL>
<BR>[Address Reference Count : 1]<UL><LI> cstartup.o(RESET)
</UL>
<P><STRONG><a name="[30]"></a>BSP_IntHandlerUSART3</STRONG> (Thumb, 10 bytes, Stack size 8 bytes, bsp_int.o(.text))
<BR><BR>[Stack]<UL><LI>Max Depth = 32 + Unknown Stack Size
<LI>Call Chain = BSP_IntHandlerUSART3 &rArr; BSP_IntHandler &rArr; OSIntExit
</UL>
<BR>[Calls]<UL><LI><a href="#[d1]">&gt;&gt;</a>&nbsp;&nbsp;&nbsp;BSP_IntHandler
</UL>
<BR>[Address Reference Count : 1]<UL><LI> cstartup.o(RESET)
</UL>
<P><STRONG><a name="[31]"></a>BSP_IntHandlerEXTI15_10</STRONG> (Thumb, 10 bytes, Stack size 8 bytes, bsp_int.o(.text))
<BR><BR>[Stack]<UL><LI>Max Depth = 32 + Unknown Stack Size
<LI>Call Chain = BSP_IntHandlerEXTI15_10 &rArr; BSP_IntHandler &rArr; OSIntExit
</UL>
<BR>[Calls]<UL><LI><a href="#[d1]">&gt;&gt;</a>&nbsp;&nbsp;&nbsp;BSP_IntHandler
</UL>
<BR>[Address Reference Count : 1]<UL><LI> cstartup.o(RESET)
</UL>
<P><STRONG><a name="[32]"></a>BSP_IntHandlerRTCAlarm</STRONG> (Thumb, 10 bytes, Stack size 8 bytes, bsp_int.o(.text))
<BR><BR>[Stack]<UL><LI>Max Depth = 32 + Unknown Stack Size
<LI>Call Chain = BSP_IntHandlerRTCAlarm &rArr; BSP_IntHandler &rArr; OSIntExit
</UL>
<BR>[Calls]<UL><LI><a href="#[d1]">&gt;&gt;</a>&nbsp;&nbsp;&nbsp;BSP_IntHandler
</UL>
<BR>[Address Reference Count : 1]<UL><LI> cstartup.o(RESET)
</UL>
<P><STRONG><a name="[33]"></a>BSP_IntHandlerUSBWakeUp</STRONG> (Thumb, 10 bytes, Stack size 8 bytes, bsp_int.o(.text))
<BR><BR>[Stack]<UL><LI>Max Depth = 32 + Unknown Stack Size
<LI>Call Chain = BSP_IntHandlerUSBWakeUp &rArr; BSP_IntHandler &rArr; OSIntExit
</UL>
<BR>[Calls]<UL><LI><a href="#[d1]">&gt;&gt;</a>&nbsp;&nbsp;&nbsp;BSP_IntHandler
</UL>
<BR>[Address Reference Count : 1]<UL><LI> cstartup.o(RESET)
</UL>
<P><STRONG><a name="[34]"></a>BSP_IntHandlerTIM8_BRK_TIM12</STRONG> (Thumb, 10 bytes, Stack size 8 bytes, bsp_int.o(.text))
<BR><BR>[Stack]<UL><LI>Max Depth = 32 + Unknown Stack Size
<LI>Call Chain = BSP_IntHandlerTIM8_BRK_TIM12 &rArr; BSP_IntHandler &rArr; OSIntExit
</UL>
<BR>[Calls]<UL><LI><a href="#[d1]">&gt;&gt;</a>&nbsp;&nbsp;&nbsp;BSP_IntHandler
</UL>
<BR>[Address Reference Count : 1]<UL><LI> cstartup.o(RESET)
</UL>
<P><STRONG><a name="[35]"></a>BSP_IntHandlerTIM8_UP_TIM13</STRONG> (Thumb, 10 bytes, Stack size 8 bytes, bsp_int.o(.text))
<BR><BR>[Stack]<UL><LI>Max Depth = 32 + Unknown Stack Size
<LI>Call Chain = BSP_IntHandlerTIM8_UP_TIM13 &rArr; BSP_IntHandler &rArr; OSIntExit
</UL>
<BR>[Calls]<UL><LI><a href="#[d1]">&gt;&gt;</a>&nbsp;&nbsp;&nbsp;BSP_IntHandler
</UL>
<BR>[Address Reference Count : 1]<UL><LI> cstartup.o(RESET)
</UL>
<P><STRONG><a name="[36]"></a>BSP_IntHandlerTIM8_TRG_COM_TIM14</STRONG> (Thumb, 10 bytes, Stack size 8 bytes, bsp_int.o(.text))
<BR><BR>[Stack]<UL><LI>Max Depth = 32 + Unknown Stack Size
<LI>Call Chain = BSP_IntHandlerTIM8_TRG_COM_TIM14 &rArr; BSP_IntHandler &rArr; OSIntExit
</UL>
<BR>[Calls]<UL><LI><a href="#[d1]">&gt;&gt;</a>&nbsp;&nbsp;&nbsp;BSP_IntHandler
</UL>
<BR>[Address Reference Count : 1]<UL><LI> cstartup.o(RESET)
</UL>
<P><STRONG><a name="[37]"></a>BSP_IntHandlerTIM8_CC</STRONG> (Thumb, 10 bytes, Stack size 8 bytes, bsp_int.o(.text))
<BR><BR>[Stack]<UL><LI>Max Depth = 32 + Unknown Stack Size
<LI>Call Chain = BSP_IntHandlerTIM8_CC &rArr; BSP_IntHandler &rArr; OSIntExit
</UL>
<BR>[Calls]<UL><LI><a href="#[d1]">&gt;&gt;</a>&nbsp;&nbsp;&nbsp;BSP_IntHandler
</UL>
<BR>[Address Reference Count : 1]<UL><LI> cstartup.o(RESET)
</UL>
<P><STRONG><a name="[38]"></a>BSP_IntHandlerDMA1_STREAM7</STRONG> (Thumb, 10 bytes, Stack size 8 bytes, bsp_int.o(.text))
<BR><BR>[Stack]<UL><LI>Max Depth = 32 + Unknown Stack Size
<LI>Call Chain = BSP_IntHandlerDMA1_STREAM7 &rArr; BSP_IntHandler &rArr; OSIntExit
</UL>
<BR>[Calls]<UL><LI><a href="#[d1]">&gt;&gt;</a>&nbsp;&nbsp;&nbsp;BSP_IntHandler
</UL>
<BR>[Address Reference Count : 1]<UL><LI> cstartup.o(RESET)
</UL>
<P><STRONG><a name="[39]"></a>BSP_IntHandlerFSMC</STRONG> (Thumb, 10 bytes, Stack size 8 bytes, bsp_int.o(.text))
<BR><BR>[Stack]<UL><LI>Max Depth = 32 + Unknown Stack Size
<LI>Call Chain = BSP_IntHandlerFSMC &rArr; BSP_IntHandler &rArr; OSIntExit
</UL>
<BR>[Calls]<UL><LI><a href="#[d1]">&gt;&gt;</a>&nbsp;&nbsp;&nbsp;BSP_IntHandler
</UL>
<BR>[Address Reference Count : 1]<UL><LI> cstartup.o(RESET)
</UL>
<P><STRONG><a name="[3a]"></a>BSP_IntHandlerSDIO</STRONG> (Thumb, 10 bytes, Stack size 8 bytes, bsp_int.o(.text))
<BR><BR>[Stack]<UL><LI>Max Depth = 32 + Unknown Stack Size
<LI>Call Chain = BSP_IntHandlerSDIO &rArr; BSP_IntHandler &rArr; OSIntExit
</UL>
<BR>[Calls]<UL><LI><a href="#[d1]">&gt;&gt;</a>&nbsp;&nbsp;&nbsp;BSP_IntHandler
</UL>
<BR>[Address Reference Count : 1]<UL><LI> cstartup.o(RESET)
</UL>
<P><STRONG><a name="[3b]"></a>BSP_IntHandlerTIM5</STRONG> (Thumb, 10 bytes, Stack size 8 bytes, bsp_int.o(.text))
<BR><BR>[Stack]<UL><LI>Max Depth = 32 + Unknown Stack Size
<LI>Call Chain = BSP_IntHandlerTIM5 &rArr; BSP_IntHandler &rArr; OSIntExit
</UL>
<BR>[Calls]<UL><LI><a href="#[d1]">&gt;&gt;</a>&nbsp;&nbsp;&nbsp;BSP_IntHandler
</UL>
<BR>[Address Reference Count : 1]<UL><LI> cstartup.o(RESET)
</UL>
<P><STRONG><a name="[3c]"></a>BSP_IntHandlerSPI3</STRONG> (Thumb, 10 bytes, Stack size 8 bytes, bsp_int.o(.text))
<BR><BR>[Stack]<UL><LI>Max Depth = 32 + Unknown Stack Size
<LI>Call Chain = BSP_IntHandlerSPI3 &rArr; BSP_IntHandler &rArr; OSIntExit
</UL>
<BR>[Calls]<UL><LI><a href="#[d1]">&gt;&gt;</a>&nbsp;&nbsp;&nbsp;BSP_IntHandler
</UL>
<BR>[Address Reference Count : 1]<UL><LI> cstartup.o(RESET)
</UL>
<P><STRONG><a name="[3d]"></a>BSP_IntHandlerUSART4</STRONG> (Thumb, 10 bytes, Stack size 8 bytes, bsp_int.o(.text))
<BR><BR>[Stack]<UL><LI>Max Depth = 32 + Unknown Stack Size
<LI>Call Chain = BSP_IntHandlerUSART4 &rArr; BSP_IntHandler &rArr; OSIntExit
</UL>
<BR>[Calls]<UL><LI><a href="#[d1]">&gt;&gt;</a>&nbsp;&nbsp;&nbsp;BSP_IntHandler
</UL>
<BR>[Address Reference Count : 1]<UL><LI> cstartup.o(RESET)
</UL>
<P><STRONG><a name="[3e]"></a>BSP_IntHandlerUSART5</STRONG> (Thumb, 10 bytes, Stack size 8 bytes, bsp_int.o(.text))
<BR><BR>[Stack]<UL><LI>Max Depth = 32 + Unknown Stack Size
<LI>Call Chain = BSP_IntHandlerUSART5 &rArr; BSP_IntHandler &rArr; OSIntExit
</UL>
<BR>[Calls]<UL><LI><a href="#[d1]">&gt;&gt;</a>&nbsp;&nbsp;&nbsp;BSP_IntHandler
</UL>
<BR>[Address Reference Count : 1]<UL><LI> cstartup.o(RESET)
</UL>
<P><STRONG><a name="[3f]"></a>BSP_IntHandlerTIM6</STRONG> (Thumb, 10 bytes, Stack size 8 bytes, bsp_int.o(.text))
<BR><BR>[Stack]<UL><LI>Max Depth = 32 + Unknown Stack Size
<LI>Call Chain = BSP_IntHandlerTIM6 &rArr; BSP_IntHandler &rArr; OSIntExit
</UL>
<BR>[Calls]<UL><LI><a href="#[d1]">&gt;&gt;</a>&nbsp;&nbsp;&nbsp;BSP_IntHandler
</UL>
<BR>[Address Reference Count : 1]<UL><LI> cstartup.o(RESET)
</UL>
<P><STRONG><a name="[40]"></a>BSP_IntHandlerTIM7</STRONG> (Thumb, 10 bytes, Stack size 8 bytes, bsp_int.o(.text))
<BR><BR>[Stack]<UL><LI>Max Depth = 32 + Unknown Stack Size
<LI>Call Chain = BSP_IntHandlerTIM7 &rArr; BSP_IntHandler &rArr; OSIntExit
</UL>
<BR>[Calls]<UL><LI><a href="#[d1]">&gt;&gt;</a>&nbsp;&nbsp;&nbsp;BSP_IntHandler
</UL>
<BR>[Address Reference Count : 1]<UL><LI> cstartup.o(RESET)
</UL>
<P><STRONG><a name="[41]"></a>BSP_IntHandlerDMA2_CH1</STRONG> (Thumb, 10 bytes, Stack size 8 bytes, bsp_int.o(.text))
<BR><BR>[Stack]<UL><LI>Max Depth = 32 + Unknown Stack Size
<LI>Call Chain = BSP_IntHandlerDMA2_CH1 &rArr; BSP_IntHandler &rArr; OSIntExit
</UL>
<BR>[Calls]<UL><LI><a href="#[d1]">&gt;&gt;</a>&nbsp;&nbsp;&nbsp;BSP_IntHandler
</UL>
<BR>[Address Reference Count : 1]<UL><LI> cstartup.o(RESET)
</UL>
<P><STRONG><a name="[42]"></a>BSP_IntHandlerDMA2_CH2</STRONG> (Thumb, 10 bytes, Stack size 8 bytes, bsp_int.o(.text))
<BR><BR>[Stack]<UL><LI>Max Depth = 32 + Unknown Stack Size
<LI>Call Chain = BSP_IntHandlerDMA2_CH2 &rArr; BSP_IntHandler &rArr; OSIntExit
</UL>
<BR>[Calls]<UL><LI><a href="#[d1]">&gt;&gt;</a>&nbsp;&nbsp;&nbsp;BSP_IntHandler
</UL>
<BR>[Address Reference Count : 1]<UL><LI> cstartup.o(RESET)
</UL>
<P><STRONG><a name="[43]"></a>BSP_IntHandlerDMA2_CH3</STRONG> (Thumb, 10 bytes, Stack size 8 bytes, bsp_int.o(.text))
<BR><BR>[Stack]<UL><LI>Max Depth = 32 + Unknown Stack Size
<LI>Call Chain = BSP_IntHandlerDMA2_CH3 &rArr; BSP_IntHandler &rArr; OSIntExit
</UL>
<BR>[Calls]<UL><LI><a href="#[d1]">&gt;&gt;</a>&nbsp;&nbsp;&nbsp;BSP_IntHandler
</UL>
<BR>[Address Reference Count : 1]<UL><LI> cstartup.o(RESET)
</UL>
<P><STRONG><a name="[44]"></a>BSP_IntHandlerDMA2_CH4</STRONG> (Thumb, 10 bytes, Stack size 8 bytes, bsp_int.o(.text))
<BR><BR>[Stack]<UL><LI>Max Depth = 32 + Unknown Stack Size
<LI>Call Chain = BSP_IntHandlerDMA2_CH4 &rArr; BSP_IntHandler &rArr; OSIntExit
</UL>
<BR>[Calls]<UL><LI><a href="#[d1]">&gt;&gt;</a>&nbsp;&nbsp;&nbsp;BSP_IntHandler
</UL>
<BR>[Address Reference Count : 1]<UL><LI> cstartup.o(RESET)
</UL>
<P><STRONG><a name="[45]"></a>BSP_IntHandlerDMA2_CH5</STRONG> (Thumb, 10 bytes, Stack size 8 bytes, bsp_int.o(.text))
<BR><BR>[Stack]<UL><LI>Max Depth = 32 + Unknown Stack Size
<LI>Call Chain = BSP_IntHandlerDMA2_CH5 &rArr; BSP_IntHandler &rArr; OSIntExit
</UL>
<BR>[Calls]<UL><LI><a href="#[d1]">&gt;&gt;</a>&nbsp;&nbsp;&nbsp;BSP_IntHandler
</UL>
<BR>[Address Reference Count : 1]<UL><LI> cstartup.o(RESET)
</UL>
<P><STRONG><a name="[46]"></a>BSP_IntHandlerETH</STRONG> (Thumb, 10 bytes, Stack size 8 bytes, bsp_int.o(.text))
<BR><BR>[Stack]<UL><LI>Max Depth = 32 + Unknown Stack Size
<LI>Call Chain = BSP_IntHandlerETH &rArr; BSP_IntHandler &rArr; OSIntExit
</UL>
<BR>[Calls]<UL><LI><a href="#[d1]">&gt;&gt;</a>&nbsp;&nbsp;&nbsp;BSP_IntHandler
</UL>
<BR>[Address Reference Count : 1]<UL><LI> cstartup.o(RESET)
</UL>
<P><STRONG><a name="[47]"></a>BSP_IntHandlerETHWakeup</STRONG> (Thumb, 10 bytes, Stack size 8 bytes, bsp_int.o(.text))
<BR><BR>[Stack]<UL><LI>Max Depth = 32 + Unknown Stack Size
<LI>Call Chain = BSP_IntHandlerETHWakeup &rArr; BSP_IntHandler &rArr; OSIntExit
</UL>
<BR>[Calls]<UL><LI><a href="#[d1]">&gt;&gt;</a>&nbsp;&nbsp;&nbsp;BSP_IntHandler
</UL>
<BR>[Address Reference Count : 1]<UL><LI> cstartup.o(RESET)
</UL>
<P><STRONG><a name="[48]"></a>BSP_IntHandlerCAN2_TX</STRONG> (Thumb, 10 bytes, Stack size 8 bytes, bsp_int.o(.text))
<BR><BR>[Stack]<UL><LI>Max Depth = 32 + Unknown Stack Size
<LI>Call Chain = BSP_IntHandlerCAN2_TX &rArr; BSP_IntHandler &rArr; OSIntExit
</UL>
<BR>[Calls]<UL><LI><a href="#[d1]">&gt;&gt;</a>&nbsp;&nbsp;&nbsp;BSP_IntHandler
</UL>
<BR>[Address Reference Count : 1]<UL><LI> cstartup.o(RESET)
</UL>
<P><STRONG><a name="[49]"></a>BSP_IntHandlerCAN2_RX0</STRONG> (Thumb, 10 bytes, Stack size 8 bytes, bsp_int.o(.text))
<BR><BR>[Stack]<UL><LI>Max Depth = 32 + Unknown Stack Size
<LI>Call Chain = BSP_IntHandlerCAN2_RX0 &rArr; BSP_IntHandler &rArr; OSIntExit
</UL>
<BR>[Calls]<UL><LI><a href="#[d1]">&gt;&gt;</a>&nbsp;&nbsp;&nbsp;BSP_IntHandler
</UL>
<BR>[Address Reference Count : 1]<UL><LI> cstartup.o(RESET)
</UL>
<P><STRONG><a name="[4a]"></a>BSP_IntHandlerCAN2_RX1</STRONG> (Thumb, 10 bytes, Stack size 8 bytes, bsp_int.o(.text))
<BR><BR>[Stack]<UL><LI>Max Depth = 32 + Unknown Stack Size
<LI>Call Chain = BSP_IntHandlerCAN2_RX1 &rArr; BSP_IntHandler &rArr; OSIntExit
</UL>
<BR>[Calls]<UL><LI><a href="#[d1]">&gt;&gt;</a>&nbsp;&nbsp;&nbsp;BSP_IntHandler
</UL>
<BR>[Address Reference Count : 1]<UL><LI> cstartup.o(RESET)
</UL>
<P><STRONG><a name="[4b]"></a>BSP_IntHandlerCAN2_SCE</STRONG> (Thumb, 10 bytes, Stack size 8 bytes, bsp_int.o(.text))
<BR><BR>[Stack]<UL><LI>Max Depth = 32 + Unknown Stack Size
<LI>Call Chain = BSP_IntHandlerCAN2_SCE &rArr; BSP_IntHandler &rArr; OSIntExit
</UL>
<BR>[Calls]<UL><LI><a href="#[d1]">&gt;&gt;</a>&nbsp;&nbsp;&nbsp;BSP_IntHandler
</UL>
<BR>[Address Reference Count : 1]<UL><LI> cstartup.o(RESET)
</UL>
<P><STRONG><a name="[4c]"></a>BSP_IntHandlerOTG</STRONG> (Thumb, 10 bytes, Stack size 8 bytes, bsp_int.o(.text))
<BR><BR>[Stack]<UL><LI>Max Depth = 32 + Unknown Stack Size
<LI>Call Chain = BSP_IntHandlerOTG &rArr; BSP_IntHandler &rArr; OSIntExit
</UL>
<BR>[Calls]<UL><LI><a href="#[d1]">&gt;&gt;</a>&nbsp;&nbsp;&nbsp;BSP_IntHandler
</UL>
<BR>[Address Reference Count : 1]<UL><LI> cstartup.o(RESET)
</UL>
<P><STRONG><a name="[4d]"></a>BSP_IntHandlerDMA2_CH6</STRONG> (Thumb, 10 bytes, Stack size 8 bytes, bsp_int.o(.text))
<BR><BR>[Stack]<UL><LI>Max Depth = 32 + Unknown Stack Size
<LI>Call Chain = BSP_IntHandlerDMA2_CH6 &rArr; BSP_IntHandler &rArr; OSIntExit
</UL>
<BR>[Calls]<UL><LI><a href="#[d1]">&gt;&gt;</a>&nbsp;&nbsp;&nbsp;BSP_IntHandler
</UL>
<BR>[Address Reference Count : 1]<UL><LI> cstartup.o(RESET)
</UL>
<P><STRONG><a name="[4e]"></a>BSP_IntHandlerDMA2_CH7</STRONG> (Thumb, 10 bytes, Stack size 8 bytes, bsp_int.o(.text))
<BR><BR>[Stack]<UL><LI>Max Depth = 32 + Unknown Stack Size
<LI>Call Chain = BSP_IntHandlerDMA2_CH7 &rArr; BSP_IntHandler &rArr; OSIntExit
</UL>
<BR>[Calls]<UL><LI><a href="#[d1]">&gt;&gt;</a>&nbsp;&nbsp;&nbsp;BSP_IntHandler
</UL>
<BR>[Address Reference Count : 1]<UL><LI> cstartup.o(RESET)
</UL>
<P><STRONG><a name="[4f]"></a>BSP_IntHandlerDMA2_CH8</STRONG> (Thumb, 10 bytes, Stack size 8 bytes, bsp_int.o(.text))
<BR><BR>[Stack]<UL><LI>Max Depth = 32 + Unknown Stack Size
<LI>Call Chain = BSP_IntHandlerDMA2_CH8 &rArr; BSP_IntHandler &rArr; OSIntExit
</UL>
<BR>[Calls]<UL><LI><a href="#[d1]">&gt;&gt;</a>&nbsp;&nbsp;&nbsp;BSP_IntHandler
</UL>
<BR>[Address Reference Count : 1]<UL><LI> cstartup.o(RESET)
</UL>
<P><STRONG><a name="[50]"></a>BSP_IntHandlerUSART6</STRONG> (Thumb, 10 bytes, Stack size 8 bytes, bsp_int.o(.text))
<BR><BR>[Stack]<UL><LI>Max Depth = 32 + Unknown Stack Size
<LI>Call Chain = BSP_IntHandlerUSART6 &rArr; BSP_IntHandler &rArr; OSIntExit
</UL>
<BR>[Calls]<UL><LI><a href="#[d1]">&gt;&gt;</a>&nbsp;&nbsp;&nbsp;BSP_IntHandler
</UL>
<BR>[Address Reference Count : 1]<UL><LI> cstartup.o(RESET)
</UL>
<P><STRONG><a name="[51]"></a>BSP_IntHandlerI2C3_EV</STRONG> (Thumb, 10 bytes, Stack size 8 bytes, bsp_int.o(.text))
<BR><BR>[Stack]<UL><LI>Max Depth = 32 + Unknown Stack Size
<LI>Call Chain = BSP_IntHandlerI2C3_EV &rArr; BSP_IntHandler &rArr; OSIntExit
</UL>
<BR>[Calls]<UL><LI><a href="#[d1]">&gt;&gt;</a>&nbsp;&nbsp;&nbsp;BSP_IntHandler
</UL>
<BR>[Address Reference Count : 1]<UL><LI> cstartup.o(RESET)
</UL>
<P><STRONG><a name="[52]"></a>BSP_IntHandlerI2C3_ER</STRONG> (Thumb, 10 bytes, Stack size 8 bytes, bsp_int.o(.text))
<BR><BR>[Stack]<UL><LI>Max Depth = 32 + Unknown Stack Size
<LI>Call Chain = BSP_IntHandlerI2C3_ER &rArr; BSP_IntHandler &rArr; OSIntExit
</UL>
<BR>[Calls]<UL><LI><a href="#[d1]">&gt;&gt;</a>&nbsp;&nbsp;&nbsp;BSP_IntHandler
</UL>
<BR>[Address Reference Count : 1]<UL><LI> cstartup.o(RESET)
</UL>
<P><STRONG><a name="[53]"></a>BSP_IntHandlerOTG_HS_EP1_OUT</STRONG> (Thumb, 10 bytes, Stack size 8 bytes, bsp_int.o(.text))
<BR><BR>[Stack]<UL><LI>Max Depth = 32 + Unknown Stack Size
<LI>Call Chain = BSP_IntHandlerOTG_HS_EP1_OUT &rArr; BSP_IntHandler &rArr; OSIntExit
</UL>
<BR>[Calls]<UL><LI><a href="#[d1]">&gt;&gt;</a>&nbsp;&nbsp;&nbsp;BSP_IntHandler
</UL>
<BR>[Address Reference Count : 1]<UL><LI> cstartup.o(RESET)
</UL>
<P><STRONG><a name="[54]"></a>BSP_IntHandlerOTG_HS_EP1_IN</STRONG> (Thumb, 10 bytes, Stack size 8 bytes, bsp_int.o(.text))
<BR><BR>[Stack]<UL><LI>Max Depth = 32 + Unknown Stack Size
<LI>Call Chain = BSP_IntHandlerOTG_HS_EP1_IN &rArr; BSP_IntHandler &rArr; OSIntExit
</UL>
<BR>[Calls]<UL><LI><a href="#[d1]">&gt;&gt;</a>&nbsp;&nbsp;&nbsp;BSP_IntHandler
</UL>
<BR>[Address Reference Count : 1]<UL><LI> cstartup.o(RESET)
</UL>
<P><STRONG><a name="[55]"></a>BSP_IntHandlerOTG_HS_WKUP</STRONG> (Thumb, 10 bytes, Stack size 8 bytes, bsp_int.o(.text))
<BR><BR>[Stack]<UL><LI>Max Depth = 32 + Unknown Stack Size
<LI>Call Chain = BSP_IntHandlerOTG_HS_WKUP &rArr; BSP_IntHandler &rArr; OSIntExit
</UL>
<BR>[Calls]<UL><LI><a href="#[d1]">&gt;&gt;</a>&nbsp;&nbsp;&nbsp;BSP_IntHandler
</UL>
<BR>[Address Reference Count : 1]<UL><LI> cstartup.o(RESET)
</UL>
<P><STRONG><a name="[56]"></a>BSP_IntHandlerOTG_HS</STRONG> (Thumb, 10 bytes, Stack size 8 bytes, bsp_int.o(.text))
<BR><BR>[Stack]<UL><LI>Max Depth = 32 + Unknown Stack Size
<LI>Call Chain = BSP_IntHandlerOTG_HS &rArr; BSP_IntHandler &rArr; OSIntExit
</UL>
<BR>[Calls]<UL><LI><a href="#[d1]">&gt;&gt;</a>&nbsp;&nbsp;&nbsp;BSP_IntHandler
</UL>
<BR>[Address Reference Count : 1]<UL><LI> cstartup.o(RESET)
</UL>
<P><STRONG><a name="[57]"></a>BSP_IntHandlerDCMI</STRONG> (Thumb, 10 bytes, Stack size 8 bytes, bsp_int.o(.text))
<BR><BR>[Stack]<UL><LI>Max Depth = 32 + Unknown Stack Size
<LI>Call Chain = BSP_IntHandlerDCMI &rArr; BSP_IntHandler &rArr; OSIntExit
</UL>
<BR>[Calls]<UL><LI><a href="#[d1]">&gt;&gt;</a>&nbsp;&nbsp;&nbsp;BSP_IntHandler
</UL>
<BR>[Address Reference Count : 1]<UL><LI> cstartup.o(RESET)
</UL>
<P><STRONG><a name="[58]"></a>BSP_IntHandlerCRYP</STRONG> (Thumb, 10 bytes, Stack size 8 bytes, bsp_int.o(.text))
<BR><BR>[Stack]<UL><LI>Max Depth = 32 + Unknown Stack Size
<LI>Call Chain = BSP_IntHandlerCRYP &rArr; BSP_IntHandler &rArr; OSIntExit
</UL>
<BR>[Calls]<UL><LI><a href="#[d1]">&gt;&gt;</a>&nbsp;&nbsp;&nbsp;BSP_IntHandler
</UL>
<BR>[Address Reference Count : 1]<UL><LI> cstartup.o(RESET)
</UL>
<P><STRONG><a name="[59]"></a>BSP_IntHandlerHASH_RNG</STRONG> (Thumb, 10 bytes, Stack size 8 bytes, bsp_int.o(.text))
<BR><BR>[Stack]<UL><LI>Max Depth = 32 + Unknown Stack Size
<LI>Call Chain = BSP_IntHandlerHASH_RNG &rArr; BSP_IntHandler &rArr; OSIntExit
</UL>
<BR>[Calls]<UL><LI><a href="#[d1]">&gt;&gt;</a>&nbsp;&nbsp;&nbsp;BSP_IntHandler
</UL>
<BR>[Address Reference Count : 1]<UL><LI> cstartup.o(RESET)
</UL>
<P><STRONG><a name="[b1]"></a>BSP_Ser_Init</STRONG> (Thumb, 220 bytes, Stack size 40 bytes, bsp_ser.o(.text))
<BR><BR>[Stack]<UL><LI>Max Depth = 108 + Unknown Stack Size
<LI>Call Chain = BSP_Ser_Init &rArr; USART_Init &rArr; RCC_GetClocksFreq
</UL>
<BR>[Calls]<UL><LI><a href="#[d9]">&gt;&gt;</a>&nbsp;&nbsp;&nbsp;RCC_APB1PeriphClockCmd
<LI><a href="#[a8]">&gt;&gt;</a>&nbsp;&nbsp;&nbsp;RCC_AHB1PeriphClockCmd
<LI><a href="#[ba]">&gt;&gt;</a>&nbsp;&nbsp;&nbsp;GPIO_PinAFConfig
<LI><a href="#[a9]">&gt;&gt;</a>&nbsp;&nbsp;&nbsp;GPIO_Init
<LI><a href="#[cb]">&gt;&gt;</a>&nbsp;&nbsp;&nbsp;BSP_IntVectSet
<LI><a href="#[c9]">&gt;&gt;</a>&nbsp;&nbsp;&nbsp;BSP_IntEn
<LI><a href="#[da]">&gt;&gt;</a>&nbsp;&nbsp;&nbsp;USART_Init
<LI><a href="#[dc]">&gt;&gt;</a>&nbsp;&nbsp;&nbsp;USART_Cmd
<LI><a href="#[db]">&gt;&gt;</a>&nbsp;&nbsp;&nbsp;USART_ClockInit
<LI><a href="#[d8]">&gt;&gt;</a>&nbsp;&nbsp;&nbsp;BSP_OS_SemCreate
</UL>
<BR>[Called By]<UL><LI><a href="#[6f]">&gt;&gt;</a>&nbsp;&nbsp;&nbsp;BSP_Init
</UL>

<P><STRONG><a name="[e0]"></a>BSP_Ser_WrStr</STRONG> (Thumb, 68 bytes, Stack size 16 bytes, bsp_ser.o(.text))
<BR><BR>[Stack]<UL><LI>Max Depth = 104 + Unknown Stack Size
<LI>Call Chain = BSP_Ser_WrStr &rArr; BSP_OS_SemPost &rArr; OSSemPost &rArr; OS_EventTaskRdy &rArr; OS_EventTaskRemoveMulti
</UL>
<BR>[Calls]<UL><LI><a href="#[dd]">&gt;&gt;</a>&nbsp;&nbsp;&nbsp;BSP_Ser_WrByteUnlocked
<LI><a href="#[df]">&gt;&gt;</a>&nbsp;&nbsp;&nbsp;BSP_OS_SemWait
<LI><a href="#[d7]">&gt;&gt;</a>&nbsp;&nbsp;&nbsp;BSP_OS_SemPost
</UL>
<BR>[Called By]<UL><LI><a href="#[a2]">&gt;&gt;</a>&nbsp;&nbsp;&nbsp;BSP_Ser_Printf
</UL>

<P><STRONG><a name="[a2]"></a>BSP_Ser_Printf</STRONG> (Thumb, 38 bytes, Stack size 112 bytes, bsp_ser.o(.text))
<BR><BR>[Stack]<UL><LI>Max Depth = 216 + Unknown Stack Size
<LI>Call Chain = BSP_Ser_Printf &rArr; BSP_Ser_WrStr &rArr; BSP_OS_SemPost &rArr; OSSemPost &rArr; OS_EventTaskRdy &rArr; OS_EventTaskRemoveMulti
</UL>
<BR>[Calls]<UL><LI><a href="#[e0]">&gt;&gt;</a>&nbsp;&nbsp;&nbsp;BSP_Ser_WrStr
<LI><a href="#[e1]">&gt;&gt;</a>&nbsp;&nbsp;&nbsp;vsnprintf
</UL>
<BR>[Called By]<UL><LI><a href="#[a0]">&gt;&gt;</a>&nbsp;&nbsp;&nbsp;IR_UserInterfaceUart_Task
</UL>

<P><STRONG><a name="[e4]"></a>BSP_Ser_RdByte</STRONG> (Thumb, 26 bytes, Stack size 8 bytes, bsp_ser.o(.text), UNUSED)
<BR><BR>[Calls]<UL><LI><a href="#[e2]">&gt;&gt;</a>&nbsp;&nbsp;&nbsp;BSP_Ser_RdByteUnlocked
<LI><a href="#[df]">&gt;&gt;</a>&nbsp;&nbsp;&nbsp;BSP_OS_SemWait
<LI><a href="#[d7]">&gt;&gt;</a>&nbsp;&nbsp;&nbsp;BSP_OS_SemPost
</UL>

<P><STRONG><a name="[e6]"></a>BSP_Ser_RdByte_Timeout</STRONG> (Thumb, 38 bytes, Stack size 16 bytes, bsp_ser.o(.text), UNUSED)
<BR><BR>[Calls]<UL><LI><a href="#[e5]">&gt;&gt;</a>&nbsp;&nbsp;&nbsp;BSP_Ser_RdByteUnlocked_Timeout
<LI><a href="#[df]">&gt;&gt;</a>&nbsp;&nbsp;&nbsp;BSP_OS_SemWait
<LI><a href="#[d7]">&gt;&gt;</a>&nbsp;&nbsp;&nbsp;BSP_OS_SemPost
</UL>

<P><STRONG><a name="[e7]"></a>BSP_Ser_RdStr</STRONG> (Thumb, 164 bytes, Stack size 24 bytes, bsp_ser.o(.text), UNUSED)
<BR><BR>[Calls]<UL><LI><a href="#[e2]">&gt;&gt;</a>&nbsp;&nbsp;&nbsp;BSP_Ser_RdByteUnlocked
<LI><a href="#[dd]">&gt;&gt;</a>&nbsp;&nbsp;&nbsp;BSP_Ser_WrByteUnlocked
<LI><a href="#[df]">&gt;&gt;</a>&nbsp;&nbsp;&nbsp;BSP_OS_SemWait
<LI><a href="#[d7]">&gt;&gt;</a>&nbsp;&nbsp;&nbsp;BSP_OS_SemPost
<LI><a href="#[e8]">&gt;&gt;</a>&nbsp;&nbsp;&nbsp;ASCII_IsPrint
</UL>

<P><STRONG><a name="[e9]"></a>BSP_Ser_RdStrLen</STRONG> (Thumb, 178 bytes, Stack size 24 bytes, bsp_ser.o(.text), UNUSED)
<BR><BR>[Calls]<UL><LI><a href="#[e5]">&gt;&gt;</a>&nbsp;&nbsp;&nbsp;BSP_Ser_RdByteUnlocked_Timeout
<LI><a href="#[df]">&gt;&gt;</a>&nbsp;&nbsp;&nbsp;BSP_OS_SemWait
<LI><a href="#[d7]">&gt;&gt;</a>&nbsp;&nbsp;&nbsp;BSP_OS_SemPost
</UL>

<P><STRONG><a name="[a1]"></a>BSP_Ser_RdString</STRONG> (Thumb, 58 bytes, Stack size 16 bytes, bsp_ser.o(.text))
<BR><BR>[Stack]<UL><LI>Max Depth = 104 + Unknown Stack Size
<LI>Call Chain = BSP_Ser_RdString &rArr; BSP_OS_SemPost &rArr; OSSemPost &rArr; OS_EventTaskRdy &rArr; OS_EventTaskRemoveMulti
</UL>
<BR>[Calls]<UL><LI><a href="#[d6]">&gt;&gt;</a>&nbsp;&nbsp;&nbsp;USART_ITConfig
<LI><a href="#[df]">&gt;&gt;</a>&nbsp;&nbsp;&nbsp;BSP_OS_SemWait
<LI><a href="#[d7]">&gt;&gt;</a>&nbsp;&nbsp;&nbsp;BSP_OS_SemPost
</UL>
<BR>[Called By]<UL><LI><a href="#[a0]">&gt;&gt;</a>&nbsp;&nbsp;&nbsp;IR_UserInterfaceUart_Task
</UL>

<P><STRONG><a name="[ea]"></a>BSP_Ser_WrByte</STRONG> (Thumb, 26 bytes, Stack size 8 bytes, bsp_ser.o(.text), UNUSED)
<BR><BR>[Calls]<UL><LI><a href="#[dd]">&gt;&gt;</a>&nbsp;&nbsp;&nbsp;BSP_Ser_WrByteUnlocked
<LI><a href="#[df]">&gt;&gt;</a>&nbsp;&nbsp;&nbsp;BSP_OS_SemWait
<LI><a href="#[d7]">&gt;&gt;</a>&nbsp;&nbsp;&nbsp;BSP_OS_SemPost
</UL>

<P><STRONG><a name="[eb]"></a>BSP_Ser_WrStrLen</STRONG> (Thumb, 70 bytes, Stack size 24 bytes, bsp_ser.o(.text), UNUSED)
<BR><BR>[Calls]<UL><LI><a href="#[dd]">&gt;&gt;</a>&nbsp;&nbsp;&nbsp;BSP_Ser_WrByteUnlocked
<LI><a href="#[df]">&gt;&gt;</a>&nbsp;&nbsp;&nbsp;BSP_OS_SemWait
<LI><a href="#[d7]">&gt;&gt;</a>&nbsp;&nbsp;&nbsp;BSP_OS_SemPost
</UL>

<P><STRONG><a name="[0]"></a>Reset_Handler</STRONG> (Thumb, 8 bytes, Stack size 0 bytes, cstartup.o(.text))
<BR>[Address Reference Count : 1]<UL><LI> cstartup.o(RESET)
</UL>
<P><STRONG><a name="[1]"></a>App_NMI_ISR</STRONG> (Thumb, 2 bytes, Stack size 0 bytes, cstartup.o(.text))
<BR><BR>[Calls]<UL><LI><a href="#[1]">&gt;&gt;</a>&nbsp;&nbsp;&nbsp;App_NMI_ISR
</UL>
<BR>[Called By]<UL><LI><a href="#[1]">&gt;&gt;</a>&nbsp;&nbsp;&nbsp;App_NMI_ISR
</UL>
<BR>[Address Reference Count : 1]<UL><LI> cstartup.o(RESET)
</UL>
<P><STRONG><a name="[2]"></a>App_Fault_ISR</STRONG> (Thumb, 2 bytes, Stack size 0 bytes, cstartup.o(.text))
<BR><BR>[Calls]<UL><LI><a href="#[2]">&gt;&gt;</a>&nbsp;&nbsp;&nbsp;App_Fault_ISR
</UL>
<BR>[Called By]<UL><LI><a href="#[2]">&gt;&gt;</a>&nbsp;&nbsp;&nbsp;App_Fault_ISR
</UL>
<BR>[Address Reference Count : 1]<UL><LI> cstartup.o(RESET)
</UL>
<P><STRONG><a name="[3]"></a>App_MemFault_ISR</STRONG> (Thumb, 2 bytes, Stack size 0 bytes, cstartup.o(.text))
<BR><BR>[Calls]<UL><LI><a href="#[3]">&gt;&gt;</a>&nbsp;&nbsp;&nbsp;App_MemFault_ISR
</UL>
<BR>[Called By]<UL><LI><a href="#[3]">&gt;&gt;</a>&nbsp;&nbsp;&nbsp;App_MemFault_ISR
</UL>
<BR>[Address Reference Count : 1]<UL><LI> cstartup.o(RESET)
</UL>
<P><STRONG><a name="[4]"></a>App_BusFault_ISR</STRONG> (Thumb, 2 bytes, Stack size 0 bytes, cstartup.o(.text))
<BR><BR>[Calls]<UL><LI><a href="#[4]">&gt;&gt;</a>&nbsp;&nbsp;&nbsp;App_BusFault_ISR
</UL>
<BR>[Called By]<UL><LI><a href="#[4]">&gt;&gt;</a>&nbsp;&nbsp;&nbsp;App_BusFault_ISR
</UL>
<BR>[Address Reference Count : 1]<UL><LI> cstartup.o(RESET)
</UL>
<P><STRONG><a name="[5]"></a>App_UsageFault_ISR</STRONG> (Thumb, 2 bytes, Stack size 0 bytes, cstartup.o(.text))
<BR><BR>[Calls]<UL><LI><a href="#[5]">&gt;&gt;</a>&nbsp;&nbsp;&nbsp;App_UsageFault_ISR
</UL>
<BR>[Called By]<UL><LI><a href="#[5]">&gt;&gt;</a>&nbsp;&nbsp;&nbsp;App_UsageFault_ISR
</UL>
<BR>[Address Reference Count : 1]<UL><LI> cstartup.o(RESET)
</UL>
<P><STRONG><a name="[6]"></a>App_Spurious_ISR</STRONG> (Thumb, 2 bytes, Stack size 0 bytes, cstartup.o(.text))
<BR><BR>[Calls]<UL><LI><a href="#[6]">&gt;&gt;</a>&nbsp;&nbsp;&nbsp;App_Spurious_ISR
</UL>
<BR>[Called By]<UL><LI><a href="#[6]">&gt;&gt;</a>&nbsp;&nbsp;&nbsp;App_Spurious_ISR
</UL>
<BR>[Address Reference Count : 1]<UL><LI> cstartup.o(RESET)
</UL>
<P><STRONG><a name="[ec]"></a>App_Reserved_ISR</STRONG> (Thumb, 2 bytes, Stack size 0 bytes, cstartup.o(.text), UNUSED)
<BR><BR>[Calls]<UL><LI><a href="#[ec]">&gt;&gt;</a>&nbsp;&nbsp;&nbsp;App_Reserved_ISR
</UL>
<BR>[Called By]<UL><LI><a href="#[ec]">&gt;&gt;</a>&nbsp;&nbsp;&nbsp;App_Reserved_ISR
</UL>

<P><STRONG><a name="[d8]"></a>BSP_OS_SemCreate</STRONG> (Thumb, 38 bytes, Stack size 24 bytes, bsp_os.o(.text))
<BR><BR>[Stack]<UL><LI>Max Depth = 48 + Unknown Stack Size
<LI>Call Chain = BSP_OS_SemCreate &rArr; OSEventNameSet
</UL>
<BR>[Calls]<UL><LI><a href="#[88]">&gt;&gt;</a>&nbsp;&nbsp;&nbsp;OSSemCreate
<LI><a href="#[ed]">&gt;&gt;</a>&nbsp;&nbsp;&nbsp;OSEventNameSet
</UL>
<BR>[Called By]<UL><LI><a href="#[b1]">&gt;&gt;</a>&nbsp;&nbsp;&nbsp;BSP_Ser_Init
<LI><a href="#[af]">&gt;&gt;</a>&nbsp;&nbsp;&nbsp;BSP_Ser_1_IRDA_Init
[...]
<LI><a href="#[50]">&gt;&gt;</a>&nbsp;&nbsp;&nbsp;BSP_IntHandlerUSART6
<LI><a href="#[4f]">&gt;&gt;</a>&nbsp;&nbsp;&nbsp;BSP_IntHandlerDMA2_CH8
<LI><a href="#[4e]">&gt;&gt;</a>&nbsp;&nbsp;&nbsp;BSP_IntHandlerDMA2_CH7
<LI><a href="#[4d]">&gt;&gt;</a>&nbsp;&nbsp;&nbsp;BSP_IntHandlerDMA2_CH6
<LI><a href="#[4c]">&gt;&gt;</a>&nbsp;&nbsp;&nbsp;BSP_IntHandlerOTG
<LI><a href="#[4b]">&gt;&gt;</a>&nbsp;&nbsp;&nbsp;BSP_IntHandlerCAN2_SCE
<LI><a href="#[4a]">&gt;&gt;</a>&nbsp;&nbsp;&nbsp;BSP_IntHandlerCAN2_RX1
<LI><a href="#[49]">&gt;&gt;</a>&nbsp;&nbsp;&nbsp;BSP_IntHandlerCAN2_RX0
<LI><a href="#[48]">&gt;&gt;</a>&nbsp;&nbsp;&nbsp;BSP_IntHandlerCAN2_TX
<LI><a href="#[47]">&gt;&gt;</a>&nbsp;&nbsp;&nbsp;BSP_IntHandlerETHWakeup
<LI><a href="#[46]">&gt;&gt;</a>&nbsp;&nbsp;&nbsp;BSP_IntHandlerETH
<LI><a href="#[45]">&gt;&gt;</a>&nbsp;&nbsp;&nbsp;BSP_IntHandlerDMA2_CH5
<LI><a href="#[44]">&gt;&gt;</a>&nbsp;&nbsp;&nbsp;BSP_IntHandlerDMA2_CH4
<LI><a href="#[43]">&gt;&gt;</a>&nbsp;&nbsp;&nbsp;BSP_IntHandlerDMA2_CH3
<LI><a href="#[42]">&gt;&gt;</a>&nbsp;&nbsp;&nbsp;BSP_IntHandlerDMA2_CH2
<LI><a href="#[41]">&gt;&gt;</a>&nbsp;&nbsp;&nbsp;BSP_IntHandlerDMA2_CH1
<LI><a href="#[40]">&gt;&gt;</a>&nbsp;&nbsp;&nbsp;BSP_IntHandlerTIM7
<LI><a href="#[3f]">&gt;&gt;</a>&nbsp;&nbsp;&nbsp;BSP_IntHandlerTIM6
<LI><a href="#[3e]">&gt;&gt;</a>&nbsp;&nbsp;&nbsp;BSP_IntHandlerUSART5
<LI><a href="#[3d]">&gt;&gt;</a>&nbsp;&nbsp;&nbsp;BSP_IntHandlerUSART4
<LI><a href="#[3c]">&gt;&gt;</a>&nbsp;&nbsp;&nbsp;BSP_IntHandlerSPI3
<LI><a href="#[3b]">&gt;&gt;</a>&nbsp;&nbsp;&nbsp;BSP_IntHandlerTIM5
<LI><a href="#[3a]">&gt;&gt;</a>&nbsp;&nbsp;&nbsp;BSP_IntHandlerSDIO
<LI><a href="#[39]">&gt;&gt;</a>&nbsp;&nbsp;&nbsp;BSP_IntHandlerFSMC
<LI><a href="#[38]">&gt;&gt;</a>&nbsp;&nbsp;&nbsp;BSP_IntHandlerDMA1_STREAM7
<LI><a href="#[37]">&gt;&gt;</a>&nbsp;&nbsp;&nbsp;BSP_IntHandlerTIM8_CC
<LI><a href="#[36]">&gt;&gt;</a>&nbsp;&nbsp;&nbsp;BSP_IntHandlerTIM8_TRG_COM_TIM14
<LI><a href="#[35]">&gt;&gt;</a>&nbsp;&nbsp;&nbsp;BSP_IntHandlerTIM8_UP_TIM13
<LI><a href="#[34]">&gt;&gt;</a>&nbsp;&nbsp;&nbsp;BSP_IntHandlerTIM8_BRK_TIM12
<LI><a href="#[33]">&gt;&gt;</a>&nbsp;&nbsp;&nbsp;BSP_IntHandlerUSBWakeUp
<LI><a href="#[32]">&gt;&gt;</a>&nbsp;&nbsp;&nbsp;BSP_IntHandlerRTCAlarm
<LI><a href="#[31]">&gt;&gt;</a>&nbsp;&nbsp;&nbsp;BSP_IntHandlerEXTI15_10
<LI><a href="#[30]">&gt;&gt;</a>&nbsp;&nbsp;&nbsp;BSP_IntHandlerUSART3
<LI><a href="#[2f]">&gt;&gt;</a>&nbsp;&nbsp;&nbsp;BSP_IntHandlerUSART2
<LI><a href="#[2e]">&gt;&gt;</a>&nbsp;&nbsp;&nbsp;BSP_IntHandlerUSART1
<LI><a href="#[2d]">&gt;&gt;</a>&nbsp;&nbsp;&nbsp;BSP_IntHandlerSPI2
<LI><a href="#[2c]">&gt;&gt;</a>&nbsp;&nbsp;&nbsp;BSP_IntHandlerSPI1
<LI><a href="#[2b]">&gt;&gt;</a>&nbsp;&nbsp;&nbsp;BSP_IntHandlerI2C2_ER
<LI><a href="#[2a]">&gt;&gt;</a>&nbsp;&nbsp;&nbsp;BSP_IntHandlerI2C2_EV
<LI><a href="#[29]">&gt;&gt;</a>&nbsp;&nbsp;&nbsp;BSP_IntHandlerI2C1_ER
<LI><a href="#[28]">&gt;&gt;</a>&nbsp;&nbsp;&nbsp;BSP_IntHandlerI2C1_EV
<LI><a href="#[27]">&gt;&gt;</a>&nbsp;&nbsp;&nbsp;BSP_IntHandlerTIM4
<LI><a href="#[26]">&gt;&gt;</a>&nbsp;&nbsp;&nbsp;BSP_IntHandlerTIM3
<LI><a href="#[25]">&gt;&gt;</a>&nbsp;&nbsp;&nbsp;BSP_IntHandlerTIM2
<LI><a href="#[24]">&gt;&gt;</a>&nbsp;&nbsp;&nbsp;BSP_IntHandlerTIM1_CC
<LI><a href="#[23]">&gt;&gt;</a>&nbsp;&nbsp;&nbsp;BSP_IntHandlerTIM1_TRG_COM
<LI><a href="#[22]">&gt;&gt;</a>&nbsp;&nbsp;&nbsp;BSP_IntHandlerTIM1_UP
<LI><a href="#[21]">&gt;&gt;</a>&nbsp;&nbsp;&nbsp;BSP_IntHandlerTIM1_BRK
<LI><a href="#[20]">&gt;&gt;</a>&nbsp;&nbsp;&nbsp;BSP_IntHandlerEXTI9_5
<LI><a href="#[1f]">&gt;&gt;</a>&nbsp;&nbsp;&nbsp;BSP_IntHandlerCAN1_SCE
<LI><a href="#[1e]">&gt;&gt;</a>&nbsp;&nbsp;&nbsp;BSP_IntHandlerCAN1_RX1
<LI><a href="#[1d]">&gt;&gt;</a>&nbsp;&nbsp;&nbsp;BSP_IntHandlerCAN1_RX0
<LI><a href="#[1c]">&gt;&gt;</a>&nbsp;&nbsp;&nbsp;BSP_IntHandlerCAN1_TX
<LI><a href="#[1b]">&gt;&gt;</a>&nbsp;&nbsp;&nbsp;BSP_IntHandlerADC1_2
<LI><a href="#[1a]">&gt;&gt;</a>&nbsp;&nbsp;&nbsp;BSP_IntHandlerDMA1_CH7
<LI><a href="#[19]">&gt;&gt;</a>&nbsp;&nbsp;&nbsp;BSP_IntHandlerDMA1_CH6
<LI><a href="#[18]">&gt;&gt;</a>&nbsp;&nbsp;&nbsp;BSP_IntHandlerDMA1_CH5
<LI><a href="#[17]">&gt;&gt;</a>&nbsp;&nbsp;&nbsp;BSP_IntHandlerDMA1_CH4
<LI><a href="#[16]">&gt;&gt;</a>&nbsp;&nbsp;&nbsp;BSP_IntHandlerDMA1_CH3
<LI><a href="#[15]">&gt;&gt;</a>&nbsp;&nbsp;&nbsp;BSP_IntHandlerDMA1_CH2
<LI><a href="#[14]">&gt;&gt;</a>&nbsp;&nbsp;&nbsp;BSP_IntHandlerDMA1_CH1
<LI><a href="#[13]">&gt;&gt;</a>&nbsp;&nbsp;&nbsp;BSP_IntHandlerEXTI4
<LI><a href="#[12]">&gt;&gt;</a>&nbsp;&nbsp;&nbsp;BSP_IntHandlerEXTI3
<LI><a href="#[11]">&gt;&gt;</a>&nbsp;&nbsp;&nbsp;BSP_IntHandlerEXTI2
<LI><a href="#[10]">&gt;&gt;</a>&nbsp;&nbsp;&nbsp;BSP_IntHandlerEXTI1
<LI><a href="#[f]">&gt;&gt;</a>&nbsp;&nbsp;&nbsp;BSP_IntHandlerEXTI0
<LI><a href="#[e]">&gt;&gt;</a>&nbsp;&nbsp;&nbsp;BSP_IntHandlerRCC
<LI><a href="#[d]">&gt;&gt;</a>&nbsp;&nbsp;&nbsp;BSP_IntHandlerFLASH
<LI><a href="#[c]">&gt;&gt;</a>&nbsp;&nbsp;&nbsp;BSP_IntHandlerRTC
<LI><a href="#[b]">&gt;&gt;</a>&nbsp;&nbsp;&nbsp;BSP_IntHandlerTAMPER
<LI><a href="#[a]">&gt;&gt;</a>&nbsp;&nbsp;&nbsp;BSP_IntHandlerPVD
<LI><a href="#[9]">&gt;&gt;</a>&nbsp;&nbsp;&nbsp;BSP_IntHandlerWWDG
</UL>

<P><STRONG><a name="[5d]"></a>BSP_Ser_ISR_Handler</STRONG> (Thumb, 226 bytes, Stack size 8 bytes, bsp_ser.o(.text))
<BR><BR>[Stack]<UL><LI>Max Depth = 96 + Unknown Stack Size
<LI>Call Chain = BSP_Ser_ISR_Handler &rArr; BSP_OS_SemPost &rArr; OSSemPost &rArr; OS_EventTaskRdy &rArr; OS_EventTaskRemoveMulti
</UL>
<BR>[Calls]<UL><LI><a href="#[d4]">&gt;&gt;</a>&nbsp;&nbsp;&nbsp;USART_ReceiveData
<LI><a href="#[d6]">&gt;&gt;</a>&nbsp;&nbsp;&nbsp;USART_ITConfig
<LI><a href="#[d5]">&gt;&gt;</a>&nbsp;&nbsp;&nbsp;USART_ClearITPendingBit
<LI><a href="#[d7]">&gt;&gt;</a>&nbsp;&nbsp;&nbsp;BSP_OS_SemPost
</UL>
<BR>[Address Reference Count : 1]<UL><LI> bsp_ser.o(.text)
</UL>
<P><STRONG><a name="[dd]"></a>BSP_Ser_WrByteUnlocked</STRONG> (Thumb, 46 bytes, Stack size 8 bytes, bsp_ser.o(.text))
<BR><BR>[Stack]<UL><LI>Max Depth = 64 + Unknown Stack Size
<LI>Call Chain = BSP_Ser_WrByteUnlocked &rArr; BSP_OS_SemWait &rArr; OSSemPend &rArr; OS_EventTaskWait
</UL>
<BR>[Calls]<UL><LI><a href="#[de]">&gt;&gt;</a>&nbsp;&nbsp;&nbsp;USART_SendData
<LI><a href="#[d6]">&gt;&gt;</a>&nbsp;&nbsp;&nbsp;USART_ITConfig
<LI><a href="#[df]">&gt;&gt;</a>&nbsp;&nbsp;&nbsp;BSP_OS_SemWait
</UL>
<BR>[Called By]<UL><LI><a href="#[e7]">&gt;&gt;</a>&nbsp;&nbsp;&nbsp;BSP_Ser_RdStr
<LI><a href="#[e0]">&gt;&gt;</a>&nbsp;&nbsp;&nbsp;BSP_Ser_WrStr
<LI><a href="#[eb]">&gt;&gt;</a>&nbsp;&nbsp;&nbsp;BSP_Ser_WrStrLen
<LI><a href="#[ea]">&gt;&gt;</a>&nbsp;&nbsp;&nbsp;BSP_Ser_WrByte
</UL>

<P><STRONG><a name="[e2]"></a>BSP_Ser_RdByteUnlocked</STRONG> (Thumb, 50 bytes, Stack size 8 bytes, bsp_ser.o(.text), UNUSED)
<BR><BR>[Calls]<UL><LI><a href="#[d6]">&gt;&gt;</a>&nbsp;&nbsp;&nbsp;USART_ITConfig
<LI><a href="#[e3]">&gt;&gt;</a>&nbsp;&nbsp;&nbsp;USART_ClearFlag
<LI><a href="#[df]">&gt;&gt;</a>&nbsp;&nbsp;&nbsp;BSP_OS_SemWait
</UL>
<BR>[Called By]<UL><LI><a href="#[e7]">&gt;&gt;</a>&nbsp;&nbsp;&nbsp;BSP_Ser_RdStr
<LI><a href="#[e4]">&gt;&gt;</a>&nbsp;&nbsp;&nbsp;BSP_Ser_RdByte
</UL>

<P><STRONG><a name="[e5]"></a>BSP_Ser_RdByteUnlocked_Timeout</STRONG> (Thumb, 54 bytes, Stack size 16 bytes, bsp_ser.o(.text), UNUSED)
<BR><BR>[Calls]<UL><LI><a href="#[d6]">&gt;&gt;</a>&nbsp;&nbsp;&nbsp;USART_ITConfig
<LI><a href="#[df]">&gt;&gt;</a>&nbsp;&nbsp;&nbsp;BSP_OS_SemWait
</UL>
<BR>[Called By]<UL><LI><a href="#[e6]">&gt;&gt;</a>&nbsp;&nbsp;&nbsp;BSP_Ser_RdByte_Timeout
<LI><a href="#[e9]">&gt;&gt;</a>&nbsp;&nbsp;&nbsp;BSP_Ser_RdStrLen
</UL>

<P><STRONG><a name="[ff]"></a>SetSysClock</STRONG> (Thumb, 192 bytes, Stack size 12 bytes, system_stm32f2xx.o(.text))
<BR><BR>[Stack]<UL><LI>Max Depth = 12<LI>Call Chain = SetSysClock
</UL>
<BR>[Called By]<UL><LI><a href="#[5e]">&gt;&gt;</a>&nbsp;&nbsp;&nbsp;SystemInit
</UL>

<P><STRONG><a name="[166]"></a>CPU_NameInit</STRONG> (Thumb, 8 bytes, Stack size 8 bytes, cpu_core.o(.text))
<BR><BR>[Stack]<UL><LI>Max Depth = 52 + Unknown Stack Size
<LI>Call Chain = CPU_NameInit &rArr; CPU_NameClr &rArr; Mem_Clr &rArr; Mem_Set
</UL>
<BR>[Calls]<UL><LI><a href="#[164]">&gt;&gt;</a>&nbsp;&nbsp;&nbsp;CPU_NameClr
</UL>
<BR>[Called By]<UL><LI><a href="#[70]">&gt;&gt;</a>&nbsp;&nbsp;&nbsp;CPU_Init
</UL>

<P><STRONG><a name="[167]"></a>CPU_TS_Init</STRONG> (Thumb, 14 bytes, Stack size 8 bytes, cpu_core.o(.text))
<BR><BR>[Stack]<UL><LI>Max Depth = 60<LI>Call Chain = CPU_TS_Init &rArr; CPU_TS_TmrInit &rArr; BSP_CPU_ClkFreq &rArr; RCC_GetClocksFreq
</UL>
<BR>[Calls]<UL><LI><a href="#[c4]">&gt;&gt;</a>&nbsp;&nbsp;&nbsp;CPU_TS_TmrInit
</UL>
<BR>[Called By]<UL><LI><a href="#[70]">&gt;&gt;</a>&nbsp;&nbsp;&nbsp;CPU_Init
</UL>

<P><STRONG><a name="[184]"></a>Mem_SegAlloc</STRONG> (Thumb, 80 bytes, Stack size 20 bytes, lib_mem.o(.text), UNUSED)
<BR><BR>[Called By]<UL><LI><a href="#[188]">&gt;&gt;</a>&nbsp;&nbsp;&nbsp;Mem_PoolCreate
<LI><a href="#[182]">&gt;&gt;</a>&nbsp;&nbsp;&nbsp;Mem_HeapAlloc
</UL>

<P><STRONG><a name="[183]"></a>Mem_SegCalcTotSize</STRONG> (Thumb, 164 bytes, Stack size 36 bytes, lib_mem.o(.text), UNUSED)
<BR><BR>[Called By]<UL><LI><a href="#[188]">&gt;&gt;</a>&nbsp;&nbsp;&nbsp;Mem_PoolCreate
<LI><a href="#[182]">&gt;&gt;</a>&nbsp;&nbsp;&nbsp;Mem_HeapAlloc
</UL>

<P><STRONG><a name="[18d]"></a>Mem_PoolBlkIsValidAddr</STRONG> (Thumb, 102 bytes, Stack size 36 bytes, lib_mem.o(.text), UNUSED)
<BR><BR>[Called By]<UL><LI><a href="#[18e]">&gt;&gt;</a>&nbsp;&nbsp;&nbsp;Mem_PoolBlkIxGet
<LI><a href="#[18c]">&gt;&gt;</a>&nbsp;&nbsp;&nbsp;Mem_PoolBlkFree
</UL>

<P><STRONG><a name="[19e]"></a>Str_FmtNbr_Int32</STRONG> (Thumb, 474 bytes, Stack size 104 bytes, lib_str.o(.text), UNUSED)
<BR><BR>[Calls]<UL><LI><a href="#[e8]">&gt;&gt;</a>&nbsp;&nbsp;&nbsp;ASCII_IsPrint
</UL>
<BR>[Called By]<UL><LI><a href="#[1a0]">&gt;&gt;</a>&nbsp;&nbsp;&nbsp;Str_FmtNbr_Int32S
<LI><a href="#[19f]">&gt;&gt;</a>&nbsp;&nbsp;&nbsp;Str_FmtNbr_Int32U
</UL>

<P><STRONG><a name="[1a1]"></a>Str_ParseNbr_Int32</STRONG> (Thumb, 446 bytes, Stack size 96 bytes, lib_str.o(.text), UNUSED)
<BR><BR>[Calls]<UL><LI><a href="#[1a2]">&gt;&gt;</a>&nbsp;&nbsp;&nbsp;ASCII_IsSpace
<LI><a href="#[1a3]">&gt;&gt;</a>&nbsp;&nbsp;&nbsp;ASCII_IsDigHex
<LI><a href="#[1a5]">&gt;&gt;</a>&nbsp;&nbsp;&nbsp;ASCII_IsDig
<LI><a href="#[1a6]">&gt;&gt;</a>&nbsp;&nbsp;&nbsp;ASCII_IsLower
<LI><a href="#[1a4]">&gt;&gt;</a>&nbsp;&nbsp;&nbsp;ASCII_IsAlphaNum
</UL>
<BR>[Called By]<UL><LI><a href="#[1a8]">&gt;&gt;</a>&nbsp;&nbsp;&nbsp;Str_ParseNbr_Int32S
<LI><a href="#[1a7]">&gt;&gt;</a>&nbsp;&nbsp;&nbsp;Str_ParseNbr_Int32U
</UL>

<P><STRONG><a name="[1ae]"></a>OS_SchedNew</STRONG> (Thumb, 26 bytes, Stack size 0 bytes, os_core.o(.text))
<BR><BR>[Called By]<UL><LI><a href="#[d3]">&gt;&gt;</a>&nbsp;&nbsp;&nbsp;OSIntExit
<LI><a href="#[7d]">&gt;&gt;</a>&nbsp;&nbsp;&nbsp;OSStart
<LI><a href="#[1ad]">&gt;&gt;</a>&nbsp;&nbsp;&nbsp;OS_Sched
</UL>

<P><STRONG><a name="[1b8]"></a>OS_InitTaskStat</STRONG> (Thumb, 52 bytes, Stack size 32 bytes, os_core.o(.text))
<BR><BR>[Stack]<UL><LI>Max Depth = 136 + Unknown Stack Size
<LI>Call Chain = OS_InitTaskStat &rArr; OSTaskCreateExt &rArr; OS_TCBInit &rArr; OSTaskCreateHook
</UL>
<BR>[Calls]<UL><LI><a href="#[7c]">&gt;&gt;</a>&nbsp;&nbsp;&nbsp;OSTaskNameSet
<LI><a href="#[7b]">&gt;&gt;</a>&nbsp;&nbsp;&nbsp;OSTaskCreateExt
</UL>
<BR>[Called By]<UL><LI><a href="#[7a]">&gt;&gt;</a>&nbsp;&nbsp;&nbsp;OSInit
</UL>

<P><STRONG><a name="[1bb]"></a>OS_InitTaskIdle</STRONG> (Thumb, 52 bytes, Stack size 32 bytes, os_core.o(.text))
<BR><BR>[Stack]<UL><LI>Max Depth = 136 + Unknown Stack Size
<LI>Call Chain = OS_InitTaskIdle &rArr; OSTaskCreateExt &rArr; OS_TCBInit &rArr; OSTaskCreateHook
</UL>
<BR>[Calls]<UL><LI><a href="#[7c]">&gt;&gt;</a>&nbsp;&nbsp;&nbsp;OSTaskNameSet
<LI><a href="#[7b]">&gt;&gt;</a>&nbsp;&nbsp;&nbsp;OSTaskCreateExt
</UL>
<BR>[Called By]<UL><LI><a href="#[7a]">&gt;&gt;</a>&nbsp;&nbsp;&nbsp;OSInit
</UL>

<P><STRONG><a name="[1bc]"></a>OS_InitEventList</STRONG> (Thumb, 84 bytes, Stack size 16 bytes, os_core.o(.text))
<BR><BR>[Stack]<UL><LI>Max Depth = 16<LI>Call Chain = OS_InitEventList
</UL>
<BR>[Calls]<UL><LI><a href="#[1bd]">&gt;&gt;</a>&nbsp;&nbsp;&nbsp;OS_MemClr
</UL>
<BR>[Called By]<UL><LI><a href="#[7a]">&gt;&gt;</a>&nbsp;&nbsp;&nbsp;OSInit
</UL>

<P><STRONG><a name="[1be]"></a>OS_InitTCBList</STRONG> (Thumb, 106 bytes, Stack size 16 bytes, os_core.o(.text))
<BR><BR>[Stack]<UL><LI>Max Depth = 16<LI>Call Chain = OS_InitTCBList
</UL>
<BR>[Calls]<UL><LI><a href="#[1bd]">&gt;&gt;</a>&nbsp;&nbsp;&nbsp;OS_MemClr
</UL>
<BR>[Called By]<UL><LI><a href="#[7a]">&gt;&gt;</a>&nbsp;&nbsp;&nbsp;OSInit
</UL>

<P><STRONG><a name="[1c1]"></a>OS_InitRdyList</STRONG> (Thumb, 44 bytes, Stack size 0 bytes, os_core.o(.text))
<BR><BR>[Called By]<UL><LI><a href="#[7a]">&gt;&gt;</a>&nbsp;&nbsp;&nbsp;OSInit
</UL>

<P><STRONG><a name="[1c0]"></a>OS_InitMisc</STRONG> (Thumb, 48 bytes, Stack size 0 bytes, os_core.o(.text))
<BR><BR>[Called By]<UL><LI><a href="#[7a]">&gt;&gt;</a>&nbsp;&nbsp;&nbsp;OSInit
</UL>

<P><STRONG><a name="[1d5]"></a>OS_FlagTaskRdy</STRONG> (Thumb, 88 bytes, Stack size 24 bytes, os_flag.o(.text), UNUSED)
<BR><BR>[Calls]<UL><LI><a href="#[1d6]">&gt;&gt;</a>&nbsp;&nbsp;&nbsp;OS_FlagUnlink
</UL>
<BR>[Called By]<UL><LI><a href="#[1dd]">&gt;&gt;</a>&nbsp;&nbsp;&nbsp;OSFlagPost
<LI><a href="#[1d7]">&gt;&gt;</a>&nbsp;&nbsp;&nbsp;OSFlagDel
</UL>

<P><STRONG><a name="[1db]"></a>OS_FlagBlock</STRONG> (Thumb, 152 bytes, Stack size 20 bytes, os_flag.o(.text), UNUSED)
<BR><BR>[Called By]<UL><LI><a href="#[1da]">&gt;&gt;</a>&nbsp;&nbsp;&nbsp;OSFlagPend
</UL>

<P><STRONG><a name="[209]"></a>OSTmr_Alloc</STRONG> (Thumb, 50 bytes, Stack size 0 bytes, os_tmr.o(.text), UNUSED)
<BR><BR>[Called By]<UL><LI><a href="#[208]">&gt;&gt;</a>&nbsp;&nbsp;&nbsp;OSTmrCreate
</UL>

<P><STRONG><a name="[20c]"></a>OSTmr_Free</STRONG> (Thumb, 58 bytes, Stack size 0 bytes, os_tmr.o(.text), UNUSED)
<BR><BR>[Called By]<UL><LI><a href="#[20a]">&gt;&gt;</a>&nbsp;&nbsp;&nbsp;OSTmrDel
</UL>

<P><STRONG><a name="[20b]"></a>OSTmr_Unlink</STRONG> (Thumb, 62 bytes, Stack size 12 bytes, os_tmr.o(.text))
<BR><BR>[Stack]<UL><LI>Max Depth = 12<LI>Call Chain = OSTmr_Unlink
</UL>
<BR>[Called By]<UL><LI><a href="#[212]">&gt;&gt;</a>&nbsp;&nbsp;&nbsp;OSTmrStop
<LI><a href="#[210]">&gt;&gt;</a>&nbsp;&nbsp;&nbsp;OSTmrStart
<LI><a href="#[20a]">&gt;&gt;</a>&nbsp;&nbsp;&nbsp;OSTmrDel
<LI><a href="#[60]">&gt;&gt;</a>&nbsp;&nbsp;&nbsp;OSTmr_Task
</UL>

<P><STRONG><a name="[211]"></a>OSTmr_Link</STRONG> (Thumb, 100 bytes, Stack size 16 bytes, os_tmr.o(.text))
<BR><BR>[Stack]<UL><LI>Max Depth = 16<LI>Call Chain = OSTmr_Link
</UL>
<BR>[Called By]<UL><LI><a href="#[210]">&gt;&gt;</a>&nbsp;&nbsp;&nbsp;OSTmrStart
<LI><a href="#[60]">&gt;&gt;</a>&nbsp;&nbsp;&nbsp;OSTmr_Task
</UL>

<P><STRONG><a name="[60]"></a>OSTmr_Task</STRONG> (Thumb, 114 bytes, Stack size 8 bytes, os_tmr.o(.text))
<BR><BR>[Stack]<UL><LI>Max Depth = 40 + Unknown Stack Size
<LI>Call Chain = OSTmr_Task &rArr; OSSemPend &rArr; OS_EventTaskWait
</UL>
<BR>[Calls]<UL><LI><a href="#[84]">&gt;&gt;</a>&nbsp;&nbsp;&nbsp;OSSemPend
<LI><a href="#[211]">&gt;&gt;</a>&nbsp;&nbsp;&nbsp;OSTmr_Link
<LI><a href="#[20b]">&gt;&gt;</a>&nbsp;&nbsp;&nbsp;OSTmr_Unlink
<LI><a href="#[1ca]">&gt;&gt;</a>&nbsp;&nbsp;&nbsp;OSSchedUnlock
<LI><a href="#[1c9]">&gt;&gt;</a>&nbsp;&nbsp;&nbsp;OSSchedLock
</UL>
<BR>[Address Reference Count : 1]<UL><LI> os_tmr.o(.text)
</UL>
<P><STRONG><a name="[214]"></a>OSTmr_InitTask</STRONG> (Thumb, 50 bytes, Stack size 32 bytes, os_tmr.o(.text))
<BR><BR>[Stack]<UL><LI>Max Depth = 136 + Unknown Stack Size
<LI>Call Chain = OSTmr_InitTask &rArr; OSTaskCreateExt &rArr; OS_TCBInit &rArr; OSTaskCreateHook
</UL>
<BR>[Calls]<UL><LI><a href="#[7c]">&gt;&gt;</a>&nbsp;&nbsp;&nbsp;OSTaskNameSet
<LI><a href="#[7b]">&gt;&gt;</a>&nbsp;&nbsp;&nbsp;OSTaskCreateExt
</UL>
<BR>[Called By]<UL><LI><a href="#[1c5]">&gt;&gt;</a>&nbsp;&nbsp;&nbsp;OSTmr_Init
</UL>

<P><STRONG><a name="[220]"></a>CheckITStatus</STRONG> (Thumb, 18 bytes, Stack size 0 bytes, stm32f2xx_can.o(.text), UNUSED)
<BR><BR>[Called By]<UL><LI><a href="#[21f]">&gt;&gt;</a>&nbsp;&nbsp;&nbsp;CAN_GetITStatus
</UL>

<P><STRONG><a name="[22d]"></a>TI4_Config</STRONG> (Thumb, 80 bytes, Stack size 20 bytes, stm32f2xx_tim.o(.text))
<BR><BR>[Stack]<UL><LI>Max Depth = 20<LI>Call Chain = TI4_Config
</UL>
<BR>[Called By]<UL><LI><a href="#[10c]">&gt;&gt;</a>&nbsp;&nbsp;&nbsp;TIM_ICInit
</UL>

<P><STRONG><a name="[22b]"></a>TI3_Config</STRONG> (Thumb, 72 bytes, Stack size 20 bytes, stm32f2xx_tim.o(.text))
<BR><BR>[Stack]<UL><LI>Max Depth = 20<LI>Call Chain = TI3_Config
</UL>
<BR>[Called By]<UL><LI><a href="#[10c]">&gt;&gt;</a>&nbsp;&nbsp;&nbsp;TIM_ICInit
</UL>

<P><STRONG><a name="[229]"></a>TI2_Config</STRONG> (Thumb, 90 bytes, Stack size 20 bytes, stm32f2xx_tim.o(.text))
<BR><BR>[Stack]<UL><LI>Max Depth = 20<LI>Call Chain = TI2_Config
</UL>
<BR>[Called By]<UL><LI><a href="#[10c]">&gt;&gt;</a>&nbsp;&nbsp;&nbsp;TIM_ICInit
<LI><a href="#[231]">&gt;&gt;</a>&nbsp;&nbsp;&nbsp;TIM_TIxExternalClockConfig
<LI><a href="#[22f]">&gt;&gt;</a>&nbsp;&nbsp;&nbsp;TIM_PWMIConfig
</UL>

<P><STRONG><a name="[227]"></a>TI1_Config</STRONG> (Thumb, 58 bytes, Stack size 20 bytes, stm32f2xx_tim.o(.text))
<BR><BR>[Stack]<UL><LI>Max Depth = 20<LI>Call Chain = TI1_Config
</UL>
<BR>[Called By]<UL><LI><a href="#[10c]">&gt;&gt;</a>&nbsp;&nbsp;&nbsp;TIM_ICInit
<LI><a href="#[231]">&gt;&gt;</a>&nbsp;&nbsp;&nbsp;TIM_TIxExternalClockConfig
<LI><a href="#[22f]">&gt;&gt;</a>&nbsp;&nbsp;&nbsp;TIM_PWMIConfig
</UL>

<P><STRONG><a name="[24f]"></a>_fp_digits</STRONG> (Thumb, 366 bytes, Stack size 64 bytes, printfa.o(i._fp_digits), UNUSED)
<BR><BR>[Calls]<UL><LI><a href="#[23d]">&gt;&gt;</a>&nbsp;&nbsp;&nbsp;__aeabi_uldivmod
<LI><a href="#[247]">&gt;&gt;</a>&nbsp;&nbsp;&nbsp;__aeabi_dmul
<LI><a href="#[248]">&gt;&gt;</a>&nbsp;&nbsp;&nbsp;__aeabi_ddiv
<LI><a href="#[241]">&gt;&gt;</a>&nbsp;&nbsp;&nbsp;__aeabi_dadd
<LI><a href="#[249]">&gt;&gt;</a>&nbsp;&nbsp;&nbsp;__aeabi_d2ulz
<LI><a href="#[250]">&gt;&gt;</a>&nbsp;&nbsp;&nbsp;__aeabi_cdrcmple
</UL>
<BR>[Called By]<UL><LI><a href="#[24d]">&gt;&gt;</a>&nbsp;&nbsp;&nbsp;_printf_core
</UL>

<P><STRONG><a name="[24d]"></a>_printf_core</STRONG> (Thumb, 1704 bytes, Stack size 136 bytes, printfa.o(i._printf_core), UNUSED)
<BR><BR>[Calls]<UL><LI><a href="#[23d]">&gt;&gt;</a>&nbsp;&nbsp;&nbsp;__aeabi_uldivmod
<LI><a href="#[253]">&gt;&gt;</a>&nbsp;&nbsp;&nbsp;__aeabi_uidivmod
<LI><a href="#[251]">&gt;&gt;</a>&nbsp;&nbsp;&nbsp;_printf_pre_padding
<LI><a href="#[252]">&gt;&gt;</a>&nbsp;&nbsp;&nbsp;_printf_post_padding
<LI><a href="#[24f]">&gt;&gt;</a>&nbsp;&nbsp;&nbsp;_fp_digits
</UL>
<BR>[Called By]<UL><LI><a href="#[24e]">&gt;&gt;</a>&nbsp;&nbsp;&nbsp;__0vsnprintf
<LI><a href="#[24c]">&gt;&gt;</a>&nbsp;&nbsp;&nbsp;__0sprintf
</UL>

<P><STRONG><a name="[252]"></a>_printf_post_padding</STRONG> (Thumb, 36 bytes, Stack size 24 bytes, printfa.o(i._printf_post_padding), UNUSED)
<BR><BR>[Called By]<UL><LI><a href="#[24d]">&gt;&gt;</a>&nbsp;&nbsp;&nbsp;_printf_core
</UL>

<P><STRONG><a name="[251]"></a>_printf_pre_padding</STRONG> (Thumb, 46 bytes, Stack size 24 bytes, printfa.o(i._printf_pre_padding), UNUSED)
<BR><BR>[Called By]<UL><LI><a href="#[24d]">&gt;&gt;</a>&nbsp;&nbsp;&nbsp;_printf_core
</UL>

<P><STRONG><a name="[68]"></a>_snputc</STRONG> (Thumb, 22 bytes, Stack size 0 bytes, printfa.o(i._snputc))
<BR>[Address Reference Count : 1]<UL><LI> printfa.o(i.__0vsnprintf)
</UL>
<P><STRONG><a name="[67]"></a>_sputc</STRONG> (Thumb, 10 bytes, Stack size 0 bytes, printfa.o(i._sputc))
<BR><BR>[Called By]<UL><LI><a href="#[24c]">&gt;&gt;</a>&nbsp;&nbsp;&nbsp;__0sprintf
</UL>
<BR>[Address Reference Count : 1]<UL><LI> printfa.o(i.__0sprintf)
</UL>
<P><STRONG><a name="[65]"></a>_scanf_char_input</STRONG> (Thumb, 12 bytes, Stack size 0 bytes, scanf_char.o(.text))
<BR>[Address Reference Count : 1]<UL><LI> scanf_char.o(.text)
</UL><P>
<H3>
Undefined Global Symbols
</H3><HR></body></html>
