<html>
<body>
<pre>
<h1>µVision Build Log</h1>
<h2>Tool Versions:</h2>
IDE-Version: µVision V5.21.1.0
Copyright (C) 2016 ARM Ltd and ARM Germany GmbH. All rights reserved.
License Information: P AD, P, LIC=65IJJ-UU7V6-FVX1N-Y3C8U-58IH1-PGFP8
 
Tool Versions:
Toolchain:       MDK-ARM Plus  Version: 5.21a
Toolchain Path:  D:\Keil_v5\ARM\ARMCC\Bin
C Compiler:      Armcc.exe V5.06 update 3 (build 300)
Assembler:       Armasm.exe V5.06 update 3 (build 300)
Linker/Locator:  ArmLink.exe V5.06 update 3 (build 300)
Library Manager: ArmAr.exe V5.06 update 3 (build 300)
Hex Converter:   FromElf.exe V5.06 update 3 (build 300)
CPU DLL:         SARMCM3.DLL V5.21a
Dialog DLL:      DCM.DLL V1.13.8.0
Target DLL:      UL2CM3.DLL V1.158.5.0
Dialog DLL:      TCM.DLL V1.14.14.0
 
<h2>Project:</h2>
E:\Project\IR_TestDevice\Software\Communication Bridge Module\V1.0\BridgeBoards\ST\CommunicationBridgeMoudle\uCOS-II\KeilMDK\CBM.uvprojx
Project File Date:  05/06/2021

<h2>Output:</h2>
*** Using Compiler 'V5.06 update 3 (build 300)', folder: 'D:\Keil_v5\ARM\ARMCC\Bin'
Rebuild target 'FLASH'
compiling app.c...
compiling Communication1.c...
compiling keyandled.c...
..\..\app\keyandled.c(10): warning:  #177-D: function "AppKeyScanTask" was declared but never referenced
  static  void  AppKeyScanTask (void *p_arg)
..\..\app\keyandled.c: 1 warning, 0 errors
compiling communication_can.c...
..\..\app\communication_can.c(38): warning:  #1295-D: Deprecated declaration Communication_GFTB_Task - give arg types
  void Communication_GFTB_Task();
..\..\app\communication_can.c(113): warning:  #167-D: argument of type "uint8_t *" is incompatible with parameter of type "const CPU_CHAR *"
  	}else if ((CPU_CHAR *)Str_Cmp(&rx_data[0], "ReadVoltageRange") == 0) {
..\..\app\communication_can.c(19): warning:  #177-D: variable "AppTask_GFTB_Stk" was declared but never referenced
  static OS_STK AppTask_GFTB_Stk[APP_TASK_COMMUNICATION_GFTB_STK_SIZE];
..\..\app\communication_can.c: 3 warnings, 0 errors
compiling app_hooks.c...
compiling ReadSensor.c...
..\..\app\ReadSensor.c(583): warning:  #177-D: variable "temp" was declared but never referenced
  	CPU_INT08U temp;
..\..\app\ReadSensor.c(584): warning:  #177-D: variable "buffer" was declared but never referenced
  	static uint8_t buffer[8];
..\..\app\ReadSensor.c(626): warning:  #177-D: variable "buffer" was declared but never referenced
  	uint8_t buffer[8];
..\..\app\ReadSensor.c(648): warning:  #177-D: variable "err" was declared but never referenced
  	CPU_INT08U err;
..\..\app\ReadSensor.c(125): warning:  #177-D: function "IOE_DMA_Config" was declared but never referenced
  static void IOE_DMA_Config(IOE_DMADirection_TypeDef Direction, uint8_t* buffer)
..\..\app\ReadSensor.c: 5 warnings, 0 errors
compiling communication_vcp.c...
..\..\app\communication_vcp.c(63): warning:  #167-D: argument of type "uint8_t *" is incompatible with parameter of type "const CPU_CHAR *"
  	if (Str_Cmp(&rx_data[0], "SetVoltageRange:") > 0) {
..\..\app\communication_vcp.c(72): warning:  #167-D: argument of type "uint8_t *" is incompatible with parameter of type "const CPU_CHAR *"
  	}else if (Str_Cmp(&rx_data[0], "ReadVoltageRange") == 0) {
..\..\app\communication_vcp.c: 2 warnings, 0 errors
assembling cstartup.s...
compiling bsp.c...
..\..\BSP\bsp.c(760): warning:  #177-D: function "BSP_KEY_Init" was declared but never referenced
  static void  BSP_KEY_Init()
..\..\BSP\bsp.c: 1 warning, 0 errors
compiling bsp_ioe.c...
compiling bsp_int.c...
compiling bsp_ser.c...
compiling bsp_lcd.c...
compiling bsp_os.c...
compiling bsp_w25q64.c...
compiling bsp_sys.c...
assembling cpu_a.asm...
compiling cpu_core.c...
compiling cpu_c.c...
compiling lib_math.c...
compiling lib_ascii.c...
compiling lib_mem.c...
compiling lib_str.c...
compiling system_stm32f2xx.c...
assembling lib_mem_a.asm...
compiling os_core.c...
compiling bsp_i2c1.c...
..\..\BSP\bsp_i2c1.c(43): warning:  #177-D: variable "I2C1_SR1" was declared but never referenced
  	CPU_INT32U I2C1_SR1;
..\..\BSP\bsp_i2c1.c(452): warning:  #177-D: variable "err" was declared but never referenced
  	CPU_INT08U err;
..\..\BSP\bsp_i2c1.c: 2 warnings, 0 errors
compiling bsp_can.c...
..\..\BSP\bsp_can.c(82): warning:  #550-D: variable "BSP_CanTxWait" was set but never used
  static  BSP_OS_SEM   BSP_CanTxWait;
..\..\BSP\bsp_can.c(88): warning:  #177-D: variable "BSP_CanRxData" was declared but never referenced
  static  CPU_INT08U   BSP_CanRxData;
..\..\BSP\bsp_can.c: 2 warnings, 0 errors
compiling os_flag.c...
compiling os_mem.c...
compiling os_mbox.c...
compiling os_mutex.c...
compiling os_q.c...
compiling os_sem.c...
compiling os_time.c...
compiling os_task.c...
assembling os_cpu_a.asm...
compiling os_tmr.c...
compiling os_cpu_c.c...
compiling os_dbg.c...
compiling misc.c...
compiling stm32f2xx_crc.c...
compiling stm32f2xx_adc.c...
compiling stm32f2xx_cryp.c...
compiling stm32f2xx_can.c...
compiling stm32f2xx_cryp_aes.c...
compiling stm32f2xx_cryp_des.c...
compiling stm32f2xx_dbgmcu.c...
compiling stm32f2xx_cryp_tdes.c...
compiling stm32f2xx_dac.c...
compiling stm32f2xx_dcmi.c...
compiling stm32f2xx_flash.c...
compiling stm32f2xx_exti.c...
compiling stm32f2xx_dma.c...
compiling stm32f2xx_gpio.c...
compiling stm32f2xx_fsmc.c...
compiling stm32f2xx_hash.c...
compiling stm32f2xx_hash_md5.c...
compiling stm32f2xx_iwdg.c...
compiling stm32f2xx_hash_sha1.c...
compiling stm32f2xx_i2c.c...
compiling stm32f2xx_pwr.c...
compiling stm32f2xx_rcc.c...
compiling stm32f2xx_rng.c...
compiling stm32f2xx_sdio.c...
compiling stm32f2xx_spi.c...
compiling stm32f2xx_syscfg.c...
compiling stm32f2xx_rtc.c...
compiling stm32f2xx_usart.c...
compiling stm32f2xx_tim.c...
compiling stm32f2xx_wwdg.c...
compiling usb_dcd_int.c...
compiling usb_dcd.c...
compiling usb_core.c...
compiling usbd_core.c...
compiling usbd_cdc_core.c...
compiling usbd_ioreq.c...
compiling usbd_req.c...
compiling usbd_desc.c...
compiling usb_bsp.c...
compiling usbd_usr.c...
compiling usbd_cdc_vcp.c...
compiling usb_it.c...
linking...
Program Size: Code=38104 RO-data=1216 RW-data=200 ZI-data=18472  
FromELF: creating hex file...
".\Output\xy.axf" - 0 Error(s), 16 Warning(s).

<h2>Collection of Component include folders:</h2>
  E:\Project\IR_TestDevice\Software\Communication Bridge Module\V1.0\BridgeBoards\ST\CommunicationBridgeMoudle\uCOS-II\KeilMDK\RTE
  D:\Keil_v5\ARM\PACK\Keil\STM32F2xx_DFP\2.9.0\Drivers\CMSIS\Device\ST\STM32F2xx\Include

<h2>Collection of Component Files used:</h2>
Build Time Elapsed:  00:00:22
</pre>
</body>
</html>
