Archive member included because of file (symbol)

c:/program files (x86)/atollic/truestudio for arm pro 3.2.0/armtools/bin/../lib/gcc/arm-atollic-eabi/4.6.2/../../../../arm-atollic-eabi/lib/thumb/softfp/armv7e-m/fpv4-sp-d16\libc.a(lib_a-init.o)
                              BSP\cstartup.o (__libc_init_array)
c:/program files (x86)/atollic/truestudio for arm pro 3.2.0/armtools/bin/../lib/gcc/arm-atollic-eabi/4.6.2/../../../../arm-atollic-eabi/lib/thumb/softfp/armv7e-m/fpv4-sp-d16\libc.a(lib_a-vsnprintf.o)
                              BSP\bsp_ser.o (vsnprintf)
c:/program files (x86)/atollic/truestudio for arm pro 3.2.0/armtools/bin/../lib/gcc/arm-atollic-eabi/4.6.2/../../../../arm-atollic-eabi/lib/thumb/softfp/armv7e-m/fpv4-sp-d16\libc.a(lib_a-impure.o)
                              c:/program files (x86)/atollic/truestudio for arm pro 3.2.0/armtools/bin/../lib/gcc/arm-atollic-eabi/4.6.2/../../../../arm-atollic-eabi/lib/thumb/softfp/armv7e-m/fpv4-sp-d16\libc.a(lib_a-vsnprintf.o) (_impure_ptr)
c:/program files (x86)/atollic/truestudio for arm pro 3.2.0/armtools/bin/../lib/gcc/arm-atollic-eabi/4.6.2/../../../../arm-atollic-eabi/lib/thumb/softfp/armv7e-m/fpv4-sp-d16\libc.a(lib_a-svfprintf.o)
                              c:/program files (x86)/atollic/truestudio for arm pro 3.2.0/armtools/bin/../lib/gcc/arm-atollic-eabi/4.6.2/../../../../arm-atollic-eabi/lib/thumb/softfp/armv7e-m/fpv4-sp-d16\libc.a(lib_a-vsnprintf.o) (_svfprintf_r)
c:/program files (x86)/atollic/truestudio for arm pro 3.2.0/armtools/bin/../lib/gcc/arm-atollic-eabi/4.6.2/../../../../arm-atollic-eabi/lib/thumb/softfp/armv7e-m/fpv4-sp-d16\libc.a(lib_a-dtoa.o)
                              c:/program files (x86)/atollic/truestudio for arm pro 3.2.0/armtools/bin/../lib/gcc/arm-atollic-eabi/4.6.2/../../../../arm-atollic-eabi/lib/thumb/softfp/armv7e-m/fpv4-sp-d16\libc.a(lib_a-svfprintf.o) (_dtoa_r)
c:/program files (x86)/atollic/truestudio for arm pro 3.2.0/armtools/bin/../lib/gcc/arm-atollic-eabi/4.6.2/../../../../arm-atollic-eabi/lib/thumb/softfp/armv7e-m/fpv4-sp-d16\libc.a(lib_a-locale.o)
                              c:/program files (x86)/atollic/truestudio for arm pro 3.2.0/armtools/bin/../lib/gcc/arm-atollic-eabi/4.6.2/../../../../arm-atollic-eabi/lib/thumb/softfp/armv7e-m/fpv4-sp-d16\libc.a(lib_a-svfprintf.o) (_localeconv_r)
c:/program files (x86)/atollic/truestudio for arm pro 3.2.0/armtools/bin/../lib/gcc/arm-atollic-eabi/4.6.2/../../../../arm-atollic-eabi/lib/thumb/softfp/armv7e-m/fpv4-sp-d16\libc.a(lib_a-malloc.o)
                              c:/program files (x86)/atollic/truestudio for arm pro 3.2.0/armtools/bin/../lib/gcc/arm-atollic-eabi/4.6.2/../../../../arm-atollic-eabi/lib/thumb/softfp/armv7e-m/fpv4-sp-d16\libc.a(lib_a-dtoa.o) (malloc)
c:/program files (x86)/atollic/truestudio for arm pro 3.2.0/armtools/bin/../lib/gcc/arm-atollic-eabi/4.6.2/../../../../arm-atollic-eabi/lib/thumb/softfp/armv7e-m/fpv4-sp-d16\libc.a(lib_a-mallocr.o)
                              c:/program files (x86)/atollic/truestudio for arm pro 3.2.0/armtools/bin/../lib/gcc/arm-atollic-eabi/4.6.2/../../../../arm-atollic-eabi/lib/thumb/softfp/armv7e-m/fpv4-sp-d16\libc.a(lib_a-svfprintf.o) (_malloc_r)
c:/program files (x86)/atollic/truestudio for arm pro 3.2.0/armtools/bin/../lib/gcc/arm-atollic-eabi/4.6.2/../../../../arm-atollic-eabi/lib/thumb/softfp/armv7e-m/fpv4-sp-d16\libc.a(lib_a-memchr.o)
                              c:/program files (x86)/atollic/truestudio for arm pro 3.2.0/armtools/bin/../lib/gcc/arm-atollic-eabi/4.6.2/../../../../arm-atollic-eabi/lib/thumb/softfp/armv7e-m/fpv4-sp-d16\libc.a(lib_a-svfprintf.o) (memchr)
c:/program files (x86)/atollic/truestudio for arm pro 3.2.0/armtools/bin/../lib/gcc/arm-atollic-eabi/4.6.2/../../../../arm-atollic-eabi/lib/thumb/softfp/armv7e-m/fpv4-sp-d16\libc.a(lib_a-memcpy.o)
                              c:/program files (x86)/atollic/truestudio for arm pro 3.2.0/armtools/bin/../lib/gcc/arm-atollic-eabi/4.6.2/../../../../arm-atollic-eabi/lib/thumb/softfp/armv7e-m/fpv4-sp-d16\libc.a(lib_a-dtoa.o) (memcpy)
c:/program files (x86)/atollic/truestudio for arm pro 3.2.0/armtools/bin/../lib/gcc/arm-atollic-eabi/4.6.2/../../../../arm-atollic-eabi/lib/thumb/softfp/armv7e-m/fpv4-sp-d16\libc.a(lib_a-mlock.o)
                              c:/program files (x86)/atollic/truestudio for arm pro 3.2.0/armtools/bin/../lib/gcc/arm-atollic-eabi/4.6.2/../../../../arm-atollic-eabi/lib/thumb/softfp/armv7e-m/fpv4-sp-d16\libc.a(lib_a-mallocr.o) (__malloc_lock)
c:/program files (x86)/atollic/truestudio for arm pro 3.2.0/armtools/bin/../lib/gcc/arm-atollic-eabi/4.6.2/../../../../arm-atollic-eabi/lib/thumb/softfp/armv7e-m/fpv4-sp-d16\libc.a(lib_a-mprec.o)
                              c:/program files (x86)/atollic/truestudio for arm pro 3.2.0/armtools/bin/../lib/gcc/arm-atollic-eabi/4.6.2/../../../../arm-atollic-eabi/lib/thumb/softfp/armv7e-m/fpv4-sp-d16\libc.a(lib_a-dtoa.o) (_Balloc)
[...]
Memory Configuration

Name             Origin             Length             Attributes
FLASH            0x08000000         0x00100000         xr
RAM              0x20000000         0x00020000         xrw
MEMORY_B1        0x60000000         0x00000000         xr
CCMRAM           0x10000000         0x00010000         rw
*default*        0x00000000         0xffffffff

Linker script and memory map

LOAD c:/program files (x86)/atollic/truestudio for arm pro 3.2.0/armtools/bin/../lib/gcc/arm-atollic-eabi/4.6.2/thumb/softfp/armv7e-m/fpv4-sp-d16/crti.o
LOAD c:/program files (x86)/atollic/truestudio for arm pro 3.2.0/armtools/bin/../lib/gcc/arm-atollic-eabi/4.6.2/thumb/softfp/armv7e-m/fpv4-sp-d16/crtbegin.o
LOAD uCOS-II\Source\os_tmr.o
LOAD uCOS-II\Source\os_time.o
LOAD uCOS-II\Source\os_task.o
LOAD uCOS-II\Source\os_sem.o
LOAD uCOS-II\Source\os_q.o
LOAD uCOS-II\Source\os_mutex.o
LOAD uCOS-II\Source\os_mem.o
LOAD uCOS-II\Source\os_mbox.o
LOAD uCOS-II\Source\os_flag.o
LOAD uCOS-II\Source\os_core.o
LOAD uCOS-II\Ports\ARM-Cortex-M3\Generic\GNU\os_dbg.o
LOAD uCOS-II\Ports\ARM-Cortex-M3\Generic\GNU\os_cpu_c.o
LOAD uCOS-II\Ports\ARM-Cortex-M3\Generic\GNU\os_cpu_a.o
LOAD uC-LIB\lib_str.o
LOAD uC-LIB\lib_mem.o
LOAD uC-LIB\lib_math.o
LOAD uC-LIB\lib_ascii.o
LOAD uC-CPU\cpu_core.o
LOAD uC-CPU\ARM-Cortex-M3\GNU\cpu_c.o
LOAD uC-CPU\ARM-Cortex-M3\GNU\cpu_a.o
LOAD BSP\cstartup.o
LOAD BSP\bsp_ser.o
LOAD BSP\bsp_lcd.o
LOAD BSP\bsp_ioe.o
LOAD BSP\bsp_int.o
LOAD BSP\bsp.o
LOAD BSP\STM32F2xx\src\stm32f2xx_wwdg.o
LOAD BSP\STM32F2xx\src\stm32f2xx_usart.o
LOAD BSP\STM32F2xx\src\stm32f2xx_tim.o
LOAD BSP\STM32F2xx\src\stm32f2xx_syscfg.o
LOAD BSP\STM32F2xx\src\stm32f2xx_spi.o
LOAD BSP\STM32F2xx\src\stm32f2xx_sdio.o
LOAD BSP\STM32F2xx\src\stm32f2xx_rtc.o
LOAD BSP\STM32F2xx\src\stm32f2xx_rng.o
LOAD BSP\STM32F2xx\src\stm32f2xx_rcc.o
LOAD BSP\STM32F2xx\src\stm32f2xx_pwr.o
LOAD BSP\STM32F2xx\src\stm32f2xx_iwdg.o
LOAD BSP\STM32F2xx\src\stm32f2xx_i2c.o
LOAD BSP\STM32F2xx\src\stm32f2xx_hash_sha1.o
LOAD BSP\STM32F2xx\src\stm32f2xx_hash_md5.o
LOAD BSP\STM32F2xx\src\stm32f2xx_hash.o
LOAD BSP\STM32F2xx\src\stm32f2xx_gpio.o
LOAD BSP\STM32F2xx\src\stm32f2xx_fsmc.o
LOAD BSP\STM32F2xx\src\stm32f2xx_flash.o
LOAD BSP\STM32F2xx\src\stm32f2xx_exti.o
LOAD BSP\STM32F2xx\src\stm32f2xx_dma.o
LOAD BSP\STM32F2xx\src\stm32f2xx_dcmi.o
LOAD BSP\STM32F2xx\src\stm32f2xx_dbgmcu.o
LOAD BSP\STM32F2xx\src\stm32f2xx_dac.o
LOAD BSP\STM32F2xx\src\stm32f2xx_cryp_tdes.o
LOAD BSP\STM32F2xx\src\stm32f2xx_cryp_des.o
LOAD BSP\STM32F2xx\src\stm32f2xx_cryp_aes.o
LOAD BSP\STM32F2xx\src\stm32f2xx_cryp.o
LOAD BSP\STM32F2xx\src\stm32f2xx_crc.o
LOAD BSP\STM32F2xx\src\stm32f2xx_can.o
LOAD BSP\STM32F2xx\src\stm32f2xx_adc.o
LOAD BSP\STM32F2xx\src\misc.o
LOAD BSP\OS\bsp_os.o
LOAD BSP\CMSIS\Device_Support\system_stm32f2xx.o
LOAD APP\app_hooks.o
LOAD APP\app.o
                0x00001000                malloc_getpagesize_P = 0x1000
START GROUP
LOAD c:/program files (x86)/atollic/truestudio for arm pro 3.2.0/armtools/bin/../lib/gcc/arm-atollic-eabi/4.6.2/thumb/softfp/armv7e-m/fpv4-sp-d16\libgcc.a
LOAD c:/program files (x86)/atollic/truestudio for arm pro 3.2.0/armtools/bin/../lib/gcc/arm-atollic-eabi/4.6.2/../../../../arm-atollic-eabi/lib/thumb/softfp/armv7e-m/fpv4-sp-d16\libc.a
END GROUP
LOAD c:/program files (x86)/atollic/truestudio for arm pro 3.2.0/armtools/bin/../lib/gcc/arm-atollic-eabi/4.6.2/thumb/softfp/armv7e-m/fpv4-sp-d16/crtend.o
LOAD c:/program files (x86)/atollic/truestudio for arm pro 3.2.0/armtools/bin/../lib/gcc/arm-atollic-eabi/4.6.2/thumb/softfp/armv7e-m/fpv4-sp-d16/crtn.o
                0x20020000                _estack = 0x20020000
                0x00000000                _Min_Heap_Size = 0x0
                0x00000400                _Min_Stack_Size = 0x400

.isr_vector     0x08000000      0x184
                0x08000000                . = ALIGN (0x4)
 *(.isr_vector)
 .isr_vector    0x08000000      0x184 BSP\cstartup.o
                0x08000000                g_pfnVectors
                0x08000184                . = ALIGN (0x4)

.text           0x08000188     0x9a48
                0x08000188                . = ALIGN (0x4)
 *(.text)
 .text          0x08000188       0x54 c:/program files (x86)/atollic/truestudio for arm pro 3.2.0/armtools/bin/../lib/gcc/arm-atollic-eabi/4.6.2/thumb/softfp/armv7e-m/fpv4-sp-d16/crtbegin.o
 .text          0x080001dc       0xb0 uCOS-II\Ports\ARM-Cortex-M3\Generic\GNU\os_cpu_a.o
                0x080001dc                OS_CPU_SR_Save
                0x080001e4                OS_CPU_SR_Restore
                0x080001ea                OSStartHighRdy
                0x0800020e                OSCtxSw
                0x08000216                OSIntCtxSw
                0x0800021e                OS_CPU_PendSVHandler
 .text          0x0800028c       0x34 uC-CPU\ARM-Cortex-M3\GNU\cpu_a.o
                0x0800028c                CPU_IntDis
                0x08000290                CPU_IntEn
                0x08000294                CPU_SR_Save
                0x0800029c                CPU_SR_Restore
                0x080002a2                CPU_WaitForInt
                0x080002a6                CPU_WaitForExcept
                0x080002aa                CPU_CntLeadZeros
                0x080002b0                CPU_CntTrailZeros
                0x080002ba                CPU_RevBits
 .text          0x080002c0      0x370 c:/program files (x86)/atollic/truestudio for arm pro 3.2.0/armtools/bin/../lib/gcc/arm-atollic-eabi/4.6.2/thumb/softfp/armv7e-m/fpv4-sp-d16\libgcc.a(_arm_addsubdf3.o)
                0x080002c0                __aeabi_drsub
                0x080002c8                __aeabi_dsub
                0x080002c8                __subdf3
                0x080002cc                __aeabi_dadd
                0x080002cc                __adddf3
                0x08000544                __floatunsidf
                0x08000544                __aeabi_ui2d
                0x08000564                __floatsidf
                0x08000564                __aeabi_i2d
                0x08000588                __aeabi_f2d
                0x08000588                __extendsfdf2
                0x080005c4                __floatundidf
                0x080005c4                __aeabi_ul2d
                0x080005d4                __floatdidf
                0x080005d4                __aeabi_l2d
 .text          0x08000630      0x424 c:/program files (x86)/atollic/truestudio for arm pro 3.2.0/armtools/bin/../lib/gcc/arm-atollic-eabi/4.6.2/thumb/softfp/armv7e-m/fpv4-sp-d16\libgcc.a(_arm_muldivdf3.o)
                0x08000630                __aeabi_dmul
                0x08000630                __muldf3
                0x08000884                __divdf3
                0x08000884                __aeabi_ddiv
 .text          0x08000a54      0x110 c:/program files (x86)/atollic/truestudio for arm pro 3.2.0/armtools/bin/../lib/gcc/arm-atollic-eabi/4.6.2/thumb/softfp/armv7e-m/fpv4-sp-d16\libgcc.a(_arm_cmpdf2.o)
                0x08000a54                __gtdf2
                0x08000a54                __gedf2
                0x08000a5c                __ltdf2
                0x08000a5c                __ledf2
                0x08000a64                __nedf2
                0x08000a64                __eqdf2
                0x08000a64                __cmpdf2
                0x08000ae0                __aeabi_cdrcmple
                0x08000af0                __aeabi_cdcmpeq
                0x08000af0                __aeabi_cdcmple
                0x08000b00                __aeabi_dcmpeq
                0x08000b14                __aeabi_dcmplt
                0x08000b28                __aeabi_dcmple
                0x08000b3c                __aeabi_dcmpge
                0x08000b50                __aeabi_dcmpgt
 .text          0x08000b64       0x50 c:/program files (x86)/atollic/truestudio for arm pro 3.2.0/armtools/bin/../lib/gcc/arm-atollic-eabi/4.6.2/thumb/softfp/armv7e-m/fpv4-sp-d16\libgcc.a(_arm_fixdfsi.o)
                0x08000b64                __aeabi_d2iz
                0x08000b64                __fixdfsi
 .text          0x08000bb4       0x2c c:/program files (x86)/atollic/truestudio for arm pro 3.2.0/armtools/bin/../lib/gcc/arm-atollic-eabi/4.6.2/thumb/softfp/armv7e-m/fpv4-sp-d16\libgcc.a(_aeabi_uldivmod.o)
                0x08000bb4                __aeabi_uldivmod
 .text          0x08000be0       0x58 c:/program files (x86)/atollic/truestudio for arm pro 3.2.0/armtools/bin/../lib/gcc/arm-atollic-eabi/4.6.2/thumb/softfp/armv7e-m/fpv4-sp-d16\libgcc.a(bpabi.o)
                0x08000be0                __gnu_ldivmod_helper
                0x08000c0c                __gnu_uldivmod_helper
 .text          0x08000c38      0xb54 c:/program files (x86)/atollic/truestudio for arm pro 3.2.0/armtools/bin/../lib/gcc/arm-atollic-eabi/4.6.2/thumb/softfp/armv7e-m/fpv4-sp-d16\libgcc.a(unwind-arm.o)
                0x08000ee0                _Unwind_VRS_Get
                0x08000f20                _Unwind_VRS_Set
                0x08001280                __aeabi_unwind_cpp_pr2
                0x08001284                __aeabi_unwind_cpp_pr1
                0x08001288                __aeabi_unwind_cpp_pr0
                0x0800128c                _Unwind_VRS_Pop
                0x08001640                _Unwind_GetCFA
                0x08001644                __gnu_Unwind_RaiseException
                0x080016a4                __gnu_Unwind_ForcedUnwind
                0x080016b8                __gnu_Unwind_Resume
                0x080016f4                __gnu_Unwind_Resume_or_Rethrow
                0x08001704                _Unwind_Complete
                0x08001708                _Unwind_DeleteException
                0x08001718                __gnu_Unwind_Backtrace
 .text          0x0800178c      0x1ac c:/program files (x86)/atollic/truestudio for arm pro 3.2.0/armtools/bin/../lib/gcc/arm-atollic-eabi/4.6.2/thumb/softfp/armv7e-m/fpv4-sp-d16\libgcc.a(libunwind.o)
                0x0800178c                __restore_core_regs
                0x0800178c                restore_core_regs
                0x080017a4                __gnu_Unwind_Restore_VFP
                0x080017ac                __gnu_Unwind_Save_VFP
                0x080017b4                __gnu_Unwind_Restore_VFP_D
                0x080017bc                __gnu_Unwind_Save_VFP_D
                0x080017c4                __gnu_Unwind_Restore_VFP_D_16_to_31
                0x080017cc                __gnu_Unwind_Save_VFP_D_16_to_31
                0x080017d4                __gnu_Unwind_Restore_WMMXD
                0x08001818                __gnu_Unwind_Save_WMMXD
                0x0800185c                __gnu_Unwind_Restore_WMMXC
                0x08001870                __gnu_Unwind_Save_WMMXC
                0x08001884                ___Unwind_RaiseException
                0x08001884                _Unwind_RaiseException
                0x080018a8                _Unwind_Resume
                0x080018a8                ___Unwind_Resume
                0x080018cc                _Unwind_Resume_or_Rethrow
                0x080018cc                ___Unwind_Resume_or_Rethrow
                0x080018f0                _Unwind_ForcedUnwind
                0x080018f0                ___Unwind_ForcedUnwind
                0x08001914                ___Unwind_Backtrace
                0x08001914                _Unwind_Backtrace
 .text          0x08001938      0x374 c:/program files (x86)/atollic/truestudio for arm pro 3.2.0/armtools/bin/../lib/gcc/arm-atollic-eabi/4.6.2/thumb/softfp/armv7e-m/fpv4-sp-d16\libgcc.a(pr-support.o)
                0x0800198c                __gnu_unwind_execute
                0x08001c54                __gnu_unwind_frame
                0x08001c7c                _Unwind_GetRegionStart
                0x08001c88                _Unwind_GetLanguageSpecificData
                0x08001c9c                _Unwind_GetDataRelBase
                0x08001ca4                _Unwind_GetTextRelBase
 .text          0x08001cac        0x4 c:/program files (x86)/atollic/truestudio for arm pro 3.2.0/armtools/bin/../lib/gcc/arm-atollic-eabi/4.6.2/thumb/softfp/armv7e-m/fpv4-sp-d16\libgcc.a(_dvmd_tls.o)
                0x08001cac                __aeabi_idiv0
                0x08001cac                __aeabi_ldiv0
 .text          0x08001cb0      0x2c0 c:/program files (x86)/atollic/truestudio for arm pro 3.2.0/armtools/bin/../lib/gcc/arm-atollic-eabi/4.6.2/thumb/softfp/armv7e-m/fpv4-sp-d16\libgcc.a(_divdi3.o)
                0x08001cb0                __divdi3
 .text          0x08001f70      0x294 c:/program files (x86)/atollic/truestudio for arm pro 3.2.0/armtools/bin/../lib/gcc/arm-atollic-eabi/4.6.2/thumb/softfp/armv7e-m/fpv4-sp-d16\libgcc.a(_udivdi3.o)
                0x08001f70                __udivdi3
 *(.text*)
 .text.OSTmrSignal
                0x08002204       0x28 uCOS-II\Source\os_tmr.o
                0x08002204                OSTmrSignal
 .text.OSTmr_Init
                0x0800222c      0x190 uCOS-II\Source\os_tmr.o
                0x0800222c                OSTmr_Init
 .text.OSTmr_InitTask
                0x080023bc       0x60 uCOS-II\Source\os_tmr.o
 .text.OSTmr_Link
                0x0800241c       0xdc uCOS-II\Source\os_tmr.o
 .text.OSTmr_Unlink
                0x080024f8       0x9c uCOS-II\Source\os_tmr.o
 .text.OSTmr_Task
                0x08002594       0xd0 uCOS-II\Source\os_tmr.o
 .text.OSTimeDly
                0x08002664       0xdc uCOS-II\Source\os_time.o
                0x08002664                OSTimeDly
 .text.OSTimeDlyHMSM
                0x08002740       0x90 uCOS-II\Source\os_time.o
                0x08002740                OSTimeDlyHMSM
 .text.OSTaskCreateExt
                0x080027d0       0xec uCOS-II\Source\os_task.o
                0x080027d0                OSTaskCreateExt
 .text.OSTaskDel
                0x080028bc      0x25c uCOS-II\Source\os_task.o
                0x080028bc                OSTaskDel
 .text.OSTaskNameSet
                0x08002b18       0xa4 uCOS-II\Source\os_task.o
                0x08002b18                OSTaskNameSet
 .text.OSTaskStkChk
                0x08002bbc       0xe8 uCOS-II\Source\os_task.o
                0x08002bbc                OSTaskStkChk
 .text.OSTaskSuspend
                0x08002ca4      0x120 uCOS-II\Source\os_task.o
                0x08002ca4                OSTaskSuspend
 .text.OS_TaskReturn
                0x08002dc4       0x20 uCOS-II\Source\os_task.o
                0x08002dc4                OS_TaskReturn
 .text.OS_TaskStkClr
                0x08002de4       0x50 uCOS-II\Source\os_task.o
                0x08002de4                OS_TaskStkClr
 .text.OSSemCreate
                0x08002e34       0x9c uCOS-II\Source\os_sem.o
                0x08002e34                OSSemCreate
 .text.OSSemPend
                0x08002ed0      0x178 uCOS-II\Source\os_sem.o
                0x08002ed0                OSSemPend
 .text.OSSemPost
                0x08003048       0x88 uCOS-II\Source\os_sem.o
                0x08003048                OSSemPost
 .text.OS_QInit
                0x080030d0       0xb0 uCOS-II\Source\os_q.o
                0x080030d0                OS_QInit
 .text.OS_MemInit
                0x08003180       0xc0 uCOS-II\Source\os_mem.o
                0x08003180                OS_MemInit
 .text.OS_FlagInit
                0x08003240       0xbc uCOS-II\Source\os_flag.o
                0x08003240                OS_FlagInit
 .text.OS_FlagUnlink
                0x080032fc       0x60 uCOS-II\Source\os_flag.o
                0x080032fc                OS_FlagUnlink
 .text.OSEventNameSet
                0x0800335c       0x68 uCOS-II\Source\os_core.o
                0x0800335c                OSEventNameSet
 .text.OSInit   0x080033c4       0x3c uCOS-II\Source\os_core.o
                0x080033c4                OSInit
 .text.OSIntEnter
                0x08003400       0x40 uCOS-II\Source\os_core.o
                0x08003400                OSIntEnter
 .text.OSIntExit
                0x08003440       0xe0 uCOS-II\Source\os_core.o
                0x08003440                OSIntExit
 .text.OSSchedLock
                0x08003520       0x68 uCOS-II\Source\os_core.o
                0x08003520                OSSchedLock
 .text.OSSchedUnlock
                0x08003588       0x90 uCOS-II\Source\os_core.o
                0x08003588                OSSchedUnlock
 .text.OSStart  0x08003618       0x68 uCOS-II\Source\os_core.o
                0x08003618                OSStart
 .text.OSStatInit
                0x08003680       0x70 uCOS-II\Source\os_core.o
                0x08003680                OSStatInit
 .text.OSTimeTick
                0x080036f0      0x184 uCOS-II\Source\os_core.o
                0x080036f0                OSTimeTick
 .text.OS_Dummy
                0x08003874        0xc uCOS-II\Source\os_core.o
                0x08003874                OS_Dummy
 .text.OS_EventTaskRdy
                0x08003880      0x100 uCOS-II\Source\os_core.o
                0x08003880                OS_EventTaskRdy
 .text.OS_EventTaskWait
                0x08003980       0xf4 uCOS-II\Source\os_core.o
                0x08003980                OS_EventTaskWait
 .text.OS_EventTaskRemove
                0x08003a74       0x60 uCOS-II\Source\os_core.o
                0x08003a74                OS_EventTaskRemove
 .text.OS_EventTaskRemoveMulti
                0x08003ad4       0x88 uCOS-II\Source\os_core.o
                0x08003ad4                OS_EventTaskRemoveMulti
 .text.OS_EventWaitListInit
                0x08003b5c       0x3c uCOS-II\Source\os_core.o
                0x08003b5c                OS_EventWaitListInit
 .text.OS_InitEventList
                0x08003b98       0xd8 uCOS-II\Source\os_core.o
 .text.OS_InitMisc
                0x08003c70       0xa4 uCOS-II\Source\os_core.o
 .text.OS_InitRdyList
                0x08003d14       0x7c uCOS-II\Source\os_core.o
 .text.OS_InitTaskIdle
                0x08003d90       0x60 uCOS-II\Source\os_core.o
 .text.OS_InitTaskStat
                0x08003df0       0x60 uCOS-II\Source\os_core.o
 .text.OS_InitTCBList
                0x08003e50       0xd4 uCOS-II\Source\os_core.o
 .text.OS_MemClr
                0x08003f24       0x38 uCOS-II\Source\os_core.o
                0x08003f24                OS_MemClr
 .text.OS_Sched
                0x08003f5c       0xac uCOS-II\Source\os_core.o
                0x08003f5c                OS_Sched
 .text.OS_SchedNew
                0x08004008       0x58 uCOS-II\Source\os_core.o
 .text.OS_TaskIdle
                0x08004060       0x3c uCOS-II\Source\os_core.o
                0x08004060                OS_TaskIdle
 .text.OS_TaskStat
                0x0800409c      0x104 uCOS-II\Source\os_core.o
                0x0800409c                OS_TaskStat
 .text.OS_TaskStatStkChk
                0x080041a0       0x70 uCOS-II\Source\os_core.o
                0x080041a0                OS_TaskStatStkChk
 .text.OS_TCBInit
                0x08004210      0x254 uCOS-II\Source\os_core.o
                0x08004210                OS_TCBInit
 .text.OSDebugInit
                0x08004464      0x24c uCOS-II\Ports\ARM-Cortex-M3\Generic\GNU\os_dbg.o
                0x08004464                OSDebugInit
 .text.OSInitHookBegin
                0x080046b0       0x60 uCOS-II\Ports\ARM-Cortex-M3\Generic\GNU\os_cpu_c.o
                0x080046b0                OSInitHookBegin
 .text.OSInitHookEnd
                0x08004710        0xc uCOS-II\Ports\ARM-Cortex-M3\Generic\GNU\os_cpu_c.o
                0x08004710                OSInitHookEnd
 .text.OSTaskCreateHook
                0x0800471c       0x18 uCOS-II\Ports\ARM-Cortex-M3\Generic\GNU\os_cpu_c.o
                0x0800471c                OSTaskCreateHook
 .text.OSTaskDelHook
                0x08004734       0x18 uCOS-II\Ports\ARM-Cortex-M3\Generic\GNU\os_cpu_c.o
                0x08004734                OSTaskDelHook
 .text.OSTaskIdleHook
                0x0800474c        0xc uCOS-II\Ports\ARM-Cortex-M3\Generic\GNU\os_cpu_c.o
                0x0800474c                OSTaskIdleHook
 .text.OSTaskReturnHook
                0x08004758       0x18 uCOS-II\Ports\ARM-Cortex-M3\Generic\GNU\os_cpu_c.o
                0x08004758                OSTaskReturnHook
 .text.OSTaskStatHook
                0x08004770        0xc uCOS-II\Ports\ARM-Cortex-M3\Generic\GNU\os_cpu_c.o
                0x08004770                OSTaskStatHook
 .text.OSTaskStkInit
                0x0800477c      0x118 uCOS-II\Ports\ARM-Cortex-M3\Generic\GNU\os_cpu_c.o
                0x0800477c                OSTaskStkInit
 .text.OSTaskSwHook
                0x08004894        0xc uCOS-II\Ports\ARM-Cortex-M3\Generic\GNU\os_cpu_c.o
                0x08004894                OSTaskSwHook
 .text.OSTCBInitHook
                0x080048a0       0x18 uCOS-II\Ports\ARM-Cortex-M3\Generic\GNU\os_cpu_c.o
                0x080048a0                OSTCBInitHook
 .text.OSTimeTickHook
                0x080048b8       0x44 uCOS-II\Ports\ARM-Cortex-M3\Generic\GNU\os_cpu_c.o
                0x080048b8                OSTimeTickHook
 .text.OS_CPU_SysTickHandler
                0x080048fc       0x40 uCOS-II\Ports\ARM-Cortex-M3\Generic\GNU\os_cpu_c.o
                0x080048fc                OS_CPU_SysTickHandler
 .text.OS_CPU_SysTickInit
                0x0800493c       0x60 uCOS-II\Ports\ARM-Cortex-M3\Generic\GNU\os_cpu_c.o
                0x0800493c                OS_CPU_SysTickInit
 .text.Mem_Init
                0x0800499c       0xbc uC-LIB\lib_mem.o
                0x0800499c                Mem_Init
 .text.Mem_Clr  0x08004a58       0x20 uC-LIB\lib_mem.o
                0x08004a58                Mem_Clr
 .text.Mem_Set  0x08004a78       0xe4 uC-LIB\lib_mem.o
                0x08004a78                Mem_Set
 .text.CPU_Init
                0x08004b5c       0x10 uC-CPU\cpu_core.o
                0x08004b5c                CPU_Init
 .text.CPU_NameClr
                0x08004b6c       0x34 uC-CPU\cpu_core.o
                0x08004b6c                CPU_NameClr
 .text.CPU_TS_TmrFreqSet
                0x08004ba0       0x20 uC-CPU\cpu_core.o
                0x08004ba0                CPU_TS_TmrFreqSet
 .text.CPU_NameInit
                0x08004bc0        0xc uC-CPU\cpu_core.o
 .text.CPU_TS_Init
                0x08004bcc       0x18 uC-CPU\cpu_core.o
 .text.CPU_IntSrcEn
                0x08004be4      0x198 uC-CPU\ARM-Cortex-M3\GNU\cpu_c.o
                0x08004be4                CPU_IntSrcEn
 .text.Reset_Handler
                0x08004d7c       0x48 BSP\cstartup.o
                0x08004d7c                Reset_Handler
 .text.App_NMI_ISR
                0x08004dc4        0x2 BSP\cstartup.o
 .text.App_Fault_ISR
                0x08004dc6        0x2 BSP\cstartup.o
 .text.App_MemFault_ISR
                0x08004dc8        0x2 BSP\cstartup.o
 .text.App_BusFault_ISR
                0x08004dca        0x2 BSP\cstartup.o
 .text.App_UsageFault_ISR
                0x08004dcc        0x2 BSP\cstartup.o
 .text.App_Spurious_ISR
                0x08004dce        0x2 BSP\cstartup.o
 .text.BSP_Ser_Init
                0x08004dd0      0x178 BSP\bsp_ser.o
                0x08004dd0                BSP_Ser_Init
 .text.BSP_Ser_ISR_Handler
                0x08004f48       0x98 BSP\bsp_ser.o
 .text.BSP_Ser_Printf
                0x08004fe0       0x38 BSP\bsp_ser.o
                0x08004fe0                BSP_Ser_Printf
 .text.BSP_Ser_WrByteUnlocked
                0x08005018       0x5c BSP\bsp_ser.o
 .text.BSP_Ser_WrStr
                0x08005074       0x78 BSP\bsp_ser.o
                0x08005074                BSP_Ser_WrStr
 .text.BSP_IntDisAll
                0x080050ec        0xc BSP\bsp_int.o
                0x080050ec                BSP_IntDisAll
 .text.BSP_IntEn
                0x080050f8       0x28 BSP\bsp_int.o
                0x080050f8                BSP_IntEn
 .text.BSP_IntVectSet
                0x08005120       0x3c BSP\bsp_int.o
                0x08005120                BSP_IntVectSet
 .text.BSP_IntHandlerWWDG
                0x0800515c       0x10 BSP\bsp_int.o
                0x0800515c                BSP_IntHandlerWWDG
 .text.BSP_IntHandlerPVD
                0x0800516c       0x10 BSP\bsp_int.o
                0x0800516c                BSP_IntHandlerPVD
 .text.BSP_IntHandlerTAMPER
                0x0800517c       0x10 BSP\bsp_int.o
                0x0800517c                BSP_IntHandlerTAMPER
 .text.BSP_IntHandlerRTC
                0x0800518c       0x10 BSP\bsp_int.o
                0x0800518c                BSP_IntHandlerRTC
 .text.BSP_IntHandlerFLASH
                0x0800519c       0x10 BSP\bsp_int.o
                0x0800519c                BSP_IntHandlerFLASH
 .text.BSP_IntHandlerRCC
                0x080051ac       0x10 BSP\bsp_int.o
                0x080051ac                BSP_IntHandlerRCC
 .text.BSP_IntHandlerEXTI0
                0x080051bc       0x10 BSP\bsp_int.o
                0x080051bc                BSP_IntHandlerEXTI0
 .text.BSP_IntHandlerEXTI1
                0x080051cc       0x10 BSP\bsp_int.o
                0x080051cc                BSP_IntHandlerEXTI1
 .text.BSP_IntHandlerEXTI2
                0x080051dc       0x10 BSP\bsp_int.o
                0x080051dc                BSP_IntHandlerEXTI2
 .text.BSP_IntHandlerEXTI3
                0x080051ec       0x10 BSP\bsp_int.o
                0x080051ec                BSP_IntHandlerEXTI3
 .text.BSP_IntHandlerEXTI4
                0x080051fc       0x10 BSP\bsp_int.o
                0x080051fc                BSP_IntHandlerEXTI4
 .text.BSP_IntHandlerDMA1_CH1
                0x0800520c       0x10 BSP\bsp_int.o
                0x0800520c                BSP_IntHandlerDMA1_CH1
 .text.BSP_IntHandlerDMA1_CH2
                0x0800521c       0x10 BSP\bsp_int.o
                0x0800521c                BSP_IntHandlerDMA1_CH2
 .text.BSP_IntHandlerDMA1_CH3
                0x0800522c       0x10 BSP\bsp_int.o
                0x0800522c                BSP_IntHandlerDMA1_CH3
 .text.BSP_IntHandlerDMA1_CH4
                0x0800523c       0x10 BSP\bsp_int.o
                0x0800523c                BSP_IntHandlerDMA1_CH4
 .text.BSP_IntHandlerDMA1_CH5
                0x0800524c       0x10 BSP\bsp_int.o
                0x0800524c                BSP_IntHandlerDMA1_CH5
 .text.BSP_IntHandlerDMA1_CH6
                0x0800525c       0x10 BSP\bsp_int.o
                0x0800525c                BSP_IntHandlerDMA1_CH6
 .text.BSP_IntHandlerDMA1_CH7
                0x0800526c       0x10 BSP\bsp_int.o
                0x0800526c                BSP_IntHandlerDMA1_CH7
 .text.BSP_IntHandlerADC1_2
                0x0800527c       0x10 BSP\bsp_int.o
                0x0800527c                BSP_IntHandlerADC1_2
 .text.BSP_IntHandlerCAN1_TX
                0x0800528c       0x10 BSP\bsp_int.o
                0x0800528c                BSP_IntHandlerCAN1_TX
 .text.BSP_IntHandlerCAN1_RX0
                0x0800529c       0x10 BSP\bsp_int.o
                0x0800529c                BSP_IntHandlerCAN1_RX0
 .text.BSP_IntHandlerCAN1_RX1
                0x080052ac       0x10 BSP\bsp_int.o
                0x080052ac                BSP_IntHandlerCAN1_RX1
 .text.BSP_IntHandlerCAN1_SCE
                0x080052bc       0x10 BSP\bsp_int.o
                0x080052bc                BSP_IntHandlerCAN1_SCE
 .text.BSP_IntHandlerEXTI9_5
                0x080052cc       0x10 BSP\bsp_int.o
                0x080052cc                BSP_IntHandlerEXTI9_5
 .text.BSP_IntHandlerTIM1_BRK
                0x080052dc       0x10 BSP\bsp_int.o
                0x080052dc                BSP_IntHandlerTIM1_BRK
 .text.BSP_IntHandlerTIM1_UP
                0x080052ec       0x10 BSP\bsp_int.o
                0x080052ec                BSP_IntHandlerTIM1_UP
 .text.BSP_IntHandlerTIM1_TRG_COM
                0x080052fc       0x10 BSP\bsp_int.o
                0x080052fc                BSP_IntHandlerTIM1_TRG_COM
 .text.BSP_IntHandlerTIM1_CC
                0x0800530c       0x10 BSP\bsp_int.o
                0x0800530c                BSP_IntHandlerTIM1_CC
 .text.BSP_IntHandlerTIM2
                0x0800531c       0x10 BSP\bsp_int.o
                0x0800531c                BSP_IntHandlerTIM2
 .text.BSP_IntHandlerTIM3
                0x0800532c       0x10 BSP\bsp_int.o
                0x0800532c                BSP_IntHandlerTIM3
 .text.BSP_IntHandlerTIM4
                0x0800533c       0x10 BSP\bsp_int.o
                0x0800533c                BSP_IntHandlerTIM4
 .text.BSP_IntHandlerI2C1_EV
                0x0800534c       0x10 BSP\bsp_int.o
                0x0800534c                BSP_IntHandlerI2C1_EV
 .text.BSP_IntHandlerI2C1_ER
                0x0800535c       0x10 BSP\bsp_int.o
                0x0800535c                BSP_IntHandlerI2C1_ER
 .text.BSP_IntHandlerI2C2_EV
                0x0800536c       0x10 BSP\bsp_int.o
                0x0800536c                BSP_IntHandlerI2C2_EV
 .text.BSP_IntHandlerI2C2_ER
                0x0800537c       0x10 BSP\bsp_int.o
                0x0800537c                BSP_IntHandlerI2C2_ER
 .text.BSP_IntHandlerSPI1
                0x0800538c       0x10 BSP\bsp_int.o
                0x0800538c                BSP_IntHandlerSPI1
 .text.BSP_IntHandlerSPI2
                0x0800539c       0x10 BSP\bsp_int.o
                0x0800539c                BSP_IntHandlerSPI2
 .text.BSP_IntHandlerUSART1
                0x080053ac       0x10 BSP\bsp_int.o
                0x080053ac                BSP_IntHandlerUSART1
 .text.BSP_IntHandlerUSART2
                0x080053bc       0x10 BSP\bsp_int.o
                0x080053bc                BSP_IntHandlerUSART2
 .text.BSP_IntHandlerUSART3
                0x080053cc       0x10 BSP\bsp_int.o
                0x080053cc                BSP_IntHandlerUSART3
 .text.BSP_IntHandlerEXTI15_10
                0x080053dc       0x10 BSP\bsp_int.o
                0x080053dc                BSP_IntHandlerEXTI15_10
 .text.BSP_IntHandlerRTCAlarm
                0x080053ec       0x10 BSP\bsp_int.o
                0x080053ec                BSP_IntHandlerRTCAlarm
 .text.BSP_IntHandlerUSBWakeUp
                0x080053fc       0x10 BSP\bsp_int.o
                0x080053fc                BSP_IntHandlerUSBWakeUp
 .text.BSP_IntHandlerTIM8_BRK_TIM12
                0x0800540c       0x10 BSP\bsp_int.o
                0x0800540c                BSP_IntHandlerTIM8_BRK_TIM12
 .text.BSP_IntHandlerTIM8_UP_TIM13
                0x0800541c       0x10 BSP\bsp_int.o
                0x0800541c                BSP_IntHandlerTIM8_UP_TIM13
 .text.BSP_IntHandlerTIM8_TRG_COM_TIM14
                0x0800542c       0x10 BSP\bsp_int.o
                0x0800542c                BSP_IntHandlerTIM8_TRG_COM_TIM14
 .text.BSP_IntHandlerTIM8_CC
                0x0800543c       0x10 BSP\bsp_int.o
                0x0800543c                BSP_IntHandlerTIM8_CC
 .text.BSP_IntHandlerDMA1_STREAM7
                0x0800544c       0x10 BSP\bsp_int.o
                0x0800544c                BSP_IntHandlerDMA1_STREAM7
 .text.BSP_IntHandlerFSMC
                0x0800545c       0x10 BSP\bsp_int.o
                0x0800545c                BSP_IntHandlerFSMC
 .text.BSP_IntHandlerSDIO
                0x0800546c       0x10 BSP\bsp_int.o
                0x0800546c                BSP_IntHandlerSDIO
 .text.BSP_IntHandlerTIM5
                0x0800547c       0x10 BSP\bsp_int.o
                0x0800547c                BSP_IntHandlerTIM5
 .text.BSP_IntHandlerSPI3
                0x0800548c       0x10 BSP\bsp_int.o
                0x0800548c                BSP_IntHandlerSPI3
 .text.BSP_IntHandlerUSART4
                0x0800549c       0x10 BSP\bsp_int.o
                0x0800549c                BSP_IntHandlerUSART4
 .text.BSP_IntHandlerUSART5
                0x080054ac       0x10 BSP\bsp_int.o
                0x080054ac                BSP_IntHandlerUSART5
 .text.BSP_IntHandlerTIM6
                0x080054bc       0x10 BSP\bsp_int.o
                0x080054bc                BSP_IntHandlerTIM6
 .text.BSP_IntHandlerTIM7
                0x080054cc       0x10 BSP\bsp_int.o
                0x080054cc                BSP_IntHandlerTIM7
 .text.BSP_IntHandlerDMA2_CH1
                0x080054dc       0x10 BSP\bsp_int.o
                0x080054dc                BSP_IntHandlerDMA2_CH1
 .text.BSP_IntHandlerDMA2_CH2
                0x080054ec       0x10 BSP\bsp_int.o
                0x080054ec                BSP_IntHandlerDMA2_CH2
 .text.BSP_IntHandlerDMA2_CH3
                0x080054fc       0x10 BSP\bsp_int.o
                0x080054fc                BSP_IntHandlerDMA2_CH3
 .text.BSP_IntHandlerDMA2_CH4
                0x0800550c       0x10 BSP\bsp_int.o
                0x0800550c                BSP_IntHandlerDMA2_CH4
 .text.BSP_IntHandlerDMA2_CH5
                0x0800551c       0x10 BSP\bsp_int.o
                0x0800551c                BSP_IntHandlerDMA2_CH5
 .text.BSP_IntHandlerETH
                0x0800552c       0x10 BSP\bsp_int.o
                0x0800552c                BSP_IntHandlerETH
 .text.BSP_IntHandlerETHWakeup
                0x0800553c       0x10 BSP\bsp_int.o
                0x0800553c                BSP_IntHandlerETHWakeup
 .text.BSP_IntHandlerCAN2_TX
                0x0800554c       0x10 BSP\bsp_int.o
                0x0800554c                BSP_IntHandlerCAN2_TX
 .text.BSP_IntHandlerCAN2_RX0
                0x0800555c       0x10 BSP\bsp_int.o
                0x0800555c                BSP_IntHandlerCAN2_RX0
 .text.BSP_IntHandlerCAN2_RX1
                0x0800556c       0x10 BSP\bsp_int.o
                0x0800556c                BSP_IntHandlerCAN2_RX1
 .text.BSP_IntHandlerCAN2_SCE
                0x0800557c       0x10 BSP\bsp_int.o
                0x0800557c                BSP_IntHandlerCAN2_SCE
 .text.BSP_IntHandlerOTG
                0x0800558c       0x10 BSP\bsp_int.o
                0x0800558c                BSP_IntHandlerOTG
 .text.BSP_IntHandlerDMA2_CH6
                0x0800559c       0x10 BSP\bsp_int.o
                0x0800559c                BSP_IntHandlerDMA2_CH6
 .text.BSP_IntHandlerDMA2_CH7
                0x080055ac       0x10 BSP\bsp_int.o
                0x080055ac                BSP_IntHandlerDMA2_CH7
 .text.BSP_IntHandlerDMA2_CH8
                0x080055bc       0x10 BSP\bsp_int.o
                0x080055bc                BSP_IntHandlerDMA2_CH8
 .text.BSP_IntHandlerUSART6
                0x080055cc       0x10 BSP\bsp_int.o
                0x080055cc                BSP_IntHandlerUSART6
 .text.BSP_IntHandlerI2C3_EV
                0x080055dc       0x10 BSP\bsp_int.o
                0x080055dc                BSP_IntHandlerI2C3_EV
 .text.BSP_IntHandlerI2C3_ER
                0x080055ec       0x10 BSP\bsp_int.o
                0x080055ec                BSP_IntHandlerI2C3_ER
 .text.BSP_IntHandlerOTG_HS_EP1_OUT
                0x080055fc       0x10 BSP\bsp_int.o
                0x080055fc                BSP_IntHandlerOTG_HS_EP1_OUT
 .text.BSP_IntHandlerOTG_HS_EP1_IN
                0x0800560c       0x10 BSP\bsp_int.o
                0x0800560c                BSP_IntHandlerOTG_HS_EP1_IN
 .text.BSP_IntHandlerOTG_HS_WKUP
                0x0800561c       0x10 BSP\bsp_int.o
                0x0800561c                BSP_IntHandlerOTG_HS_WKUP
 .text.BSP_IntHandlerOTG_HS
                0x0800562c       0x10 BSP\bsp_int.o
                0x0800562c                BSP_IntHandlerOTG_HS
 .text.BSP_IntHandlerDCMI
                0x0800563c       0x10 BSP\bsp_int.o
                0x0800563c                BSP_IntHandlerDCMI
 .text.BSP_IntHandlerCRYP
                0x0800564c       0x10 BSP\bsp_int.o
                0x0800564c                BSP_IntHandlerCRYP
 .text.BSP_IntHandlerHASH_RNG
                0x0800565c       0x10 BSP\bsp_int.o
                0x0800565c                BSP_IntHandlerHASH_RNG
 .text.BSP_IntHandler
                0x0800566c       0x4c BSP\bsp_int.o
 .text.BSP_Init
                0x080056b8        0xc BSP\bsp.o
                0x080056b8                BSP_Init
 .text.BSP_CPU_ClkFreq
                0x080056c4       0x1c BSP\bsp.o
                0x080056c4                BSP_CPU_ClkFreq
 .text.BSP_CPU_TickInit
                0x080056e0       0x30 BSP\bsp.o
                0x080056e0                BSP_CPU_TickInit
 .text.BSP_LED_Init
                0x08005710      0x140 BSP\bsp.o
 .text.BSP_LED_Off
                0x08005850       0x9c BSP\bsp.o
                0x08005850                BSP_LED_Off
 .text.BSP_LED_Toggle
                0x080058ec      0x288 BSP\bsp.o
                0x080058ec                BSP_LED_Toggle
 .text.CPU_TS_TmrInit
                0x08005b74       0x5c BSP\bsp.o
                0x08005b74                CPU_TS_TmrInit
 .text.USART_Init
                0x08005bd0      0x1ac BSP\STM32F2xx\src\stm32f2xx_usart.o
                0x08005bd0                USART_Init
 .text.USART_ClockInit
                0x08005d7c       0x54 BSP\STM32F2xx\src\stm32f2xx_usart.o
                0x08005d7c                USART_ClockInit
 .text.USART_Cmd
                0x08005dd0       0x40 BSP\STM32F2xx\src\stm32f2xx_usart.o
                0x08005dd0                USART_Cmd
 .text.USART_SendData
                0x08005e10       0x28 BSP\STM32F2xx\src\stm32f2xx_usart.o
                0x08005e10                USART_SendData
 .text.USART_ReceiveData
                0x08005e38       0x24 BSP\STM32F2xx\src\stm32f2xx_usart.o
                0x08005e38                USART_ReceiveData
 .text.USART_ITConfig
                0x08005e5c       0xa4 BSP\STM32F2xx\src\stm32f2xx_usart.o
                0x08005e5c                USART_ITConfig
 .text.USART_ClearITPendingBit
                0x08005f00       0x44 BSP\STM32F2xx\src\stm32f2xx_usart.o
                0x08005f00                USART_ClearITPendingBit
 .text.RCC_GetClocksFreq
                0x08005f44      0x1d0 BSP\STM32F2xx\src\stm32f2xx_rcc.o
                0x08005f44                RCC_GetClocksFreq
 .text.RCC_AHB1PeriphClockCmd
                0x08006114       0x58 BSP\STM32F2xx\src\stm32f2xx_rcc.o
                0x08006114                RCC_AHB1PeriphClockCmd
 .text.RCC_APB1PeriphClockCmd
                0x0800616c       0x58 BSP\STM32F2xx\src\stm32f2xx_rcc.o
                0x0800616c                RCC_APB1PeriphClockCmd
 .text.GPIO_Init
                0x080061c4      0x154 BSP\STM32F2xx\src\stm32f2xx_gpio.o
                0x080061c4                GPIO_Init
 .text.GPIO_ReadOutputData
                0x08006318       0x1c BSP\STM32F2xx\src\stm32f2xx_gpio.o
                0x08006318                GPIO_ReadOutputData
 .text.GPIO_SetBits
                0x08006334       0x1c BSP\STM32F2xx\src\stm32f2xx_gpio.o
                0x08006334                GPIO_SetBits
 .text.GPIO_ResetBits
                0x08006350       0x1c BSP\STM32F2xx\src\stm32f2xx_gpio.o
                0x08006350                GPIO_ResetBits
 .text.GPIO_PinAFConfig
                0x0800636c       0xac BSP\STM32F2xx\src\stm32f2xx_gpio.o
                0x0800636c                GPIO_PinAFConfig
 .text.BSP_OS_SemCreate
                0x08006418       0x48 BSP\OS\bsp_os.o
                0x08006418                BSP_OS_SemCreate
 .text.BSP_OS_SemWait
                0x08006460       0x54 BSP\OS\bsp_os.o
                0x08006460                BSP_OS_SemWait
 .text.BSP_OS_SemPost
                0x080064b4       0x30 BSP\OS\bsp_os.o
                0x080064b4                BSP_OS_SemPost
 .text.SystemInit
                0x080064e4       0x94 BSP\CMSIS\Device_Support\system_stm32f2xx.o
                0x080064e4                SystemInit
 .text.SetSysClock
                0x08006578      0x154 BSP\CMSIS\Device_Support\system_stm32f2xx.o
 .text.App_TaskCreateHook
                0x080066cc       0x14 APP\app_hooks.o
                0x080066cc                App_TaskCreateHook
 .text.App_TaskDelHook
                0x080066e0       0x14 APP\app_hooks.o
                0x080066e0                App_TaskDelHook
 .text.App_TaskIdleHook
                0x080066f4        0xc APP\app_hooks.o
                0x080066f4                App_TaskIdleHook
 .text.App_TaskStatHook
                0x08006700        0xc APP\app_hooks.o
                0x08006700                App_TaskStatHook
 .text.App_TaskReturnHook
                0x0800670c       0x14 APP\app_hooks.o
                0x0800670c                App_TaskReturnHook
 .text.App_TaskSwHook
                0x08006720        0xc APP\app_hooks.o
                0x08006720                App_TaskSwHook
 .text.App_TCBInitHook
                0x0800672c       0x14 APP\app_hooks.o
                0x0800672c                App_TCBInitHook
 .text.App_TimeTickHook
                0x08006740        0xc APP\app_hooks.o
                0x08006740                App_TimeTickHook
 .text.main     0x0800674c       0x78 APP\app.o
                0x0800674c                main
 .text.AppTaskStart
                0x080067c4       0x6c APP\app.o
 .text.AppEventCreate
                0x08006830        0xc APP\app.o
 .text.AppTaskCreate
                0x0800683c        0xc APP\app.o
 .text.__libc_init_array
                0x08006848       0x48 c:/program files (x86)/atollic/truestudio for arm pro 3.2.0/armtools/bin/../lib/gcc/arm-atollic-eabi/4.6.2/../../../../arm-atollic-eabi/lib/thumb/softfp/armv7e-m/fpv4-sp-d16\libc.a(lib_a-init.o)
                0x08006848                __libc_init_array
 .text._vsnprintf_r
                0x08006890       0x56 c:/program files (x86)/atollic/truestudio for arm pro 3.2.0/armtools/bin/../lib/gcc/arm-atollic-eabi/4.6.2/../../../../arm-atollic-eabi/lib/thumb/softfp/armv7e-m/fpv4-sp-d16\libc.a(lib_a-vsnprintf.o)
                0x08006890                _vsnprintf_r
 *fill*         0x080068e6        0x2 00
 .text.vsnprintf
                0x080068e8       0x20 c:/program files (x86)/atollic/truestudio for arm pro 3.2.0/armtools/bin/../lib/gcc/arm-atollic-eabi/4.6.2/../../../../arm-atollic-eabi/lib/thumb/softfp/armv7e-m/fpv4-sp-d16\libc.a(lib_a-vsnprintf.o)
                0x080068e8                vsnprintf
 .text._svfprintf_r
                0x08006908     0x1030 c:/program files (x86)/atollic/truestudio for arm pro 3.2.0/armtools/bin/../lib/gcc/arm-atollic-eabi/4.6.2/../../../../arm-atollic-eabi/lib/thumb/softfp/armv7e-m/fpv4-sp-d16\libc.a(lib_a-svfprintf.o)
                0x08006908                _svfprintf_r
 .text.quorem   0x08007938      0x10e c:/program files (x86)/atollic/truestudio for arm pro 3.2.0/armtools/bin/../lib/gcc/arm-atollic-eabi/4.6.2/../../../../arm-atollic-eabi/lib/thumb/softfp/armv7e-m/fpv4-sp-d16\libc.a(lib_a-dtoa.o)
 *fill*         0x08007a46        0x2 00
 .text._dtoa_r  0x08007a48      0xb58 c:/program files (x86)/atollic/truestudio for arm pro 3.2.0/armtools/bin/../lib/gcc/arm-atollic-eabi/4.6.2/../../../../arm-atollic-eabi/lib/thumb/softfp/armv7e-m/fpv4-sp-d16\libc.a(lib_a-dtoa.o)
                0x08007a48                _dtoa_r
 .text._localeconv_r
                0x080085a0        0x8 c:/program files (x86)/atollic/truestudio for arm pro 3.2.0/armtools/bin/../lib/gcc/arm-atollic-eabi/4.6.2/../../../../arm-atollic-eabi/lib/thumb/softfp/armv7e-m/fpv4-sp-d16\libc.a(lib_a-locale.o)
                0x080085a0                _localeconv_r
 .text.malloc   0x080085a8       0x10 c:/program files (x86)/atollic/truestudio for arm pro 3.2.0/armtools/bin/../lib/gcc/arm-atollic-eabi/4.6.2/../../../../arm-atollic-eabi/lib/thumb/softfp/armv7e-m/fpv4-sp-d16\libc.a(lib_a-malloc.o)
                0x080085a8                malloc
 .text._malloc_r
                0x080085b8      0x3f8 c:/program files (x86)/atollic/truestudio for arm pro 3.2.0/armtools/bin/../lib/gcc/arm-atollic-eabi/4.6.2/../../../../arm-atollic-eabi/lib/thumb/softfp/armv7e-m/fpv4-sp-d16\libc.a(lib_a-mallocr.o)
                0x080085b8                _malloc_r
 .text.memchr   0x080089b0       0x1c c:/program files (x86)/atollic/truestudio for arm pro 3.2.0/armtools/bin/../lib/gcc/arm-atollic-eabi/4.6.2/../../../../arm-atollic-eabi/lib/thumb/softfp/armv7e-m/fpv4-sp-d16\libc.a(lib_a-memchr.o)
                0x080089b0                memchr
 .text.memcpy   0x080089cc       0x12 c:/program files (x86)/atollic/truestudio for arm pro 3.2.0/armtools/bin/../lib/gcc/arm-atollic-eabi/4.6.2/../../../../arm-atollic-eabi/lib/thumb/softfp/armv7e-m/fpv4-sp-d16\libc.a(lib_a-memcpy.o)
                0x080089cc                memcpy
 .text.__malloc_lock
                0x080089de        0x2 c:/program files (x86)/atollic/truestudio for arm pro 3.2.0/armtools/bin/../lib/gcc/arm-atollic-eabi/4.6.2/../../../../arm-atollic-eabi/lib/thumb/softfp/armv7e-m/fpv4-sp-d16\libc.a(lib_a-mlock.o)
                0x080089de                __malloc_lock
 .text.__malloc_unlock
                0x080089e0        0x2 c:/program files (x86)/atollic/truestudio for arm pro 3.2.0/armtools/bin/../lib/gcc/arm-atollic-eabi/4.6.2/../../../../arm-atollic-eabi/lib/thumb/softfp/armv7e-m/fpv4-sp-d16\libc.a(lib_a-mlock.o)
                0x080089e0                __malloc_unlock
 .text._Balloc  0x080089e2       0x62 c:/program files (x86)/atollic/truestudio for arm pro 3.2.0/armtools/bin/../lib/gcc/arm-atollic-eabi/4.6.2/../../../../arm-atollic-eabi/lib/thumb/softfp/armv7e-m/fpv4-sp-d16\libc.a(lib_a-mprec.o)
                0x080089e2                _Balloc
 .text._Bfree   0x08008a44       0x2e c:/program files (x86)/atollic/truestudio for arm pro 3.2.0/armtools/bin/../lib/gcc/arm-atollic-eabi/4.6.2/../../../../arm-atollic-eabi/lib/thumb/softfp/armv7e-m/fpv4-sp-d16\libc.a(lib_a-mprec.o)
                0x08008a44                _Bfree
 .text.__multadd
                0x08008a72       0x78 c:/program files (x86)/atollic/truestudio for arm pro 3.2.0/armtools/bin/../lib/gcc/arm-atollic-eabi/4.6.2/../../../../arm-atollic-eabi/lib/thumb/softfp/armv7e-m/fpv4-sp-d16\libc.a(lib_a-mprec.o)
                0x08008a72                __multadd
 .text.__hi0bits
                0x08008aea       0x3e c:/program files (x86)/atollic/truestudio for arm pro 3.2.0/armtools/bin/../lib/gcc/arm-atollic-eabi/4.6.2/../../../../arm-atollic-eabi/lib/thumb/softfp/armv7e-m/fpv4-sp-d16\libc.a(lib_a-mprec.o)
                0x08008aea                __hi0bits
 .text.__lo0bits
                0x08008b28       0x5a c:/program files (x86)/atollic/truestudio for arm pro 3.2.0/armtools/bin/../lib/gcc/arm-atollic-eabi/4.6.2/../../../../arm-atollic-eabi/lib/thumb/softfp/armv7e-m/fpv4-sp-d16\libc.a(lib_a-mprec.o)
                0x08008b28                __lo0bits
 .text.__i2b    0x08008b82       0x12 c:/program files (x86)/atollic/truestudio for arm pro 3.2.0/armtools/bin/../lib/gcc/arm-atollic-eabi/4.6.2/../../../../arm-atollic-eabi/lib/thumb/softfp/armv7e-m/fpv4-sp-d16\libc.a(lib_a-mprec.o)
                0x08008b82                __i2b
 .text.__multiply
                0x08008b94      0x126 c:/program files (x86)/atollic/truestudio for arm pro 3.2.0/armtools/bin/../lib/gcc/arm-atollic-eabi/4.6.2/../../../../arm-atollic-eabi/lib/thumb/softfp/armv7e-m/fpv4-sp-d16\libc.a(lib_a-mprec.o)
                0x08008b94                __multiply
 *fill*         0x08008cba        0x2 00
 .text.__pow5mult
                0x08008cbc       0xa0 c:/program files (x86)/atollic/truestudio for arm pro 3.2.0/armtools/bin/../lib/gcc/arm-atollic-eabi/4.6.2/../../../../arm-atollic-eabi/lib/thumb/softfp/armv7e-m/fpv4-sp-d16\libc.a(lib_a-mprec.o)
                0x08008cbc                __pow5mult
 .text.__lshift
                0x08008d5c       0xae c:/program files (x86)/atollic/truestudio for arm pro 3.2.0/armtools/bin/../lib/gcc/arm-atollic-eabi/4.6.2/../../../../arm-atollic-eabi/lib/thumb/softfp/armv7e-m/fpv4-sp-d16\libc.a(lib_a-mprec.o)
                0x08008d5c                __lshift
 .text.__mcmp   0x08008e0a       0x3e c:/program files (x86)/atollic/truestudio for arm pro 3.2.0/armtools/bin/../lib/gcc/arm-atollic-eabi/4.6.2/../../../../arm-atollic-eabi/lib/thumb/softfp/armv7e-m/fpv4-sp-d16\libc.a(lib_a-mprec.o)
                0x08008e0a                __mcmp
 .text.__mdiff  0x08008e48       0xc6 c:/program files (x86)/atollic/truestudio for arm pro 3.2.0/armtools/bin/../lib/gcc/arm-atollic-eabi/4.6.2/../../../../arm-atollic-eabi/lib/thumb/softfp/armv7e-m/fpv4-sp-d16\libc.a(lib_a-mprec.o)
                0x08008e48                __mdiff
 .text.__d2b    0x08008f0e       0xbc c:/program files (x86)/atollic/truestudio for arm pro 3.2.0/armtools/bin/../lib/gcc/arm-atollic-eabi/4.6.2/../../../../arm-atollic-eabi/lib/thumb/softfp/armv7e-m/fpv4-sp-d16\libc.a(lib_a-mprec.o)
                0x08008f0e                __d2b
 *fill*         0x08008fca        0x2 00
 .text.__fpclassifyd
                0x08008fcc       0x64 c:/program files (x86)/atollic/truestudio for arm pro 3.2.0/armtools/bin/../lib/gcc/arm-atollic-eabi/4.6.2/../../../../arm-atollic-eabi/lib/thumb/softfp/armv7e-m/fpv4-sp-d16\libc.a(lib_a-s_fpclassify.o)
                0x08008fcc                __fpclassifyd
 .text._sbrk_r  0x08009030       0x20 c:/program files (x86)/atollic/truestudio for arm pro 3.2.0/armtools/bin/../lib/gcc/arm-atollic-eabi/4.6.2/../../../../arm-atollic-eabi/lib/thumb/softfp/armv7e-m/fpv4-sp-d16\libc.a(lib_a-sbrkr.o)
                0x08009030                _sbrk_r
 .text.strlen   0x08009050       0x10 c:/program files (x86)/atollic/truestudio for arm pro 3.2.0/armtools/bin/../lib/gcc/arm-atollic-eabi/4.6.2/../../../../arm-atollic-eabi/lib/thumb/softfp/armv7e-m/fpv4-sp-d16\libc.a(lib_a-strlen.o)
                0x08009050                strlen
 .text.__ssprint_r
                0x08009060       0xf2 c:/program files (x86)/atollic/truestudio for arm pro 3.2.0/armtools/bin/../lib/gcc/arm-atollic-eabi/4.6.2/../../../../arm-atollic-eabi/lib/thumb/softfp/armv7e-m/fpv4-sp-d16\libc.a(lib_a-svfiprintf.o)
                0x08009060                __ssprint_r
 .text._getpid  0x08009152        0x4 c:/program files (x86)/atollic/truestudio for arm pro 3.2.0/armtools/bin/../lib/gcc/arm-atollic-eabi/4.6.2/../../../../arm-atollic-eabi/lib/thumb/softfp/armv7e-m/fpv4-sp-d16\libc.a(lib_a-syscalls.o)
                0x08009152                _getpid
 *fill*         0x08009156        0x2 00
 .text._kill    0x08009158       0x10 c:/program files (x86)/atollic/truestudio for arm pro 3.2.0/armtools/bin/../lib/gcc/arm-atollic-eabi/4.6.2/../../../../arm-atollic-eabi/lib/thumb/softfp/armv7e-m/fpv4-sp-d16\libc.a(lib_a-syscalls.o)
                0x08009158                _kill
 .text._exit    0x08009168        0xc c:/program files (x86)/atollic/truestudio for arm pro 3.2.0/armtools/bin/../lib/gcc/arm-atollic-eabi/4.6.2/../../../../arm-atollic-eabi/lib/thumb/softfp/armv7e-m/fpv4-sp-d16\libc.a(lib_a-syscalls.o)
                0x08009168                _exit
 .text._sbrk    0x08009174       0x34 c:/program files (x86)/atollic/truestudio for arm pro 3.2.0/armtools/bin/../lib/gcc/arm-atollic-eabi/4.6.2/../../../../arm-atollic-eabi/lib/thumb/softfp/armv7e-m/fpv4-sp-d16\libc.a(lib_a-syscalls.o)
                0x08009174                _sbrk
 .text._calloc_r
                0x080091a8       0x5a c:/program files (x86)/atollic/truestudio for arm pro 3.2.0/armtools/bin/../lib/gcc/arm-atollic-eabi/4.6.2/../../../../arm-atollic-eabi/lib/thumb/softfp/armv7e-m/fpv4-sp-d16\libc.a(lib_a-callocr.o)
                0x080091a8                _calloc_r
 *fill*         0x08009202        0x2 00
 .text._malloc_trim_r
                0x08009204       0xa8 c:/program files (x86)/atollic/truestudio for arm pro 3.2.0/armtools/bin/../lib/gcc/arm-atollic-eabi/4.6.2/../../../../arm-atollic-eabi/lib/thumb/softfp/armv7e-m/fpv4-sp-d16\libc.a(lib_a-freer.o)
                0x08009204                _malloc_trim_r
 .text._free_r  0x080092ac      0x16c c:/program files (x86)/atollic/truestudio for arm pro 3.2.0/armtools/bin/../lib/gcc/arm-atollic-eabi/4.6.2/../../../../arm-atollic-eabi/lib/thumb/softfp/armv7e-m/fpv4-sp-d16\libc.a(lib_a-freer.o)
                0x080092ac                _free_r
 .text.memmove  0x08009418       0x3a c:/program files (x86)/atollic/truestudio for arm pro 3.2.0/armtools/bin/../lib/gcc/arm-atollic-eabi/4.6.2/../../../../arm-atollic-eabi/lib/thumb/softfp/armv7e-m/fpv4-sp-d16\libc.a(lib_a-memmove.o)
                0x08009418                memmove
 .text.memset   0x08009452        0xe c:/program files (x86)/atollic/truestudio for arm pro 3.2.0/armtools/bin/../lib/gcc/arm-atollic-eabi/4.6.2/../../../../arm-atollic-eabi/lib/thumb/softfp/armv7e-m/fpv4-sp-d16\libc.a(lib_a-memset.o)
                0x08009452                memset
 .text._realloc_r
                0x08009460      0x2dc c:/program files (x86)/atollic/truestudio for arm pro 3.2.0/armtools/bin/../lib/gcc/arm-atollic-eabi/4.6.2/../../../../arm-atollic-eabi/lib/thumb/softfp/armv7e-m/fpv4-sp-d16\libc.a(lib_a-reallocr.o)
                0x08009460                _realloc_r
 .text.abort    0x0800973c        0xe c:/program files (x86)/atollic/truestudio for arm pro 3.2.0/armtools/bin/../lib/gcc/arm-atollic-eabi/4.6.2/../../../../arm-atollic-eabi/lib/thumb/softfp/armv7e-m/fpv4-sp-d16\libc.a(lib_a-abort.o)
                0x0800973c                abort
 .text._raise_r
                0x0800974a       0x54 c:/program files (x86)/atollic/truestudio for arm pro 3.2.0/armtools/bin/../lib/gcc/arm-atollic-eabi/4.6.2/../../../../arm-atollic-eabi/lib/thumb/softfp/armv7e-m/fpv4-sp-d16\libc.a(lib_a-signal.o)
                0x0800974a                _raise_r
 *fill*         0x0800979e        0x2 00
 .text.raise    0x080097a0       0x10 c:/program files (x86)/atollic/truestudio for arm pro 3.2.0/armtools/bin/../lib/gcc/arm-atollic-eabi/4.6.2/../../../../arm-atollic-eabi/lib/thumb/softfp/armv7e-m/fpv4-sp-d16\libc.a(lib_a-signal.o)
                0x080097a0                raise
 .text._kill_r  0x080097b0       0x24 c:/program files (x86)/atollic/truestudio for arm pro 3.2.0/armtools/bin/../lib/gcc/arm-atollic-eabi/4.6.2/../../../../arm-atollic-eabi/lib/thumb/softfp/armv7e-m/fpv4-sp-d16\libc.a(lib_a-signalr.o)
                0x080097b0                _kill_r
 .text._getpid_r
                0x080097d4        0x4 c:/program files (x86)/atollic/truestudio for arm pro 3.2.0/armtools/bin/../lib/gcc/arm-atollic-eabi/4.6.2/../../../../arm-atollic-eabi/lib/thumb/softfp/armv7e-m/fpv4-sp-d16\libc.a(lib_a-signalr.o)
                0x080097d4                _getpid_r
 *(.rodata)
 .rodata        0x080097d8       0x3c uCOS-II\Source\os_tmr.o
 .rodata        0x08009814        0x4 uCOS-II\Source\os_task.o
 .rodata        0x08009818        0x4 uCOS-II\Source\os_sem.o
 .rodata        0x0800981c        0x4 uCOS-II\Source\os_mem.o
 .rodata        0x08009820        0x4 uCOS-II\Source\os_flag.o
 .rodata        0x08009824       0x24 uCOS-II\Source\os_core.o
 .rodata        0x08009848       0x2c BSP\bsp_ser.o
 .rodata        0x08009874       0x4c APP\app.o
 *(.rodata*)
 .rodata.OSUnMapTbl
                0x080098c0      0x100 uCOS-II\Source\os_core.o
                0x080098c0                OSUnMapTbl
 .rodata.OSDebugEn
                0x080099c0        0x2 uCOS-II\Ports\ARM-Cortex-M3\Generic\GNU\os_dbg.o
                0x080099c0                OSDebugEn
 *fill*         0x080099c2        0x2 00
 .rodata.OSEndiannessTest
                0x080099c4        0x4 uCOS-II\Ports\ARM-Cortex-M3\Generic\GNU\os_dbg.o
                0x080099c4                OSEndiannessTest
 .rodata.OSEventEn
                0x080099c8        0x2 uCOS-II\Ports\ARM-Cortex-M3\Generic\GNU\os_dbg.o
                0x080099c8                OSEventEn
 .rodata.OSEventMax
                0x080099ca        0x2 uCOS-II\Ports\ARM-Cortex-M3\Generic\GNU\os_dbg.o
                0x080099ca                OSEventMax
 .rodata.OSEventNameEn
                0x080099cc        0x2 uCOS-II\Ports\ARM-Cortex-M3\Generic\GNU\os_dbg.o
                0x080099cc                OSEventNameEn
 .rodata.OSEventSize
                0x080099ce        0x2 uCOS-II\Ports\ARM-Cortex-M3\Generic\GNU\os_dbg.o
                0x080099ce                OSEventSize
 .rodata.OSEventTblSize
                0x080099d0        0x2 uCOS-II\Ports\ARM-Cortex-M3\Generic\GNU\os_dbg.o
                0x080099d0                OSEventTblSize
 .rodata.OSEventMultiEn
                0x080099d2        0x2 uCOS-II\Ports\ARM-Cortex-M3\Generic\GNU\os_dbg.o
                0x080099d2                OSEventMultiEn
 .rodata.OSFlagEn
                0x080099d4        0x2 uCOS-II\Ports\ARM-Cortex-M3\Generic\GNU\os_dbg.o
                0x080099d4                OSFlagEn
 .rodata.OSFlagGrpSize
                0x080099d6        0x2 uCOS-II\Ports\ARM-Cortex-M3\Generic\GNU\os_dbg.o
                0x080099d6                OSFlagGrpSize
 .rodata.OSFlagNodeSize
                0x080099d8        0x2 uCOS-II\Ports\ARM-Cortex-M3\Generic\GNU\os_dbg.o
                0x080099d8                OSFlagNodeSize
 .rodata.OSFlagWidth
                0x080099da        0x2 uCOS-II\Ports\ARM-Cortex-M3\Generic\GNU\os_dbg.o
                0x080099da                OSFlagWidth
 .rodata.OSFlagMax
                0x080099dc        0x2 uCOS-II\Ports\ARM-Cortex-M3\Generic\GNU\os_dbg.o
                0x080099dc                OSFlagMax
 .rodata.OSFlagNameEn
                0x080099de        0x2 uCOS-II\Ports\ARM-Cortex-M3\Generic\GNU\os_dbg.o
                0x080099de                OSFlagNameEn
 .rodata.OSLowestPrio
                0x080099e0        0x2 uCOS-II\Ports\ARM-Cortex-M3\Generic\GNU\os_dbg.o
                0x080099e0                OSLowestPrio
 .rodata.OSMboxEn
                0x080099e2        0x2 uCOS-II\Ports\ARM-Cortex-M3\Generic\GNU\os_dbg.o
                0x080099e2                OSMboxEn
 .rodata.OSMemEn
                0x080099e4        0x2 uCOS-II\Ports\ARM-Cortex-M3\Generic\GNU\os_dbg.o
                0x080099e4                OSMemEn
 .rodata.OSMemMax
                0x080099e6        0x2 uCOS-II\Ports\ARM-Cortex-M3\Generic\GNU\os_dbg.o
                0x080099e6                OSMemMax
 .rodata.OSMemNameEn
                0x080099e8        0x2 uCOS-II\Ports\ARM-Cortex-M3\Generic\GNU\os_dbg.o
                0x080099e8                OSMemNameEn
 .rodata.OSMemSize
                0x080099ea        0x2 uCOS-II\Ports\ARM-Cortex-M3\Generic\GNU\os_dbg.o
                0x080099ea                OSMemSize
 .rodata.OSMemTblSize
                0x080099ec        0x2 uCOS-II\Ports\ARM-Cortex-M3\Generic\GNU\os_dbg.o
                0x080099ec                OSMemTblSize
 .rodata.OSMutexEn
                0x080099ee        0x2 uCOS-II\Ports\ARM-Cortex-M3\Generic\GNU\os_dbg.o
                0x080099ee                OSMutexEn
 .rodata.OSPtrSize
                0x080099f0        0x2 uCOS-II\Ports\ARM-Cortex-M3\Generic\GNU\os_dbg.o
                0x080099f0                OSPtrSize
 .rodata.OSQEn  0x080099f2        0x2 uCOS-II\Ports\ARM-Cortex-M3\Generic\GNU\os_dbg.o
                0x080099f2                OSQEn
 .rodata.OSQMax
                0x080099f4        0x2 uCOS-II\Ports\ARM-Cortex-M3\Generic\GNU\os_dbg.o
                0x080099f4                OSQMax
 .rodata.OSQSize
                0x080099f6        0x2 uCOS-II\Ports\ARM-Cortex-M3\Generic\GNU\os_dbg.o
                0x080099f6                OSQSize
 .rodata.OSRdyTblSize
                0x080099f8        0x2 uCOS-II\Ports\ARM-Cortex-M3\Generic\GNU\os_dbg.o
                0x080099f8                OSRdyTblSize
 .rodata.OSSemEn
                0x080099fa        0x2 uCOS-II\Ports\ARM-Cortex-M3\Generic\GNU\os_dbg.o
                0x080099fa                OSSemEn
 .rodata.OSStkWidth
                0x080099fc        0x2 uCOS-II\Ports\ARM-Cortex-M3\Generic\GNU\os_dbg.o
                0x080099fc                OSStkWidth
 .rodata.OSTaskCreateEn
                0x080099fe        0x2 uCOS-II\Ports\ARM-Cortex-M3\Generic\GNU\os_dbg.o
                0x080099fe                OSTaskCreateEn
 .rodata.OSTaskCreateExtEn
                0x08009a00        0x2 uCOS-II\Ports\ARM-Cortex-M3\Generic\GNU\os_dbg.o
                0x08009a00                OSTaskCreateExtEn
 .rodata.OSTaskDelEn
                0x08009a02        0x2 uCOS-II\Ports\ARM-Cortex-M3\Generic\GNU\os_dbg.o
                0x08009a02                OSTaskDelEn
 .rodata.OSTaskIdleStkSize
                0x08009a04        0x2 uCOS-II\Ports\ARM-Cortex-M3\Generic\GNU\os_dbg.o
                0x08009a04                OSTaskIdleStkSize
 .rodata.OSTaskProfileEn
                0x08009a06        0x2 uCOS-II\Ports\ARM-Cortex-M3\Generic\GNU\os_dbg.o
                0x08009a06                OSTaskProfileEn
 .rodata.OSTaskMax
                0x08009a08        0x2 uCOS-II\Ports\ARM-Cortex-M3\Generic\GNU\os_dbg.o
                0x08009a08                OSTaskMax
 .rodata.OSTaskNameEn
                0x08009a0a        0x2 uCOS-II\Ports\ARM-Cortex-M3\Generic\GNU\os_dbg.o
                0x08009a0a                OSTaskNameEn
 .rodata.OSTaskStatEn
                0x08009a0c        0x2 uCOS-II\Ports\ARM-Cortex-M3\Generic\GNU\os_dbg.o
                0x08009a0c                OSTaskStatEn
 .rodata.OSTaskStatStkSize
                0x08009a0e        0x2 uCOS-II\Ports\ARM-Cortex-M3\Generic\GNU\os_dbg.o
                0x08009a0e                OSTaskStatStkSize
 .rodata.OSTaskStatStkChkEn
                0x08009a10        0x2 uCOS-II\Ports\ARM-Cortex-M3\Generic\GNU\os_dbg.o
                0x08009a10                OSTaskStatStkChkEn
 .rodata.OSTaskSwHookEn
                0x08009a12        0x2 uCOS-II\Ports\ARM-Cortex-M3\Generic\GNU\os_dbg.o
                0x08009a12                OSTaskSwHookEn
 .rodata.OSTCBPrioTblMax
                0x08009a14        0x2 uCOS-II\Ports\ARM-Cortex-M3\Generic\GNU\os_dbg.o
                0x08009a14                OSTCBPrioTblMax
 .rodata.OSTCBSize
                0x08009a16        0x2 uCOS-II\Ports\ARM-Cortex-M3\Generic\GNU\os_dbg.o
                0x08009a16                OSTCBSize
 .rodata.OSTicksPerSec
                0x08009a18        0x2 uCOS-II\Ports\ARM-Cortex-M3\Generic\GNU\os_dbg.o
                0x08009a18                OSTicksPerSec
 .rodata.OSTimeTickHookEn
                0x08009a1a        0x2 uCOS-II\Ports\ARM-Cortex-M3\Generic\GNU\os_dbg.o
                0x08009a1a                OSTimeTickHookEn
 .rodata.OSVersionNbr
                0x08009a1c        0x2 uCOS-II\Ports\ARM-Cortex-M3\Generic\GNU\os_dbg.o
                0x08009a1c                OSVersionNbr
 .rodata.OSTmrEn
                0x08009a1e        0x2 uCOS-II\Ports\ARM-Cortex-M3\Generic\GNU\os_dbg.o
                0x08009a1e                OSTmrEn
 .rodata.OSTmrCfgMax
                0x08009a20        0x2 uCOS-II\Ports\ARM-Cortex-M3\Generic\GNU\os_dbg.o
                0x08009a20                OSTmrCfgMax
 .rodata.OSTmrCfgNameEn
                0x08009a22        0x2 uCOS-II\Ports\ARM-Cortex-M3\Generic\GNU\os_dbg.o
                0x08009a22                OSTmrCfgNameEn
 .rodata.OSTmrCfgWheelSize
                0x08009a24        0x2 uCOS-II\Ports\ARM-Cortex-M3\Generic\GNU\os_dbg.o
                0x08009a24                OSTmrCfgWheelSize
 .rodata.OSTmrCfgTicksPerSec
                0x08009a26        0x2 uCOS-II\Ports\ARM-Cortex-M3\Generic\GNU\os_dbg.o
                0x08009a26                OSTmrCfgTicksPerSec
 .rodata.OSTmrSize
                0x08009a28        0x2 uCOS-II\Ports\ARM-Cortex-M3\Generic\GNU\os_dbg.o
                0x08009a28                OSTmrSize
 .rodata.OSTmrTblSize
                0x08009a2a        0x2 uCOS-II\Ports\ARM-Cortex-M3\Generic\GNU\os_dbg.o
                0x08009a2a                OSTmrTblSize
 .rodata.OSTmrWheelSize
                0x08009a2c        0x2 uCOS-II\Ports\ARM-Cortex-M3\Generic\GNU\os_dbg.o
                0x08009a2c                OSTmrWheelSize
 .rodata.OSTmrWheelTblSize
                0x08009a2e        0x2 uCOS-II\Ports\ARM-Cortex-M3\Generic\GNU\os_dbg.o
                0x08009a2e                OSTmrWheelTblSize
 .rodata.OSDataSize
                0x08009a30        0x2 uCOS-II\Ports\ARM-Cortex-M3\Generic\GNU\os_dbg.o
                0x08009a30                OSDataSize
 *fill*         0x08009a32        0x2 00
 .rodata.GPIO_PIN
                0x08009a34        0x8 BSP\bsp.o
                0x08009a34                GPIO_PIN
 .rodata.GPIO_CLK
                0x08009a3c       0x10 BSP\bsp.o
                0x08009a3c                GPIO_CLK
 .rodata.str1.1
                0x08009a4c        0x2 c:/program files (x86)/atollic/truestudio for arm pro 3.2.0/armtools/bin/../lib/gcc/arm-atollic-eabi/4.6.2/../../../../arm-atollic-eabi/lib/thumb/softfp/armv7e-m/fpv4-sp-d16\libc.a(lib_a-impure.o)
 .rodata.zeroes.6598
                0x08009a4e       0x10 c:/program files (x86)/atollic/truestudio for arm pro 3.2.0/armtools/bin/../lib/gcc/arm-atollic-eabi/4.6.2/../../../../arm-atollic-eabi/lib/thumb/softfp/armv7e-m/fpv4-sp-d16\libc.a(lib_a-svfprintf.o)
 .rodata.str1.1
                0x08009a5e       0x34 c:/program files (x86)/atollic/truestudio for arm pro 3.2.0/armtools/bin/../lib/gcc/arm-atollic-eabi/4.6.2/../../../../arm-atollic-eabi/lib/thumb/softfp/armv7e-m/fpv4-sp-d16\libc.a(lib_a-svfprintf.o)
 .rodata.blanks.6597
                0x08009a92       0x10 c:/program files (x86)/atollic/truestudio for arm pro 3.2.0/armtools/bin/../lib/gcc/arm-atollic-eabi/4.6.2/../../../../arm-atollic-eabi/lib/thumb/softfp/armv7e-m/fpv4-sp-d16\libc.a(lib_a-svfprintf.o)
 .rodata.str1.1
                0x08009aa2        0xd c:/program files (x86)/atollic/truestudio for arm pro 3.2.0/armtools/bin/../lib/gcc/arm-atollic-eabi/4.6.2/../../../../arm-atollic-eabi/lib/thumb/softfp/armv7e-m/fpv4-sp-d16\libc.a(lib_a-dtoa.o)
                                  0xf (size before relaxing)
 .rodata.str1.1
                0x08009aaf        0x8 c:/program files (x86)/atollic/truestudio for arm pro 3.2.0/armtools/bin/../lib/gcc/arm-atollic-eabi/4.6.2/../../../../arm-atollic-eabi/lib/thumb/softfp/armv7e-m/fpv4-sp-d16\libc.a(lib_a-locale.o)
                                  0xb (size before relaxing)
 *fill*         0x08009ab7        0x1 00
 .rodata.p05.5123
                0x08009ab8        0xc c:/program files (x86)/atollic/truestudio for arm pro 3.2.0/armtools/bin/../lib/gcc/arm-atollic-eabi/4.6.2/../../../../arm-atollic-eabi/lib/thumb/softfp/armv7e-m/fpv4-sp-d16\libc.a(lib_a-mprec.o)
 *fill*         0x08009ac4        0x4 00
 .rodata.__mprec_tens
                0x08009ac8       0xc8 c:/program files (x86)/atollic/truestudio for arm pro 3.2.0/armtools/bin/../lib/gcc/arm-atollic-eabi/4.6.2/../../../../arm-atollic-eabi/lib/thumb/softfp/armv7e-m/fpv4-sp-d16\libc.a(lib_a-mprec.o)
                0x08009ac8                __mprec_tens
 .rodata.__mprec_bigtens
                0x08009b90       0x28 c:/program files (x86)/atollic/truestudio for arm pro 3.2.0/armtools/bin/../lib/gcc/arm-atollic-eabi/4.6.2/../../../../arm-atollic-eabi/lib/thumb/softfp/armv7e-m/fpv4-sp-d16\libc.a(lib_a-mprec.o)
                0x08009b90                __mprec_bigtens
 *(.glue_7)
 .glue_7        0x00000000        0x0 linker stubs
 *(.glue_7t)
 .glue_7t       0x00000000        0x0 linker stubs
 *(.eh_frame)
 .eh_frame      0x08009bb8        0x0 c:/program files (x86)/atollic/truestudio for arm pro 3.2.0/armtools/bin/../lib/gcc/arm-atollic-eabi/4.6.2/thumb/softfp/armv7e-m/fpv4-sp-d16/crtbegin.o
 *(.init)
 .init          0x08009bb8        0x4 c:/program files (x86)/atollic/truestudio for arm pro 3.2.0/armtools/bin/../lib/gcc/arm-atollic-eabi/4.6.2/thumb/softfp/armv7e-m/fpv4-sp-d16/crti.o
                0x08009bb8                _init
 .init          0x08009bbc        0x8 c:/program files (x86)/atollic/truestudio for arm pro 3.2.0/armtools/bin/../lib/gcc/arm-atollic-eabi/4.6.2/thumb/softfp/armv7e-m/fpv4-sp-d16/crtn.o
 *(.fini)
 .fini          0x08009bc4        0x4 c:/program files (x86)/atollic/truestudio for arm pro 3.2.0/armtools/bin/../lib/gcc/arm-atollic-eabi/4.6.2/thumb/softfp/armv7e-m/fpv4-sp-d16/crti.o
                0x08009bc4                _fini
 .fini          0x08009bc8        0x8 c:/program files (x86)/atollic/truestudio for arm pro 3.2.0/armtools/bin/../lib/gcc/arm-atollic-eabi/4.6.2/thumb/softfp/armv7e-m/fpv4-sp-d16/crtn.o
                0x08009bd0                . = ALIGN (0x4)
                0x08009bd0                _etext = .

.vfp11_veneer   0x08009bd0        0x0
 .vfp11_veneer  0x00000000        0x0 linker stubs

.v4_bx          0x08009bd0        0x0
 .v4_bx         0x00000000        0x0 linker stubs

.ARM.extab      0x08009bd0       0x30
 *(.ARM.extab* .gnu.linkonce.armextab.*)
 .ARM.extab     0x08009bd0       0x18 c:/program files (x86)/atollic/truestudio for arm pro 3.2.0/armtools/bin/../lib/gcc/arm-atollic-eabi/4.6.2/thumb/softfp/armv7e-m/fpv4-sp-d16\libgcc.a(unwind-arm.o)
 .ARM.extab     0x08009be8       0x18 c:/program files (x86)/atollic/truestudio for arm pro 3.2.0/armtools/bin/../lib/gcc/arm-atollic-eabi/4.6.2/thumb/softfp/armv7e-m/fpv4-sp-d16\libgcc.a(pr-support.o)

.ARM            0x08009c00       0xe0
                0x08009c00                __exidx_start = .
 *(.ARM.exidx*)
 .ARM.exidx     0x08009c00        0x8 c:/program files (x86)/atollic/truestudio for arm pro 3.2.0/armtools/bin/../lib/gcc/arm-atollic-eabi/4.6.2/thumb/softfp/armv7e-m/fpv4-sp-d16\libgcc.a(bpabi.o)
                                 0x10 (size before relaxing)
 .ARM.exidx     0x08009c08       0x88 c:/program files (x86)/atollic/truestudio for arm pro 3.2.0/armtools/bin/../lib/gcc/arm-atollic-eabi/4.6.2/thumb/softfp/armv7e-m/fpv4-sp-d16\libgcc.a(unwind-arm.o)
                                 0xc0 (size before relaxing)
 .ARM.exidx     0x08009c90       0x38 c:/program files (x86)/atollic/truestudio for arm pro 3.2.0/armtools/bin/../lib/gcc/arm-atollic-eabi/4.6.2/thumb/softfp/armv7e-m/fpv4-sp-d16\libgcc.a(pr-support.o)
                                 0x48 (size before relaxing)
 .ARM.exidx     0x08009cc8        0x8 c:/program files (x86)/atollic/truestudio for arm pro 3.2.0/armtools/bin/../lib/gcc/arm-atollic-eabi/4.6.2/thumb/softfp/armv7e-m/fpv4-sp-d16\libgcc.a(_divdi3.o)
 .ARM.exidx     0x08009cd0       0x10 c:/program files (x86)/atollic/truestudio for arm pro 3.2.0/armtools/bin/../lib/gcc/arm-atollic-eabi/4.6.2/thumb/softfp/armv7e-m/fpv4-sp-d16\libgcc.a(_udivdi3.o)
                                  0x8 (size before relaxing)
                0x08009ce0                __exidx_end = .

.preinit_array  0x08009ce0        0x0
                0x08009ce0                PROVIDE (__preinit_array_start, .)
 *(.preinit_array*)
                0x08009ce0                PROVIDE (__preinit_array_end, .)

.init_array     0x08009ce0        0x4
                0x08009ce0                PROVIDE (__init_array_start, .)
 *(SORT(.init_array.*))
 *(.init_array*)
 .init_array    0x08009ce0        0x4 c:/program files (x86)/atollic/truestudio for arm pro 3.2.0/armtools/bin/../lib/gcc/arm-atollic-eabi/4.6.2/thumb/softfp/armv7e-m/fpv4-sp-d16/crtbegin.o
                0x08009ce4                PROVIDE (__init_array_end, .)

.fini_array     0x08009ce4        0x4
                0x08009ce4                PROVIDE (__fini_array_start, .)
 *(SORT(.fini_array.*))
 *(.fini_array*)
 .fini_array    0x08009ce4        0x4 c:/program files (x86)/atollic/truestudio for arm pro 3.2.0/armtools/bin/../lib/gcc/arm-atollic-eabi/4.6.2/thumb/softfp/armv7e-m/fpv4-sp-d16/crtbegin.o
                0x08009ce8                PROVIDE (__fini_array_end, .)
                0x08009ce8                _sidata = LOADADDR (.data)

.data           0x20000000      0x55c load address 0x08009ce8
                0x20000000                . = ALIGN (0x4)
                0x20000000                _sdata = .
 *(.data)
 *(.data*)
 .data.GPIO_PORT
                0x20000000       0x10 BSP\bsp.o
                0x20000000                GPIO_PORT
 .data.APBAHBPrescTable
                0x20000010       0x10 BSP\STM32F2xx\src\stm32f2xx_rcc.o
 .data.impure_data
                0x20000020       0xf0 c:/program files (x86)/atollic/truestudio for arm pro 3.2.0/armtools/bin/../lib/gcc/arm-atollic-eabi/4.6.2/../../../../arm-atollic-eabi/lib/thumb/softfp/armv7e-m/fpv4-sp-d16\libc.a(lib_a-impure.o)
 .data._impure_ptr
                0x20000110        0x4 c:/program files (x86)/atollic/truestudio for arm pro 3.2.0/armtools/bin/../lib/gcc/arm-atollic-eabi/4.6.2/../../../../arm-atollic-eabi/lib/thumb/softfp/armv7e-m/fpv4-sp-d16\libc.a(lib_a-impure.o)
                0x20000110                _impure_ptr
 .data.lconv    0x20000114       0x38 c:/program files (x86)/atollic/truestudio for arm pro 3.2.0/armtools/bin/../lib/gcc/arm-atollic-eabi/4.6.2/../../../../arm-atollic-eabi/lib/thumb/softfp/armv7e-m/fpv4-sp-d16\libc.a(lib_a-locale.o)
 .data.__malloc_av_
                0x2000014c      0x408 c:/program files (x86)/atollic/truestudio for arm pro 3.2.0/armtools/bin/../lib/gcc/arm-atollic-eabi/4.6.2/../../../../arm-atollic-eabi/lib/thumb/softfp/armv7e-m/fpv4-sp-d16\libc.a(lib_a-mallocr.o)
                0x2000014c                __malloc_av_
 .data.__malloc_trim_threshold
                0x20000554        0x4 c:/program files (x86)/atollic/truestudio for arm pro 3.2.0/armtools/bin/../lib/gcc/arm-atollic-eabi/4.6.2/../../../../arm-atollic-eabi/lib/thumb/softfp/armv7e-m/fpv4-sp-d16\libc.a(lib_a-mallocr.o)
                0x20000554                __malloc_trim_threshold
 .data.__malloc_sbrk_base
                0x20000558        0x4 c:/program files (x86)/atollic/truestudio for arm pro 3.2.0/armtools/bin/../lib/gcc/arm-atollic-eabi/4.6.2/../../../../arm-atollic-eabi/lib/thumb/softfp/armv7e-m/fpv4-sp-d16\libc.a(lib_a-mallocr.o)
                0x20000558                __malloc_sbrk_base
                0x2000055c                . = ALIGN (0x4)
                0x2000055c                _edata = .
                0x0800a244                _siccmram = LOADADDR (.ccmram)

.jcr            0x2000055c        0x0 load address 0x0800a244
 .jcr           0x2000055c        0x0 c:/program files (x86)/atollic/truestudio for arm pro 3.2.0/armtools/bin/../lib/gcc/arm-atollic-eabi/4.6.2/thumb/softfp/armv7e-m/fpv4-sp-d16/crtbegin.o

.ccmram         0x10000000        0x0 load address 0x0800a244
                0x10000000                . = ALIGN (0x4)
                0x10000000                _sccmram = .
 *(.ccmram)
 *(.ccmram*)
                0x10000000                . = ALIGN (0x4)
                0x10000000                _eccmram = .
                0x10000000                . = ALIGN (0x4)

.bss            0x2000055c     0x4480
                0x2000055c                _sbss = .
                0x2000055c                __bss_start__ = _sbss
 *(.bss)
 .bss           0x2000055c       0x1c c:/program files (x86)/atollic/truestudio for arm pro 3.2.0/armtools/bin/../lib/gcc/arm-atollic-eabi/4.6.2/thumb/softfp/armv7e-m/fpv4-sp-d16/crtbegin.o
 *(.bss*)
 .bss.OSTmrCtr  0x20000578        0x2 uCOS-II\Ports\ARM-Cortex-M3\Generic\GNU\os_cpu_c.o
 *fill*         0x2000057a        0x2 00
 .bss.BSP_SerTxWait
                0x2000057c        0x4 BSP\bsp_ser.o
 .bss.BSP_SerRxWait
                0x20000580        0x4 BSP\bsp_ser.o
 .bss.BSP_SerLock
                0x20000584        0x4 BSP\bsp_ser.o
 .bss.BSP_SerRxData
                0x20000588        0x1 BSP\bsp_ser.o
 *fill*         0x20000589        0x3 00
 .bss.BSP_IntVectTbl
                0x2000058c      0x144 BSP\bsp_int.o
 .bss.AppTaskStartStk
                0x200006d0      0x200 APP\app.o
 .bss.__malloc_max_total_mem
                0x200008d0        0x4 c:/program files (x86)/atollic/truestudio for arm pro 3.2.0/armtools/bin/../lib/gcc/arm-atollic-eabi/4.6.2/../../../../arm-atollic-eabi/lib/thumb/softfp/armv7e-m/fpv4-sp-d16\libc.a(lib_a-mallocr.o)
                0x200008d0                __malloc_max_total_mem
 .bss.__malloc_max_sbrked_mem
                0x200008d4        0x4 c:/program files (x86)/atollic/truestudio for arm pro 3.2.0/armtools/bin/../lib/gcc/arm-atollic-eabi/4.6.2/../../../../arm-atollic-eabi/lib/thumb/softfp/armv7e-m/fpv4-sp-d16\libc.a(lib_a-mallocr.o)
                0x200008d4                __malloc_max_sbrked_mem
 .bss.__malloc_top_pad
                0x200008d8        0x4 c:/program files (x86)/atollic/truestudio for arm pro 3.2.0/armtools/bin/../lib/gcc/arm-atollic-eabi/4.6.2/../../../../arm-atollic-eabi/lib/thumb/softfp/armv7e-m/fpv4-sp-d16\libc.a(lib_a-mallocr.o)
                0x200008d8                __malloc_top_pad
 .bss.__malloc_current_mallinfo
                0x200008dc       0x28 c:/program files (x86)/atollic/truestudio for arm pro 3.2.0/armtools/bin/../lib/gcc/arm-atollic-eabi/4.6.2/../../../../arm-atollic-eabi/lib/thumb/softfp/armv7e-m/fpv4-sp-d16\libc.a(lib_a-mallocr.o)
                0x200008dc                __malloc_current_mallinfo
 .bss.heap_end.4982
                0x20000904        0x4 c:/program files (x86)/atollic/truestudio for arm pro 3.2.0/armtools/bin/../lib/gcc/arm-atollic-eabi/4.6.2/../../../../arm-atollic-eabi/lib/thumb/softfp/armv7e-m/fpv4-sp-d16\libc.a(lib_a-syscalls.o)
 *(COMMON)
 COMMON         0x20000908     0x1a6c uCOS-II\Source\os_core.o
                0x20000908                OSTmrFreeList
                0x2000090c                OSTmrWheelTbl
                0x2000094c                OSLockNesting
                0x20000950                OSTmrSemSignal
                0x20000954                OSTaskRegNextAvailID
                0x20000955                OSRunning
                0x20000958                OSIdleCtr
                0x2000095c                OSTmrUsed
                0x2000095e                OSPrioHighRdy
                0x20000960                OSFlagTbl
                0x200009b0                OSTmrTbl
                0x20000c30                OSPrioCur
                0x20000c34                OSTCBList
                0x20000c38                OSTickStepState
                0x20000c3c                OSMemTbl
                0x20000cb4                OSTaskStatStk
                0x20000eb4                OSCtxSwCtr
                0x20000eb8                OSTmrFree
                0x20000ebc                OSIdleCtrMax
                0x20000ec0                OSTCBFreeList
                0x20000ec4                OSCPUUsage
                0x20000ec5                OSTaskCtr
                0x20000ec8                OSMemFreeList
                0x20000ecc                OSQTbl
                0x20000f2c                OSTCBHighRdy
                0x20000f30                OSQFreeList
                0x20000f34                OSRdyGrp
                0x20000f38                OSRdyTbl
                0x20000f40                OSTmrTaskStk
                0x20001140                OSEventFreeList
                0x20001144                OSIntNesting
                0x20001148                OSTCBCur
                0x2000114c                OSTmrTime
                0x20001150                OSTime
                0x20001154                OSTmrSem
                0x20001158                OSTaskIdleStk
                0x20001358                OSEventTbl
                0x20001ad8                OSTCBTbl
                0x20002268                OSFlagFreeList
                0x2000226c                OSStatRdy
                0x20002270                OSTCBPrioTbl
                0x20002370                OSIdleCtrRun
 COMMON         0x20002374      0x204 uCOS-II\Ports\ARM-Cortex-M3\Generic\GNU\os_cpu_c.o
                0x20002374                OS_CPU_ExceptStkBase
                0x20002378                OS_CPU_ExceptStk
 COMMON         0x20002578     0x244c uC-LIB\lib_mem.o
                0x20002578                Mem_PoolHeap
                0x200025c0                Mem_Heap
                0x200049c0                Mem_PoolTbl
 COMMON         0x200049c4       0x14 uC-CPU\cpu_core.o
                0x200049c4                CPU_TS_TmrFreq_Hz
                0x200049c8                CPU_Name
 COMMON         0x200049d8        0x4 c:/program files (x86)/atollic/truestudio for arm pro 3.2.0/armtools/bin/../lib/gcc/arm-atollic-eabi/4.6.2/../../../../arm-atollic-eabi/lib/thumb/softfp/armv7e-m/fpv4-sp-d16\libc.a(lib_a-reent.o)
                0x200049d8                errno
                0x200049dc                . = ALIGN (0x4)
                0x200049dc                _ebss = .
                0x200049dc                __bss_end__ = _ebss

._user_heap_stack
                0x200049dc      0x400
                0x200049dc                . = ALIGN (0x4)
                0x200049dc                PROVIDE (end, .)
                0x200049dc                PROVIDE (_end, .)
                0x200049dc                . = (. + _Min_Heap_Size)
                0x20004ddc                . = (. + _Min_Stack_Size)
 *fill*         0x200049dc      0x400 00
                0x20004ddc                . = ALIGN (0x4)

.memory_b1_text
 *(.mb1text)
 *(.mb1text*)
 *(.mb1rodata)
 *(.mb1rodata*)

/DISCARD/
 libc.a(*)
 libm.a(*)
 libgcc.a(*)

.ARM.attributes
                0x00000000       0x30
 *(.ARM.attributes)
 .ARM.attributes
                0x00000000       0x24 c:/program files (x86)/atollic/truestudio for arm pro 3.2.0/armtools/bin/../lib/gcc/arm-atollic-eabi/4.6.2/thumb/softfp/armv7e-m/fpv4-sp-d16/crti.o
 .ARM.attributes
                0x00000024       0x34 c:/program files (x86)/atollic/truestudio for arm pro 3.2.0/armtools/bin/../lib/gcc/arm-atollic-eabi/4.6.2/thumb/softfp/armv7e-m/fpv4-sp-d16/crtbegin.o
 .ARM.attributes
                0x00000058       0x39 uCOS-II\Source\os_tmr.o
 .ARM.attributes
                0x00000091       0x39 uCOS-II\Source\os_time.o
 .ARM.attributes
                0x000000ca       0x39 uCOS-II\Source\os_task.o
 .ARM.attributes
                0x00000103       0x39 uCOS-II\Source\os_sem.o
 .ARM.attributes
                0x0000013c       0x39 uCOS-II\Source\os_q.o
 .ARM.attributes
                0x00000175       0x39 uCOS-II\Source\os_mutex.o
 .ARM.attributes
                0x000001ae       0x39 uCOS-II\Source\os_mem.o
 .ARM.attributes
                0x000001e7       0x39 uCOS-II\Source\os_mbox.o
 .ARM.attributes
                0x00000220       0x39 uCOS-II\Source\os_flag.o
 .ARM.attributes
                0x00000259       0x39 uCOS-II\Source\os_core.o
 .ARM.attributes
                0x00000292       0x39 uCOS-II\Ports\ARM-Cortex-M3\Generic\GNU\os_dbg.o
 .ARM.attributes
                0x000002cb       0x39 uCOS-II\Ports\ARM-Cortex-M3\Generic\GNU\os_cpu_c.o
 .ARM.attributes
                0x00000304       0x27 uCOS-II\Ports\ARM-Cortex-M3\Generic\GNU\os_cpu_a.o
 .ARM.attributes
                0x0000032b       0x39 uC-LIB\lib_str.o
 .ARM.attributes
                0x00000364       0x39 uC-LIB\lib_mem.o
 .ARM.attributes
                0x0000039d       0x39 uC-LIB\lib_math.o
 .ARM.attributes
                0x000003d6       0x39 uC-LIB\lib_ascii.o
 .ARM.attributes
                0x0000040f       0x39 uC-CPU\cpu_core.o
 .ARM.attributes
                0x00000448       0x39 uC-CPU\ARM-Cortex-M3\GNU\cpu_c.o
 .ARM.attributes
                0x00000481       0x27 uC-CPU\ARM-Cortex-M3\GNU\cpu_a.o
 .ARM.attributes
                0x000004a8       0x21 BSP\cstartup.o
 .ARM.attributes
                0x000004c9       0x39 BSP\bsp_ser.o
 .ARM.attributes
                0x00000502       0x39 BSP\bsp_lcd.o
 .ARM.attributes
                0x0000053b       0x39 BSP\bsp_ioe.o
 .ARM.attributes
                0x00000574       0x39 BSP\bsp_int.o
 .ARM.attributes
                0x000005ad       0x39 BSP\bsp.o
 .ARM.attributes
                0x000005e6       0x39 BSP\STM32F2xx\src\stm32f2xx_wwdg.o
 .ARM.attributes
                0x0000061f       0x39 BSP\STM32F2xx\src\stm32f2xx_usart.o
 .ARM.attributes
                0x00000658       0x39 BSP\STM32F2xx\src\stm32f2xx_tim.o
 .ARM.attributes
                0x00000691       0x39 BSP\STM32F2xx\src\stm32f2xx_syscfg.o
 .ARM.attributes
                0x000006ca       0x39 BSP\STM32F2xx\src\stm32f2xx_spi.o
 .ARM.attributes
                0x00000703       0x39 BSP\STM32F2xx\src\stm32f2xx_sdio.o
 .ARM.attributes
                0x0000073c       0x39 BSP\STM32F2xx\src\stm32f2xx_rtc.o
 .ARM.attributes
                0x00000775       0x39 BSP\STM32F2xx\src\stm32f2xx_rng.o
 .ARM.attributes
                0x000007ae       0x39 BSP\STM32F2xx\src\stm32f2xx_rcc.o
 .ARM.attributes
                0x000007e7       0x39 BSP\STM32F2xx\src\stm32f2xx_pwr.o
 .ARM.attributes
                0x00000820       0x39 BSP\STM32F2xx\src\stm32f2xx_iwdg.o
 .ARM.attributes
                0x00000859       0x39 BSP\STM32F2xx\src\stm32f2xx_i2c.o
 .ARM.attributes
                0x00000892       0x39 BSP\STM32F2xx\src\stm32f2xx_hash_sha1.o
 .ARM.attributes
                0x000008cb       0x39 BSP\STM32F2xx\src\stm32f2xx_hash_md5.o
 .ARM.attributes
                0x00000904       0x39 BSP\STM32F2xx\src\stm32f2xx_hash.o
 .ARM.attributes
                0x0000093d       0x39 BSP\STM32F2xx\src\stm32f2xx_gpio.o
 .ARM.attributes
                0x00000976       0x39 BSP\STM32F2xx\src\stm32f2xx_fsmc.o
 .ARM.attributes
                0x000009af       0x39 BSP\STM32F2xx\src\stm32f2xx_flash.o
 .ARM.attributes
                0x000009e8       0x39 BSP\STM32F2xx\src\stm32f2xx_exti.o
 .ARM.attributes
                0x00000a21       0x39 BSP\STM32F2xx\src\stm32f2xx_dma.o
 .ARM.attributes
                0x00000a5a       0x39 BSP\STM32F2xx\src\stm32f2xx_dcmi.o
 .ARM.attributes
                0x00000a93       0x39 BSP\STM32F2xx\src\stm32f2xx_dbgmcu.o
 .ARM.attributes
                0x00000acc       0x39 BSP\STM32F2xx\src\stm32f2xx_dac.o
 .ARM.attributes
                0x00000b05       0x39 BSP\STM32F2xx\src\stm32f2xx_cryp_tdes.o
 .ARM.attributes
                0x00000b3e       0x39 BSP\STM32F2xx\src\stm32f2xx_cryp_des.o
 .ARM.attributes
                0x00000b77       0x39 BSP\STM32F2xx\src\stm32f2xx_cryp_aes.o
 .ARM.attributes
                0x00000bb0       0x39 BSP\STM32F2xx\src\stm32f2xx_cryp.o
 .ARM.attributes
                0x00000be9       0x39 BSP\STM32F2xx\src\stm32f2xx_crc.o
 .ARM.attributes
                0x00000c22       0x39 BSP\STM32F2xx\src\stm32f2xx_can.o
 .ARM.attributes
                0x00000c5b       0x39 BSP\STM32F2xx\src\stm32f2xx_adc.o
 .ARM.attributes
                0x00000c94       0x39 BSP\STM32F2xx\src\misc.o
 .ARM.attributes
                0x00000ccd       0x39 BSP\OS\bsp_os.o
 .ARM.attributes
                0x00000d06       0x39 BSP\CMSIS\Device_Support\system_stm32f2xx.o
 .ARM.attributes
                0x00000d3f       0x39 APP\app_hooks.o
 .ARM.attributes
                0x00000d78       0x39 APP\app.o
 .ARM.attributes
                0x00000db1       0x34 c:/program files (x86)/atollic/truestudio for arm pro 3.2.0/armtools/bin/../lib/gcc/arm-atollic-eabi/4.6.2/../../../../arm-atollic-eabi/lib/thumb/softfp/armv7e-m/fpv4-sp-d16\libc.a(lib_a-init.o)
 .ARM.attributes
                0x00000de5       0x34 c:/program files (x86)/atollic/truestudio for arm pro 3.2.0/armtools/bin/../lib/gcc/arm-atollic-eabi/4.6.2/../../../../arm-atollic-eabi/lib/thumb/softfp/armv7e-m/fpv4-sp-d16\libc.a(lib_a-vsnprintf.o)
 .ARM.attributes
                0x00000e19       0x34 c:/program files (x86)/atollic/truestudio for arm pro 3.2.0/armtools/bin/../lib/gcc/arm-atollic-eabi/4.6.2/../../../../arm-atollic-eabi/lib/thumb/softfp/armv7e-m/fpv4-sp-d16\libc.a(lib_a-impure.o)
 .ARM.attributes
                0x00000e4d       0x34 c:/program files (x86)/atollic/truestudio for arm pro 3.2.0/armtools/bin/../lib/gcc/arm-atollic-eabi/4.6.2/../../../../arm-atollic-eabi/lib/thumb/softfp/armv7e-m/fpv4-sp-d16\libc.a(lib_a-svfprintf.o)
 .ARM.attributes
                0x00000e81       0x34 c:/program files (x86)/atollic/truestudio for arm pro 3.2.0/armtools/bin/../lib/gcc/arm-atollic-eabi/4.6.2/../../../../arm-atollic-eabi/lib/thumb/softfp/armv7e-m/fpv4-sp-d16\libc.a(lib_a-dtoa.o)
 .ARM.attributes
                0x00000eb5       0x34 c:/program files (x86)/atollic/truestudio for arm pro 3.2.0/armtools/bin/../lib/gcc/arm-atollic-eabi/4.6.2/../../../../arm-atollic-eabi/lib/thumb/softfp/armv7e-m/fpv4-sp-d16\libc.a(lib_a-locale.o)
 .ARM.attributes
                0x00000ee9       0x34 c:/program files (x86)/atollic/truestudio for arm pro 3.2.0/armtools/bin/../lib/gcc/arm-atollic-eabi/4.6.2/../../../../arm-atollic-eabi/lib/thumb/softfp/armv7e-m/fpv4-sp-d16\libc.a(lib_a-malloc.o)
 .ARM.attributes
                0x00000f1d       0x34 c:/program files (x86)/atollic/truestudio for arm pro 3.2.0/armtools/bin/../lib/gcc/arm-atollic-eabi/4.6.2/../../../../arm-atollic-eabi/lib/thumb/softfp/armv7e-m/fpv4-sp-d16\libc.a(lib_a-mallocr.o)
 .ARM.attributes
                0x00000f51       0x34 c:/program files (x86)/atollic/truestudio for arm pro 3.2.0/armtools/bin/../lib/gcc/arm-atollic-eabi/4.6.2/../../../../arm-atollic-eabi/lib/thumb/softfp/armv7e-m/fpv4-sp-d16\libc.a(lib_a-memchr.o)
 .ARM.attributes
                0x00000f85       0x34 c:/program files (x86)/atollic/truestudio for arm pro 3.2.0/armtools/bin/../lib/gcc/arm-atollic-eabi/4.6.2/../../../../arm-atollic-eabi/lib/thumb/softfp/armv7e-m/fpv4-sp-d16\libc.a(lib_a-memcpy.o)
 .ARM.attributes
                0x00000fb9       0x34 c:/program files (x86)/atollic/truestudio for arm pro 3.2.0/armtools/bin/../lib/gcc/arm-atollic-eabi/4.6.2/../../../../arm-atollic-eabi/lib/thumb/softfp/armv7e-m/fpv4-sp-d16\libc.a(lib_a-mlock.o)
 .ARM.attributes
                0x00000fed       0x34 c:/program files (x86)/atollic/truestudio for arm pro 3.2.0/armtools/bin/../lib/gcc/arm-atollic-eabi/4.6.2/../../../../arm-atollic-eabi/lib/thumb/softfp/armv7e-m/fpv4-sp-d16\libc.a(lib_a-mprec.o)
 .ARM.attributes
                0x00001021       0x34 c:/program files (x86)/atollic/truestudio for arm pro 3.2.0/armtools/bin/../lib/gcc/arm-atollic-eabi/4.6.2/../../../../arm-atollic-eabi/lib/thumb/softfp/armv7e-m/fpv4-sp-d16\libc.a(lib_a-s_fpclassify.o)
 .ARM.attributes
                0x00001055       0x34 c:/program files (x86)/atollic/truestudio for arm pro 3.2.0/armtools/bin/../lib/gcc/arm-atollic-eabi/4.6.2/../../../../arm-atollic-eabi/lib/thumb/softfp/armv7e-m/fpv4-sp-d16\libc.a(lib_a-sbrkr.o)
 .ARM.attributes
                0x00001089       0x34 c:/program files (x86)/atollic/truestudio for arm pro 3.2.0/armtools/bin/../lib/gcc/arm-atollic-eabi/4.6.2/../../../../arm-atollic-eabi/lib/thumb/softfp/armv7e-m/fpv4-sp-d16\libc.a(lib_a-strcmp.o)
 .ARM.attributes
                0x000010bd       0x34 c:/program files (x86)/atollic/truestudio for arm pro 3.2.0/armtools/bin/../lib/gcc/arm-atollic-eabi/4.6.2/../../../../arm-atollic-eabi/lib/thumb/softfp/armv7e-m/fpv4-sp-d16\libc.a(lib_a-strlen.o)
 .ARM.attributes
                0x000010f1       0x34 c:/program files (x86)/atollic/truestudio for arm pro 3.2.0/armtools/bin/../lib/gcc/arm-atollic-eabi/4.6.2/../../../../arm-atollic-eabi/lib/thumb/softfp/armv7e-m/fpv4-sp-d16\libc.a(lib_a-svfiprintf.o)
 .ARM.attributes
                0x00001125       0x34 c:/program files (x86)/atollic/truestudio for arm pro 3.2.0/armtools/bin/../lib/gcc/arm-atollic-eabi/4.6.2/../../../../arm-atollic-eabi/lib/thumb/softfp/armv7e-m/fpv4-sp-d16\libc.a(lib_a-syscalls.o)
 .ARM.attributes
                0x00001159       0x34 c:/program files (x86)/atollic/truestudio for arm pro 3.2.0/armtools/bin/../lib/gcc/arm-atollic-eabi/4.6.2/../../../../arm-atollic-eabi/lib/thumb/softfp/armv7e-m/fpv4-sp-d16\libc.a(lib_a-callocr.o)
 .ARM.attributes
                0x0000118d       0x34 c:/program files (x86)/atollic/truestudio for arm pro 3.2.0/armtools/bin/../lib/gcc/arm-atollic-eabi/4.6.2/../../../../arm-atollic-eabi/lib/thumb/softfp/armv7e-m/fpv4-sp-d16\libc.a(lib_a-freer.o)
 .ARM.attributes
                0x000011c1       0x34 c:/program files (x86)/atollic/truestudio for arm pro 3.2.0/armtools/bin/../lib/gcc/arm-atollic-eabi/4.6.2/../../../../arm-atollic-eabi/lib/thumb/softfp/armv7e-m/fpv4-sp-d16\libc.a(lib_a-memmove.o)
 .ARM.attributes
                0x000011f5       0x34 c:/program files (x86)/atollic/truestudio for arm pro 3.2.0/armtools/bin/../lib/gcc/arm-atollic-eabi/4.6.2/../../../../arm-atollic-eabi/lib/thumb/softfp/armv7e-m/fpv4-sp-d16\libc.a(lib_a-memset.o)
 .ARM.attributes
                0x00001229       0x34 c:/program files (x86)/atollic/truestudio for arm pro 3.2.0/armtools/bin/../lib/gcc/arm-atollic-eabi/4.6.2/../../../../arm-atollic-eabi/lib/thumb/softfp/armv7e-m/fpv4-sp-d16\libc.a(lib_a-reallocr.o)
 .ARM.attributes
                0x0000125d       0x34 c:/program files (x86)/atollic/truestudio for arm pro 3.2.0/armtools/bin/../lib/gcc/arm-atollic-eabi/4.6.2/../../../../arm-atollic-eabi/lib/thumb/softfp/armv7e-m/fpv4-sp-d16\libc.a(lib_a-reent.o)
 .ARM.attributes
                0x00001291       0x24 c:/program files (x86)/atollic/truestudio for arm pro 3.2.0/armtools/bin/../lib/gcc/arm-atollic-eabi/4.6.2/thumb/softfp/armv7e-m/fpv4-sp-d16\libgcc.a(_arm_addsubdf3.o)
 .ARM.attributes
                0x000012b5       0x24 c:/program files (x86)/atollic/truestudio for arm pro 3.2.0/armtools/bin/../lib/gcc/arm-atollic-eabi/4.6.2/thumb/softfp/armv7e-m/fpv4-sp-d16\libgcc.a(_arm_muldivdf3.o)
 .ARM.attributes
                0x000012d9       0x24 c:/program files (x86)/atollic/truestudio for arm pro 3.2.0/armtools/bin/../lib/gcc/arm-atollic-eabi/4.6.2/thumb/softfp/armv7e-m/fpv4-sp-d16\libgcc.a(_arm_cmpdf2.o)
 .ARM.attributes
                0x000012fd       0x24 c:/program files (x86)/atollic/truestudio for arm pro 3.2.0/armtools/bin/../lib/gcc/arm-atollic-eabi/4.6.2/thumb/softfp/armv7e-m/fpv4-sp-d16\libgcc.a(_arm_fixdfsi.o)
 .ARM.attributes
                0x00001321       0x24 c:/program files (x86)/atollic/truestudio for arm pro 3.2.0/armtools/bin/../lib/gcc/arm-atollic-eabi/4.6.2/thumb/softfp/armv7e-m/fpv4-sp-d16\libgcc.a(_aeabi_uldivmod.o)
 .ARM.attributes
                0x00001345       0x34 c:/program files (x86)/atollic/truestudio for arm pro 3.2.0/armtools/bin/../lib/gcc/arm-atollic-eabi/4.6.2/thumb/softfp/armv7e-m/fpv4-sp-d16\libgcc.a(bpabi.o)
 .ARM.attributes
                0x00001379       0x34 c:/program files (x86)/atollic/truestudio for arm pro 3.2.0/armtools/bin/../lib/gcc/arm-atollic-eabi/4.6.2/thumb/softfp/armv7e-m/fpv4-sp-d16\libgcc.a(unwind-arm.o)
 .ARM.attributes
                0x000013ad       0x24 c:/program files (x86)/atollic/truestudio for arm pro 3.2.0/armtools/bin/../lib/gcc/arm-atollic-eabi/4.6.2/thumb/softfp/armv7e-m/fpv4-sp-d16\libgcc.a(libunwind.o)
 .ARM.attributes
                0x000013d1       0x34 c:/program files (x86)/atollic/truestudio for arm pro 3.2.0/armtools/bin/../lib/gcc/arm-atollic-eabi/4.6.2/thumb/softfp/armv7e-m/fpv4-sp-d16\libgcc.a(pr-support.o)
 .ARM.attributes
                0x00001405       0x24 c:/program files (x86)/atollic/truestudio for arm pro 3.2.0/armtools/bin/../lib/gcc/arm-atollic-eabi/4.6.2/thumb/softfp/armv7e-m/fpv4-sp-d16\libgcc.a(_dvmd_tls.o)
 .ARM.attributes
                0x00001429       0x34 c:/program files (x86)/atollic/truestudio for arm pro 3.2.0/armtools/bin/../lib/gcc/arm-atollic-eabi/4.6.2/thumb/softfp/armv7e-m/fpv4-sp-d16\libgcc.a(_divdi3.o)
 .ARM.attributes